
*** Running vivado
    with args -log mn_adder_wrapper.vdi -applog -m64 -product Vivado -messageDb vivado.pb -mode batch -source mn_adder_wrapper.tcl -notrace


****** Vivado v2024.2 (64-bit)
  **** SW Build 5239630 on Fri Nov 08 22:34:34 MST 2024
  **** IP Build 5239520 on Sun Nov 10 16:12:51 MST 2024
  **** SharedData Build 5239561 on Fri Nov 08 14:39:27 MST 2024
  **** Start of session at: Mon Jun  9 11:02:14 2025
    ** Copyright 1986-2022 Xilinx, Inc. All Rights Reserved.
    ** Copyright 2022-2024 Advanced Micro Devices, Inc. All Rights Reserved.

source mn_adder_wrapper.tcl -notrace
Command: link_design -top mn_adder_wrapper -part xc7a12tcpg238-3
Design is defaulting to srcset: sources_1
Design is defaulting to constrset: constrs_1
INFO: [Device 21-403] Loading part xc7a12tcpg238-3
Netlist sorting complete. Time (s): cpu = 00:00:00 ; elapsed = 00:00:00 . Memory (MB): peak = 1447.777 ; gain = 0.000 ; free physical = 1238 ; free virtual = 10366
INFO: [Netlist 29-17] Analyzing 29 Unisim elements for replacement
INFO: [Netlist 29-28] Unisim Transformation completed in 0 CPU seconds
INFO: [Project 1-479] Netlist was created with Vivado 2024.2
INFO: [Project 1-570] Preparing netlist for logic optimization
Read ShapeDB Complete: Time (s): cpu = 00:00:00 ; elapsed = 00:00:00 . Memory (MB): peak = 1506.652 ; gain = 0.000 ; free physical = 1145 ; free virtual = 10277
Netlist sorting complete. Time (s): cpu = 00:00:00 ; elapsed = 00:00:00 . Memory (MB): peak = 1507.652 ; gain = 0.000 ; free physical = 1145 ; free virtual = 10277
INFO: [Project 1-111] Unisim Transformation Summary:
  A total of 24 instances were transformed.
  LUT6_2 => LUT6_2 (LUT5, LUT6): 24 instances

6 Infos, 0 Warnings, 0 Critical Warnings and 0 Errors encountered.
link_design completed successfully
link_design: Time (s): cpu = 00:00:05 ; elapsed = 00:00:05 . Memory (MB): peak = 1507.652 ; gain = 141.344 ; free physical = 1145 ; free virtual = 10277
Command: opt_design
Attempting to get a license for feature 'Implementation' and/or device 'xc7a12t'
INFO: [Common 17-349] Got license for feature 'Implementation' and/or device 'xc7a12t'
Running DRC as a precondition to command opt_design

Starting DRC Task
INFO: [DRC 23-27] Running DRC with 4 threads
INFO: [Project 1-461] DRC finished with 0 Errors
INFO: [Project 1-462] Please refer to the DRC report (report_drc) for more information.

Time (s): cpu = 00:00:04 ; elapsed = 00:00:02 . Memory (MB): peak = 1680.715 ; gain = 173.062 ; free physical = 1069 ; free virtual = 10196

Starting Cache Timing Information Task
INFO: [Timing 38-35] Done setting XDC timing constraints.
Ending Cache Timing Information Task | Checksum: 13abfc198

Time (s): cpu = 00:00:09 ; elapsed = 00:00:09 . Memory (MB): peak = 2122.574 ; gain = 441.859 ; free physical = 686 ; free virtual = 9814

Starting Logic Optimization Task

Phase 1 Initialization

Phase 1.1 Core Generation And Design Setup
Phase 1.1 Core Generation And Design Setup | Checksum: 13abfc198

Time (s): cpu = 00:00:00 ; elapsed = 00:00:00 . Memory (MB): peak = 2469.465 ; gain = 0.000 ; free physical = 350 ; free virtual = 9482

Phase 1.2 Setup Constraints And Sort Netlist
Phase 1.2 Setup Constraints And Sort Netlist | Checksum: 13abfc198

Time (s): cpu = 00:00:00 ; elapsed = 00:00:00.01 . Memory (MB): peak = 2469.465 ; gain = 0.000 ; free physical = 350 ; free virtual = 9482
Phase 1 Initialization | Checksum: 13abfc198

Time (s): cpu = 00:00:00 ; elapsed = 00:00:00.01 . Memory (MB): peak = 2469.465 ; gain = 0.000 ; free physical = 350 ; free virtual = 9482

Phase 2 Timer Update And Timing Data Collection

Phase 2.1 Timer Update
Phase 2.1 Timer Update | Checksum: 13abfc198

Time (s): cpu = 00:00:00.02 ; elapsed = 00:00:00.02 . Memory (MB): peak = 2469.465 ; gain = 0.000 ; free physical = 350 ; free virtual = 9482

Phase 2.2 Timing Data Collection
Phase 2.2 Timing Data Collection | Checksum: 13abfc198

Time (s): cpu = 00:00:00.02 ; elapsed = 00:00:00.02 . Memory (MB): peak = 2469.465 ; gain = 0.000 ; free physical = 350 ; free virtual = 9482
Phase 2 Timer Update And Timing Data Collection | Checksum: 13abfc198

Time (s): cpu = 00:00:00.02 ; elapsed = 00:00:00.02 . Memory (MB): peak = 2469.465 ; gain = 0.000 ; free physical = 350 ; free virtual = 9482

Phase 3 Retarget
INFO: [Opt 31-1851] Number of loadless carry chains removed were: 0
INFO: [Opt 31-1834] Total Chains To Be Transformed Were: 0 AND Number of Transformed insts Created are: 0
INFO: [Opt 31-138] Pushed 0 inverter(s) to 0 load pin(s).
INFO: [Opt 31-49] Retargeted 0 cell(s).
Phase 3 Retarget | Checksum: 13abfc198

Time (s): cpu = 00:00:00.07 ; elapsed = 00:00:00.07 . Memory (MB): peak = 2469.465 ; gain = 0.000 ; free physical = 347 ; free virtual = 9479
Retarget | Checksum: 13abfc198
INFO: [Opt 31-389] Phase Retarget created 0 cells and removed 0 cells

Phase 4 Constant propagation
INFO: [Opt 31-138] Pushed 0 inverter(s) to 0 load pin(s).
Phase 4 Constant propagation | Checksum: 13abfc198

Time (s): cpu = 00:00:00.07 ; elapsed = 00:00:00.08 . Memory (MB): peak = 2469.465 ; gain = 0.000 ; free physical = 347 ; free virtual = 9479
Constant propagation | Checksum: 13abfc198
INFO: [Opt 31-389] Phase Constant propagation created 0 cells and removed 0 cells

Phase 5 Sweep
INFO: [Constraints 18-11670] Building netlist checker database with flags, 0x8
Done building netlist checker database: Time (s): cpu = 00:00:00 ; elapsed = 00:00:00 . Memory (MB): peak = 2469.465 ; gain = 0.000 ; free physical = 347 ; free virtual = 9479
INFO: [Constraints 18-11670] Building netlist checker database with flags, 0x8
Done building netlist checker database: Time (s): cpu = 00:00:00 ; elapsed = 00:00:00 . Memory (MB): peak = 2469.465 ; gain = 0.000 ; free physical = 347 ; free virtual = 9479
Phase 5 Sweep | Checksum: 1166935c2

Time (s): cpu = 00:00:00.08 ; elapsed = 00:00:00.08 . Memory (MB): peak = 2469.465 ; gain = 0.000 ; free physical = 347 ; free virtual = 9479
Sweep | Checksum: 1166935c2
INFO: [Opt 31-389] Phase Sweep created 0 cells and removed 0 cells

Phase 6 BUFG optimization
Phase 6 BUFG optimization | Checksum: 1166935c2

Time (s): cpu = 00:00:00.1 ; elapsed = 00:00:00.1 . Memory (MB): peak = 2501.480 ; gain = 32.016 ; free physical = 347 ; free virtual = 9479
BUFG optimization | Checksum: 1166935c2
INFO: [Opt 31-662] Phase BUFG optimization created 0 cells of which 0 are BUFGs and removed 0 cells.

Phase 7 Shift Register Optimization
INFO: [Opt 31-1064] SRL Remap converted 0 SRLs to 0 registers and converted 0 registers of register chains to 0 SRLs
Phase 7 Shift Register Optimization | Checksum: 1166935c2

Time (s): cpu = 00:00:00.1 ; elapsed = 00:00:00.1 . Memory (MB): peak = 2501.480 ; gain = 32.016 ; free physical = 347 ; free virtual = 9479
Shift Register Optimization | Checksum: 1166935c2
INFO: [Opt 31-389] Phase Shift Register Optimization created 0 cells and removed 0 cells

Phase 8 Post Processing Netlist
Phase 8 Post Processing Netlist | Checksum: 1166935c2

Time (s): cpu = 00:00:00.1 ; elapsed = 00:00:00.1 . Memory (MB): peak = 2501.480 ; gain = 32.016 ; free physical = 347 ; free virtual = 9479
Post Processing Netlist | Checksum: 1166935c2
INFO: [Opt 31-389] Phase Post Processing Netlist created 0 cells and removed 0 cells

Phase 9 Finalization

Phase 9.1 Finalizing Design Cores and Updating Shapes
Phase 9.1 Finalizing Design Cores and Updating Shapes | Checksum: 1cde2005c

Time (s): cpu = 00:00:00.1 ; elapsed = 00:00:00.1 . Memory (MB): peak = 2501.480 ; gain = 32.016 ; free physical = 347 ; free virtual = 9479

Phase 9.2 Verifying Netlist Connectivity

Starting Connectivity Check Task

Time (s): cpu = 00:00:00.01 ; elapsed = 00:00:00.01 . Memory (MB): peak = 2501.480 ; gain = 0.000 ; free physical = 347 ; free virtual = 9479
Phase 9.2 Verifying Netlist Connectivity | Checksum: 1cde2005c

Time (s): cpu = 00:00:00.11 ; elapsed = 00:00:00.11 . Memory (MB): peak = 2501.480 ; gain = 32.016 ; free physical = 347 ; free virtual = 9479
Phase 9 Finalization | Checksum: 1cde2005c

Time (s): cpu = 00:00:00.11 ; elapsed = 00:00:00.11 . Memory (MB): peak = 2501.480 ; gain = 32.016 ; free physical = 347 ; free virtual = 9479
Opt_design Change Summary
=========================


-------------------------------------------------------------------------------------------------------------------------
|  Phase                        |  #Cells created  |  #Cells Removed  |  #Constrained objects preventing optimizations  |
-------------------------------------------------------------------------------------------------------------------------
|  Retarget                     |               0  |               0  |                                              0  |
|  Constant propagation         |               0  |               0  |                                              0  |
|  Sweep                        |               0  |               0  |                                              0  |
|  BUFG optimization            |               0  |               0  |                                              0  |
|  Shift Register Optimization  |               0  |               0  |                                              0  |
|  Post Processing Netlist      |               0  |               0  |                                              0  |
-------------------------------------------------------------------------------------------------------------------------


Ending Logic Optimization Task | Checksum: 1cde2005c

Time (s): cpu = 00:00:00.11 ; elapsed = 00:00:00.11 . Memory (MB): peak = 2501.480 ; gain = 32.016 ; free physical = 347 ; free virtual = 9479

Starting Power Optimization Task
INFO: [Pwropt 34-132] Skipping clock gating for clocks with a period < 2.00 ns.
Ending Power Optimization Task | Checksum: 1cde2005c

Time (s): cpu = 00:00:00.01 ; elapsed = 00:00:00.01 . Memory (MB): peak = 2501.480 ; gain = 0.000 ; free physical = 347 ; free virtual = 9479

Starting Final Cleanup Task
Ending Final Cleanup Task | Checksum: 1cde2005c

Time (s): cpu = 00:00:00 ; elapsed = 00:00:00 . Memory (MB): peak = 2501.480 ; gain = 0.000 ; free physical = 347 ; free virtual = 9479

Starting Netlist Obfuscation Task
Netlist sorting complete. Time (s): cpu = 00:00:00 ; elapsed = 00:00:00 . Memory (MB): peak = 2501.480 ; gain = 0.000 ; free physical = 347 ; free virtual = 9479
Ending Netlist Obfuscation Task | Checksum: 1cde2005c

Time (s): cpu = 00:00:00 ; elapsed = 00:00:00 . Memory (MB): peak = 2501.480 ; gain = 0.000 ; free physical = 347 ; free virtual = 9479
INFO: [Common 17-83] Releasing license: Implementation
27 Infos, 0 Warnings, 0 Critical Warnings and 0 Errors encountered.
opt_design completed successfully
opt_design: Time (s): cpu = 00:00:17 ; elapsed = 00:00:15 . Memory (MB): peak = 2501.480 ; gain = 993.828 ; free physical = 347 ; free virtual = 9479
INFO: [Vivado 12-24828] Executing command : report_drc -file mn_adder_wrapper_drc_opted.rpt -pb mn_adder_wrapper_drc_opted.pb -rpx mn_adder_wrapper_drc_opted.rpx
Command: report_drc -file mn_adder_wrapper_drc_opted.rpt -pb mn_adder_wrapper_drc_opted.pb -rpx mn_adder_wrapper_drc_opted.rpx
INFO: [IP_Flow 19-234] Refreshing IP repositories
INFO: [IP_Flow 19-1704] No user IP repositories specified
INFO: [IP_Flow 19-2313] Loaded Vivado IP repository '/home/abhijit/Xilinx/Vivado/2024.2/data/ip'.
INFO: [DRC 23-27] Running DRC with 4 threads
INFO: [Vivado_Tcl 2-168] The results of DRC are in file /home/abhijit/Desktop/delay_automation/design_sweep_runs/mn_adder_N32M8/mn_adder_N32M8.runs/impl_1/mn_adder_wrapper_drc_opted.rpt.
report_drc completed successfully
Write ShapeDB Complete: Time (s): cpu = 00:00:00.01 ; elapsed = 00:00:00 . Memory (MB): peak = 2501.480 ; gain = 0.000 ; free physical = 298 ; free virtual = 9426
Wrote PlaceDB: Time (s): cpu = 00:00:00.02 ; elapsed = 00:00:00.01 . Memory (MB): peak = 2501.480 ; gain = 0.000 ; free physical = 298 ; free virtual = 9426
Wrote PulsedLatchDB: Time (s): cpu = 00:00:00 ; elapsed = 00:00:00 . Memory (MB): peak = 2501.480 ; gain = 0.000 ; free physical = 298 ; free virtual = 9426
Writing XDEF routing.
Writing XDEF routing logical nets.
Writing XDEF routing special nets.
Wrote RouteStorage: Time (s): cpu = 00:00:00.1 ; elapsed = 00:00:00.09 . Memory (MB): peak = 2501.480 ; gain = 0.000 ; free physical = 298 ; free virtual = 9425
Wrote Netlist Cache: Time (s): cpu = 00:00:00 ; elapsed = 00:00:00 . Memory (MB): peak = 2501.480 ; gain = 0.000 ; free physical = 298 ; free virtual = 9425
Wrote Device Cache: Time (s): cpu = 00:00:00 ; elapsed = 00:00:00.01 . Memory (MB): peak = 2501.480 ; gain = 0.000 ; free physical = 297 ; free virtual = 9425
Write Physdb Complete: Time (s): cpu = 00:00:00.12 ; elapsed = 00:00:00.11 . Memory (MB): peak = 2501.480 ; gain = 0.000 ; free physical = 297 ; free virtual = 9425
INFO: [Common 17-1381] The checkpoint '/home/abhijit/Desktop/delay_automation/design_sweep_runs/mn_adder_N32M8/mn_adder_N32M8.runs/impl_1/mn_adder_wrapper_opt.dcp' has been generated.
Command: place_design
Attempting to get a license for feature 'Implementation' and/or device 'xc7a12t'
INFO: [Common 17-349] Got license for feature 'Implementation' and/or device 'xc7a12t'
INFO: [Common 17-83] Releasing license: Implementation
INFO: [DRC 23-27] Running DRC with 4 threads
INFO: [Vivado_Tcl 4-198] DRC finished with 0 Errors
INFO: [Vivado_Tcl 4-199] Please refer to the DRC report (report_drc) for more information.
Running DRC as a precondition to command place_design
INFO: [DRC 23-27] Running DRC with 4 threads
INFO: [Vivado_Tcl 4-198] DRC finished with 0 Errors
INFO: [Vivado_Tcl 4-199] Please refer to the DRC report (report_drc) for more information.
INFO: [Place 30-611] Multithreading enabled for place_design using a maximum of 4 CPUs

Starting Placer Task

Phase 1 Placer Initialization

Phase 1.1 Placer Initialization Netlist Sorting
Netlist sorting complete. Time (s): cpu = 00:00:00 ; elapsed = 00:00:00 . Memory (MB): peak = 2501.480 ; gain = 0.000 ; free physical = 286 ; free virtual = 9419
Phase 1.1 Placer Initialization Netlist Sorting | Checksum: 10f8a63da

Time (s): cpu = 00:00:00 ; elapsed = 00:00:00 . Memory (MB): peak = 2501.480 ; gain = 0.000 ; free physical = 286 ; free virtual = 9419
Netlist sorting complete. Time (s): cpu = 00:00:00 ; elapsed = 00:00:00 . Memory (MB): peak = 2501.480 ; gain = 0.000 ; free physical = 286 ; free virtual = 9419

Phase 1.2 IO Placement/ Clock Placement/ Build Placer Device
INFO: [Timing 38-35] Done setting XDC timing constraints.
Phase 1.2 IO Placement/ Clock Placement/ Build Placer Device | Checksum: 10b88d853

Time (s): cpu = 00:00:00.68 ; elapsed = 00:00:00.39 . Memory (MB): peak = 2501.480 ; gain = 0.000 ; free physical = 277 ; free virtual = 9410

Phase 1.3 Build Placer Netlist Model
Phase 1.3 Build Placer Netlist Model | Checksum: 1bac91bae

Time (s): cpu = 00:00:00.78 ; elapsed = 00:00:00.44 . Memory (MB): peak = 2501.480 ; gain = 0.000 ; free physical = 277 ; free virtual = 9410

Phase 1.4 Constrain Clocks/Macros
Phase 1.4 Constrain Clocks/Macros | Checksum: 1bac91bae

Time (s): cpu = 00:00:00.79 ; elapsed = 00:00:00.45 . Memory (MB): peak = 2501.480 ; gain = 0.000 ; free physical = 277 ; free virtual = 9410
Phase 1 Placer Initialization | Checksum: 1bac91bae

Time (s): cpu = 00:00:00.8 ; elapsed = 00:00:00.45 . Memory (MB): peak = 2501.480 ; gain = 0.000 ; free physical = 276 ; free virtual = 9410

Phase 2 Global Placement

Phase 2.1 Floorplanning
Phase 2.1 Floorplanning | Checksum: 1bac91bae

Time (s): cpu = 00:00:00.81 ; elapsed = 00:00:00.46 . Memory (MB): peak = 2501.480 ; gain = 0.000 ; free physical = 276 ; free virtual = 9410

Phase 2.2 Update Timing before SLR Path Opt
Phase 2.2 Update Timing before SLR Path Opt | Checksum: 1bac91bae

Time (s): cpu = 00:00:00.81 ; elapsed = 00:00:00.46 . Memory (MB): peak = 2501.480 ; gain = 0.000 ; free physical = 276 ; free virtual = 9410

Phase 2.3 Post-Processing in Floorplanning
Phase 2.3 Post-Processing in Floorplanning | Checksum: 1bac91bae

Time (s): cpu = 00:00:00.81 ; elapsed = 00:00:00.46 . Memory (MB): peak = 2501.480 ; gain = 0.000 ; free physical = 276 ; free virtual = 9410

Phase 2.4 Global Place Phase1
Phase 2.4 Global Place Phase1 | Checksum: 16bfa5769

Time (s): cpu = 00:00:01 ; elapsed = 00:00:00.61 . Memory (MB): peak = 2517.488 ; gain = 16.008 ; free physical = 273 ; free virtual = 9406

Phase 2.5 Global Place Phase2
WARNING: [Place 46-29] Timing had been disabled during Placer and, therefore, physical synthesis in Placer will be skipped.
Phase 2.5 Global Place Phase2 | Checksum: 1bd396a8c

Time (s): cpu = 00:00:01 ; elapsed = 00:00:00.66 . Memory (MB): peak = 2517.488 ; gain = 16.008 ; free physical = 273 ; free virtual = 9406
Phase 2 Global Placement | Checksum: 1bd396a8c

Time (s): cpu = 00:00:01 ; elapsed = 00:00:00.66 . Memory (MB): peak = 2517.488 ; gain = 16.008 ; free physical = 273 ; free virtual = 9406

Phase 3 Detail Placement

Phase 3.1 Commit Multi Column Macros
Phase 3.1 Commit Multi Column Macros | Checksum: 1bd396a8c

Time (s): cpu = 00:00:01 ; elapsed = 00:00:00.66 . Memory (MB): peak = 2517.488 ; gain = 16.008 ; free physical = 273 ; free virtual = 9406

Phase 3.2 Commit Most Macros & LUTRAMs
Phase 3.2 Commit Most Macros & LUTRAMs | Checksum: 1d94ae5e2

Time (s): cpu = 00:00:01 ; elapsed = 00:00:00.67 . Memory (MB): peak = 2517.488 ; gain = 16.008 ; free physical = 273 ; free virtual = 9406

Phase 3.3 Area Swap Optimization
Phase 3.3 Area Swap Optimization | Checksum: 17dd9b8b8

Time (s): cpu = 00:00:01 ; elapsed = 00:00:00.68 . Memory (MB): peak = 2517.488 ; gain = 16.008 ; free physical = 273 ; free virtual = 9406

Phase 3.4 Pipeline Register Optimization
Phase 3.4 Pipeline Register Optimization | Checksum: 17dd9b8b8

Time (s): cpu = 00:00:01 ; elapsed = 00:00:00.68 . Memory (MB): peak = 2517.488 ; gain = 16.008 ; free physical = 273 ; free virtual = 9406

Phase 3.5 Small Shape Detail Placement
Phase 3.5 Small Shape Detail Placement | Checksum: 1a1091c2a

Time (s): cpu = 00:00:02 ; elapsed = 00:00:00.75 . Memory (MB): peak = 2517.488 ; gain = 16.008 ; free physical = 272 ; free virtual = 9405

Phase 3.6 Re-assign LUT pins
Phase 3.6 Re-assign LUT pins | Checksum: 1a1091c2a

Time (s): cpu = 00:00:02 ; elapsed = 00:00:00.76 . Memory (MB): peak = 2517.488 ; gain = 16.008 ; free physical = 272 ; free virtual = 9405

Phase 3.7 Pipeline Register Optimization
Phase 3.7 Pipeline Register Optimization | Checksum: 1a1091c2a

Time (s): cpu = 00:00:02 ; elapsed = 00:00:00.76 . Memory (MB): peak = 2517.488 ; gain = 16.008 ; free physical = 272 ; free virtual = 9405
Phase 3 Detail Placement | Checksum: 1a1091c2a

Time (s): cpu = 00:00:02 ; elapsed = 00:00:00.76 . Memory (MB): peak = 2517.488 ; gain = 16.008 ; free physical = 272 ; free virtual = 9405

Phase 4 Post Placement Optimization and Clean-Up

Phase 4.1 Post Commit Optimization
Phase 4.1 Post Commit Optimization | Checksum: 1a1091c2a

Time (s): cpu = 00:00:02 ; elapsed = 00:00:00.79 . Memory (MB): peak = 2517.488 ; gain = 16.008 ; free physical = 272 ; free virtual = 9405

Phase 4.2 Post Placement Cleanup
Phase 4.2 Post Placement Cleanup | Checksum: 1a1091c2a

Time (s): cpu = 00:00:02 ; elapsed = 00:00:00.8 . Memory (MB): peak = 2517.488 ; gain = 16.008 ; free physical = 272 ; free virtual = 9405

Phase 4.3 Placer Reporting

Phase 4.3.1 Print Estimated Congestion
INFO: [Place 30-612] Post-Placement Estimated Congestion 
 ____________________________________________________
|           | Global Congestion | Short Congestion  |
| Direction | Region Size       | Region Size       |
|___________|___________________|___________________|
|      North|                1x1|                1x1|
|___________|___________________|___________________|
|      South|                1x1|                1x1|
|___________|___________________|___________________|
|       East|                1x1|                1x1|
|___________|___________________|___________________|
|       West|                1x1|                1x1|
|___________|___________________|___________________|

Phase 4.3.1 Print Estimated Congestion | Checksum: 1a1091c2a

Time (s): cpu = 00:00:02 ; elapsed = 00:00:00.8 . Memory (MB): peak = 2517.488 ; gain = 16.008 ; free physical = 272 ; free virtual = 9405
Phase 4.3 Placer Reporting | Checksum: 1a1091c2a

Time (s): cpu = 00:00:02 ; elapsed = 00:00:00.8 . Memory (MB): peak = 2517.488 ; gain = 16.008 ; free physical = 272 ; free virtual = 9405

Phase 4.4 Final Placement Cleanup
Netlist sorting complete. Time (s): cpu = 00:00:00 ; elapsed = 00:00:00 . Memory (MB): peak = 2517.488 ; gain = 0.000 ; free physical = 272 ; free virtual = 9405

Time (s): cpu = 00:00:02 ; elapsed = 00:00:00.8 . Memory (MB): peak = 2517.488 ; gain = 16.008 ; free physical = 272 ; free virtual = 9405
Phase 4 Post Placement Optimization and Clean-Up | Checksum: 1a1091c2a

Time (s): cpu = 00:00:02 ; elapsed = 00:00:00.8 . Memory (MB): peak = 2517.488 ; gain = 16.008 ; free physical = 272 ; free virtual = 9405
Ending Placer Task | Checksum: 14b7fae0f

Time (s): cpu = 00:00:02 ; elapsed = 00:00:00.81 . Memory (MB): peak = 2517.488 ; gain = 16.008 ; free physical = 272 ; free virtual = 9405
45 Infos, 1 Warnings, 0 Critical Warnings and 0 Errors encountered.
place_design completed successfully
INFO: [Vivado 12-24838] Running report commands "report_control_sets, report_io, report_utilization" in parallel.
Running report generation with 2 threads.
INFO: [Vivado 12-24828] Executing command : report_utilization -file mn_adder_wrapper_utilization_placed.rpt -pb mn_adder_wrapper_utilization_placed.pb
INFO: [Vivado 12-24828] Executing command : report_io -file mn_adder_wrapper_io_placed.rpt
report_io: Time (s): cpu = 00:00:00.3 ; elapsed = 00:00:00.27 . Memory (MB): peak = 2517.488 ; gain = 0.000 ; free physical = 250 ; free virtual = 9384
INFO: [Vivado 12-24828] Executing command : report_control_sets -verbose -file mn_adder_wrapper_control_sets_placed.rpt
report_control_sets: Time (s): cpu = 00:00:00.16 ; elapsed = 00:00:00.13 . Memory (MB): peak = 2517.488 ; gain = 0.000 ; free physical = 246 ; free virtual = 9380
Write ShapeDB Complete: Time (s): cpu = 00:00:00.01 ; elapsed = 00:00:00.01 . Memory (MB): peak = 2525.492 ; gain = 0.000 ; free physical = 246 ; free virtual = 9380
Wrote PlaceDB: Time (s): cpu = 00:00:00.04 ; elapsed = 00:00:00.02 . Memory (MB): peak = 2525.492 ; gain = 0.000 ; free physical = 246 ; free virtual = 9380
Wrote PulsedLatchDB: Time (s): cpu = 00:00:00 ; elapsed = 00:00:00 . Memory (MB): peak = 2525.492 ; gain = 0.000 ; free physical = 246 ; free virtual = 9380
Writing XDEF routing.
Writing XDEF routing logical nets.
Writing XDEF routing special nets.
Wrote RouteStorage: Time (s): cpu = 00:00:00.02 ; elapsed = 00:00:00.01 . Memory (MB): peak = 2525.492 ; gain = 0.000 ; free physical = 246 ; free virtual = 9380
Wrote Netlist Cache: Time (s): cpu = 00:00:00 ; elapsed = 00:00:00 . Memory (MB): peak = 2525.492 ; gain = 0.000 ; free physical = 246 ; free virtual = 9380
Wrote Device Cache: Time (s): cpu = 00:00:00.01 ; elapsed = 00:00:00.01 . Memory (MB): peak = 2525.492 ; gain = 0.000 ; free physical = 246 ; free virtual = 9380
Write Physdb Complete: Time (s): cpu = 00:00:00.07 ; elapsed = 00:00:00.04 . Memory (MB): peak = 2525.492 ; gain = 0.000 ; free physical = 246 ; free virtual = 9380
INFO: [Common 17-1381] The checkpoint '/home/abhijit/Desktop/delay_automation/design_sweep_runs/mn_adder_N32M8/mn_adder_N32M8.runs/impl_1/mn_adder_wrapper_placed.dcp' has been generated.
Command: phys_opt_design
Attempting to get a license for feature 'Implementation' and/or device 'xc7a12t'
INFO: [Common 17-349] Got license for feature 'Implementation' and/or device 'xc7a12t'

Starting Initial Update Timing Task

Time (s): cpu = 00:00:00.02 ; elapsed = 00:00:00.02 . Memory (MB): peak = 2533.492 ; gain = 8.000 ; free physical = 222 ; free virtual = 9355
INFO: [Vivado_Tcl 4-235] No timing constraint found. The netlist was not modified.
INFO: [Common 17-83] Releasing license: Implementation
53 Infos, 1 Warnings, 0 Critical Warnings and 0 Errors encountered.
phys_opt_design completed successfully
Write ShapeDB Complete: Time (s): cpu = 00:00:00.01 ; elapsed = 00:00:00 . Memory (MB): peak = 2557.242 ; gain = 5.938 ; free physical = 222 ; free virtual = 9355
Wrote PlaceDB: Time (s): cpu = 00:00:00.03 ; elapsed = 00:00:00 . Memory (MB): peak = 2560.734 ; gain = 9.430 ; free physical = 220 ; free virtual = 9354
Wrote PulsedLatchDB: Time (s): cpu = 00:00:00 ; elapsed = 00:00:00 . Memory (MB): peak = 2560.734 ; gain = 0.000 ; free physical = 220 ; free virtual = 9354
Writing XDEF routing.
Writing XDEF routing logical nets.
Writing XDEF routing special nets.
Wrote RouteStorage: Time (s): cpu = 00:00:00.02 ; elapsed = 00:00:00.02 . Memory (MB): peak = 2560.734 ; gain = 0.000 ; free physical = 220 ; free virtual = 9354
Wrote Netlist Cache: Time (s): cpu = 00:00:00 ; elapsed = 00:00:00 . Memory (MB): peak = 2560.734 ; gain = 0.000 ; free physical = 220 ; free virtual = 9354
Wrote Device Cache: Time (s): cpu = 00:00:00 ; elapsed = 00:00:00.01 . Memory (MB): peak = 2560.734 ; gain = 0.000 ; free physical = 220 ; free virtual = 9354
Write Physdb Complete: Time (s): cpu = 00:00:00.05 ; elapsed = 00:00:00.03 . Memory (MB): peak = 2560.734 ; gain = 9.430 ; free physical = 220 ; free virtual = 9354
INFO: [Common 17-1381] The checkpoint '/home/abhijit/Desktop/delay_automation/design_sweep_runs/mn_adder_N32M8/mn_adder_N32M8.runs/impl_1/mn_adder_wrapper_physopt.dcp' has been generated.
Command: route_design
Attempting to get a license for feature 'Implementation' and/or device 'xc7a12t'
INFO: [Common 17-349] Got license for feature 'Implementation' and/or device 'xc7a12t'


Starting Routing Task
INFO: [Route 35-254] Multithreading enabled for route_design using a maximum of 4 CPUs

Phase 1 Build RT Design
Checksum: PlaceDB: 9a63f6f6 ConstDB: 0 ShapeSum: 43517013 RouteDB: 6dca4706
Post Restoration Checksum: NetGraph: 3bbf3bc4 | NumContArr: 81fb5a05 | Constraints: c2a8fa9d | Timing: c2a8fa9d
Phase 1 Build RT Design | Checksum: 2430c8b03

Time (s): cpu = 00:00:15 ; elapsed = 00:00:14 . Memory (MB): peak = 2609.406 ; gain = 48.672 ; free physical = 160 ; free virtual = 9289

Phase 2 Router Initialization
INFO: [Route 35-64] No timing constraints were detected. The router will operate in resource-optimization mode.

Phase 2.1 Fix Topology Constraints
Phase 2.1 Fix Topology Constraints | Checksum: 2430c8b03

Time (s): cpu = 00:00:15 ; elapsed = 00:00:14 . Memory (MB): peak = 2623.406 ; gain = 62.672 ; free physical = 146 ; free virtual = 9274

Phase 2.2 Pre Route Cleanup
Phase 2.2 Pre Route Cleanup | Checksum: 2430c8b03

Time (s): cpu = 00:00:15 ; elapsed = 00:00:14 . Memory (MB): peak = 2623.406 ; gain = 62.672 ; free physical = 146 ; free virtual = 9274
 Number of Nodes with overlaps = 0

Router Utilization Summary
  Global Vertical Routing Utilization    = 0 %
  Global Horizontal Routing Utilization  = 0 %
  Routable Net Status*
  *Does not include unroutable nets such as driverless and loadless.
  Run report_route_status for detailed report.
  Number of Failed Nets               = 114
    (Failed Nets is the sum of unrouted and partially routed nets)
  Number of Unrouted Nets             = 114
  Number of Partially Routed Nets     = 0
  Number of Node Overlaps             = 0

Phase 2 Router Initialization | Checksum: 1f14e44de

Time (s): cpu = 00:00:16 ; elapsed = 00:00:14 . Memory (MB): peak = 2631.406 ; gain = 70.672 ; free physical = 146 ; free virtual = 9268

Phase 3 Global Routing
Phase 3 Global Routing | Checksum: 1f14e44de

Time (s): cpu = 00:00:16 ; elapsed = 00:00:14 . Memory (MB): peak = 2631.406 ; gain = 70.672 ; free physical = 146 ; free virtual = 9268

Phase 4 Initial Routing

Phase 4.1 Initial Net Routing Pass
Phase 4.1 Initial Net Routing Pass | Checksum: 276d12e35

Time (s): cpu = 00:00:16 ; elapsed = 00:00:14 . Memory (MB): peak = 2631.406 ; gain = 70.672 ; free physical = 145 ; free virtual = 9268
Phase 4 Initial Routing | Checksum: 276d12e35

Time (s): cpu = 00:00:16 ; elapsed = 00:00:14 . Memory (MB): peak = 2631.406 ; gain = 70.672 ; free physical = 145 ; free virtual = 9268

Phase 5 Rip-up And Reroute

Phase 5.1 Global Iteration 0
 Number of Nodes with overlaps = 0
Phase 5.1 Global Iteration 0 | Checksum: 1e22193d5

Time (s): cpu = 00:00:16 ; elapsed = 00:00:14 . Memory (MB): peak = 2631.406 ; gain = 70.672 ; free physical = 145 ; free virtual = 9268
Phase 5 Rip-up And Reroute | Checksum: 1e22193d5

Time (s): cpu = 00:00:16 ; elapsed = 00:00:14 . Memory (MB): peak = 2631.406 ; gain = 70.672 ; free physical = 145 ; free virtual = 9268

Phase 6 Delay and Skew Optimization
Phase 6 Delay and Skew Optimization | Checksum: 1e22193d5

Time (s): cpu = 00:00:16 ; elapsed = 00:00:14 . Memory (MB): peak = 2631.406 ; gain = 70.672 ; free physical = 145 ; free virtual = 9268

Phase 7 Post Hold Fix

Phase 7.1 Hold Fix Iter
Phase 7.1 Hold Fix Iter | Checksum: 1e22193d5

Time (s): cpu = 00:00:16 ; elapsed = 00:00:14 . Memory (MB): peak = 2631.406 ; gain = 70.672 ; free physical = 145 ; free virtual = 9268
Phase 7 Post Hold Fix | Checksum: 1e22193d5

Time (s): cpu = 00:00:16 ; elapsed = 00:00:14 . Memory (MB): peak = 2631.406 ; gain = 70.672 ; free physical = 145 ; free virtual = 9268

Phase 8 Route finalize

Router Utilization Summary
  Global Vertical Routing Utilization    = 0.378853 %
  Global Horizontal Routing Utilization  = 0.352683 %
  Routable Net Status*
  *Does not include unroutable nets such as driverless and loadless.
  Run report_route_status for detailed report.
  Number of Failed Nets               = 0
    (Failed Nets is the sum of unrouted and partially routed nets)
  Number of Unrouted Nets             = 0
  Number of Partially Routed Nets     = 0
  Number of Node Overlaps             = 0


--GLOBAL Congestion:
Utilization threshold used for congestion level computation: 0.85
Congestion Report
North Dir 1x1 Area, Max Cong = 21.6216%, No Congested Regions.
South Dir 1x1 Area, Max Cong = 36.036%, No Congested Regions.
East Dir 1x1 Area, Max Cong = 17.6471%, No Congested Regions.
West Dir 1x1 Area, Max Cong = 20.5882%, No Congested Regions.

------------------------------
Reporting congestion hotspots
------------------------------
Direction: North
----------------
Congested clusters found at Level 0
Effective congestion level: 0 Aspect Ratio: 1 Sparse Ratio: 0
Direction: South
----------------
Congested clusters found at Level 0
Effective congestion level: 0 Aspect Ratio: 1 Sparse Ratio: 0
Direction: East
----------------
Congested clusters found at Level 0
Effective congestion level: 0 Aspect Ratio: 1 Sparse Ratio: 0
Direction: West
----------------
Congested clusters found at Level 0
Effective congestion level: 0 Aspect Ratio: 1 Sparse Ratio: 0

Phase 8 Route finalize | Checksum: 1e22193d5

Time (s): cpu = 00:00:16 ; elapsed = 00:00:14 . Memory (MB): peak = 2631.406 ; gain = 70.672 ; free physical = 145 ; free virtual = 9268

Phase 9 Verifying routed nets

 Verification completed successfully
Phase 9 Verifying routed nets | Checksum: 1e22193d5

Time (s): cpu = 00:00:16 ; elapsed = 00:00:14 . Memory (MB): peak = 2631.406 ; gain = 70.672 ; free physical = 145 ; free virtual = 9267

Phase 10 Depositing Routes
Phase 10 Depositing Routes | Checksum: 1e22193d5

Time (s): cpu = 00:00:16 ; elapsed = 00:00:14 . Memory (MB): peak = 2631.406 ; gain = 70.672 ; free physical = 145 ; free virtual = 9267

Phase 11 Post Process Routing
Phase 11 Post Process Routing | Checksum: 1e22193d5

Time (s): cpu = 00:00:16 ; elapsed = 00:00:14 . Memory (MB): peak = 2631.406 ; gain = 70.672 ; free physical = 145 ; free virtual = 9267
Total Elapsed time in route_design: 14.02 secs

Phase 12 Post-Route Event Processing
Phase 12 Post-Route Event Processing | Checksum: 13dcc922f

Time (s): cpu = 00:00:16 ; elapsed = 00:00:14 . Memory (MB): peak = 2631.406 ; gain = 70.672 ; free physical = 145 ; free virtual = 9267
INFO: [Route 35-16] Router Completed Successfully
Ending Routing Task | Checksum: 13dcc922f

Time (s): cpu = 00:00:16 ; elapsed = 00:00:14 . Memory (MB): peak = 2631.406 ; gain = 70.672 ; free physical = 145 ; free virtual = 9267

Routing Is Done.
INFO: [Common 17-83] Releasing license: Implementation
59 Infos, 1 Warnings, 0 Critical Warnings and 0 Errors encountered.
route_design completed successfully
route_design: Time (s): cpu = 00:00:16 ; elapsed = 00:00:14 . Memory (MB): peak = 2631.406 ; gain = 70.672 ; free physical = 145 ; free virtual = 9267
INFO: [Vivado 12-24828] Executing command : report_drc -file mn_adder_wrapper_drc_routed.rpt -pb mn_adder_wrapper_drc_routed.pb -rpx mn_adder_wrapper_drc_routed.rpx
Command: report_drc -file mn_adder_wrapper_drc_routed.rpt -pb mn_adder_wrapper_drc_routed.pb -rpx mn_adder_wrapper_drc_routed.rpx
INFO: [IP_Flow 19-1839] IP Catalog is up to date.
INFO: [DRC 23-27] Running DRC with 4 threads
INFO: [Vivado_Tcl 2-168] The results of DRC are in file /home/abhijit/Desktop/delay_automation/design_sweep_runs/mn_adder_N32M8/mn_adder_N32M8.runs/impl_1/mn_adder_wrapper_drc_routed.rpt.
report_drc completed successfully
INFO: [Vivado 12-24828] Executing command : report_methodology -file mn_adder_wrapper_methodology_drc_routed.rpt -pb mn_adder_wrapper_methodology_drc_routed.pb -rpx mn_adder_wrapper_methodology_drc_routed.rpx
Command: report_methodology -file mn_adder_wrapper_methodology_drc_routed.rpt -pb mn_adder_wrapper_methodology_drc_routed.pb -rpx mn_adder_wrapper_methodology_drc_routed.rpx
INFO: [Timing 38-35] Done setting XDC timing constraints.
INFO: [DRC 23-133] Running Methodology with 4 threads
INFO: [Vivado_Tcl 2-1520] The results of Report Methodology are in file /home/abhijit/Desktop/delay_automation/design_sweep_runs/mn_adder_N32M8/mn_adder_N32M8.runs/impl_1/mn_adder_wrapper_methodology_drc_routed.rpt.
report_methodology completed successfully
INFO: [Vivado 12-24828] Executing command : report_timing_summary -max_paths 10 -report_unconstrained -file mn_adder_wrapper_timing_summary_routed.rpt -pb mn_adder_wrapper_timing_summary_routed.pb -rpx mn_adder_wrapper_timing_summary_routed.rpx -warn_on_violation 
INFO: [Timing 38-35] Done setting XDC timing constraints.
INFO: [Timing 38-91] UpdateTimingParams: Speed grade: -3, Delay Type: min_max.
INFO: [Timing 38-191] Multithreading enabled for timing update using a maximum of 4 CPUs
WARNING: [Timing 38-313] There are no user specified timing constraints. Timing constraints are needed for proper timing analysis.
INFO: [Vivado 12-24838] Running report commands "report_bus_skew, report_incremental_reuse, report_route_status" in parallel.
Running report generation with 2 threads.
INFO: [Vivado 12-24828] Executing command : report_route_status -file mn_adder_wrapper_route_status.rpt -pb mn_adder_wrapper_route_status.pb
INFO: [Vivado 12-24828] Executing command : report_incremental_reuse -file mn_adder_wrapper_incremental_reuse_routed.rpt
INFO: [Vivado_Tcl 4-1062] Incremental flow is disabled. No incremental reuse Info to report.
INFO: [Vivado 12-24828] Executing command : report_bus_skew -warn_on_violation -file mn_adder_wrapper_bus_skew_routed.rpt -pb mn_adder_wrapper_bus_skew_routed.pb -rpx mn_adder_wrapper_bus_skew_routed.rpx
INFO: [Timing 38-91] UpdateTimingParams: Speed grade: -3, Delay Type: min_max.
INFO: [Timing 38-191] Multithreading enabled for timing update using a maximum of 4 CPUs
INFO: [Vivado 12-24828] Executing command : report_power -file mn_adder_wrapper_power_routed.rpt -pb mn_adder_wrapper_power_summary_routed.pb -rpx mn_adder_wrapper_power_routed.rpx
Command: report_power -file mn_adder_wrapper_power_routed.rpt -pb mn_adder_wrapper_power_summary_routed.pb -rpx mn_adder_wrapper_power_routed.rpx
WARNING: [Power 33-232] No user defined clocks were found in the design! Power estimation will be inaccurate until this is corrected.
Resolution: Please specify clocks using create_clock/create_generated_clock for sequential elements. For pure combinatorial circuits, please specify a virtual clock, otherwise the vectorless estimation might be inaccurate
Running Vector-less Activity Propagation...

Finished Running Vector-less Activity Propagation
79 Infos, 3 Warnings, 0 Critical Warnings and 0 Errors encountered.
report_power completed successfully
INFO: [Vivado 12-24828] Executing command : report_clock_utilization -file mn_adder_wrapper_clock_utilization_routed.rpt
generate_parallel_reports: Time (s): cpu = 00:00:23 ; elapsed = 00:00:08 . Memory (MB): peak = 2744.477 ; gain = 113.070 ; free physical = 129 ; free virtual = 9189
Write ShapeDB Complete: Time (s): cpu = 00:00:00 ; elapsed = 00:00:00 . Memory (MB): peak = 2744.477 ; gain = 0.000 ; free physical = 129 ; free virtual = 9189
Wrote PlaceDB: Time (s): cpu = 00:00:00.03 ; elapsed = 00:00:00.02 . Memory (MB): peak = 2744.477 ; gain = 0.000 ; free physical = 129 ; free virtual = 9189
Wrote PulsedLatchDB: Time (s): cpu = 00:00:00 ; elapsed = 00:00:00 . Memory (MB): peak = 2744.477 ; gain = 0.000 ; free physical = 129 ; free virtual = 9189
Writing XDEF routing.
Writing XDEF routing logical nets.
Writing XDEF routing special nets.
Wrote RouteStorage: Time (s): cpu = 00:00:00.02 ; elapsed = 00:00:00.02 . Memory (MB): peak = 2744.477 ; gain = 0.000 ; free physical = 128 ; free virtual = 9189
Wrote Netlist Cache: Time (s): cpu = 00:00:00 ; elapsed = 00:00:00 . Memory (MB): peak = 2744.477 ; gain = 0.000 ; free physical = 128 ; free virtual = 9189
Wrote Device Cache: Time (s): cpu = 00:00:00.02 ; elapsed = 00:00:00.02 . Memory (MB): peak = 2744.477 ; gain = 0.000 ; free physical = 128 ; free virtual = 9189
Write Physdb Complete: Time (s): cpu = 00:00:00.07 ; elapsed = 00:00:00.06 . Memory (MB): peak = 2744.477 ; gain = 0.000 ; free physical = 128 ; free virtual = 9189
INFO: [Common 17-1381] The checkpoint '/home/abhijit/Desktop/delay_automation/design_sweep_runs/mn_adder_N32M8/mn_adder_N32M8.runs/impl_1/mn_adder_wrapper_routed.dcp' has been generated.
INFO: [Common 17-206] Exiting Vivado at Mon Jun  9 11:03:09 2025...
