Copyright 1986-2022 Xilinx, Inc. All Rights Reserved. Copyright 2022-2024 Advanced Micro Devices, Inc. All Rights Reserved.
---------------------------------------------------------------------------------------------------------------------------------------------------------------------------------------------------------------------------------------------
| Tool Version : Vivado v.2024.2 (lin64) Build 5239630 Fri Nov 08 22:34:34 MST 2024
| Date         : Sun Jun  8 23:55:03 2025
| Host         : abhijit-Vostro-15-3568 running 64-bit Ubuntu 20.04.6 LTS
| Command      : report_timing_summary -max_paths 10 -report_unconstrained -file mn_adder_wrapper_timing_summary_routed.rpt -pb mn_adder_wrapper_timing_summary_routed.pb -rpx mn_adder_wrapper_timing_summary_routed.rpx -warn_on_violation
| Design       : mn_adder_wrapper
| Device       : 7a12t-cpg238
| Speed File   : -3  PRODUCTION 1.23 2018-06-13
| Design State : Routed
---------------------------------------------------------------------------------------------------------------------------------------------------------------------------------------------------------------------------------------------

Timing Summary Report

------------------------------------------------------------------------------------------------
| Timer Settings
| --------------
------------------------------------------------------------------------------------------------

  Enable Multi Corner Analysis               :  Yes
  Enable Pessimism Removal                   :  Yes
  Pessimism Removal Resolution               :  Nearest Common Node
  Enable Input Delay Default Clock           :  No
  Enable Preset / Clear Arcs                 :  No
  Disable Flight Delays                      :  No
  Ignore I/O Paths                           :  No
  Timing Early Launch at Borrowing Latches   :  No
  Borrow Time for Max Delay Exceptions       :  Yes
  Merge Timing Exceptions                    :  Yes
  Inter-SLR Compensation                     :  Conservative

  Corner  Analyze    Analyze    
  Name    Max Paths  Min Paths  
  ------  ---------  ---------  
  Slow    Yes        Yes        
  Fast    Yes        Yes        


------------------------------------------------------------------------------------------------
| Report Methodology
| ------------------
------------------------------------------------------------------------------------------------

Rule       Severity          Description                  Violations  
---------  ----------------  ---------------------------  ----------  
TIMING-17  Critical Warning  Non-clocked sequential cell  3           

Note: This report is based on the most recent report_methodology run and may not be up-to-date. Run report_methodology on the current design for the latest report.



check_timing report

Table of Contents
-----------------
1. checking no_clock (3)
2. checking constant_clock (0)
3. checking pulse_width_clock (0)
4. checking unconstrained_internal_endpoints (6)
5. checking no_input_delay (34)
6. checking no_output_delay (17)
7. checking multiple_clock (0)
8. checking generated_clocks (0)
9. checking loops (0)
10. checking partial_input_delay (0)
11. checking partial_output_delay (0)
12. checking latch_loops (0)

1. checking no_clock (3)
------------------------
 There are 3 register/latch pins with no clock driven by root clock pin: clk (HIGH)


2. checking constant_clock (0)
------------------------------
 There are 0 register/latch pins with constant_clock.


3. checking pulse_width_clock (0)
---------------------------------
 There are 0 register/latch pins which need pulse_width check


4. checking unconstrained_internal_endpoints (6)
------------------------------------------------
 There are 6 pins that are not constrained for maximum delay. (HIGH)

 There are 0 pins that are not constrained for maximum delay due to constant clock.


5. checking no_input_delay (34)
-------------------------------
 There are 34 input ports with no input delay specified. (HIGH)

 There are 0 input ports with no input delay but user has a false path constraint.


6. checking no_output_delay (17)
--------------------------------
 There are 17 ports with no output delay specified. (HIGH)

 There are 0 ports with no output delay but user has a false path constraint

 There are 0 ports with no output delay but with a timing clock defined on it or propagating through it


7. checking multiple_clock (0)
------------------------------
 There are 0 register/latch pins with multiple clocks.


8. checking generated_clocks (0)
--------------------------------
 There are 0 generated clocks that are not connected to a clock source.


9. checking loops (0)
---------------------
 There are 0 combinational loops in the design.


10. checking partial_input_delay (0)
------------------------------------
 There are 0 input ports with partial input delay specified.


11. checking partial_output_delay (0)
-------------------------------------
 There are 0 ports with partial output delay specified.


12. checking latch_loops (0)
----------------------------
 There are 0 combinational latch loops in the design through latch input



------------------------------------------------------------------------------------------------
| Design Timing Summary
| ---------------------
------------------------------------------------------------------------------------------------

    WNS(ns)      TNS(ns)  TNS Failing Endpoints  TNS Total Endpoints      WHS(ns)      THS(ns)  THS Failing Endpoints  THS Total Endpoints     WPWS(ns)     TPWS(ns)  TPWS Failing Endpoints  TPWS Total Endpoints  
    -------      -------  ---------------------  -------------------      -------      -------  ---------------------  -------------------     --------     --------  ----------------------  --------------------  
        inf        0.000                      0                   23          inf        0.000                      0                   23           NA           NA                      NA                    NA  


There are no user specified timing constraints.


------------------------------------------------------------------------------------------------
| Clock Summary
| -------------
------------------------------------------------------------------------------------------------


------------------------------------------------------------------------------------------------
| Intra Clock Table
| -----------------
------------------------------------------------------------------------------------------------

Clock             WNS(ns)      TNS(ns)  TNS Failing Endpoints  TNS Total Endpoints      WHS(ns)      THS(ns)  THS Failing Endpoints  THS Total Endpoints     WPWS(ns)     TPWS(ns)  TPWS Failing Endpoints  TPWS Total Endpoints  
-----             -------      -------  ---------------------  -------------------      -------      -------  ---------------------  -------------------     --------     --------  ----------------------  --------------------  


------------------------------------------------------------------------------------------------
| Inter Clock Table
| -----------------
------------------------------------------------------------------------------------------------

From Clock    To Clock          WNS(ns)      TNS(ns)  TNS Failing Endpoints  TNS Total Endpoints      WHS(ns)      THS(ns)  THS Failing Endpoints  THS Total Endpoints  
----------    --------          -------      -------  ---------------------  -------------------      -------      -------  ---------------------  -------------------  


------------------------------------------------------------------------------------------------
| Other Path Groups Table
| -----------------------
------------------------------------------------------------------------------------------------

Path Group    From Clock    To Clock          WNS(ns)      TNS(ns)  TNS Failing Endpoints  TNS Total Endpoints      WHS(ns)      THS(ns)  THS Failing Endpoints  THS Total Endpoints  
----------    ----------    --------          -------      -------  ---------------------  -------------------      -------      -------  ---------------------  -------------------  


------------------------------------------------------------------------------------------------
| User Ignored Path Table
| -----------------------
------------------------------------------------------------------------------------------------

Path Group    From Clock    To Clock    
----------    ----------    --------    


------------------------------------------------------------------------------------------------
| Unconstrained Path Table
| ------------------------
------------------------------------------------------------------------------------------------

Path Group    From Clock    To Clock    
----------    ----------    --------    
(none)                                    


------------------------------------------------------------------------------------------------
| Timing Details
| --------------
------------------------------------------------------------------------------------------------


--------------------------------------------------------------------------------------
Path Group:  (none)
From Clock:  
  To Clock:  

Max Delay            23 Endpoints
Min Delay            23 Endpoints
--------------------------------------------------------------------------------------


Max Delay Paths
--------------------------------------------------------------------------------------
Slack:                    inf
  Source:                 A[1]
                            (input port)
  Destination:            sum[13]
                            (output port)
  Path Group:             (none)
  Path Type:              Max at Slow Process Corner
  Data Path Delay:        8.321ns  (logic 3.962ns (47.609%)  route 4.360ns (52.391%))
  Logic Levels:           7  (CARRY4=4 IBUF=1 LUT6=1 OBUF=1)

    Location             Delay type                Incr(ns)  Path(ns)    Netlist Resource(s)
  -------------------------------------------------------------------    -------------------
    C17                                               0.000     0.000 r  A[1] (IN)
                         net (fo=0)                   0.000     0.000    A[1]
    C17                  IBUF (Prop_ibuf_I_O)         0.785     0.785 r  A_IBUF[1]_inst/O
                         net (fo=4, routed)           2.213     2.999    adder_inst/CC_inst/CC_lut0/I2
    SLICE_X0Y7           LUT6 (Prop_lut6_I2_O)        0.097     3.096 r  adder_inst/CC_inst/CC_lut0/LUT6/O
                         net (fo=1, routed)           0.000     3.096    adder_inst/CC_inst/group_propagate
    SLICE_X0Y7           CARRY4 (Prop_carry4_S[0]_CO[3])
                                                      0.395     3.491 r  adder_inst/CC_inst/CC_carry_chain_last/CO[3]
                         net (fo=1, routed)           0.000     3.491    adder_inst/RCA_inst/Cin
    SLICE_X0Y8           CARRY4 (Prop_carry4_CI_CO[3])
                                                      0.089     3.580 r  adder_inst/RCA_inst/RCA_CARRY4_0/CO[3]
                         net (fo=1, routed)           0.000     3.580    adder_inst/RCA_inst/carry[3]
    SLICE_X0Y9           CARRY4 (Prop_carry4_CI_CO[3])
                                                      0.089     3.669 r  adder_inst/RCA_inst/RCA_CARRY4_1/CO[3]
                         net (fo=1, routed)           0.000     3.669    adder_inst/RCA_inst/carry[7]
    SLICE_X0Y10          CARRY4 (Prop_carry4_CI_O[0])
                                                      0.159     3.828 r  adder_inst/RCA_inst/RCA_CARRY4_2/O[0]
                         net (fo=1, routed)           2.146     5.974    sum_OBUF[13]
    E19                  OBUF (Prop_obuf_I_O)         2.348     8.321 r  sum_OBUF[13]_inst/O
                         net (fo=0)                   0.000     8.321    sum[13]
    E19                                                               r  sum[13] (OUT)
  -------------------------------------------------------------------    -------------------

Slack:                    inf
  Source:                 A[1]
                            (input port)
  Destination:            sum[14]
                            (output port)
  Path Group:             (none)
  Path Type:              Max at Slow Process Corner
  Data Path Delay:        8.285ns  (logic 4.042ns (48.787%)  route 4.243ns (51.213%))
  Logic Levels:           7  (CARRY4=4 IBUF=1 LUT6=1 OBUF=1)

    Location             Delay type                Incr(ns)  Path(ns)    Netlist Resource(s)
  -------------------------------------------------------------------    -------------------
    C17                                               0.000     0.000 r  A[1] (IN)
                         net (fo=0)                   0.000     0.000    A[1]
    C17                  IBUF (Prop_ibuf_I_O)         0.785     0.785 r  A_IBUF[1]_inst/O
                         net (fo=4, routed)           2.213     2.999    adder_inst/CC_inst/CC_lut0/I2
    SLICE_X0Y7           LUT6 (Prop_lut6_I2_O)        0.097     3.096 r  adder_inst/CC_inst/CC_lut0/LUT6/O
                         net (fo=1, routed)           0.000     3.096    adder_inst/CC_inst/group_propagate
    SLICE_X0Y7           CARRY4 (Prop_carry4_S[0]_CO[3])
                                                      0.395     3.491 r  adder_inst/CC_inst/CC_carry_chain_last/CO[3]
                         net (fo=1, routed)           0.000     3.491    adder_inst/RCA_inst/Cin
    SLICE_X0Y8           CARRY4 (Prop_carry4_CI_CO[3])
                                                      0.089     3.580 r  adder_inst/RCA_inst/RCA_CARRY4_0/CO[3]
                         net (fo=1, routed)           0.000     3.580    adder_inst/RCA_inst/carry[3]
    SLICE_X0Y9           CARRY4 (Prop_carry4_CI_CO[3])
                                                      0.089     3.669 r  adder_inst/RCA_inst/RCA_CARRY4_1/CO[3]
                         net (fo=1, routed)           0.000     3.669    adder_inst/RCA_inst/carry[7]
    SLICE_X0Y10          CARRY4 (Prop_carry4_CI_O[1])
                                                      0.230     3.899 r  adder_inst/RCA_inst/RCA_CARRY4_2/O[1]
                         net (fo=1, routed)           2.029     5.928    sum_OBUF[14]
    D19                  OBUF (Prop_obuf_I_O)         2.357     8.285 r  sum_OBUF[14]_inst/O
                         net (fo=0)                   0.000     8.285    sum[14]
    D19                                                               r  sum[14] (OUT)
  -------------------------------------------------------------------    -------------------

Slack:                    inf
  Source:                 A[1]
                            (input port)
  Destination:            Cout
                            (output port)
  Path Group:             (none)
  Path Type:              Max at Slow Process Corner
  Data Path Delay:        8.269ns  (logic 3.992ns (48.278%)  route 4.277ns (51.722%))
  Logic Levels:           7  (CARRY4=4 IBUF=1 LUT6=1 OBUF=1)

    Location             Delay type                Incr(ns)  Path(ns)    Netlist Resource(s)
  -------------------------------------------------------------------    -------------------
    C17                                               0.000     0.000 r  A[1] (IN)
                         net (fo=0)                   0.000     0.000    A[1]
    C17                  IBUF (Prop_ibuf_I_O)         0.785     0.785 r  A_IBUF[1]_inst/O
                         net (fo=4, routed)           2.213     2.999    adder_inst/CC_inst/CC_lut0/I2
    SLICE_X0Y7           LUT6 (Prop_lut6_I2_O)        0.097     3.096 r  adder_inst/CC_inst/CC_lut0/LUT6/O
                         net (fo=1, routed)           0.000     3.096    adder_inst/CC_inst/group_propagate
    SLICE_X0Y7           CARRY4 (Prop_carry4_S[0]_CO[3])
                                                      0.395     3.491 r  adder_inst/CC_inst/CC_carry_chain_last/CO[3]
                         net (fo=1, routed)           0.000     3.491    adder_inst/RCA_inst/Cin
    SLICE_X0Y8           CARRY4 (Prop_carry4_CI_CO[3])
                                                      0.089     3.580 r  adder_inst/RCA_inst/RCA_CARRY4_0/CO[3]
                         net (fo=1, routed)           0.000     3.580    adder_inst/RCA_inst/carry[3]
    SLICE_X0Y9           CARRY4 (Prop_carry4_CI_CO[3])
                                                      0.089     3.669 r  adder_inst/RCA_inst/RCA_CARRY4_1/CO[3]
                         net (fo=1, routed)           0.000     3.669    adder_inst/RCA_inst/carry[7]
    SLICE_X0Y10          CARRY4 (Prop_carry4_CI_CO[2])
                                                      0.173     3.842 r  adder_inst/RCA_inst/RCA_CARRY4_2/CO[2]
                         net (fo=1, routed)           2.063     5.905    Cout_OBUF
    D17                  OBUF (Prop_obuf_I_O)         2.364     8.269 r  Cout_OBUF_inst/O
                         net (fo=0)                   0.000     8.269    Cout
    D17                                                               r  Cout (OUT)
  -------------------------------------------------------------------    -------------------

Slack:                    inf
  Source:                 A[1]
                            (input port)
  Destination:            sum[11]
                            (output port)
  Path Group:             (none)
  Path Type:              Max at Slow Process Corner
  Data Path Delay:        8.240ns  (logic 3.908ns (47.431%)  route 4.331ns (52.569%))
  Logic Levels:           6  (CARRY4=3 IBUF=1 LUT6=1 OBUF=1)

    Location             Delay type                Incr(ns)  Path(ns)    Netlist Resource(s)
  -------------------------------------------------------------------    -------------------
    C17                                               0.000     0.000 r  A[1] (IN)
                         net (fo=0)                   0.000     0.000    A[1]
    C17                  IBUF (Prop_ibuf_I_O)         0.785     0.785 r  A_IBUF[1]_inst/O
                         net (fo=4, routed)           2.213     2.999    adder_inst/CC_inst/CC_lut0/I2
    SLICE_X0Y7           LUT6 (Prop_lut6_I2_O)        0.097     3.096 r  adder_inst/CC_inst/CC_lut0/LUT6/O
                         net (fo=1, routed)           0.000     3.096    adder_inst/CC_inst/group_propagate
    SLICE_X0Y7           CARRY4 (Prop_carry4_S[0]_CO[3])
                                                      0.395     3.491 r  adder_inst/CC_inst/CC_carry_chain_last/CO[3]
                         net (fo=1, routed)           0.000     3.491    adder_inst/RCA_inst/Cin
    SLICE_X0Y8           CARRY4 (Prop_carry4_CI_CO[3])
                                                      0.089     3.580 r  adder_inst/RCA_inst/RCA_CARRY4_0/CO[3]
                         net (fo=1, routed)           0.000     3.580    adder_inst/RCA_inst/carry[3]
    SLICE_X0Y9           CARRY4 (Prop_carry4_CI_O[2])
                                                      0.181     3.761 r  adder_inst/RCA_inst/RCA_CARRY4_1/O[2]
                         net (fo=1, routed)           2.118     5.879    sum_OBUF[11]
    E17                  OBUF (Prop_obuf_I_O)         2.361     8.240 r  sum_OBUF[11]_inst/O
                         net (fo=0)                   0.000     8.240    sum[11]
    E17                                                               r  sum[11] (OUT)
  -------------------------------------------------------------------    -------------------

Slack:                    inf
  Source:                 A[1]
                            (input port)
  Destination:            sum[10]
                            (output port)
  Path Group:             (none)
  Path Type:              Max at Slow Process Corner
  Data Path Delay:        8.204ns  (logic 3.951ns (48.165%)  route 4.252ns (51.835%))
  Logic Levels:           6  (CARRY4=3 IBUF=1 LUT6=1 OBUF=1)

    Location             Delay type                Incr(ns)  Path(ns)    Netlist Resource(s)
  -------------------------------------------------------------------    -------------------
    C17                                               0.000     0.000 r  A[1] (IN)
                         net (fo=0)                   0.000     0.000    A[1]
    C17                  IBUF (Prop_ibuf_I_O)         0.785     0.785 r  A_IBUF[1]_inst/O
                         net (fo=4, routed)           2.213     2.999    adder_inst/CC_inst/CC_lut0/I2
    SLICE_X0Y7           LUT6 (Prop_lut6_I2_O)        0.097     3.096 r  adder_inst/CC_inst/CC_lut0/LUT6/O
                         net (fo=1, routed)           0.000     3.096    adder_inst/CC_inst/group_propagate
    SLICE_X0Y7           CARRY4 (Prop_carry4_S[0]_CO[3])
                                                      0.395     3.491 r  adder_inst/CC_inst/CC_carry_chain_last/CO[3]
                         net (fo=1, routed)           0.000     3.491    adder_inst/RCA_inst/Cin
    SLICE_X0Y8           CARRY4 (Prop_carry4_CI_CO[3])
                                                      0.089     3.580 r  adder_inst/RCA_inst/RCA_CARRY4_0/CO[3]
                         net (fo=1, routed)           0.000     3.580    adder_inst/RCA_inst/carry[3]
    SLICE_X0Y9           CARRY4 (Prop_carry4_CI_O[1])
                                                      0.230     3.810 r  adder_inst/RCA_inst/RCA_CARRY4_1/O[1]
                         net (fo=1, routed)           2.039     5.849    sum_OBUF[10]
    E18                  OBUF (Prop_obuf_I_O)         2.355     8.204 r  sum_OBUF[10]_inst/O
                         net (fo=0)                   0.000     8.204    sum[10]
    E18                                                               r  sum[10] (OUT)
  -------------------------------------------------------------------    -------------------

Slack:                    inf
  Source:                 A[1]
                            (input port)
  Destination:            sum[12]
                            (output port)
  Path Group:             (none)
  Path Type:              Max at Slow Process Corner
  Data Path Delay:        8.201ns  (logic 3.954ns (48.213%)  route 4.247ns (51.787%))
  Logic Levels:           6  (CARRY4=3 IBUF=1 LUT6=1 OBUF=1)

    Location             Delay type                Incr(ns)  Path(ns)    Netlist Resource(s)
  -------------------------------------------------------------------    -------------------
    C17                                               0.000     0.000 r  A[1] (IN)
                         net (fo=0)                   0.000     0.000    A[1]
    C17                  IBUF (Prop_ibuf_I_O)         0.785     0.785 r  A_IBUF[1]_inst/O
                         net (fo=4, routed)           2.213     2.999    adder_inst/CC_inst/CC_lut0/I2
    SLICE_X0Y7           LUT6 (Prop_lut6_I2_O)        0.097     3.096 r  adder_inst/CC_inst/CC_lut0/LUT6/O
                         net (fo=1, routed)           0.000     3.096    adder_inst/CC_inst/group_propagate
    SLICE_X0Y7           CARRY4 (Prop_carry4_S[0]_CO[3])
                                                      0.395     3.491 r  adder_inst/CC_inst/CC_carry_chain_last/CO[3]
                         net (fo=1, routed)           0.000     3.491    adder_inst/RCA_inst/Cin
    SLICE_X0Y8           CARRY4 (Prop_carry4_CI_CO[3])
                                                      0.089     3.580 r  adder_inst/RCA_inst/RCA_CARRY4_0/CO[3]
                         net (fo=1, routed)           0.000     3.580    adder_inst/RCA_inst/carry[3]
    SLICE_X0Y9           CARRY4 (Prop_carry4_CI_O[3])
                                                      0.234     3.814 r  adder_inst/RCA_inst/RCA_CARRY4_1/O[3]
                         net (fo=1, routed)           2.034     5.847    sum_OBUF[12]
    F19                  OBUF (Prop_obuf_I_O)         2.354     8.201 r  sum_OBUF[12]_inst/O
                         net (fo=0)                   0.000     8.201    sum[12]
    F19                                                               r  sum[12] (OUT)
  -------------------------------------------------------------------    -------------------

Slack:                    inf
  Source:                 A[1]
                            (input port)
  Destination:            sum[9]
                            (output port)
  Path Group:             (none)
  Path Type:              Max at Slow Process Corner
  Data Path Delay:        8.129ns  (logic 3.871ns (47.625%)  route 4.257ns (52.375%))
  Logic Levels:           6  (CARRY4=3 IBUF=1 LUT6=1 OBUF=1)

    Location             Delay type                Incr(ns)  Path(ns)    Netlist Resource(s)
  -------------------------------------------------------------------    -------------------
    C17                                               0.000     0.000 r  A[1] (IN)
                         net (fo=0)                   0.000     0.000    A[1]
    C17                  IBUF (Prop_ibuf_I_O)         0.785     0.785 r  A_IBUF[1]_inst/O
                         net (fo=4, routed)           2.213     2.999    adder_inst/CC_inst/CC_lut0/I2
    SLICE_X0Y7           LUT6 (Prop_lut6_I2_O)        0.097     3.096 r  adder_inst/CC_inst/CC_lut0/LUT6/O
                         net (fo=1, routed)           0.000     3.096    adder_inst/CC_inst/group_propagate
    SLICE_X0Y7           CARRY4 (Prop_carry4_S[0]_CO[3])
                                                      0.395     3.491 r  adder_inst/CC_inst/CC_carry_chain_last/CO[3]
                         net (fo=1, routed)           0.000     3.491    adder_inst/RCA_inst/Cin
    SLICE_X0Y8           CARRY4 (Prop_carry4_CI_CO[3])
                                                      0.089     3.580 r  adder_inst/RCA_inst/RCA_CARRY4_0/CO[3]
                         net (fo=1, routed)           0.000     3.580    adder_inst/RCA_inst/carry[3]
    SLICE_X0Y9           CARRY4 (Prop_carry4_CI_O[0])
                                                      0.159     3.739 r  adder_inst/RCA_inst/RCA_CARRY4_1/O[0]
                         net (fo=1, routed)           2.044     5.783    sum_OBUF[9]
    G18                  OBUF (Prop_obuf_I_O)         2.346     8.129 r  sum_OBUF[9]_inst/O
                         net (fo=0)                   0.000     8.129    sum[9]
    G18                                                               r  sum[9] (OUT)
  -------------------------------------------------------------------    -------------------

Slack:                    inf
  Source:                 A[1]
                            (input port)
  Destination:            sum[8]
                            (output port)
  Path Group:             (none)
  Path Type:              Max at Slow Process Corner
  Data Path Delay:        8.095ns  (logic 3.862ns (47.712%)  route 4.233ns (52.288%))
  Logic Levels:           5  (CARRY4=2 IBUF=1 LUT6=1 OBUF=1)

    Location             Delay type                Incr(ns)  Path(ns)    Netlist Resource(s)
  -------------------------------------------------------------------    -------------------
    C17                                               0.000     0.000 r  A[1] (IN)
                         net (fo=0)                   0.000     0.000    A[1]
    C17                  IBUF (Prop_ibuf_I_O)         0.785     0.785 r  A_IBUF[1]_inst/O
                         net (fo=4, routed)           2.213     2.999    adder_inst/CC_inst/CC_lut0/I2
    SLICE_X0Y7           LUT6 (Prop_lut6_I2_O)        0.097     3.096 r  adder_inst/CC_inst/CC_lut0/LUT6/O
                         net (fo=1, routed)           0.000     3.096    adder_inst/CC_inst/group_propagate
    SLICE_X0Y7           CARRY4 (Prop_carry4_S[0]_CO[3])
                                                      0.395     3.491 r  adder_inst/CC_inst/CC_carry_chain_last/CO[3]
                         net (fo=1, routed)           0.000     3.491    adder_inst/RCA_inst/Cin
    SLICE_X0Y8           CARRY4 (Prop_carry4_CI_O[3])
                                                      0.234     3.725 r  adder_inst/RCA_inst/RCA_CARRY4_0/O[3]
                         net (fo=1, routed)           2.019     5.744    sum_OBUF[8]
    H18                  OBUF (Prop_obuf_I_O)         2.351     8.095 r  sum_OBUF[8]_inst/O
                         net (fo=0)                   0.000     8.095    sum[8]
    H18                                                               r  sum[8] (OUT)
  -------------------------------------------------------------------    -------------------

Slack:                    inf
  Source:                 A[1]
                            (input port)
  Destination:            sum[5]
                            (output port)
  Path Group:             (none)
  Path Type:              Max at Slow Process Corner
  Data Path Delay:        7.985ns  (logic 3.780ns (47.342%)  route 4.205ns (52.658%))
  Logic Levels:           5  (CARRY4=2 IBUF=1 LUT6=1 OBUF=1)

    Location             Delay type                Incr(ns)  Path(ns)    Netlist Resource(s)
  -------------------------------------------------------------------    -------------------
    C17                                               0.000     0.000 r  A[1] (IN)
                         net (fo=0)                   0.000     0.000    A[1]
    C17                  IBUF (Prop_ibuf_I_O)         0.785     0.785 r  A_IBUF[1]_inst/O
                         net (fo=4, routed)           2.213     2.999    adder_inst/CC_inst/CC_lut0/I2
    SLICE_X0Y7           LUT6 (Prop_lut6_I2_O)        0.097     3.096 r  adder_inst/CC_inst/CC_lut0/LUT6/O
                         net (fo=1, routed)           0.000     3.096    adder_inst/CC_inst/group_propagate
    SLICE_X0Y7           CARRY4 (Prop_carry4_S[0]_CO[3])
                                                      0.395     3.491 r  adder_inst/CC_inst/CC_carry_chain_last/CO[3]
                         net (fo=1, routed)           0.000     3.491    adder_inst/RCA_inst/Cin
    SLICE_X0Y8           CARRY4 (Prop_carry4_CI_O[0])
                                                      0.159     3.650 r  adder_inst/RCA_inst/RCA_CARRY4_0/O[0]
                         net (fo=1, routed)           1.991     5.641    sum_OBUF[5]
    G19                  OBUF (Prop_obuf_I_O)         2.344     7.985 r  sum_OBUF[5]_inst/O
                         net (fo=0)                   0.000     7.985    sum[5]
    G19                                                               r  sum[5] (OUT)
  -------------------------------------------------------------------    -------------------

Slack:                    inf
  Source:                 A[1]
                            (input port)
  Destination:            sum[6]
                            (output port)
  Path Group:             (none)
  Path Type:              Max at Slow Process Corner
  Data Path Delay:        7.948ns  (logic 3.860ns (48.570%)  route 4.088ns (51.430%))
  Logic Levels:           5  (CARRY4=2 IBUF=1 LUT6=1 OBUF=1)

    Location             Delay type                Incr(ns)  Path(ns)    Netlist Resource(s)
  -------------------------------------------------------------------    -------------------
    C17                                               0.000     0.000 r  A[1] (IN)
                         net (fo=0)                   0.000     0.000    A[1]
    C17                  IBUF (Prop_ibuf_I_O)         0.785     0.785 r  A_IBUF[1]_inst/O
                         net (fo=4, routed)           2.213     2.999    adder_inst/CC_inst/CC_lut0/I2
    SLICE_X0Y7           LUT6 (Prop_lut6_I2_O)        0.097     3.096 r  adder_inst/CC_inst/CC_lut0/LUT6/O
                         net (fo=1, routed)           0.000     3.096    adder_inst/CC_inst/group_propagate
    SLICE_X0Y7           CARRY4 (Prop_carry4_S[0]_CO[3])
                                                      0.395     3.491 r  adder_inst/CC_inst/CC_carry_chain_last/CO[3]
                         net (fo=1, routed)           0.000     3.491    adder_inst/RCA_inst/Cin
    SLICE_X0Y8           CARRY4 (Prop_carry4_CI_O[1])
                                                      0.230     3.721 r  adder_inst/RCA_inst/RCA_CARRY4_0/O[1]
                         net (fo=1, routed)           1.874     5.595    sum_OBUF[6]
    G17                  OBUF (Prop_obuf_I_O)         2.353     7.948 r  sum_OBUF[6]_inst/O
                         net (fo=0)                   0.000     7.948    sum[6]
    G17                                                               r  sum[6] (OUT)
  -------------------------------------------------------------------    -------------------





Min Delay Paths
--------------------------------------------------------------------------------------
Slack:                    inf
  Source:                 A[13]
                            (input port)
  Destination:            out_reg_fa_reg/D
  Path Group:             (none)
  Path Type:              Min at Fast Process Corner
  Data Path Delay:        0.651ns  (logic 0.305ns (46.898%)  route 0.346ns (53.102%))
  Logic Levels:           2  (CARRY4=1 IBUF=1)

    Location             Delay type                Incr(ns)  Path(ns)    Netlist Resource(s)
  -------------------------------------------------------------------    -------------------
    U18                                               0.000     0.000 r  A[13] (IN)
                         net (fo=0)                   0.000     0.000    A[13]
    U18                  IBUF (Prop_ibuf_I_O)         0.148     0.148 r  A_IBUF[13]_inst/O
                         net (fo=2, routed)           0.346     0.494    adder_inst/RCA_inst/A[8]
    SLICE_X0Y10          CARRY4 (Prop_carry4_DI[0]_O[2])
                                                      0.157     0.651 r  adder_inst/RCA_inst/RCA_CARRY4_2/O[2]
                         net (fo=1, routed)           0.000     0.651    driver_fa
    SLICE_X0Y10          FDRE                                         r  out_reg_fa_reg/D
  -------------------------------------------------------------------    -------------------

Slack:                    inf
  Source:                 in_reg_reg/C
                            (rising edge-triggered cell FDRE)
  Destination:            out_reg_So_reg/D
  Path Group:             (none)
  Path Type:              Min at Fast Process Corner
  Data Path Delay:        0.740ns  (logic 0.186ns (25.128%)  route 0.554ns (74.872%))
  Logic Levels:           2  (FDRE=1 LUT6=1)

    Location             Delay type                Incr(ns)  Path(ns)    Netlist Resource(s)
  -------------------------------------------------------------------    -------------------
    SLICE_X1Y6           FDRE                         0.000     0.000 r  in_reg_reg/C
    SLICE_X1Y6           FDRE (Prop_fdre_C_Q)         0.141     0.141 r  in_reg_reg/Q
                         net (fo=4, routed)           0.281     0.422    adder_inst/compressed_adder_inst/So_lut_0/I0
    SLICE_X1Y6           LUT6 (Prop_lut6_I0_O)        0.045     0.467 r  adder_inst/compressed_adder_inst/So_lut_0/LUT6/O
                         net (fo=1, routed)           0.274     0.740    driver_So
    SLICE_X0Y19          FDRE                                         r  out_reg_So_reg/D
  -------------------------------------------------------------------    -------------------

Slack:                    inf
  Source:                 rst
                            (input port)
  Destination:            out_reg_So_reg/R
  Path Group:             (none)
  Path Type:              Min at Fast Process Corner
  Data Path Delay:        0.754ns  (logic 0.165ns (21.903%)  route 0.589ns (78.097%))
  Logic Levels:           1  (IBUF=1)

    Location             Delay type                Incr(ns)  Path(ns)    Netlist Resource(s)
  -------------------------------------------------------------------    -------------------
    L19                                               0.000     0.000 r  rst (IN)
                         net (fo=0)                   0.000     0.000    rst
    L19                  IBUF (Prop_ibuf_I_O)         0.165     0.165 r  rst_IBUF_inst/O
                         net (fo=3, routed)           0.589     0.754    rst_IBUF
    SLICE_X0Y19          FDRE                                         r  out_reg_So_reg/R
  -------------------------------------------------------------------    -------------------

Slack:                    inf
  Source:                 rst
                            (input port)
  Destination:            out_reg_fa_reg/R
  Path Group:             (none)
  Path Type:              Min at Fast Process Corner
  Data Path Delay:        0.962ns  (logic 0.165ns (17.167%)  route 0.797ns (82.833%))
  Logic Levels:           1  (IBUF=1)

    Location             Delay type                Incr(ns)  Path(ns)    Netlist Resource(s)
  -------------------------------------------------------------------    -------------------
    L19                                               0.000     0.000 r  rst (IN)
                         net (fo=0)                   0.000     0.000    rst
    L19                  IBUF (Prop_ibuf_I_O)         0.165     0.165 r  rst_IBUF_inst/O
                         net (fo=3, routed)           0.797     0.962    rst_IBUF
    SLICE_X0Y10          FDRE                                         r  out_reg_fa_reg/R
  -------------------------------------------------------------------    -------------------

Slack:                    inf
  Source:                 rst
                            (input port)
  Destination:            in_reg_reg/R
  Path Group:             (none)
  Path Type:              Min at Fast Process Corner
  Data Path Delay:        1.044ns  (logic 0.165ns (15.821%)  route 0.879ns (84.179%))
  Logic Levels:           1  (IBUF=1)

    Location             Delay type                Incr(ns)  Path(ns)    Netlist Resource(s)
  -------------------------------------------------------------------    -------------------
    L19                                               0.000     0.000 r  rst (IN)
                         net (fo=0)                   0.000     0.000    rst
    L19                  IBUF (Prop_ibuf_I_O)         0.165     0.165 r  rst_IBUF_inst/O
                         net (fo=3, routed)           0.879     1.044    rst_IBUF
    SLICE_X1Y6           FDRE                                         r  in_reg_reg/R
  -------------------------------------------------------------------    -------------------

Slack:                    inf
  Source:                 A[0]
                            (input port)
  Destination:            in_reg_reg/D
  Path Group:             (none)
  Path Type:              Min at Fast Process Corner
  Data Path Delay:        1.528ns  (logic 0.163ns (10.680%)  route 1.365ns (89.320%))
  Logic Levels:           1  (IBUF=1)

    Location             Delay type                Incr(ns)  Path(ns)    Netlist Resource(s)
  -------------------------------------------------------------------    -------------------
    V9                                                0.000     0.000 r  A[0] (IN)
                         net (fo=0)                   0.000     0.000    A[0]
    V9                   IBUF (Prop_ibuf_I_O)         0.163     0.163 r  A_IBUF[0]_inst/O
                         net (fo=1, routed)           1.365     1.528    A_IBUF[0]
    SLICE_X1Y6           FDRE                                         r  in_reg_reg/D
  -------------------------------------------------------------------    -------------------

Slack:                    inf
  Source:                 out_reg_So_reg/C
                            (rising edge-triggered cell FDRE)
  Destination:            sum[1]
                            (output port)
  Path Group:             (none)
  Path Type:              Min at Fast Process Corner
  Data Path Delay:        1.812ns  (logic 1.248ns (68.871%)  route 0.564ns (31.129%))
  Logic Levels:           2  (FDRE=1 OBUF=1)

    Location             Delay type                Incr(ns)  Path(ns)    Netlist Resource(s)
  -------------------------------------------------------------------    -------------------
    SLICE_X0Y19          FDRE                         0.000     0.000 r  out_reg_So_reg/C
    SLICE_X0Y19          FDRE (Prop_fdre_C_Q)         0.141     0.141 r  out_reg_So_reg/Q
                         net (fo=1, routed)           0.564     0.705    sum_OBUF[1]
    J19                  OBUF (Prop_obuf_I_O)         1.107     1.812 r  sum_OBUF[1]_inst/O
                         net (fo=0)                   0.000     1.812    sum[1]
    J19                                                               r  sum[1] (OUT)
  -------------------------------------------------------------------    -------------------

Slack:                    inf
  Source:                 out_reg_fa_reg/C
                            (rising edge-triggered cell FDRE)
  Destination:            sum[15]
                            (output port)
  Path Group:             (none)
  Path Type:              Min at Fast Process Corner
  Data Path Delay:        2.162ns  (logic 1.258ns (58.218%)  route 0.903ns (41.782%))
  Logic Levels:           2  (FDRE=1 OBUF=1)

    Location             Delay type                Incr(ns)  Path(ns)    Netlist Resource(s)
  -------------------------------------------------------------------    -------------------
    SLICE_X0Y10          FDRE                         0.000     0.000 r  out_reg_fa_reg/C
    SLICE_X0Y10          FDRE (Prop_fdre_C_Q)         0.141     0.141 r  out_reg_fa_reg/Q
                         net (fo=1, routed)           0.903     1.044    sum_OBUF[15]
    D18                  OBUF (Prop_obuf_I_O)         1.117     2.162 r  sum_OBUF[15]_inst/O
                         net (fo=0)                   0.000     2.162    sum[15]
    D18                                                               r  sum[15] (OUT)
  -------------------------------------------------------------------    -------------------

Slack:                    inf
  Source:                 in_reg_reg/C
                            (rising edge-triggered cell FDRE)
  Destination:            sum[0]
                            (output port)
  Path Group:             (none)
  Path Type:              Min at Fast Process Corner
  Data Path Delay:        2.334ns  (logic 1.353ns (57.951%)  route 0.981ns (42.049%))
  Logic Levels:           3  (FDRE=1 LUT5=1 OBUF=1)

    Location             Delay type                Incr(ns)  Path(ns)    Netlist Resource(s)
  -------------------------------------------------------------------    -------------------
    SLICE_X1Y6           FDRE                         0.000     0.000 r  in_reg_reg/C
    SLICE_X1Y6           FDRE (Prop_fdre_C_Q)         0.141     0.141 r  in_reg_reg/Q
                         net (fo=4, routed)           0.281     0.422    adder_inst/compressed_adder_inst/So_lut_0/I0
    SLICE_X1Y6           LUT5 (Prop_lut5_I0_O)        0.044     0.466 r  adder_inst/compressed_adder_inst/So_lut_0/LUT5/O
                         net (fo=1, routed)           0.701     1.166    sum_OBUF[0]
    K19                  OBUF (Prop_obuf_I_O)         1.168     2.334 r  sum_OBUF[0]_inst/O
                         net (fo=0)                   0.000     2.334    sum[0]
    K19                                                               r  sum[0] (OUT)
  -------------------------------------------------------------------    -------------------

Slack:                    inf
  Source:                 A[5]
                            (input port)
  Destination:            sum[6]
                            (output port)
  Path Group:             (none)
  Path Type:              Min at Fast Process Corner
  Data Path Delay:        2.511ns  (logic 1.464ns (58.317%)  route 1.047ns (41.683%))
  Logic Levels:           3  (CARRY4=1 IBUF=1 OBUF=1)

    Location             Delay type                Incr(ns)  Path(ns)    Netlist Resource(s)
  -------------------------------------------------------------------    -------------------
    W14                                               0.000     0.000 r  A[5] (IN)
                         net (fo=0)                   0.000     0.000    A[5]
    W14                  IBUF (Prop_ibuf_I_O)         0.159     0.159 r  A_IBUF[5]_inst/O
                         net (fo=2, routed)           0.370     0.530    adder_inst/RCA_inst/A[0]
    SLICE_X0Y8           CARRY4 (Prop_carry4_DI[0]_O[1])
                                                      0.124     0.654 r  adder_inst/RCA_inst/RCA_CARRY4_0/O[1]
                         net (fo=1, routed)           0.676     1.330    sum_OBUF[6]
    G17                  OBUF (Prop_obuf_I_O)         1.181     2.511 r  sum_OBUF[6]_inst/O
                         net (fo=0)                   0.000     2.511    sum[6]
    G17                                                               r  sum[6] (OUT)
  -------------------------------------------------------------------    -------------------





