#-----------------------------------------------------------
# Vivado v2024.2 (64-bit)
# SW Build 5239630 on Fri Nov 08 22:34:34 MST 2024
# IP Build 5239520 on Sun Nov 10 16:12:51 MST 2024
# SharedData Build 5239561 on Fri Nov 08 14:39:27 MST 2024
# Start of session at: Sun Jun  8 23:59:08 2025
# Process ID         : 12937
# Current directory  : /home/abhijit/Desktop/delay_automation/design_sweep_runs/mn_adder_N16M0
# Command line       : vivado /home/abhijit/Desktop/delay_automation/design_sweep_runs/mn_adder_N16M0/mn_adder_N16M0.xpr
# Log file           : /home/abhijit/Desktop/delay_automation/design_sweep_runs/mn_adder_N16M0/vivado.log
# Journal file       : /home/abhijit/Desktop/delay_automation/design_sweep_runs/mn_adder_N16M0/vivado.jou
# Running On         : abhijit-Vostro-15-3568
# Platform           : Ubuntu
# Operating System   : Ubuntu 20.04.6 LTS
# Processor Detail   : Intel(R) Core(TM) i3-7020U CPU @ 2.30GHz
# CPU Frequency      : 2300.084 MHz
# CPU Physical cores : 2
# CPU Logical cores  : 4
# Host memory        : 3961 MB
# Swap memory        : 8589 MB
# Total Virtual      : 12551 MB
# Available Virtual  : 11803 MB
#-----------------------------------------------------------
start_gui
open_project /home/abhijit/Desktop/delay_automation/design_sweep_runs/mn_adder_N16M0/mn_adder_N16M0.xpr
INFO: [filemgmt 56-3] Default IP Output Path : Could not find the directory '/home/abhijit/Desktop/delay_automation/design_sweep_runs/mn_adder_N16M0/mn_adder_N16M0.gen/sources_1'.
Scanning sources...
Finished scanning sources
INFO: [IP_Flow 19-234] Refreshing IP repositories
INFO: [IP_Flow 19-1704] No user IP repositories specified
INFO: [IP_Flow 19-2313] Loaded Vivado IP repository '/home/abhijit/Xilinx/Vivado/2024.2/data/ip'.
update_compile_order -fileset sources_1
open_run impl_1
INFO: [Device 21-403] Loading part xc7a12tcpg238-3
Netlist sorting complete. Time (s): cpu = 00:00:00 ; elapsed = 00:00:00.01 . Memory (MB): peak = 7795.812 ; gain = 0.000 ; free physical = 1148 ; free virtual = 10474
INFO: [Netlist 29-17] Analyzing 18 Unisim elements for replacement
INFO: [Netlist 29-28] Unisim Transformation completed in 0 CPU seconds
INFO: [Project 1-479] Netlist was created with Vivado 2024.2
INFO: [Project 1-570] Preparing netlist for logic optimization
Read ShapeDB Complete: Time (s): cpu = 00:00:00.01 ; elapsed = 00:00:00 . Memory (MB): peak = 7851.688 ; gain = 0.000 ; free physical = 1065 ; free virtual = 10391
INFO: [Designutils 20-5722] Start Reading Physical Databases.
Reading placement.
Read Netlist Cache: Time (s): cpu = 00:00:00 ; elapsed = 00:00:00 . Memory (MB): peak = 7851.688 ; gain = 0.000 ; free physical = 1065 ; free virtual = 10391
Reading placer database...
Read Device Cache: Time (s): cpu = 00:00:00 ; elapsed = 00:00:00.01 . Memory (MB): peak = 7853.688 ; gain = 2.000 ; free physical = 1063 ; free virtual = 10389
Read PlaceDB: Time (s): cpu = 00:00:00.01 ; elapsed = 00:00:00 . Memory (MB): peak = 7853.688 ; gain = 0.000 ; free physical = 1063 ; free virtual = 10389
Read PulsedLatchDB: Time (s): cpu = 00:00:00 ; elapsed = 00:00:00 . Memory (MB): peak = 7853.688 ; gain = 0.000 ; free physical = 1063 ; free virtual = 10389
Reading routing.
Read RouteStorage: Time (s): cpu = 00:00:00 ; elapsed = 00:00:00.01 . Memory (MB): peak = 7913.098 ; gain = 59.410 ; free physical = 1062 ; free virtual = 10388
Read Physdb Files: Time (s): cpu = 00:00:00.02 ; elapsed = 00:00:00.03 . Memory (MB): peak = 7913.098 ; gain = 61.410 ; free physical = 1062 ; free virtual = 10388
Restored from archive | CPU: 0.040000 secs | Memory: 0.128967 MB |
Finished XDEF File Restore: Time (s): cpu = 00:00:00.02 ; elapsed = 00:00:00.03 . Memory (MB): peak = 7913.098 ; gain = 61.410 ; free physical = 1062 ; free virtual = 10388
Netlist sorting complete. Time (s): cpu = 00:00:00 ; elapsed = 00:00:00.01 . Memory (MB): peak = 8293.055 ; gain = 0.000 ; free physical = 698 ; free virtual = 10018
INFO: [Project 1-111] Unisim Transformation Summary:
  A total of 16 instances were transformed.
  LUT6_2 => LUT6_2 (LUT5, LUT6): 16 instances

open_run: Time (s): cpu = 00:00:28 ; elapsed = 00:00:14 . Memory (MB): peak = 8559.816 ; gain = 900.492 ; free physical = 432 ; free virtual = 9761
WARNING: [Timing 38-313] There are no user specified timing constraints. Timing constraints are needed for proper timing analysis.
close_design
close_project
exit
INFO: [Common 17-206] Exiting Vivado at Mon Jun  9 00:00:26 2025...
