Copyright 1986-2022 Xilinx, Inc. All Rights Reserved. Copyright 2022-2024 Advanced Micro Devices, Inc. All Rights Reserved.
---------------------------------------------------------------------------------------------------------------------------------------------------------------------------------------------------------------------------------------------
| Tool Version : Vivado v.2024.2 (lin64) Build 5239630 Fri Nov 08 22:34:34 MST 2024
| Date         : Mon Jun  9 00:27:11 2025
| Host         : abhijit-Vostro-15-3568 running 64-bit Ubuntu 20.04.6 LTS
| Command      : report_timing_summary -max_paths 10 -report_unconstrained -file mn_adder_wrapper_timing_summary_routed.rpt -pb mn_adder_wrapper_timing_summary_routed.pb -rpx mn_adder_wrapper_timing_summary_routed.rpx -warn_on_violation
| Design       : mn_adder_wrapper
| Device       : 7a12t-cpg238
| Speed File   : -3  PRODUCTION 1.23 2018-06-13
| Design State : Routed
---------------------------------------------------------------------------------------------------------------------------------------------------------------------------------------------------------------------------------------------

Timing Summary Report

------------------------------------------------------------------------------------------------
| Timer Settings
| --------------
------------------------------------------------------------------------------------------------

  Enable Multi Corner Analysis               :  Yes
  Enable Pessimism Removal                   :  Yes
  Pessimism Removal Resolution               :  Nearest Common Node
  Enable Input Delay Default Clock           :  No
  Enable Preset / Clear Arcs                 :  No
  Disable Flight Delays                      :  No
  Ignore I/O Paths                           :  No
  Timing Early Launch at Borrowing Latches   :  No
  Borrow Time for Max Delay Exceptions       :  Yes
  Merge Timing Exceptions                    :  Yes
  Inter-SLR Compensation                     :  Conservative

  Corner  Analyze    Analyze    
  Name    Max Paths  Min Paths  
  ------  ---------  ---------  
  Slow    Yes        Yes        
  Fast    Yes        Yes        


------------------------------------------------------------------------------------------------
| Report Methodology
| ------------------
------------------------------------------------------------------------------------------------

Rule       Severity          Description                  Violations  
---------  ----------------  ---------------------------  ----------  
TIMING-17  Critical Warning  Non-clocked sequential cell  2           

Note: This report is based on the most recent report_methodology run and may not be up-to-date. Run report_methodology on the current design for the latest report.



check_timing report

Table of Contents
-----------------
1. checking no_clock (2)
2. checking constant_clock (0)
3. checking pulse_width_clock (0)
4. checking unconstrained_internal_endpoints (4)
5. checking no_input_delay (33)
6. checking no_output_delay (17)
7. checking multiple_clock (0)
8. checking generated_clocks (0)
9. checking loops (0)
10. checking partial_input_delay (0)
11. checking partial_output_delay (0)
12. checking latch_loops (0)

1. checking no_clock (2)
------------------------
 There are 2 register/latch pins with no clock driven by root clock pin: clk (HIGH)


2. checking constant_clock (0)
------------------------------
 There are 0 register/latch pins with constant_clock.


3. checking pulse_width_clock (0)
---------------------------------
 There are 0 register/latch pins which need pulse_width check


4. checking unconstrained_internal_endpoints (4)
------------------------------------------------
 There are 4 pins that are not constrained for maximum delay. (HIGH)

 There are 0 pins that are not constrained for maximum delay due to constant clock.


5. checking no_input_delay (33)
-------------------------------
 There are 33 input ports with no input delay specified. (HIGH)

 There are 0 input ports with no input delay but user has a false path constraint.


6. checking no_output_delay (17)
--------------------------------
 There are 17 ports with no output delay specified. (HIGH)

 There are 0 ports with no output delay but user has a false path constraint

 There are 0 ports with no output delay but with a timing clock defined on it or propagating through it


7. checking multiple_clock (0)
------------------------------
 There are 0 register/latch pins with multiple clocks.


8. checking generated_clocks (0)
--------------------------------
 There are 0 generated clocks that are not connected to a clock source.


9. checking loops (0)
---------------------
 There are 0 combinational loops in the design.


10. checking partial_input_delay (0)
------------------------------------
 There are 0 input ports with partial input delay specified.


11. checking partial_output_delay (0)
-------------------------------------
 There are 0 ports with partial output delay specified.


12. checking latch_loops (0)
----------------------------
 There are 0 combinational latch loops in the design through latch input



------------------------------------------------------------------------------------------------
| Design Timing Summary
| ---------------------
------------------------------------------------------------------------------------------------

    WNS(ns)      TNS(ns)  TNS Failing Endpoints  TNS Total Endpoints      WHS(ns)      THS(ns)  THS Failing Endpoints  THS Total Endpoints     WPWS(ns)     TPWS(ns)  TPWS Failing Endpoints  TPWS Total Endpoints  
    -------      -------  ---------------------  -------------------      -------      -------  ---------------------  -------------------     --------     --------  ----------------------  --------------------  
        inf        0.000                      0                   21          inf        0.000                      0                   21           NA           NA                      NA                    NA  


There are no user specified timing constraints.


------------------------------------------------------------------------------------------------
| Clock Summary
| -------------
------------------------------------------------------------------------------------------------


------------------------------------------------------------------------------------------------
| Intra Clock Table
| -----------------
------------------------------------------------------------------------------------------------

Clock             WNS(ns)      TNS(ns)  TNS Failing Endpoints  TNS Total Endpoints      WHS(ns)      THS(ns)  THS Failing Endpoints  THS Total Endpoints     WPWS(ns)     TPWS(ns)  TPWS Failing Endpoints  TPWS Total Endpoints  
-----             -------      -------  ---------------------  -------------------      -------      -------  ---------------------  -------------------     --------     --------  ----------------------  --------------------  


------------------------------------------------------------------------------------------------
| Inter Clock Table
| -----------------
------------------------------------------------------------------------------------------------

From Clock    To Clock          WNS(ns)      TNS(ns)  TNS Failing Endpoints  TNS Total Endpoints      WHS(ns)      THS(ns)  THS Failing Endpoints  THS Total Endpoints  
----------    --------          -------      -------  ---------------------  -------------------      -------      -------  ---------------------  -------------------  


------------------------------------------------------------------------------------------------
| Other Path Groups Table
| -----------------------
------------------------------------------------------------------------------------------------

Path Group    From Clock    To Clock          WNS(ns)      TNS(ns)  TNS Failing Endpoints  TNS Total Endpoints      WHS(ns)      THS(ns)  THS Failing Endpoints  THS Total Endpoints  
----------    ----------    --------          -------      -------  ---------------------  -------------------      -------      -------  ---------------------  -------------------  


------------------------------------------------------------------------------------------------
| User Ignored Path Table
| -----------------------
------------------------------------------------------------------------------------------------

Path Group    From Clock    To Clock    
----------    ----------    --------    


------------------------------------------------------------------------------------------------
| Unconstrained Path Table
| ------------------------
------------------------------------------------------------------------------------------------

Path Group    From Clock    To Clock    
----------    ----------    --------    
(none)                                    


------------------------------------------------------------------------------------------------
| Timing Details
| --------------
------------------------------------------------------------------------------------------------


--------------------------------------------------------------------------------------
Path Group:  (none)
From Clock:  
  To Clock:  

Max Delay            21 Endpoints
Min Delay            21 Endpoints
--------------------------------------------------------------------------------------


Max Delay Paths
--------------------------------------------------------------------------------------
Slack:                    inf
  Source:                 B[1]
                            (input port)
  Destination:            Cout
                            (output port)
  Path Group:             (none)
  Path Type:              Max at Slow Process Corner
  Data Path Delay:        7.502ns  (logic 3.783ns (50.427%)  route 3.719ns (49.573%))
  Logic Levels:           7  (CARRY4=4 IBUF=1 LUT6=1 OBUF=1)

    Location             Delay type                Incr(ns)  Path(ns)    Netlist Resource(s)
  -------------------------------------------------------------------    -------------------
    V19                                               0.000     0.000 r  B[1] (IN)
                         net (fo=0)                   0.000     0.000    B[1]
    V19                  IBUF (Prop_ibuf_I_O)         0.784     0.784 r  B_IBUF[1]_inst/O
                         net (fo=1, routed)           1.318     2.102    adder_inst/RCA_inst/B[1]
    SLICE_X0Y7           LUT6 (Prop_lut6_I1_O)        0.097     2.199 r  adder_inst/RCA_inst/RCA_LUT_1/O
                         net (fo=1, routed)           0.000     2.199    adder_inst/RCA_inst/Propagate[1]
    SLICE_X0Y7           CARRY4 (Prop_carry4_S[1]_CO[3])
                                                      0.412     2.611 r  adder_inst/RCA_inst/RCA_CARRY4_0/CO[3]
                         net (fo=1, routed)           0.000     2.611    adder_inst/RCA_inst/carry[3]
    SLICE_X0Y8           CARRY4 (Prop_carry4_CI_CO[3])
                                                      0.089     2.700 r  adder_inst/RCA_inst/RCA_CARRY4_1/CO[3]
                         net (fo=1, routed)           0.000     2.700    adder_inst/RCA_inst/carry[7]
    SLICE_X0Y9           CARRY4 (Prop_carry4_CI_CO[3])
                                                      0.089     2.789 r  adder_inst/RCA_inst/RCA_CARRY4_2/CO[3]
                         net (fo=1, routed)           0.000     2.789    adder_inst/RCA_inst/carry[11]
    SLICE_X0Y10          CARRY4 (Prop_carry4_CI_CO[3])
                                                      0.089     2.878 r  adder_inst/RCA_inst/RCA_CARRY4_3/CO[3]
                         net (fo=1, routed)           2.401     5.280    Cout_OBUF
    D17                  OBUF (Prop_obuf_I_O)         2.223     7.502 r  Cout_OBUF_inst/O
                         net (fo=0)                   0.000     7.502    Cout
    D17                                                               r  Cout (OUT)
  -------------------------------------------------------------------    -------------------

Slack:                    inf
  Source:                 B[1]
                            (input port)
  Destination:            sum[13]
                            (output port)
  Path Group:             (none)
  Path Type:              Max at Slow Process Corner
  Data Path Delay:        7.501ns  (logic 4.050ns (53.993%)  route 3.451ns (46.007%))
  Logic Levels:           7  (CARRY4=4 IBUF=1 LUT6=1 OBUF=1)

    Location             Delay type                Incr(ns)  Path(ns)    Netlist Resource(s)
  -------------------------------------------------------------------    -------------------
    V19                                               0.000     0.000 r  B[1] (IN)
                         net (fo=0)                   0.000     0.000    B[1]
    V19                  IBUF (Prop_ibuf_I_O)         0.784     0.784 r  B_IBUF[1]_inst/O
                         net (fo=1, routed)           1.318     2.102    adder_inst/RCA_inst/B[1]
    SLICE_X0Y7           LUT6 (Prop_lut6_I1_O)        0.097     2.199 r  adder_inst/RCA_inst/RCA_LUT_1/O
                         net (fo=1, routed)           0.000     2.199    adder_inst/RCA_inst/Propagate[1]
    SLICE_X0Y7           CARRY4 (Prop_carry4_S[1]_CO[3])
                                                      0.412     2.611 r  adder_inst/RCA_inst/RCA_CARRY4_0/CO[3]
                         net (fo=1, routed)           0.000     2.611    adder_inst/RCA_inst/carry[3]
    SLICE_X0Y8           CARRY4 (Prop_carry4_CI_CO[3])
                                                      0.089     2.700 r  adder_inst/RCA_inst/RCA_CARRY4_1/CO[3]
                         net (fo=1, routed)           0.000     2.700    adder_inst/RCA_inst/carry[7]
    SLICE_X0Y9           CARRY4 (Prop_carry4_CI_CO[3])
                                                      0.089     2.789 r  adder_inst/RCA_inst/RCA_CARRY4_2/CO[3]
                         net (fo=1, routed)           0.000     2.789    adder_inst/RCA_inst/carry[11]
    SLICE_X0Y10          CARRY4 (Prop_carry4_CI_O[1])
                                                      0.230     3.019 r  adder_inst/RCA_inst/RCA_CARRY4_3/O[1]
                         net (fo=1, routed)           2.133     5.152    sum_OBUF[13]
    E19                  OBUF (Prop_obuf_I_O)         2.349     7.501 r  sum_OBUF[13]_inst/O
                         net (fo=0)                   0.000     7.501    sum[13]
    E19                                                               r  sum[13] (OUT)
  -------------------------------------------------------------------    -------------------

Slack:                    inf
  Source:                 B[1]
                            (input port)
  Destination:            sum[9]
                            (output port)
  Path Group:             (none)
  Path Type:              Max at Slow Process Corner
  Data Path Delay:        7.421ns  (logic 3.960ns (53.359%)  route 3.461ns (46.641%))
  Logic Levels:           6  (CARRY4=3 IBUF=1 LUT6=1 OBUF=1)

    Location             Delay type                Incr(ns)  Path(ns)    Netlist Resource(s)
  -------------------------------------------------------------------    -------------------
    V19                                               0.000     0.000 r  B[1] (IN)
                         net (fo=0)                   0.000     0.000    B[1]
    V19                  IBUF (Prop_ibuf_I_O)         0.784     0.784 r  B_IBUF[1]_inst/O
                         net (fo=1, routed)           1.318     2.102    adder_inst/RCA_inst/B[1]
    SLICE_X0Y7           LUT6 (Prop_lut6_I1_O)        0.097     2.199 r  adder_inst/RCA_inst/RCA_LUT_1/O
                         net (fo=1, routed)           0.000     2.199    adder_inst/RCA_inst/Propagate[1]
    SLICE_X0Y7           CARRY4 (Prop_carry4_S[1]_CO[3])
                                                      0.412     2.611 r  adder_inst/RCA_inst/RCA_CARRY4_0/CO[3]
                         net (fo=1, routed)           0.000     2.611    adder_inst/RCA_inst/carry[3]
    SLICE_X0Y8           CARRY4 (Prop_carry4_CI_CO[3])
                                                      0.089     2.700 r  adder_inst/RCA_inst/RCA_CARRY4_1/CO[3]
                         net (fo=1, routed)           0.000     2.700    adder_inst/RCA_inst/carry[7]
    SLICE_X0Y9           CARRY4 (Prop_carry4_CI_O[1])
                                                      0.230     2.930 r  adder_inst/RCA_inst/RCA_CARRY4_2/O[1]
                         net (fo=1, routed)           2.143     5.073    sum_OBUF[9]
    G18                  OBUF (Prop_obuf_I_O)         2.347     7.421 r  sum_OBUF[9]_inst/O
                         net (fo=0)                   0.000     7.421    sum[9]
    G18                                                               r  sum[9] (OUT)
  -------------------------------------------------------------------    -------------------

Slack:                    inf
  Source:                 B[1]
                            (input port)
  Destination:            sum[11]
                            (output port)
  Path Group:             (none)
  Path Type:              Max at Slow Process Corner
  Data Path Delay:        7.325ns  (logic 3.981ns (54.354%)  route 3.344ns (45.646%))
  Logic Levels:           6  (CARRY4=3 IBUF=1 LUT6=1 OBUF=1)

    Location             Delay type                Incr(ns)  Path(ns)    Netlist Resource(s)
  -------------------------------------------------------------------    -------------------
    V19                                               0.000     0.000 r  B[1] (IN)
                         net (fo=0)                   0.000     0.000    B[1]
    V19                  IBUF (Prop_ibuf_I_O)         0.784     0.784 r  B_IBUF[1]_inst/O
                         net (fo=1, routed)           1.318     2.102    adder_inst/RCA_inst/B[1]
    SLICE_X0Y7           LUT6 (Prop_lut6_I1_O)        0.097     2.199 r  adder_inst/RCA_inst/RCA_LUT_1/O
                         net (fo=1, routed)           0.000     2.199    adder_inst/RCA_inst/Propagate[1]
    SLICE_X0Y7           CARRY4 (Prop_carry4_S[1]_CO[3])
                                                      0.412     2.611 r  adder_inst/RCA_inst/RCA_CARRY4_0/CO[3]
                         net (fo=1, routed)           0.000     2.611    adder_inst/RCA_inst/carry[3]
    SLICE_X0Y8           CARRY4 (Prop_carry4_CI_CO[3])
                                                      0.089     2.700 r  adder_inst/RCA_inst/RCA_CARRY4_1/CO[3]
                         net (fo=1, routed)           0.000     2.700    adder_inst/RCA_inst/carry[7]
    SLICE_X0Y9           CARRY4 (Prop_carry4_CI_O[3])
                                                      0.234     2.934 r  adder_inst/RCA_inst/RCA_CARRY4_2/O[3]
                         net (fo=1, routed)           2.026     4.960    sum_OBUF[11]
    E17                  OBUF (Prop_obuf_I_O)         2.365     7.325 r  sum_OBUF[11]_inst/O
                         net (fo=0)                   0.000     7.325    sum[11]
    E17                                                               r  sum[11] (OUT)
  -------------------------------------------------------------------    -------------------

Slack:                    inf
  Source:                 B[1]
                            (input port)
  Destination:            sum[12]
                            (output port)
  Path Group:             (none)
  Path Type:              Max at Slow Process Corner
  Data Path Delay:        7.324ns  (logic 3.974ns (54.265%)  route 3.350ns (45.735%))
  Logic Levels:           7  (CARRY4=4 IBUF=1 LUT6=1 OBUF=1)

    Location             Delay type                Incr(ns)  Path(ns)    Netlist Resource(s)
  -------------------------------------------------------------------    -------------------
    V19                                               0.000     0.000 r  B[1] (IN)
                         net (fo=0)                   0.000     0.000    B[1]
    V19                  IBUF (Prop_ibuf_I_O)         0.784     0.784 r  B_IBUF[1]_inst/O
                         net (fo=1, routed)           1.318     2.102    adder_inst/RCA_inst/B[1]
    SLICE_X0Y7           LUT6 (Prop_lut6_I1_O)        0.097     2.199 r  adder_inst/RCA_inst/RCA_LUT_1/O
                         net (fo=1, routed)           0.000     2.199    adder_inst/RCA_inst/Propagate[1]
    SLICE_X0Y7           CARRY4 (Prop_carry4_S[1]_CO[3])
                                                      0.412     2.611 r  adder_inst/RCA_inst/RCA_CARRY4_0/CO[3]
                         net (fo=1, routed)           0.000     2.611    adder_inst/RCA_inst/carry[3]
    SLICE_X0Y8           CARRY4 (Prop_carry4_CI_CO[3])
                                                      0.089     2.700 r  adder_inst/RCA_inst/RCA_CARRY4_1/CO[3]
                         net (fo=1, routed)           0.000     2.700    adder_inst/RCA_inst/carry[7]
    SLICE_X0Y9           CARRY4 (Prop_carry4_CI_CO[3])
                                                      0.089     2.789 r  adder_inst/RCA_inst/RCA_CARRY4_2/CO[3]
                         net (fo=1, routed)           0.000     2.789    adder_inst/RCA_inst/carry[11]
    SLICE_X0Y10          CARRY4 (Prop_carry4_CI_O[0])
                                                      0.159     2.948 r  adder_inst/RCA_inst/RCA_CARRY4_3/O[0]
                         net (fo=1, routed)           2.032     4.980    sum_OBUF[12]
    F19                  OBUF (Prop_obuf_I_O)         2.344     7.324 r  sum_OBUF[12]_inst/O
                         net (fo=0)                   0.000     7.324    sum[12]
    F19                                                               r  sum[12] (OUT)
  -------------------------------------------------------------------    -------------------

Slack:                    inf
  Source:                 B[1]
                            (input port)
  Destination:            sum[8]
                            (output port)
  Path Group:             (none)
  Path Type:              Max at Slow Process Corner
  Data Path Delay:        7.298ns  (logic 3.882ns (53.197%)  route 3.416ns (46.803%))
  Logic Levels:           6  (CARRY4=3 IBUF=1 LUT6=1 OBUF=1)

    Location             Delay type                Incr(ns)  Path(ns)    Netlist Resource(s)
  -------------------------------------------------------------------    -------------------
    V19                                               0.000     0.000 r  B[1] (IN)
                         net (fo=0)                   0.000     0.000    B[1]
    V19                  IBUF (Prop_ibuf_I_O)         0.784     0.784 r  B_IBUF[1]_inst/O
                         net (fo=1, routed)           1.318     2.102    adder_inst/RCA_inst/B[1]
    SLICE_X0Y7           LUT6 (Prop_lut6_I1_O)        0.097     2.199 r  adder_inst/RCA_inst/RCA_LUT_1/O
                         net (fo=1, routed)           0.000     2.199    adder_inst/RCA_inst/Propagate[1]
    SLICE_X0Y7           CARRY4 (Prop_carry4_S[1]_CO[3])
                                                      0.412     2.611 r  adder_inst/RCA_inst/RCA_CARRY4_0/CO[3]
                         net (fo=1, routed)           0.000     2.611    adder_inst/RCA_inst/carry[3]
    SLICE_X0Y8           CARRY4 (Prop_carry4_CI_CO[3])
                                                      0.089     2.700 r  adder_inst/RCA_inst/RCA_CARRY4_1/CO[3]
                         net (fo=1, routed)           0.000     2.700    adder_inst/RCA_inst/carry[7]
    SLICE_X0Y9           CARRY4 (Prop_carry4_CI_O[0])
                                                      0.159     2.859 r  adder_inst/RCA_inst/RCA_CARRY4_2/O[0]
                         net (fo=1, routed)           2.098     4.957    sum_OBUF[8]
    H18                  OBUF (Prop_obuf_I_O)         2.341     7.298 r  sum_OBUF[8]_inst/O
                         net (fo=0)                   0.000     7.298    sum[8]
    H18                                                               r  sum[8] (OUT)
  -------------------------------------------------------------------    -------------------

Slack:                    inf
  Source:                 B[1]
                            (input port)
  Destination:            sum[14]
                            (output port)
  Path Group:             (none)
  Path Type:              Max at Slow Process Corner
  Data Path Delay:        7.255ns  (logic 4.014ns (55.334%)  route 3.240ns (44.666%))
  Logic Levels:           7  (CARRY4=4 IBUF=1 LUT6=1 OBUF=1)

    Location             Delay type                Incr(ns)  Path(ns)    Netlist Resource(s)
  -------------------------------------------------------------------    -------------------
    V19                                               0.000     0.000 r  B[1] (IN)
                         net (fo=0)                   0.000     0.000    B[1]
    V19                  IBUF (Prop_ibuf_I_O)         0.784     0.784 r  B_IBUF[1]_inst/O
                         net (fo=1, routed)           1.318     2.102    adder_inst/RCA_inst/B[1]
    SLICE_X0Y7           LUT6 (Prop_lut6_I1_O)        0.097     2.199 r  adder_inst/RCA_inst/RCA_LUT_1/O
                         net (fo=1, routed)           0.000     2.199    adder_inst/RCA_inst/Propagate[1]
    SLICE_X0Y7           CARRY4 (Prop_carry4_S[1]_CO[3])
                                                      0.412     2.611 r  adder_inst/RCA_inst/RCA_CARRY4_0/CO[3]
                         net (fo=1, routed)           0.000     2.611    adder_inst/RCA_inst/carry[3]
    SLICE_X0Y8           CARRY4 (Prop_carry4_CI_CO[3])
                                                      0.089     2.700 r  adder_inst/RCA_inst/RCA_CARRY4_1/CO[3]
                         net (fo=1, routed)           0.000     2.700    adder_inst/RCA_inst/carry[7]
    SLICE_X0Y9           CARRY4 (Prop_carry4_CI_CO[3])
                                                      0.089     2.789 r  adder_inst/RCA_inst/RCA_CARRY4_2/CO[3]
                         net (fo=1, routed)           0.000     2.789    adder_inst/RCA_inst/carry[11]
    SLICE_X0Y10          CARRY4 (Prop_carry4_CI_O[2])
                                                      0.181     2.970 r  adder_inst/RCA_inst/RCA_CARRY4_3/O[2]
                         net (fo=1, routed)           1.922     4.893    sum_OBUF[14]
    D19                  OBUF (Prop_obuf_I_O)         2.362     7.255 r  sum_OBUF[14]_inst/O
                         net (fo=0)                   0.000     7.255    sum[14]
    D19                                                               r  sum[14] (OUT)
  -------------------------------------------------------------------    -------------------

Slack:                    inf
  Source:                 B[1]
                            (input port)
  Destination:            sum[7]
                            (output port)
  Path Group:             (none)
  Path Type:              Max at Slow Process Corner
  Data Path Delay:        7.190ns  (logic 3.891ns (54.118%)  route 3.299ns (45.882%))
  Logic Levels:           5  (CARRY4=2 IBUF=1 LUT6=1 OBUF=1)

    Location             Delay type                Incr(ns)  Path(ns)    Netlist Resource(s)
  -------------------------------------------------------------------    -------------------
    V19                                               0.000     0.000 r  B[1] (IN)
                         net (fo=0)                   0.000     0.000    B[1]
    V19                  IBUF (Prop_ibuf_I_O)         0.784     0.784 r  B_IBUF[1]_inst/O
                         net (fo=1, routed)           1.318     2.102    adder_inst/RCA_inst/B[1]
    SLICE_X0Y7           LUT6 (Prop_lut6_I1_O)        0.097     2.199 r  adder_inst/RCA_inst/RCA_LUT_1/O
                         net (fo=1, routed)           0.000     2.199    adder_inst/RCA_inst/Propagate[1]
    SLICE_X0Y7           CARRY4 (Prop_carry4_S[1]_CO[3])
                                                      0.412     2.611 r  adder_inst/RCA_inst/RCA_CARRY4_0/CO[3]
                         net (fo=1, routed)           0.000     2.611    adder_inst/RCA_inst/carry[3]
    SLICE_X0Y8           CARRY4 (Prop_carry4_CI_O[3])
                                                      0.234     2.845 r  adder_inst/RCA_inst/RCA_CARRY4_1/O[3]
                         net (fo=1, routed)           1.981     4.827    sum_OBUF[7]
    F17                  OBUF (Prop_obuf_I_O)         2.364     7.190 r  sum_OBUF[7]_inst/O
                         net (fo=0)                   0.000     7.190    sum[7]
    F17                                                               r  sum[7] (OUT)
  -------------------------------------------------------------------    -------------------

Slack:                    inf
  Source:                 B[1]
                            (input port)
  Destination:            sum[5]
                            (output port)
  Path Group:             (none)
  Path Type:              Max at Slow Process Corner
  Data Path Delay:        7.184ns  (logic 3.868ns (53.846%)  route 3.316ns (46.154%))
  Logic Levels:           5  (CARRY4=2 IBUF=1 LUT6=1 OBUF=1)

    Location             Delay type                Incr(ns)  Path(ns)    Netlist Resource(s)
  -------------------------------------------------------------------    -------------------
    V19                                               0.000     0.000 r  B[1] (IN)
                         net (fo=0)                   0.000     0.000    B[1]
    V19                  IBUF (Prop_ibuf_I_O)         0.784     0.784 r  B_IBUF[1]_inst/O
                         net (fo=1, routed)           1.318     2.102    adder_inst/RCA_inst/B[1]
    SLICE_X0Y7           LUT6 (Prop_lut6_I1_O)        0.097     2.199 r  adder_inst/RCA_inst/RCA_LUT_1/O
                         net (fo=1, routed)           0.000     2.199    adder_inst/RCA_inst/Propagate[1]
    SLICE_X0Y7           CARRY4 (Prop_carry4_S[1]_CO[3])
                                                      0.412     2.611 r  adder_inst/RCA_inst/RCA_CARRY4_0/CO[3]
                         net (fo=1, routed)           0.000     2.611    adder_inst/RCA_inst/carry[3]
    SLICE_X0Y8           CARRY4 (Prop_carry4_CI_O[1])
                                                      0.230     2.841 r  adder_inst/RCA_inst/RCA_CARRY4_1/O[1]
                         net (fo=1, routed)           1.998     4.839    sum_OBUF[5]
    G19                  OBUF (Prop_obuf_I_O)         2.345     7.184 r  sum_OBUF[5]_inst/O
                         net (fo=0)                   0.000     7.184    sum[5]
    G19                                                               r  sum[5] (OUT)
  -------------------------------------------------------------------    -------------------

Slack:                    inf
  Source:                 B[1]
                            (input port)
  Destination:            sum[10]
                            (output port)
  Path Group:             (none)
  Path Type:              Max at Slow Process Corner
  Data Path Delay:        7.051ns  (logic 3.924ns (55.644%)  route 3.128ns (44.356%))
  Logic Levels:           6  (CARRY4=3 IBUF=1 LUT6=1 OBUF=1)

    Location             Delay type                Incr(ns)  Path(ns)    Netlist Resource(s)
  -------------------------------------------------------------------    -------------------
    V19                                               0.000     0.000 r  B[1] (IN)
                         net (fo=0)                   0.000     0.000    B[1]
    V19                  IBUF (Prop_ibuf_I_O)         0.784     0.784 r  B_IBUF[1]_inst/O
                         net (fo=1, routed)           1.318     2.102    adder_inst/RCA_inst/B[1]
    SLICE_X0Y7           LUT6 (Prop_lut6_I1_O)        0.097     2.199 r  adder_inst/RCA_inst/RCA_LUT_1/O
                         net (fo=1, routed)           0.000     2.199    adder_inst/RCA_inst/Propagate[1]
    SLICE_X0Y7           CARRY4 (Prop_carry4_S[1]_CO[3])
                                                      0.412     2.611 r  adder_inst/RCA_inst/RCA_CARRY4_0/CO[3]
                         net (fo=1, routed)           0.000     2.611    adder_inst/RCA_inst/carry[3]
    SLICE_X0Y8           CARRY4 (Prop_carry4_CI_CO[3])
                                                      0.089     2.700 r  adder_inst/RCA_inst/RCA_CARRY4_1/CO[3]
                         net (fo=1, routed)           0.000     2.700    adder_inst/RCA_inst/carry[7]
    SLICE_X0Y9           CARRY4 (Prop_carry4_CI_O[2])
                                                      0.181     2.881 r  adder_inst/RCA_inst/RCA_CARRY4_2/O[2]
                         net (fo=1, routed)           1.810     4.691    sum_OBUF[10]
    E18                  OBUF (Prop_obuf_I_O)         2.360     7.051 r  sum_OBUF[10]_inst/O
                         net (fo=0)                   0.000     7.051    sum[10]
    E18                                                               r  sum[10] (OUT)
  -------------------------------------------------------------------    -------------------





Min Delay Paths
--------------------------------------------------------------------------------------
Slack:                    inf
  Source:                 A[0]
                            (input port)
  Destination:            in_reg_reg/D
  Path Group:             (none)
  Path Type:              Min at Fast Process Corner
  Data Path Delay:        0.567ns  (logic 0.150ns (26.393%)  route 0.417ns (73.607%))
  Logic Levels:           1  (IBUF=1)

    Location             Delay type                Incr(ns)  Path(ns)    Netlist Resource(s)
  -------------------------------------------------------------------    -------------------
    U14                                               0.000     0.000 r  A[0] (IN)
                         net (fo=0)                   0.000     0.000    A[0]
    U14                  IBUF (Prop_ibuf_I_O)         0.150     0.150 r  A_IBUF[0]_inst/O
                         net (fo=1, routed)           0.417     0.567    A_IBUF[0]
    SLICE_X1Y7           FDRE                                         r  in_reg_reg/D
  -------------------------------------------------------------------    -------------------

Slack:                    inf
  Source:                 A[12]
                            (input port)
  Destination:            out_reg_fa_reg/D
  Path Group:             (none)
  Path Type:              Min at Fast Process Corner
  Data Path Delay:        0.667ns  (logic 0.335ns (50.269%)  route 0.332ns (49.731%))
  Logic Levels:           2  (CARRY4=1 IBUF=1)

    Location             Delay type                Incr(ns)  Path(ns)    Netlist Resource(s)
  -------------------------------------------------------------------    -------------------
    U17                                               0.000     0.000 r  A[12] (IN)
                         net (fo=0)                   0.000     0.000    A[12]
    U17                  IBUF (Prop_ibuf_I_O)         0.158     0.158 r  A_IBUF[12]_inst/O
                         net (fo=2, routed)           0.332     0.490    adder_inst/RCA_inst/A[12]
    SLICE_X0Y10          CARRY4 (Prop_carry4_DI[0]_O[3])
                                                      0.177     0.667 r  adder_inst/RCA_inst/RCA_CARRY4_3/O[3]
                         net (fo=1, routed)           0.000     0.667    driver_fa
    SLICE_X0Y10          FDRE                                         r  out_reg_fa_reg/D
  -------------------------------------------------------------------    -------------------

Slack:                    inf
  Source:                 rst
                            (input port)
  Destination:            in_reg_reg/R
  Path Group:             (none)
  Path Type:              Min at Fast Process Corner
  Data Path Delay:        0.941ns  (logic 0.165ns (17.567%)  route 0.775ns (82.433%))
  Logic Levels:           1  (IBUF=1)

    Location             Delay type                Incr(ns)  Path(ns)    Netlist Resource(s)
  -------------------------------------------------------------------    -------------------
    L19                                               0.000     0.000 r  rst (IN)
                         net (fo=0)                   0.000     0.000    rst
    L19                  IBUF (Prop_ibuf_I_O)         0.165     0.165 r  rst_IBUF_inst/O
                         net (fo=2, routed)           0.775     0.941    rst_IBUF
    SLICE_X1Y7           FDRE                                         r  in_reg_reg/R
  -------------------------------------------------------------------    -------------------

Slack:                    inf
  Source:                 rst
                            (input port)
  Destination:            out_reg_fa_reg/R
  Path Group:             (none)
  Path Type:              Min at Fast Process Corner
  Data Path Delay:        1.104ns  (logic 0.165ns (14.969%)  route 0.939ns (85.031%))
  Logic Levels:           1  (IBUF=1)

    Location             Delay type                Incr(ns)  Path(ns)    Netlist Resource(s)
  -------------------------------------------------------------------    -------------------
    L19                                               0.000     0.000 r  rst (IN)
                         net (fo=0)                   0.000     0.000    rst
    L19                  IBUF (Prop_ibuf_I_O)         0.165     0.165 r  rst_IBUF_inst/O
                         net (fo=2, routed)           0.939     1.104    rst_IBUF
    SLICE_X0Y10          FDRE                                         r  out_reg_fa_reg/R
  -------------------------------------------------------------------    -------------------

Slack:                    inf
  Source:                 out_reg_fa_reg/C
                            (rising edge-triggered cell FDRE)
  Destination:            sum[15]
                            (output port)
  Path Group:             (none)
  Path Type:              Min at Fast Process Corner
  Data Path Delay:        2.009ns  (logic 1.258ns (62.628%)  route 0.751ns (37.372%))
  Logic Levels:           2  (FDRE=1 OBUF=1)

    Location             Delay type                Incr(ns)  Path(ns)    Netlist Resource(s)
  -------------------------------------------------------------------    -------------------
    SLICE_X0Y10          FDRE                         0.000     0.000 r  out_reg_fa_reg/C
    SLICE_X0Y10          FDRE (Prop_fdre_C_Q)         0.141     0.141 r  out_reg_fa_reg/Q
                         net (fo=1, routed)           0.751     0.892    sum_OBUF[15]
    D18                  OBUF (Prop_obuf_I_O)         1.117     2.009 r  sum_OBUF[15]_inst/O
                         net (fo=0)                   0.000     2.009    sum[15]
    D18                                                               r  sum[15] (OUT)
  -------------------------------------------------------------------    -------------------

Slack:                    inf
  Source:                 A[9]
                            (input port)
  Destination:            sum[10]
                            (output port)
  Path Group:             (none)
  Path Type:              Min at Fast Process Corner
  Data Path Delay:        2.478ns  (logic 1.495ns (60.342%)  route 0.983ns (39.658%))
  Logic Levels:           3  (CARRY4=1 IBUF=1 OBUF=1)

    Location             Delay type                Incr(ns)  Path(ns)    Netlist Resource(s)
  -------------------------------------------------------------------    -------------------
    W18                                               0.000     0.000 r  A[9] (IN)
                         net (fo=0)                   0.000     0.000    A[9]
    W18                  IBUF (Prop_ibuf_I_O)         0.165     0.165 r  A_IBUF[9]_inst/O
                         net (fo=2, routed)           0.340     0.506    adder_inst/RCA_inst/A[9]
    SLICE_X0Y9           CARRY4 (Prop_carry4_DI[1]_O[2])
                                                      0.146     0.652 r  adder_inst/RCA_inst/RCA_CARRY4_2/O[2]
                         net (fo=1, routed)           0.643     1.294    sum_OBUF[10]
    E18                  OBUF (Prop_obuf_I_O)         1.184     2.478 r  sum_OBUF[10]_inst/O
                         net (fo=0)                   0.000     2.478    sum[10]
    E18                                                               r  sum[10] (OUT)
  -------------------------------------------------------------------    -------------------

Slack:                    inf
  Source:                 A[12]
                            (input port)
  Destination:            sum[14]
                            (output port)
  Path Group:             (none)
  Path Type:              Min at Fast Process Corner
  Data Path Delay:        2.531ns  (logic 1.501ns (59.278%)  route 1.031ns (40.722%))
  Logic Levels:           3  (CARRY4=1 IBUF=1 OBUF=1)

    Location             Delay type                Incr(ns)  Path(ns)    Netlist Resource(s)
  -------------------------------------------------------------------    -------------------
    U17                                               0.000     0.000 r  A[12] (IN)
                         net (fo=0)                   0.000     0.000    A[12]
    U17                  IBUF (Prop_ibuf_I_O)         0.158     0.158 r  A_IBUF[12]_inst/O
                         net (fo=2, routed)           0.332     0.490    adder_inst/RCA_inst/A[12]
    SLICE_X0Y10          CARRY4 (Prop_carry4_DI[0]_O[2])
                                                      0.157     0.647 r  adder_inst/RCA_inst/RCA_CARRY4_3/O[2]
                         net (fo=1, routed)           0.699     1.346    sum_OBUF[14]
    D19                  OBUF (Prop_obuf_I_O)         1.185     2.531 r  sum_OBUF[14]_inst/O
                         net (fo=0)                   0.000     2.531    sum[14]
    D19                                                               r  sum[14] (OUT)
  -------------------------------------------------------------------    -------------------

Slack:                    inf
  Source:                 A[3]
                            (input port)
  Destination:            sum[6]
                            (output port)
  Path Group:             (none)
  Path Type:              Min at Fast Process Corner
  Data Path Delay:        2.557ns  (logic 1.519ns (59.425%)  route 1.037ns (40.575%))
  Logic Levels:           4  (CARRY4=2 IBUF=1 OBUF=1)

    Location             Delay type                Incr(ns)  Path(ns)    Netlist Resource(s)
  -------------------------------------------------------------------    -------------------
    W14                                               0.000     0.000 r  A[3] (IN)
                         net (fo=0)                   0.000     0.000    A[3]
    W14                  IBUF (Prop_ibuf_I_O)         0.159     0.159 r  A_IBUF[3]_inst/O
                         net (fo=2, routed)           0.366     0.526    adder_inst/RCA_inst/A[3]
    SLICE_X0Y7           CARRY4 (Prop_carry4_DI[3]_CO[3])
                                                      0.113     0.639 r  adder_inst/RCA_inst/RCA_CARRY4_0/CO[3]
                         net (fo=1, routed)           0.000     0.639    adder_inst/RCA_inst/carry[3]
    SLICE_X0Y8           CARRY4 (Prop_carry4_CI_O[2])
                                                      0.065     0.704 r  adder_inst/RCA_inst/RCA_CARRY4_1/O[2]
                         net (fo=1, routed)           0.671     1.375    sum_OBUF[6]
    G17                  OBUF (Prop_obuf_I_O)         1.182     2.557 r  sum_OBUF[6]_inst/O
                         net (fo=0)                   0.000     2.557    sum[6]
    G17                                                               r  sum[6] (OUT)
  -------------------------------------------------------------------    -------------------

Slack:                    inf
  Source:                 A[3]
                            (input port)
  Destination:            sum[4]
                            (output port)
  Path Group:             (none)
  Path Type:              Min at Fast Process Corner
  Data Path Delay:        2.571ns  (logic 1.498ns (58.264%)  route 1.073ns (41.736%))
  Logic Levels:           4  (CARRY4=2 IBUF=1 OBUF=1)

    Location             Delay type                Incr(ns)  Path(ns)    Netlist Resource(s)
  -------------------------------------------------------------------    -------------------
    W14                                               0.000     0.000 r  A[3] (IN)
                         net (fo=0)                   0.000     0.000    A[3]
    W14                  IBUF (Prop_ibuf_I_O)         0.159     0.159 r  A_IBUF[3]_inst/O
                         net (fo=2, routed)           0.366     0.526    adder_inst/RCA_inst/A[3]
    SLICE_X0Y7           CARRY4 (Prop_carry4_DI[3]_CO[3])
                                                      0.113     0.639 r  adder_inst/RCA_inst/RCA_CARRY4_0/CO[3]
                         net (fo=1, routed)           0.000     0.639    adder_inst/RCA_inst/carry[3]
    SLICE_X0Y8           CARRY4 (Prop_carry4_CI_O[0])
                                                      0.054     0.693 r  adder_inst/RCA_inst/RCA_CARRY4_1/O[0]
                         net (fo=1, routed)           0.707     1.399    sum_OBUF[4]
    H19                  OBUF (Prop_obuf_I_O)         1.172     2.571 r  sum_OBUF[4]_inst/O
                         net (fo=0)                   0.000     2.571    sum[4]
    H19                                                               r  sum[4] (OUT)
  -------------------------------------------------------------------    -------------------

Slack:                    inf
  Source:                 in_reg_reg/C
                            (rising edge-triggered cell FDRE)
  Destination:            sum[1]
                            (output port)
  Path Group:             (none)
  Path Type:              Min at Fast Process Corner
  Data Path Delay:        2.573ns  (logic 1.434ns (55.717%)  route 1.139ns (44.283%))
  Logic Levels:           3  (CARRY4=1 FDRE=1 OBUF=1)

    Location             Delay type                Incr(ns)  Path(ns)    Netlist Resource(s)
  -------------------------------------------------------------------    -------------------
    SLICE_X1Y7           FDRE                         0.000     0.000 r  in_reg_reg/C
    SLICE_X1Y7           FDRE (Prop_fdre_C_Q)         0.141     0.141 r  in_reg_reg/Q
                         net (fo=2, routed)           0.372     0.513    adder_inst/RCA_inst/A[0]
    SLICE_X0Y7           CARRY4 (Prop_carry4_DI[0]_O[1])
                                                      0.124     0.637 r  adder_inst/RCA_inst/RCA_CARRY4_0/O[1]
                         net (fo=1, routed)           0.767     1.404    sum_OBUF[1]
    J19                  OBUF (Prop_obuf_I_O)         1.169     2.573 r  sum_OBUF[1]_inst/O
                         net (fo=0)                   0.000     2.573    sum[1]
    J19                                                               r  sum[1] (OUT)
  -------------------------------------------------------------------    -------------------





