Copyright 1986-2022 Xilinx, Inc. All Rights Reserved. Copyright 2022-2024 Advanced Micro Devices, Inc. All Rights Reserved.
---------------------------------------------------------------------------------------------------------------------------------------------------------------------------------------------------------------------------------------------
| Tool Version : Vivado v.2024.2 (lin64) Build 5239630 Fri Nov 08 22:34:34 MST 2024
| Date         : Sun Jun  8 23:51:30 2025
| Host         : abhijit-Vostro-15-3568 running 64-bit Ubuntu 20.04.6 LTS
| Command      : report_timing_summary -max_paths 10 -report_unconstrained -file mn_adder_wrapper_timing_summary_routed.rpt -pb mn_adder_wrapper_timing_summary_routed.pb -rpx mn_adder_wrapper_timing_summary_routed.rpx -warn_on_violation
| Design       : mn_adder_wrapper
| Device       : 7a12t-cpg238
| Speed File   : -3  PRODUCTION 1.23 2018-06-13
| Design State : Routed
---------------------------------------------------------------------------------------------------------------------------------------------------------------------------------------------------------------------------------------------

Timing Summary Report

------------------------------------------------------------------------------------------------
| Timer Settings
| --------------
------------------------------------------------------------------------------------------------

  Enable Multi Corner Analysis               :  Yes
  Enable Pessimism Removal                   :  Yes
  Pessimism Removal Resolution               :  Nearest Common Node
  Enable Input Delay Default Clock           :  No
  Enable Preset / Clear Arcs                 :  No
  Disable Flight Delays                      :  No
  Ignore I/O Paths                           :  No
  Timing Early Launch at Borrowing Latches   :  No
  Borrow Time for Max Delay Exceptions       :  Yes
  Merge Timing Exceptions                    :  Yes
  Inter-SLR Compensation                     :  Conservative

  Corner  Analyze    Analyze    
  Name    Max Paths  Min Paths  
  ------  ---------  ---------  
  Slow    Yes        Yes        
  Fast    Yes        Yes        


------------------------------------------------------------------------------------------------
| Report Methodology
| ------------------
------------------------------------------------------------------------------------------------

Rule       Severity          Description                  Violations  
---------  ----------------  ---------------------------  ----------  
TIMING-17  Critical Warning  Non-clocked sequential cell  3           

Note: This report is based on the most recent report_methodology run and may not be up-to-date. Run report_methodology on the current design for the latest report.



check_timing report

Table of Contents
-----------------
1. checking no_clock (3)
2. checking constant_clock (0)
3. checking pulse_width_clock (0)
4. checking unconstrained_internal_endpoints (6)
5. checking no_input_delay (34)
6. checking no_output_delay (17)
7. checking multiple_clock (0)
8. checking generated_clocks (0)
9. checking loops (0)
10. checking partial_input_delay (0)
11. checking partial_output_delay (0)
12. checking latch_loops (0)

1. checking no_clock (3)
------------------------
 There are 3 register/latch pins with no clock driven by root clock pin: clk (HIGH)


2. checking constant_clock (0)
------------------------------
 There are 0 register/latch pins with constant_clock.


3. checking pulse_width_clock (0)
---------------------------------
 There are 0 register/latch pins which need pulse_width check


4. checking unconstrained_internal_endpoints (6)
------------------------------------------------
 There are 6 pins that are not constrained for maximum delay. (HIGH)

 There are 0 pins that are not constrained for maximum delay due to constant clock.


5. checking no_input_delay (34)
-------------------------------
 There are 34 input ports with no input delay specified. (HIGH)

 There are 0 input ports with no input delay but user has a false path constraint.


6. checking no_output_delay (17)
--------------------------------
 There are 17 ports with no output delay specified. (HIGH)

 There are 0 ports with no output delay but user has a false path constraint

 There are 0 ports with no output delay but with a timing clock defined on it or propagating through it


7. checking multiple_clock (0)
------------------------------
 There are 0 register/latch pins with multiple clocks.


8. checking generated_clocks (0)
--------------------------------
 There are 0 generated clocks that are not connected to a clock source.


9. checking loops (0)
---------------------
 There are 0 combinational loops in the design.


10. checking partial_input_delay (0)
------------------------------------
 There are 0 input ports with partial input delay specified.


11. checking partial_output_delay (0)
-------------------------------------
 There are 0 ports with partial output delay specified.


12. checking latch_loops (0)
----------------------------
 There are 0 combinational latch loops in the design through latch input



------------------------------------------------------------------------------------------------
| Design Timing Summary
| ---------------------
------------------------------------------------------------------------------------------------

    WNS(ns)      TNS(ns)  TNS Failing Endpoints  TNS Total Endpoints      WHS(ns)      THS(ns)  THS Failing Endpoints  THS Total Endpoints     WPWS(ns)     TPWS(ns)  TPWS Failing Endpoints  TPWS Total Endpoints  
    -------      -------  ---------------------  -------------------      -------      -------  ---------------------  -------------------     --------     --------  ----------------------  --------------------  
        inf        0.000                      0                   23          inf        0.000                      0                   23           NA           NA                      NA                    NA  


There are no user specified timing constraints.


------------------------------------------------------------------------------------------------
| Clock Summary
| -------------
------------------------------------------------------------------------------------------------


------------------------------------------------------------------------------------------------
| Intra Clock Table
| -----------------
------------------------------------------------------------------------------------------------

Clock             WNS(ns)      TNS(ns)  TNS Failing Endpoints  TNS Total Endpoints      WHS(ns)      THS(ns)  THS Failing Endpoints  THS Total Endpoints     WPWS(ns)     TPWS(ns)  TPWS Failing Endpoints  TPWS Total Endpoints  
-----             -------      -------  ---------------------  -------------------      -------      -------  ---------------------  -------------------     --------     --------  ----------------------  --------------------  


------------------------------------------------------------------------------------------------
| Inter Clock Table
| -----------------
------------------------------------------------------------------------------------------------

From Clock    To Clock          WNS(ns)      TNS(ns)  TNS Failing Endpoints  TNS Total Endpoints      WHS(ns)      THS(ns)  THS Failing Endpoints  THS Total Endpoints  
----------    --------          -------      -------  ---------------------  -------------------      -------      -------  ---------------------  -------------------  


------------------------------------------------------------------------------------------------
| Other Path Groups Table
| -----------------------
------------------------------------------------------------------------------------------------

Path Group    From Clock    To Clock          WNS(ns)      TNS(ns)  TNS Failing Endpoints  TNS Total Endpoints      WHS(ns)      THS(ns)  THS Failing Endpoints  THS Total Endpoints  
----------    ----------    --------          -------      -------  ---------------------  -------------------      -------      -------  ---------------------  -------------------  


------------------------------------------------------------------------------------------------
| User Ignored Path Table
| -----------------------
------------------------------------------------------------------------------------------------

Path Group    From Clock    To Clock    
----------    ----------    --------    


------------------------------------------------------------------------------------------------
| Unconstrained Path Table
| ------------------------
------------------------------------------------------------------------------------------------

Path Group    From Clock    To Clock    
----------    ----------    --------    
(none)                                    


------------------------------------------------------------------------------------------------
| Timing Details
| --------------
------------------------------------------------------------------------------------------------


--------------------------------------------------------------------------------------
Path Group:  (none)
From Clock:  
  To Clock:  

Max Delay            23 Endpoints
Min Delay            23 Endpoints
--------------------------------------------------------------------------------------


Max Delay Paths
--------------------------------------------------------------------------------------
Slack:                    inf
  Source:                 A[1]
                            (input port)
  Destination:            sum[2]
                            (output port)
  Path Group:             (none)
  Path Type:              Max at Slow Process Corner
  Data Path Delay:        8.511ns  (logic 3.820ns (44.887%)  route 4.691ns (55.113%))
  Logic Levels:           5  (CARRY4=1 IBUF=1 LUT5=2 OBUF=1)

    Location             Delay type                Incr(ns)  Path(ns)    Netlist Resource(s)
  -------------------------------------------------------------------    -------------------
    C17                                               0.000     0.000 r  A[1] (IN)
                         net (fo=0)                   0.000     0.000    A[1]
    C17                  IBUF (Prop_ibuf_I_O)         0.785     0.785 r  A_IBUF[1]_inst/O
                         net (fo=4, routed)           2.224     3.010    adder_inst/CC_inst/CC_lut0/I2
    SLICE_X0Y7           LUT5 (Prop_lut5_I2_O)        0.111     3.121 r  adder_inst/CC_inst/CC_lut0/LUT5/O
                         net (fo=1, routed)           0.000     3.121    adder_inst/CC_inst/CC_lut0_n_0
    SLICE_X0Y7           CARRY4 (Prop_carry4_DI[0]_CO[0])
                                                      0.266     3.387 r  adder_inst/CC_inst/CC_carry_chain_last/CO[0]
                         net (fo=2, routed)           0.477     3.864    adder_inst/compressed_adder_inst/So_lut_1/I4
    SLICE_X1Y7           LUT5 (Prop_lut5_I4_O)        0.287     4.151 r  adder_inst/compressed_adder_inst/So_lut_1/LUT5/O
                         net (fo=1, routed)           1.989     6.140    sum_OBUF[2]
    J17                  OBUF (Prop_obuf_I_O)         2.371     8.511 r  sum_OBUF[2]_inst/O
                         net (fo=0)                   0.000     8.511    sum[2]
    J17                                                               r  sum[2] (OUT)
  -------------------------------------------------------------------    -------------------

Slack:                    inf
  Source:                 A[1]
                            (input port)
  Destination:            Cout
                            (output port)
  Path Group:             (none)
  Path Type:              Max at Slow Process Corner
  Data Path Delay:        8.475ns  (logic 4.048ns (47.766%)  route 4.427ns (52.234%))
  Logic Levels:           7  (CARRY4=4 IBUF=1 LUT6=1 OBUF=1)

    Location             Delay type                Incr(ns)  Path(ns)    Netlist Resource(s)
  -------------------------------------------------------------------    -------------------
    C17                                               0.000     0.000 r  A[1] (IN)
                         net (fo=0)                   0.000     0.000    A[1]
    C17                  IBUF (Prop_ibuf_I_O)         0.785     0.785 r  A_IBUF[1]_inst/O
                         net (fo=4, routed)           2.224     3.010    adder_inst/CC_inst/CC_lut0/I2
    SLICE_X0Y7           LUT6 (Prop_lut6_I2_O)        0.097     3.107 r  adder_inst/CC_inst/CC_lut0/LUT6/O
                         net (fo=1, routed)           0.000     3.107    adder_inst/CC_inst/CC_lut0_n_1
    SLICE_X0Y7           CARRY4 (Prop_carry4_S[0]_CO[3])
                                                      0.395     3.502 r  adder_inst/CC_inst/CC_carry_chain_last/CO[3]
                         net (fo=1, routed)           0.000     3.502    adder_inst/RCA_inst/Cin
    SLICE_X0Y8           CARRY4 (Prop_carry4_CI_CO[3])
                                                      0.089     3.591 r  adder_inst/RCA_inst/RCA_CARRY4_0/CO[3]
                         net (fo=1, routed)           0.000     3.591    adder_inst/RCA_inst/carry[3]
    SLICE_X0Y9           CARRY4 (Prop_carry4_CI_CO[3])
                                                      0.089     3.680 r  adder_inst/RCA_inst/RCA_CARRY4_1/CO[3]
                         net (fo=1, routed)           0.000     3.680    adder_inst/RCA_inst/carry[7]
    SLICE_X0Y10          CARRY4 (Prop_carry4_CI_CO[0])
                                                      0.187     3.867 r  adder_inst/RCA_inst/RCA_CARRY4_2/CO[0]
                         net (fo=1, routed)           2.202     6.069    Cout_OBUF
    D17                  OBUF (Prop_obuf_I_O)         2.406     8.475 r  Cout_OBUF_inst/O
                         net (fo=0)                   0.000     8.475    Cout
    D17                                                               r  Cout (OUT)
  -------------------------------------------------------------------    -------------------

Slack:                    inf
  Source:                 A[1]
                            (input port)
  Destination:            sum[4]
                            (output port)
  Path Group:             (none)
  Path Type:              Max at Slow Process Corner
  Data Path Delay:        8.347ns  (logic 3.847ns (46.088%)  route 4.500ns (53.912%))
  Logic Levels:           5  (CARRY4=1 IBUF=1 LUT5=1 LUT6=1 OBUF=1)

    Location             Delay type                Incr(ns)  Path(ns)    Netlist Resource(s)
  -------------------------------------------------------------------    -------------------
    C17                                               0.000     0.000 r  A[1] (IN)
                         net (fo=0)                   0.000     0.000    A[1]
    C17                  IBUF (Prop_ibuf_I_O)         0.785     0.785 r  A_IBUF[1]_inst/O
                         net (fo=4, routed)           2.224     3.010    adder_inst/CC_inst/CC_lut0/I2
    SLICE_X0Y7           LUT6 (Prop_lut6_I2_O)        0.097     3.107 r  adder_inst/CC_inst/CC_lut0/LUT6/O
                         net (fo=1, routed)           0.000     3.107    adder_inst/CC_inst/CC_lut0_n_1
    SLICE_X0Y7           CARRY4 (Prop_carry4_S[0]_CO[1])
                                                      0.342     3.449 r  adder_inst/CC_inst/CC_carry_chain_last/CO[1]
                         net (fo=2, routed)           0.281     3.730    adder_inst/compressed_adder_inst/So_lut_2/I4
    SLICE_X1Y7           LUT5 (Prop_lut5_I4_O)        0.257     3.987 r  adder_inst/compressed_adder_inst/So_lut_2/LUT5/O
                         net (fo=1, routed)           1.994     5.981    sum_OBUF[4]
    H19                  OBUF (Prop_obuf_I_O)         2.366     8.347 r  sum_OBUF[4]_inst/O
                         net (fo=0)                   0.000     8.347    sum[4]
    H19                                                               r  sum[4] (OUT)
  -------------------------------------------------------------------    -------------------

Slack:                    inf
  Source:                 A[1]
                            (input port)
  Destination:            sum[14]
                            (output port)
  Path Group:             (none)
  Path Type:              Max at Slow Process Corner
  Data Path Delay:        8.323ns  (logic 3.966ns (47.650%)  route 4.357ns (52.350%))
  Logic Levels:           6  (CARRY4=3 IBUF=1 LUT6=1 OBUF=1)

    Location             Delay type                Incr(ns)  Path(ns)    Netlist Resource(s)
  -------------------------------------------------------------------    -------------------
    C17                                               0.000     0.000 r  A[1] (IN)
                         net (fo=0)                   0.000     0.000    A[1]
    C17                  IBUF (Prop_ibuf_I_O)         0.785     0.785 r  A_IBUF[1]_inst/O
                         net (fo=4, routed)           2.224     3.010    adder_inst/CC_inst/CC_lut0/I2
    SLICE_X0Y7           LUT6 (Prop_lut6_I2_O)        0.097     3.107 r  adder_inst/CC_inst/CC_lut0/LUT6/O
                         net (fo=1, routed)           0.000     3.107    adder_inst/CC_inst/CC_lut0_n_1
    SLICE_X0Y7           CARRY4 (Prop_carry4_S[0]_CO[3])
                                                      0.395     3.502 r  adder_inst/CC_inst/CC_carry_chain_last/CO[3]
                         net (fo=1, routed)           0.000     3.502    adder_inst/RCA_inst/Cin
    SLICE_X0Y8           CARRY4 (Prop_carry4_CI_CO[3])
                                                      0.089     3.591 r  adder_inst/RCA_inst/RCA_CARRY4_0/CO[3]
                         net (fo=1, routed)           0.000     3.591    adder_inst/RCA_inst/carry[3]
    SLICE_X0Y9           CARRY4 (Prop_carry4_CI_O[3])
                                                      0.234     3.825 r  adder_inst/RCA_inst/RCA_CARRY4_1/O[3]
                         net (fo=1, routed)           2.133     5.957    sum_OBUF[14]
    D19                  OBUF (Prop_obuf_I_O)         2.366     8.323 r  sum_OBUF[14]_inst/O
                         net (fo=0)                   0.000     8.323    sum[14]
    D19                                                               r  sum[14] (OUT)
  -------------------------------------------------------------------    -------------------

Slack:                    inf
  Source:                 A[1]
                            (input port)
  Destination:            sum[12]
                            (output port)
  Path Group:             (none)
  Path Type:              Max at Slow Process Corner
  Data Path Delay:        8.318ns  (logic 3.941ns (47.378%)  route 4.377ns (52.622%))
  Logic Levels:           6  (CARRY4=3 IBUF=1 LUT6=1 OBUF=1)

    Location             Delay type                Incr(ns)  Path(ns)    Netlist Resource(s)
  -------------------------------------------------------------------    -------------------
    C17                                               0.000     0.000 r  A[1] (IN)
                         net (fo=0)                   0.000     0.000    A[1]
    C17                  IBUF (Prop_ibuf_I_O)         0.785     0.785 r  A_IBUF[1]_inst/O
                         net (fo=4, routed)           2.224     3.010    adder_inst/CC_inst/CC_lut0/I2
    SLICE_X0Y7           LUT6 (Prop_lut6_I2_O)        0.097     3.107 r  adder_inst/CC_inst/CC_lut0/LUT6/O
                         net (fo=1, routed)           0.000     3.107    adder_inst/CC_inst/CC_lut0_n_1
    SLICE_X0Y7           CARRY4 (Prop_carry4_S[0]_CO[3])
                                                      0.395     3.502 r  adder_inst/CC_inst/CC_carry_chain_last/CO[3]
                         net (fo=1, routed)           0.000     3.502    adder_inst/RCA_inst/Cin
    SLICE_X0Y8           CARRY4 (Prop_carry4_CI_CO[3])
                                                      0.089     3.591 r  adder_inst/RCA_inst/RCA_CARRY4_0/CO[3]
                         net (fo=1, routed)           0.000     3.591    adder_inst/RCA_inst/carry[3]
    SLICE_X0Y9           CARRY4 (Prop_carry4_CI_O[1])
                                                      0.230     3.821 r  adder_inst/RCA_inst/RCA_CARRY4_1/O[1]
                         net (fo=1, routed)           2.153     5.973    sum_OBUF[12]
    F19                  OBUF (Prop_obuf_I_O)         2.345     8.318 r  sum_OBUF[12]_inst/O
                         net (fo=0)                   0.000     8.318    sum[12]
    F19                                                               r  sum[12] (OUT)
  -------------------------------------------------------------------    -------------------

Slack:                    inf
  Source:                 A[1]
                            (input port)
  Destination:            sum[8]
                            (output port)
  Path Group:             (none)
  Path Type:              Max at Slow Process Corner
  Data Path Delay:        8.217ns  (logic 3.849ns (46.845%)  route 4.368ns (53.155%))
  Logic Levels:           5  (CARRY4=2 IBUF=1 LUT6=1 OBUF=1)

    Location             Delay type                Incr(ns)  Path(ns)    Netlist Resource(s)
  -------------------------------------------------------------------    -------------------
    C17                                               0.000     0.000 r  A[1] (IN)
                         net (fo=0)                   0.000     0.000    A[1]
    C17                  IBUF (Prop_ibuf_I_O)         0.785     0.785 r  A_IBUF[1]_inst/O
                         net (fo=4, routed)           2.224     3.010    adder_inst/CC_inst/CC_lut0/I2
    SLICE_X0Y7           LUT6 (Prop_lut6_I2_O)        0.097     3.107 r  adder_inst/CC_inst/CC_lut0/LUT6/O
                         net (fo=1, routed)           0.000     3.107    adder_inst/CC_inst/CC_lut0_n_1
    SLICE_X0Y7           CARRY4 (Prop_carry4_S[0]_CO[3])
                                                      0.395     3.502 r  adder_inst/CC_inst/CC_carry_chain_last/CO[3]
                         net (fo=1, routed)           0.000     3.502    adder_inst/RCA_inst/Cin
    SLICE_X0Y8           CARRY4 (Prop_carry4_CI_O[1])
                                                      0.230     3.732 r  adder_inst/RCA_inst/RCA_CARRY4_0/O[1]
                         net (fo=1, routed)           2.143     5.875    sum_OBUF[8]
    H18                  OBUF (Prop_obuf_I_O)         2.342     8.217 r  sum_OBUF[8]_inst/O
                         net (fo=0)                   0.000     8.217    sum[8]
    H18                                                               r  sum[8] (OUT)
  -------------------------------------------------------------------    -------------------

Slack:                    inf
  Source:                 A[1]
                            (input port)
  Destination:            sum[11]
                            (output port)
  Path Group:             (none)
  Path Type:              Max at Slow Process Corner
  Data Path Delay:        8.136ns  (logic 3.880ns (47.688%)  route 4.256ns (52.312%))
  Logic Levels:           6  (CARRY4=3 IBUF=1 LUT6=1 OBUF=1)

    Location             Delay type                Incr(ns)  Path(ns)    Netlist Resource(s)
  -------------------------------------------------------------------    -------------------
    C17                                               0.000     0.000 r  A[1] (IN)
                         net (fo=0)                   0.000     0.000    A[1]
    C17                  IBUF (Prop_ibuf_I_O)         0.785     0.785 r  A_IBUF[1]_inst/O
                         net (fo=4, routed)           2.224     3.010    adder_inst/CC_inst/CC_lut0/I2
    SLICE_X0Y7           LUT6 (Prop_lut6_I2_O)        0.097     3.107 r  adder_inst/CC_inst/CC_lut0/LUT6/O
                         net (fo=1, routed)           0.000     3.107    adder_inst/CC_inst/CC_lut0_n_1
    SLICE_X0Y7           CARRY4 (Prop_carry4_S[0]_CO[3])
                                                      0.395     3.502 r  adder_inst/CC_inst/CC_carry_chain_last/CO[3]
                         net (fo=1, routed)           0.000     3.502    adder_inst/RCA_inst/Cin
    SLICE_X0Y8           CARRY4 (Prop_carry4_CI_CO[3])
                                                      0.089     3.591 r  adder_inst/RCA_inst/RCA_CARRY4_0/CO[3]
                         net (fo=1, routed)           0.000     3.591    adder_inst/RCA_inst/carry[3]
    SLICE_X0Y9           CARRY4 (Prop_carry4_CI_O[0])
                                                      0.159     3.750 r  adder_inst/RCA_inst/RCA_CARRY4_1/O[0]
                         net (fo=1, routed)           2.032     5.781    sum_OBUF[11]
    E17                  OBUF (Prop_obuf_I_O)         2.355     8.136 r  sum_OBUF[11]_inst/O
                         net (fo=0)                   0.000     8.136    sum[11]
    E17                                                               r  sum[11] (OUT)
  -------------------------------------------------------------------    -------------------

Slack:                    inf
  Source:                 A[1]
                            (input port)
  Destination:            sum[13]
                            (output port)
  Path Group:             (none)
  Path Type:              Max at Slow Process Corner
  Data Path Delay:        8.129ns  (logic 3.901ns (47.985%)  route 4.228ns (52.015%))
  Logic Levels:           6  (CARRY4=3 IBUF=1 LUT6=1 OBUF=1)

    Location             Delay type                Incr(ns)  Path(ns)    Netlist Resource(s)
  -------------------------------------------------------------------    -------------------
    C17                                               0.000     0.000 r  A[1] (IN)
                         net (fo=0)                   0.000     0.000    A[1]
    C17                  IBUF (Prop_ibuf_I_O)         0.785     0.785 r  A_IBUF[1]_inst/O
                         net (fo=4, routed)           2.224     3.010    adder_inst/CC_inst/CC_lut0/I2
    SLICE_X0Y7           LUT6 (Prop_lut6_I2_O)        0.097     3.107 r  adder_inst/CC_inst/CC_lut0/LUT6/O
                         net (fo=1, routed)           0.000     3.107    adder_inst/CC_inst/CC_lut0_n_1
    SLICE_X0Y7           CARRY4 (Prop_carry4_S[0]_CO[3])
                                                      0.395     3.502 r  adder_inst/CC_inst/CC_carry_chain_last/CO[3]
                         net (fo=1, routed)           0.000     3.502    adder_inst/RCA_inst/Cin
    SLICE_X0Y8           CARRY4 (Prop_carry4_CI_CO[3])
                                                      0.089     3.591 r  adder_inst/RCA_inst/RCA_CARRY4_0/CO[3]
                         net (fo=1, routed)           0.000     3.591    adder_inst/RCA_inst/carry[3]
    SLICE_X0Y9           CARRY4 (Prop_carry4_CI_O[2])
                                                      0.181     3.772 r  adder_inst/RCA_inst/RCA_CARRY4_1/O[2]
                         net (fo=1, routed)           2.004     5.775    sum_OBUF[13]
    E19                  OBUF (Prop_obuf_I_O)         2.354     8.129 r  sum_OBUF[13]_inst/O
                         net (fo=0)                   0.000     8.129    sum[13]
    E19                                                               r  sum[13] (OUT)
  -------------------------------------------------------------------    -------------------

Slack:                    inf
  Source:                 A[1]
                            (input port)
  Destination:            sum[3]
                            (output port)
  Path Group:             (none)
  Path Type:              Max at Slow Process Corner
  Data Path Delay:        8.125ns  (logic 3.672ns (45.197%)  route 4.453ns (54.803%))
  Logic Levels:           5  (CARRY4=1 IBUF=1 LUT5=1 LUT6=1 OBUF=1)

    Location             Delay type                Incr(ns)  Path(ns)    Netlist Resource(s)
  -------------------------------------------------------------------    -------------------
    C17                                               0.000     0.000 r  A[1] (IN)
                         net (fo=0)                   0.000     0.000    A[1]
    C17                  IBUF (Prop_ibuf_I_O)         0.785     0.785 r  A_IBUF[1]_inst/O
                         net (fo=4, routed)           2.224     3.010    adder_inst/CC_inst/CC_lut0/I2
    SLICE_X0Y7           LUT5 (Prop_lut5_I2_O)        0.111     3.121 r  adder_inst/CC_inst/CC_lut0/LUT5/O
                         net (fo=1, routed)           0.000     3.121    adder_inst/CC_inst/CC_lut0_n_0
    SLICE_X0Y7           CARRY4 (Prop_carry4_DI[0]_CO[0])
                                                      0.266     3.387 r  adder_inst/CC_inst/CC_carry_chain_last/CO[0]
                         net (fo=2, routed)           0.477     3.864    adder_inst/compressed_adder_inst/So_lut_1/I4
    SLICE_X1Y7           LUT6 (Prop_lut6_I4_O)        0.279     4.143 r  adder_inst/compressed_adder_inst/So_lut_1/LUT6/O
                         net (fo=1, routed)           1.751     5.894    sum_OBUF[3]
    H17                  OBUF (Prop_obuf_I_O)         2.231     8.125 r  sum_OBUF[3]_inst/O
                         net (fo=0)                   0.000     8.125    sum[3]
    H17                                                               r  sum[3] (OUT)
  -------------------------------------------------------------------    -------------------

Slack:                    inf
  Source:                 A[1]
                            (input port)
  Destination:            sum[10]
                            (output port)
  Path Group:             (none)
  Path Type:              Max at Slow Process Corner
  Data Path Delay:        8.125ns  (logic 3.875ns (47.694%)  route 4.250ns (52.306%))
  Logic Levels:           5  (CARRY4=2 IBUF=1 LUT6=1 OBUF=1)

    Location             Delay type                Incr(ns)  Path(ns)    Netlist Resource(s)
  -------------------------------------------------------------------    -------------------
    C17                                               0.000     0.000 r  A[1] (IN)
                         net (fo=0)                   0.000     0.000    A[1]
    C17                  IBUF (Prop_ibuf_I_O)         0.785     0.785 r  A_IBUF[1]_inst/O
                         net (fo=4, routed)           2.224     3.010    adder_inst/CC_inst/CC_lut0/I2
    SLICE_X0Y7           LUT6 (Prop_lut6_I2_O)        0.097     3.107 r  adder_inst/CC_inst/CC_lut0/LUT6/O
                         net (fo=1, routed)           0.000     3.107    adder_inst/CC_inst/CC_lut0_n_1
    SLICE_X0Y7           CARRY4 (Prop_carry4_S[0]_CO[3])
                                                      0.395     3.502 r  adder_inst/CC_inst/CC_carry_chain_last/CO[3]
                         net (fo=1, routed)           0.000     3.502    adder_inst/RCA_inst/Cin
    SLICE_X0Y8           CARRY4 (Prop_carry4_CI_O[3])
                                                      0.234     3.736 r  adder_inst/RCA_inst/RCA_CARRY4_0/O[3]
                         net (fo=1, routed)           2.026     5.761    sum_OBUF[10]
    E18                  OBUF (Prop_obuf_I_O)         2.364     8.125 r  sum_OBUF[10]_inst/O
                         net (fo=0)                   0.000     8.125    sum[10]
    E18                                                               r  sum[10] (OUT)
  -------------------------------------------------------------------    -------------------





Min Delay Paths
--------------------------------------------------------------------------------------
Slack:                    inf
  Source:                 A[13]
                            (input port)
  Destination:            out_reg_fa_reg/D
  Path Group:             (none)
  Path Type:              Min at Fast Process Corner
  Data Path Delay:        0.651ns  (logic 0.319ns (49.038%)  route 0.332ns (50.962%))
  Logic Levels:           3  (CARRY4=2 IBUF=1)

    Location             Delay type                Incr(ns)  Path(ns)    Netlist Resource(s)
  -------------------------------------------------------------------    -------------------
    U18                                               0.000     0.000 r  A[13] (IN)
                         net (fo=0)                   0.000     0.000    A[13]
    U18                  IBUF (Prop_ibuf_I_O)         0.148     0.148 r  A_IBUF[13]_inst/O
                         net (fo=2, routed)           0.332     0.480    adder_inst/RCA_inst/A[6]
    SLICE_X0Y9           CARRY4 (Prop_carry4_DI[2]_CO[3])
                                                      0.117     0.597 r  adder_inst/RCA_inst/RCA_CARRY4_1/CO[3]
                         net (fo=1, routed)           0.000     0.597    adder_inst/RCA_inst/carry[7]
    SLICE_X0Y10          CARRY4 (Prop_carry4_CI_O[0])
                                                      0.054     0.651 r  adder_inst/RCA_inst/RCA_CARRY4_2/O[0]
                         net (fo=1, routed)           0.000     0.651    driver_fa
    SLICE_X0Y10          FDRE                                         r  out_reg_fa_reg/D
  -------------------------------------------------------------------    -------------------

Slack:                    inf
  Source:                 rst
                            (input port)
  Destination:            out_reg_So_reg/R
  Path Group:             (none)
  Path Type:              Min at Fast Process Corner
  Data Path Delay:        0.720ns  (logic 0.165ns (22.949%)  route 0.555ns (77.051%))
  Logic Levels:           1  (IBUF=1)

    Location             Delay type                Incr(ns)  Path(ns)    Netlist Resource(s)
  -------------------------------------------------------------------    -------------------
    L19                                               0.000     0.000 r  rst (IN)
                         net (fo=0)                   0.000     0.000    rst
    L19                  IBUF (Prop_ibuf_I_O)         0.165     0.165 r  rst_IBUF_inst/O
                         net (fo=3, routed)           0.555     0.720    rst_IBUF
    SLICE_X0Y21          FDRE                                         r  out_reg_So_reg/R
  -------------------------------------------------------------------    -------------------

Slack:                    inf
  Source:                 rst
                            (input port)
  Destination:            out_reg_fa_reg/R
  Path Group:             (none)
  Path Type:              Min at Fast Process Corner
  Data Path Delay:        0.904ns  (logic 0.165ns (18.278%)  route 0.739ns (81.722%))
  Logic Levels:           1  (IBUF=1)

    Location             Delay type                Incr(ns)  Path(ns)    Netlist Resource(s)
  -------------------------------------------------------------------    -------------------
    L19                                               0.000     0.000 r  rst (IN)
                         net (fo=0)                   0.000     0.000    rst
    L19                  IBUF (Prop_ibuf_I_O)         0.165     0.165 r  rst_IBUF_inst/O
                         net (fo=3, routed)           0.739     0.904    rst_IBUF
    SLICE_X0Y10          FDRE                                         r  out_reg_fa_reg/R
  -------------------------------------------------------------------    -------------------

Slack:                    inf
  Source:                 rst
                            (input port)
  Destination:            in_reg_reg/R
  Path Group:             (none)
  Path Type:              Min at Fast Process Corner
  Data Path Delay:        0.969ns  (logic 0.165ns (17.044%)  route 0.804ns (82.956%))
  Logic Levels:           1  (IBUF=1)

    Location             Delay type                Incr(ns)  Path(ns)    Netlist Resource(s)
  -------------------------------------------------------------------    -------------------
    L19                                               0.000     0.000 r  rst (IN)
                         net (fo=0)                   0.000     0.000    rst
    L19                  IBUF (Prop_ibuf_I_O)         0.165     0.165 r  rst_IBUF_inst/O
                         net (fo=3, routed)           0.804     0.969    rst_IBUF
    SLICE_X1Y6           FDRE                                         r  in_reg_reg/R
  -------------------------------------------------------------------    -------------------

Slack:                    inf
  Source:                 A[5]
                            (input port)
  Destination:            out_reg_So_reg/D
  Path Group:             (none)
  Path Type:              Min at Fast Process Corner
  Data Path Delay:        0.971ns  (logic 0.204ns (21.035%)  route 0.767ns (78.965%))
  Logic Levels:           2  (IBUF=1 LUT6=1)

    Location             Delay type                Incr(ns)  Path(ns)    Netlist Resource(s)
  -------------------------------------------------------------------    -------------------
    W14                                               0.000     0.000 r  A[5] (IN)
                         net (fo=0)                   0.000     0.000    A[5]
    W14                  IBUF (Prop_ibuf_I_O)         0.159     0.159 r  A_IBUF[5]_inst/O
                         net (fo=4, routed)           0.488     0.648    adder_inst/compressed_adder_inst/So_lut_2/I2
    SLICE_X1Y7           LUT6 (Prop_lut6_I2_O)        0.045     0.693 r  adder_inst/compressed_adder_inst/So_lut_2/LUT6/O
                         net (fo=1, routed)           0.279     0.971    driver_So
    SLICE_X0Y21          FDRE                                         r  out_reg_So_reg/D
  -------------------------------------------------------------------    -------------------

Slack:                    inf
  Source:                 A[0]
                            (input port)
  Destination:            in_reg_reg/D
  Path Group:             (none)
  Path Type:              Min at Fast Process Corner
  Data Path Delay:        1.528ns  (logic 0.163ns (10.680%)  route 1.365ns (89.320%))
  Logic Levels:           1  (IBUF=1)

    Location             Delay type                Incr(ns)  Path(ns)    Netlist Resource(s)
  -------------------------------------------------------------------    -------------------
    V9                                                0.000     0.000 r  A[0] (IN)
                         net (fo=0)                   0.000     0.000    A[0]
    V9                   IBUF (Prop_ibuf_I_O)         0.163     0.163 r  A_IBUF[0]_inst/O
                         net (fo=1, routed)           1.365     1.528    A_IBUF[0]
    SLICE_X1Y6           FDRE                                         r  in_reg_reg/D
  -------------------------------------------------------------------    -------------------

Slack:                    inf
  Source:                 out_reg_So_reg/C
                            (rising edge-triggered cell FDRE)
  Destination:            sum[5]
                            (output port)
  Path Group:             (none)
  Path Type:              Min at Fast Process Corner
  Data Path Delay:        1.839ns  (logic 1.252ns (68.076%)  route 0.587ns (31.924%))
  Logic Levels:           2  (FDRE=1 OBUF=1)

    Location             Delay type                Incr(ns)  Path(ns)    Netlist Resource(s)
  -------------------------------------------------------------------    -------------------
    SLICE_X0Y21          FDRE                         0.000     0.000 r  out_reg_So_reg/C
    SLICE_X0Y21          FDRE (Prop_fdre_C_Q)         0.141     0.141 r  out_reg_So_reg/Q
                         net (fo=1, routed)           0.587     0.728    sum_OBUF[5]
    G19                  OBUF (Prop_obuf_I_O)         1.111     1.839 r  sum_OBUF[5]_inst/O
                         net (fo=0)                   0.000     1.839    sum[5]
    G19                                                               r  sum[5] (OUT)
  -------------------------------------------------------------------    -------------------

Slack:                    inf
  Source:                 out_reg_fa_reg/C
                            (rising edge-triggered cell FDRE)
  Destination:            sum[15]
                            (output port)
  Path Group:             (none)
  Path Type:              Min at Fast Process Corner
  Data Path Delay:        2.006ns  (logic 1.258ns (62.725%)  route 0.748ns (37.275%))
  Logic Levels:           2  (FDRE=1 OBUF=1)

    Location             Delay type                Incr(ns)  Path(ns)    Netlist Resource(s)
  -------------------------------------------------------------------    -------------------
    SLICE_X0Y10          FDRE                         0.000     0.000 r  out_reg_fa_reg/C
    SLICE_X0Y10          FDRE (Prop_fdre_C_Q)         0.141     0.141 r  out_reg_fa_reg/Q
                         net (fo=1, routed)           0.748     0.889    sum_OBUF[15]
    D18                  OBUF (Prop_obuf_I_O)         1.117     2.006 r  sum_OBUF[15]_inst/O
                         net (fo=0)                   0.000     2.006    sum[15]
    D18                                                               r  sum[15] (OUT)
  -------------------------------------------------------------------    -------------------

Slack:                    inf
  Source:                 in_reg_reg/C
                            (rising edge-triggered cell FDRE)
  Destination:            sum[1]
                            (output port)
  Path Group:             (none)
  Path Type:              Min at Fast Process Corner
  Data Path Delay:        2.129ns  (logic 1.293ns (60.707%)  route 0.837ns (39.293%))
  Logic Levels:           3  (FDRE=1 LUT6=1 OBUF=1)

    Location             Delay type                Incr(ns)  Path(ns)    Netlist Resource(s)
  -------------------------------------------------------------------    -------------------
    SLICE_X1Y6           FDRE                         0.000     0.000 r  in_reg_reg/C
    SLICE_X1Y6           FDRE (Prop_fdre_C_Q)         0.141     0.141 r  in_reg_reg/Q
                         net (fo=4, routed)           0.281     0.422    adder_inst/compressed_adder_inst/So_lut_0/I0
    SLICE_X1Y6           LUT6 (Prop_lut6_I0_O)        0.045     0.467 r  adder_inst/compressed_adder_inst/So_lut_0/LUT6/O
                         net (fo=1, routed)           0.556     1.023    sum_OBUF[1]
    J19                  OBUF (Prop_obuf_I_O)         1.107     2.129 r  sum_OBUF[1]_inst/O
                         net (fo=0)                   0.000     2.129    sum[1]
    J19                                                               r  sum[1] (OUT)
  -------------------------------------------------------------------    -------------------

Slack:                    inf
  Source:                 in_reg_reg/C
                            (rising edge-triggered cell FDRE)
  Destination:            sum[0]
                            (output port)
  Path Group:             (none)
  Path Type:              Min at Fast Process Corner
  Data Path Delay:        2.334ns  (logic 1.353ns (57.951%)  route 0.981ns (42.049%))
  Logic Levels:           3  (FDRE=1 LUT5=1 OBUF=1)

    Location             Delay type                Incr(ns)  Path(ns)    Netlist Resource(s)
  -------------------------------------------------------------------    -------------------
    SLICE_X1Y6           FDRE                         0.000     0.000 r  in_reg_reg/C
    SLICE_X1Y6           FDRE (Prop_fdre_C_Q)         0.141     0.141 r  in_reg_reg/Q
                         net (fo=4, routed)           0.281     0.422    adder_inst/compressed_adder_inst/So_lut_0/I0
    SLICE_X1Y6           LUT5 (Prop_lut5_I0_O)        0.044     0.466 r  adder_inst/compressed_adder_inst/So_lut_0/LUT5/O
                         net (fo=1, routed)           0.701     1.166    sum_OBUF[0]
    K19                  OBUF (Prop_obuf_I_O)         1.168     2.334 r  sum_OBUF[0]_inst/O
                         net (fo=0)                   0.000     2.334    sum[0]
    K19                                                               r  sum[0] (OUT)
  -------------------------------------------------------------------    -------------------





