Copyright 1986-2022 Xilinx, Inc. All Rights Reserved. Copyright 2022-2024 Advanced Micro Devices, Inc. All Rights Reserved.
---------------------------------------------------------------------------------------------------------------------------------------------------------------------------------------------------------------------------------------------
| Tool Version : Vivado v.2024.2 (lin64) Build 5239630 Fri Nov 08 22:34:34 MST 2024
| Date         : Mon Jun  9 11:24:44 2025
| Host         : abhijit-Vostro-15-3568 running 64-bit Ubuntu 20.04.6 LTS
| Command      : report_timing_summary -max_paths 10 -report_unconstrained -file mn_adder_wrapper_timing_summary_routed.rpt -pb mn_adder_wrapper_timing_summary_routed.pb -rpx mn_adder_wrapper_timing_summary_routed.rpx -warn_on_violation
| Design       : mn_adder_wrapper
| Device       : 7a12t-cpg238
| Speed File   : -3  PRODUCTION 1.23 2018-06-13
| Design State : Routed
---------------------------------------------------------------------------------------------------------------------------------------------------------------------------------------------------------------------------------------------

Timing Summary Report

------------------------------------------------------------------------------------------------
| Timer Settings
| --------------
------------------------------------------------------------------------------------------------

  Enable Multi Corner Analysis               :  Yes
  Enable Pessimism Removal                   :  Yes
  Pessimism Removal Resolution               :  Nearest Common Node
  Enable Input Delay Default Clock           :  No
  Enable Preset / Clear Arcs                 :  No
  Disable Flight Delays                      :  No
  Ignore I/O Paths                           :  No
  Timing Early Launch at Borrowing Latches   :  No
  Borrow Time for Max Delay Exceptions       :  Yes
  Merge Timing Exceptions                    :  Yes
  Inter-SLR Compensation                     :  Conservative

  Corner  Analyze    Analyze    
  Name    Max Paths  Min Paths  
  ------  ---------  ---------  
  Slow    Yes        Yes        
  Fast    Yes        Yes        


------------------------------------------------------------------------------------------------
| Report Methodology
| ------------------
------------------------------------------------------------------------------------------------

Rule       Severity          Description                  Violations  
---------  ----------------  ---------------------------  ----------  
TIMING-17  Critical Warning  Non-clocked sequential cell  2           

Note: This report is based on the most recent report_methodology run and may not be up-to-date. Run report_methodology on the current design for the latest report.



check_timing report

Table of Contents
-----------------
1. checking no_clock (2)
2. checking constant_clock (0)
3. checking pulse_width_clock (0)
4. checking unconstrained_internal_endpoints (4)
5. checking no_input_delay (65)
6. checking no_output_delay (33)
7. checking multiple_clock (0)
8. checking generated_clocks (0)
9. checking loops (0)
10. checking partial_input_delay (0)
11. checking partial_output_delay (0)
12. checking latch_loops (0)

1. checking no_clock (2)
------------------------
 There are 2 register/latch pins with no clock driven by root clock pin: clk (HIGH)


2. checking constant_clock (0)
------------------------------
 There are 0 register/latch pins with constant_clock.


3. checking pulse_width_clock (0)
---------------------------------
 There are 0 register/latch pins which need pulse_width check


4. checking unconstrained_internal_endpoints (4)
------------------------------------------------
 There are 4 pins that are not constrained for maximum delay. (HIGH)

 There are 0 pins that are not constrained for maximum delay due to constant clock.


5. checking no_input_delay (65)
-------------------------------
 There are 65 input ports with no input delay specified. (HIGH)

 There are 0 input ports with no input delay but user has a false path constraint.


6. checking no_output_delay (33)
--------------------------------
 There are 33 ports with no output delay specified. (HIGH)

 There are 0 ports with no output delay but user has a false path constraint

 There are 0 ports with no output delay but with a timing clock defined on it or propagating through it


7. checking multiple_clock (0)
------------------------------
 There are 0 register/latch pins with multiple clocks.


8. checking generated_clocks (0)
--------------------------------
 There are 0 generated clocks that are not connected to a clock source.


9. checking loops (0)
---------------------
 There are 0 combinational loops in the design.


10. checking partial_input_delay (0)
------------------------------------
 There are 0 input ports with partial input delay specified.


11. checking partial_output_delay (0)
-------------------------------------
 There are 0 ports with partial output delay specified.


12. checking latch_loops (0)
----------------------------
 There are 0 combinational latch loops in the design through latch input



------------------------------------------------------------------------------------------------
| Design Timing Summary
| ---------------------
------------------------------------------------------------------------------------------------

    WNS(ns)      TNS(ns)  TNS Failing Endpoints  TNS Total Endpoints      WHS(ns)      THS(ns)  THS Failing Endpoints  THS Total Endpoints     WPWS(ns)     TPWS(ns)  TPWS Failing Endpoints  TPWS Total Endpoints  
    -------      -------  ---------------------  -------------------      -------      -------  ---------------------  -------------------     --------     --------  ----------------------  --------------------  
        inf        0.000                      0                   37          inf        0.000                      0                   37           NA           NA                      NA                    NA  


There are no user specified timing constraints.


------------------------------------------------------------------------------------------------
| Clock Summary
| -------------
------------------------------------------------------------------------------------------------


------------------------------------------------------------------------------------------------
| Intra Clock Table
| -----------------
------------------------------------------------------------------------------------------------

Clock             WNS(ns)      TNS(ns)  TNS Failing Endpoints  TNS Total Endpoints      WHS(ns)      THS(ns)  THS Failing Endpoints  THS Total Endpoints     WPWS(ns)     TPWS(ns)  TPWS Failing Endpoints  TPWS Total Endpoints  
-----             -------      -------  ---------------------  -------------------      -------      -------  ---------------------  -------------------     --------     --------  ----------------------  --------------------  


------------------------------------------------------------------------------------------------
| Inter Clock Table
| -----------------
------------------------------------------------------------------------------------------------

From Clock    To Clock          WNS(ns)      TNS(ns)  TNS Failing Endpoints  TNS Total Endpoints      WHS(ns)      THS(ns)  THS Failing Endpoints  THS Total Endpoints  
----------    --------          -------      -------  ---------------------  -------------------      -------      -------  ---------------------  -------------------  


------------------------------------------------------------------------------------------------
| Other Path Groups Table
| -----------------------
------------------------------------------------------------------------------------------------

Path Group    From Clock    To Clock          WNS(ns)      TNS(ns)  TNS Failing Endpoints  TNS Total Endpoints      WHS(ns)      THS(ns)  THS Failing Endpoints  THS Total Endpoints  
----------    ----------    --------          -------      -------  ---------------------  -------------------      -------      -------  ---------------------  -------------------  


------------------------------------------------------------------------------------------------
| User Ignored Path Table
| -----------------------
------------------------------------------------------------------------------------------------

Path Group    From Clock    To Clock    
----------    ----------    --------    


------------------------------------------------------------------------------------------------
| Unconstrained Path Table
| ------------------------
------------------------------------------------------------------------------------------------

Path Group    From Clock    To Clock    
----------    ----------    --------    
(none)                                    


------------------------------------------------------------------------------------------------
| Timing Details
| --------------
------------------------------------------------------------------------------------------------


--------------------------------------------------------------------------------------
Path Group:  (none)
From Clock:  
  To Clock:  

Max Delay            37 Endpoints
Min Delay            37 Endpoints
--------------------------------------------------------------------------------------


Max Delay Paths
--------------------------------------------------------------------------------------
Slack:                    inf
  Source:                 A[3]
                            (input port)
  Destination:            Cout
                            (output port)
  Path Group:             (none)
  Path Type:              Max at Slow Process Corner
  Data Path Delay:        9.276ns  (logic 4.035ns (43.504%)  route 5.240ns (56.496%))
  Logic Levels:           11  (CARRY4=8 IBUF=1 LUT6=1 OBUF=1)

    Location             Delay type                Incr(ns)  Path(ns)    Netlist Resource(s)
  -------------------------------------------------------------------    -------------------
    B18                                               0.000     0.000 r  A[3] (IN)
                         net (fo=0)                   0.000     0.000    A[3]
    B18                  IBUF (Prop_ibuf_I_O)         0.793     0.793 r  A_IBUF[3]_inst/O
                         net (fo=2, routed)           2.991     3.785    adder_inst/RCA_inst/A[3]
    SLICE_X0Y7           LUT6 (Prop_lut6_I0_O)        0.097     3.882 r  adder_inst/RCA_inst/RCA_LUT_3/O
                         net (fo=1, routed)           0.000     3.882    adder_inst/RCA_inst/Propagate[3]
    SLICE_X0Y7           CARRY4 (Prop_carry4_S[3]_CO[3])
                                                      0.299     4.181 r  adder_inst/RCA_inst/RCA_CARRY4_0/CO[3]
                         net (fo=1, routed)           0.000     4.181    adder_inst/RCA_inst/carry[3]
    SLICE_X0Y8           CARRY4 (Prop_carry4_CI_CO[3])
                                                      0.089     4.270 r  adder_inst/RCA_inst/RCA_CARRY4_1/CO[3]
                         net (fo=1, routed)           0.000     4.270    adder_inst/RCA_inst/carry[7]
    SLICE_X0Y9           CARRY4 (Prop_carry4_CI_CO[3])
                                                      0.089     4.359 r  adder_inst/RCA_inst/RCA_CARRY4_2/CO[3]
                         net (fo=1, routed)           0.000     4.359    adder_inst/RCA_inst/carry[11]
    SLICE_X0Y10          CARRY4 (Prop_carry4_CI_CO[3])
                                                      0.089     4.448 r  adder_inst/RCA_inst/RCA_CARRY4_3/CO[3]
                         net (fo=1, routed)           0.000     4.448    adder_inst/RCA_inst/carry[15]
    SLICE_X0Y11          CARRY4 (Prop_carry4_CI_CO[3])
                                                      0.089     4.537 r  adder_inst/RCA_inst/RCA_CARRY4_4/CO[3]
                         net (fo=1, routed)           0.000     4.537    adder_inst/RCA_inst/carry[19]
    SLICE_X0Y12          CARRY4 (Prop_carry4_CI_CO[3])
                                                      0.089     4.626 r  adder_inst/RCA_inst/RCA_CARRY4_5/CO[3]
                         net (fo=1, routed)           0.000     4.626    adder_inst/RCA_inst/carry[23]
    SLICE_X0Y13          CARRY4 (Prop_carry4_CI_CO[3])
                                                      0.089     4.715 r  adder_inst/RCA_inst/RCA_CARRY4_6/CO[3]
                         net (fo=1, routed)           0.000     4.715    adder_inst/RCA_inst/carry[27]
    SLICE_X0Y14          CARRY4 (Prop_carry4_CI_CO[3])
                                                      0.089     4.804 r  adder_inst/RCA_inst/RCA_CARRY4_7/CO[3]
                         net (fo=1, routed)           2.249     7.053    Cout_OBUF
    D17                  OBUF (Prop_obuf_I_O)         2.223     9.276 r  Cout_OBUF_inst/O
                         net (fo=0)                   0.000     9.276    Cout
    D17                                                               r  Cout (OUT)
  -------------------------------------------------------------------    -------------------

Slack:                    inf
  Source:                 A[3]
                            (input port)
  Destination:            sum[28]
                            (output port)
  Path Group:             (none)
  Path Type:              Max at Slow Process Corner
  Data Path Delay:        9.208ns  (logic 4.226ns (45.897%)  route 4.982ns (54.103%))
  Logic Levels:           11  (CARRY4=8 IBUF=1 LUT6=1 OBUF=1)

    Location             Delay type                Incr(ns)  Path(ns)    Netlist Resource(s)
  -------------------------------------------------------------------    -------------------
    B18                                               0.000     0.000 r  A[3] (IN)
                         net (fo=0)                   0.000     0.000    A[3]
    B18                  IBUF (Prop_ibuf_I_O)         0.793     0.793 r  A_IBUF[3]_inst/O
                         net (fo=2, routed)           2.991     3.785    adder_inst/RCA_inst/A[3]
    SLICE_X0Y7           LUT6 (Prop_lut6_I0_O)        0.097     3.882 r  adder_inst/RCA_inst/RCA_LUT_3/O
                         net (fo=1, routed)           0.000     3.882    adder_inst/RCA_inst/Propagate[3]
    SLICE_X0Y7           CARRY4 (Prop_carry4_S[3]_CO[3])
                                                      0.299     4.181 r  adder_inst/RCA_inst/RCA_CARRY4_0/CO[3]
                         net (fo=1, routed)           0.000     4.181    adder_inst/RCA_inst/carry[3]
    SLICE_X0Y8           CARRY4 (Prop_carry4_CI_CO[3])
                                                      0.089     4.270 r  adder_inst/RCA_inst/RCA_CARRY4_1/CO[3]
                         net (fo=1, routed)           0.000     4.270    adder_inst/RCA_inst/carry[7]
    SLICE_X0Y9           CARRY4 (Prop_carry4_CI_CO[3])
                                                      0.089     4.359 r  adder_inst/RCA_inst/RCA_CARRY4_2/CO[3]
                         net (fo=1, routed)           0.000     4.359    adder_inst/RCA_inst/carry[11]
    SLICE_X0Y10          CARRY4 (Prop_carry4_CI_CO[3])
                                                      0.089     4.448 r  adder_inst/RCA_inst/RCA_CARRY4_3/CO[3]
                         net (fo=1, routed)           0.000     4.448    adder_inst/RCA_inst/carry[15]
    SLICE_X0Y11          CARRY4 (Prop_carry4_CI_CO[3])
                                                      0.089     4.537 r  adder_inst/RCA_inst/RCA_CARRY4_4/CO[3]
                         net (fo=1, routed)           0.000     4.537    adder_inst/RCA_inst/carry[19]
    SLICE_X0Y12          CARRY4 (Prop_carry4_CI_CO[3])
                                                      0.089     4.626 r  adder_inst/RCA_inst/RCA_CARRY4_5/CO[3]
                         net (fo=1, routed)           0.000     4.626    adder_inst/RCA_inst/carry[23]
    SLICE_X0Y13          CARRY4 (Prop_carry4_CI_CO[3])
                                                      0.089     4.715 r  adder_inst/RCA_inst/RCA_CARRY4_6/CO[3]
                         net (fo=1, routed)           0.000     4.715    adder_inst/RCA_inst/carry[27]
    SLICE_X0Y14          CARRY4 (Prop_carry4_CI_O[0])
                                                      0.159     4.874 r  adder_inst/RCA_inst/RCA_CARRY4_7/O[0]
                         net (fo=1, routed)           1.991     6.864    sum_OBUF[28]
    F19                  OBUF (Prop_obuf_I_O)         2.344     9.208 r  sum_OBUF[28]_inst/O
                         net (fo=0)                   0.000     9.208    sum[28]
    F19                                                               r  sum[28] (OUT)
  -------------------------------------------------------------------    -------------------

Slack:                    inf
  Source:                 A[3]
                            (input port)
  Destination:            sum[27]
                            (output port)
  Path Group:             (none)
  Path Type:              Max at Slow Process Corner
  Data Path Delay:        9.207ns  (logic 4.233ns (45.980%)  route 4.973ns (54.020%))
  Logic Levels:           10  (CARRY4=7 IBUF=1 LUT6=1 OBUF=1)

    Location             Delay type                Incr(ns)  Path(ns)    Netlist Resource(s)
  -------------------------------------------------------------------    -------------------
    B18                                               0.000     0.000 r  A[3] (IN)
                         net (fo=0)                   0.000     0.000    A[3]
    B18                  IBUF (Prop_ibuf_I_O)         0.793     0.793 r  A_IBUF[3]_inst/O
                         net (fo=2, routed)           2.991     3.785    adder_inst/RCA_inst/A[3]
    SLICE_X0Y7           LUT6 (Prop_lut6_I0_O)        0.097     3.882 r  adder_inst/RCA_inst/RCA_LUT_3/O
                         net (fo=1, routed)           0.000     3.882    adder_inst/RCA_inst/Propagate[3]
    SLICE_X0Y7           CARRY4 (Prop_carry4_S[3]_CO[3])
                                                      0.299     4.181 r  adder_inst/RCA_inst/RCA_CARRY4_0/CO[3]
                         net (fo=1, routed)           0.000     4.181    adder_inst/RCA_inst/carry[3]
    SLICE_X0Y8           CARRY4 (Prop_carry4_CI_CO[3])
                                                      0.089     4.270 r  adder_inst/RCA_inst/RCA_CARRY4_1/CO[3]
                         net (fo=1, routed)           0.000     4.270    adder_inst/RCA_inst/carry[7]
    SLICE_X0Y9           CARRY4 (Prop_carry4_CI_CO[3])
                                                      0.089     4.359 r  adder_inst/RCA_inst/RCA_CARRY4_2/CO[3]
                         net (fo=1, routed)           0.000     4.359    adder_inst/RCA_inst/carry[11]
    SLICE_X0Y10          CARRY4 (Prop_carry4_CI_CO[3])
                                                      0.089     4.448 r  adder_inst/RCA_inst/RCA_CARRY4_3/CO[3]
                         net (fo=1, routed)           0.000     4.448    adder_inst/RCA_inst/carry[15]
    SLICE_X0Y11          CARRY4 (Prop_carry4_CI_CO[3])
                                                      0.089     4.537 r  adder_inst/RCA_inst/RCA_CARRY4_4/CO[3]
                         net (fo=1, routed)           0.000     4.537    adder_inst/RCA_inst/carry[19]
    SLICE_X0Y12          CARRY4 (Prop_carry4_CI_CO[3])
                                                      0.089     4.626 r  adder_inst/RCA_inst/RCA_CARRY4_5/CO[3]
                         net (fo=1, routed)           0.000     4.626    adder_inst/RCA_inst/carry[23]
    SLICE_X0Y13          CARRY4 (Prop_carry4_CI_O[3])
                                                      0.234     4.860 r  adder_inst/RCA_inst/RCA_CARRY4_6/O[3]
                         net (fo=1, routed)           1.982     6.842    sum_OBUF[27]
    E17                  OBUF (Prop_obuf_I_O)         2.365     9.207 r  sum_OBUF[27]_inst/O
                         net (fo=0)                   0.000     9.207    sum[27]
    E17                                                               r  sum[27] (OUT)
  -------------------------------------------------------------------    -------------------

Slack:                    inf
  Source:                 A[3]
                            (input port)
  Destination:            sum[25]
                            (output port)
  Path Group:             (none)
  Path Type:              Max at Slow Process Corner
  Data Path Delay:        9.187ns  (logic 4.212ns (45.843%)  route 4.975ns (54.157%))
  Logic Levels:           10  (CARRY4=7 IBUF=1 LUT6=1 OBUF=1)

    Location             Delay type                Incr(ns)  Path(ns)    Netlist Resource(s)
  -------------------------------------------------------------------    -------------------
    B18                                               0.000     0.000 r  A[3] (IN)
                         net (fo=0)                   0.000     0.000    A[3]
    B18                  IBUF (Prop_ibuf_I_O)         0.793     0.793 r  A_IBUF[3]_inst/O
                         net (fo=2, routed)           2.991     3.785    adder_inst/RCA_inst/A[3]
    SLICE_X0Y7           LUT6 (Prop_lut6_I0_O)        0.097     3.882 r  adder_inst/RCA_inst/RCA_LUT_3/O
                         net (fo=1, routed)           0.000     3.882    adder_inst/RCA_inst/Propagate[3]
    SLICE_X0Y7           CARRY4 (Prop_carry4_S[3]_CO[3])
                                                      0.299     4.181 r  adder_inst/RCA_inst/RCA_CARRY4_0/CO[3]
                         net (fo=1, routed)           0.000     4.181    adder_inst/RCA_inst/carry[3]
    SLICE_X0Y8           CARRY4 (Prop_carry4_CI_CO[3])
                                                      0.089     4.270 r  adder_inst/RCA_inst/RCA_CARRY4_1/CO[3]
                         net (fo=1, routed)           0.000     4.270    adder_inst/RCA_inst/carry[7]
    SLICE_X0Y9           CARRY4 (Prop_carry4_CI_CO[3])
                                                      0.089     4.359 r  adder_inst/RCA_inst/RCA_CARRY4_2/CO[3]
                         net (fo=1, routed)           0.000     4.359    adder_inst/RCA_inst/carry[11]
    SLICE_X0Y10          CARRY4 (Prop_carry4_CI_CO[3])
                                                      0.089     4.448 r  adder_inst/RCA_inst/RCA_CARRY4_3/CO[3]
                         net (fo=1, routed)           0.000     4.448    adder_inst/RCA_inst/carry[15]
    SLICE_X0Y11          CARRY4 (Prop_carry4_CI_CO[3])
                                                      0.089     4.537 r  adder_inst/RCA_inst/RCA_CARRY4_4/CO[3]
                         net (fo=1, routed)           0.000     4.537    adder_inst/RCA_inst/carry[19]
    SLICE_X0Y12          CARRY4 (Prop_carry4_CI_CO[3])
                                                      0.089     4.626 r  adder_inst/RCA_inst/RCA_CARRY4_5/CO[3]
                         net (fo=1, routed)           0.000     4.626    adder_inst/RCA_inst/carry[23]
    SLICE_X0Y13          CARRY4 (Prop_carry4_CI_O[1])
                                                      0.230     4.856 r  adder_inst/RCA_inst/RCA_CARRY4_6/O[1]
                         net (fo=1, routed)           1.984     6.840    sum_OBUF[25]
    G18                  OBUF (Prop_obuf_I_O)         2.347     9.187 r  sum_OBUF[25]_inst/O
                         net (fo=0)                   0.000     9.187    sum[25]
    G18                                                               r  sum[25] (OUT)
  -------------------------------------------------------------------    -------------------

Slack:                    inf
  Source:                 A[3]
                            (input port)
  Destination:            sum[30]
                            (output port)
  Path Group:             (none)
  Path Type:              Max at Slow Process Corner
  Data Path Delay:        9.170ns  (logic 4.266ns (46.520%)  route 4.904ns (53.480%))
  Logic Levels:           11  (CARRY4=8 IBUF=1 LUT6=1 OBUF=1)

    Location             Delay type                Incr(ns)  Path(ns)    Netlist Resource(s)
  -------------------------------------------------------------------    -------------------
    B18                                               0.000     0.000 r  A[3] (IN)
                         net (fo=0)                   0.000     0.000    A[3]
    B18                  IBUF (Prop_ibuf_I_O)         0.793     0.793 r  A_IBUF[3]_inst/O
                         net (fo=2, routed)           2.991     3.785    adder_inst/RCA_inst/A[3]
    SLICE_X0Y7           LUT6 (Prop_lut6_I0_O)        0.097     3.882 r  adder_inst/RCA_inst/RCA_LUT_3/O
                         net (fo=1, routed)           0.000     3.882    adder_inst/RCA_inst/Propagate[3]
    SLICE_X0Y7           CARRY4 (Prop_carry4_S[3]_CO[3])
                                                      0.299     4.181 r  adder_inst/RCA_inst/RCA_CARRY4_0/CO[3]
                         net (fo=1, routed)           0.000     4.181    adder_inst/RCA_inst/carry[3]
    SLICE_X0Y8           CARRY4 (Prop_carry4_CI_CO[3])
                                                      0.089     4.270 r  adder_inst/RCA_inst/RCA_CARRY4_1/CO[3]
                         net (fo=1, routed)           0.000     4.270    adder_inst/RCA_inst/carry[7]
    SLICE_X0Y9           CARRY4 (Prop_carry4_CI_CO[3])
                                                      0.089     4.359 r  adder_inst/RCA_inst/RCA_CARRY4_2/CO[3]
                         net (fo=1, routed)           0.000     4.359    adder_inst/RCA_inst/carry[11]
    SLICE_X0Y10          CARRY4 (Prop_carry4_CI_CO[3])
                                                      0.089     4.448 r  adder_inst/RCA_inst/RCA_CARRY4_3/CO[3]
                         net (fo=1, routed)           0.000     4.448    adder_inst/RCA_inst/carry[15]
    SLICE_X0Y11          CARRY4 (Prop_carry4_CI_CO[3])
                                                      0.089     4.537 r  adder_inst/RCA_inst/RCA_CARRY4_4/CO[3]
                         net (fo=1, routed)           0.000     4.537    adder_inst/RCA_inst/carry[19]
    SLICE_X0Y12          CARRY4 (Prop_carry4_CI_CO[3])
                                                      0.089     4.626 r  adder_inst/RCA_inst/RCA_CARRY4_5/CO[3]
                         net (fo=1, routed)           0.000     4.626    adder_inst/RCA_inst/carry[23]
    SLICE_X0Y13          CARRY4 (Prop_carry4_CI_CO[3])
                                                      0.089     4.715 r  adder_inst/RCA_inst/RCA_CARRY4_6/CO[3]
                         net (fo=1, routed)           0.000     4.715    adder_inst/RCA_inst/carry[27]
    SLICE_X0Y14          CARRY4 (Prop_carry4_CI_O[2])
                                                      0.181     4.896 r  adder_inst/RCA_inst/RCA_CARRY4_7/O[2]
                         net (fo=1, routed)           1.913     6.809    sum_OBUF[30]
    D19                  OBUF (Prop_obuf_I_O)         2.362     9.170 r  sum_OBUF[30]_inst/O
                         net (fo=0)                   0.000     9.170    sum[30]
    D19                                                               r  sum[30] (OUT)
  -------------------------------------------------------------------    -------------------

Slack:                    inf
  Source:                 A[3]
                            (input port)
  Destination:            sum[29]
                            (output port)
  Path Group:             (none)
  Path Type:              Max at Slow Process Corner
  Data Path Delay:        9.168ns  (logic 4.302ns (46.923%)  route 4.866ns (53.077%))
  Logic Levels:           11  (CARRY4=8 IBUF=1 LUT6=1 OBUF=1)

    Location             Delay type                Incr(ns)  Path(ns)    Netlist Resource(s)
  -------------------------------------------------------------------    -------------------
    B18                                               0.000     0.000 r  A[3] (IN)
                         net (fo=0)                   0.000     0.000    A[3]
    B18                  IBUF (Prop_ibuf_I_O)         0.793     0.793 r  A_IBUF[3]_inst/O
                         net (fo=2, routed)           2.991     3.785    adder_inst/RCA_inst/A[3]
    SLICE_X0Y7           LUT6 (Prop_lut6_I0_O)        0.097     3.882 r  adder_inst/RCA_inst/RCA_LUT_3/O
                         net (fo=1, routed)           0.000     3.882    adder_inst/RCA_inst/Propagate[3]
    SLICE_X0Y7           CARRY4 (Prop_carry4_S[3]_CO[3])
                                                      0.299     4.181 r  adder_inst/RCA_inst/RCA_CARRY4_0/CO[3]
                         net (fo=1, routed)           0.000     4.181    adder_inst/RCA_inst/carry[3]
    SLICE_X0Y8           CARRY4 (Prop_carry4_CI_CO[3])
                                                      0.089     4.270 r  adder_inst/RCA_inst/RCA_CARRY4_1/CO[3]
                         net (fo=1, routed)           0.000     4.270    adder_inst/RCA_inst/carry[7]
    SLICE_X0Y9           CARRY4 (Prop_carry4_CI_CO[3])
                                                      0.089     4.359 r  adder_inst/RCA_inst/RCA_CARRY4_2/CO[3]
                         net (fo=1, routed)           0.000     4.359    adder_inst/RCA_inst/carry[11]
    SLICE_X0Y10          CARRY4 (Prop_carry4_CI_CO[3])
                                                      0.089     4.448 r  adder_inst/RCA_inst/RCA_CARRY4_3/CO[3]
                         net (fo=1, routed)           0.000     4.448    adder_inst/RCA_inst/carry[15]
    SLICE_X0Y11          CARRY4 (Prop_carry4_CI_CO[3])
                                                      0.089     4.537 r  adder_inst/RCA_inst/RCA_CARRY4_4/CO[3]
                         net (fo=1, routed)           0.000     4.537    adder_inst/RCA_inst/carry[19]
    SLICE_X0Y12          CARRY4 (Prop_carry4_CI_CO[3])
                                                      0.089     4.626 r  adder_inst/RCA_inst/RCA_CARRY4_5/CO[3]
                         net (fo=1, routed)           0.000     4.626    adder_inst/RCA_inst/carry[23]
    SLICE_X0Y13          CARRY4 (Prop_carry4_CI_CO[3])
                                                      0.089     4.715 r  adder_inst/RCA_inst/RCA_CARRY4_6/CO[3]
                         net (fo=1, routed)           0.000     4.715    adder_inst/RCA_inst/carry[27]
    SLICE_X0Y14          CARRY4 (Prop_carry4_CI_O[1])
                                                      0.230     4.945 r  adder_inst/RCA_inst/RCA_CARRY4_7/O[1]
                         net (fo=1, routed)           1.875     6.820    sum_OBUF[29]
    E19                  OBUF (Prop_obuf_I_O)         2.349     9.168 r  sum_OBUF[29]_inst/O
                         net (fo=0)                   0.000     9.168    sum[29]
    E19                                                               r  sum[29] (OUT)
  -------------------------------------------------------------------    -------------------

Slack:                    inf
  Source:                 A[3]
                            (input port)
  Destination:            sum[24]
                            (output port)
  Path Group:             (none)
  Path Type:              Max at Slow Process Corner
  Data Path Delay:        9.115ns  (logic 4.134ns (45.359%)  route 4.980ns (54.641%))
  Logic Levels:           10  (CARRY4=7 IBUF=1 LUT6=1 OBUF=1)

    Location             Delay type                Incr(ns)  Path(ns)    Netlist Resource(s)
  -------------------------------------------------------------------    -------------------
    B18                                               0.000     0.000 r  A[3] (IN)
                         net (fo=0)                   0.000     0.000    A[3]
    B18                  IBUF (Prop_ibuf_I_O)         0.793     0.793 r  A_IBUF[3]_inst/O
                         net (fo=2, routed)           2.991     3.785    adder_inst/RCA_inst/A[3]
    SLICE_X0Y7           LUT6 (Prop_lut6_I0_O)        0.097     3.882 r  adder_inst/RCA_inst/RCA_LUT_3/O
                         net (fo=1, routed)           0.000     3.882    adder_inst/RCA_inst/Propagate[3]
    SLICE_X0Y7           CARRY4 (Prop_carry4_S[3]_CO[3])
                                                      0.299     4.181 r  adder_inst/RCA_inst/RCA_CARRY4_0/CO[3]
                         net (fo=1, routed)           0.000     4.181    adder_inst/RCA_inst/carry[3]
    SLICE_X0Y8           CARRY4 (Prop_carry4_CI_CO[3])
                                                      0.089     4.270 r  adder_inst/RCA_inst/RCA_CARRY4_1/CO[3]
                         net (fo=1, routed)           0.000     4.270    adder_inst/RCA_inst/carry[7]
    SLICE_X0Y9           CARRY4 (Prop_carry4_CI_CO[3])
                                                      0.089     4.359 r  adder_inst/RCA_inst/RCA_CARRY4_2/CO[3]
                         net (fo=1, routed)           0.000     4.359    adder_inst/RCA_inst/carry[11]
    SLICE_X0Y10          CARRY4 (Prop_carry4_CI_CO[3])
                                                      0.089     4.448 r  adder_inst/RCA_inst/RCA_CARRY4_3/CO[3]
                         net (fo=1, routed)           0.000     4.448    adder_inst/RCA_inst/carry[15]
    SLICE_X0Y11          CARRY4 (Prop_carry4_CI_CO[3])
                                                      0.089     4.537 r  adder_inst/RCA_inst/RCA_CARRY4_4/CO[3]
                         net (fo=1, routed)           0.000     4.537    adder_inst/RCA_inst/carry[19]
    SLICE_X0Y12          CARRY4 (Prop_carry4_CI_CO[3])
                                                      0.089     4.626 r  adder_inst/RCA_inst/RCA_CARRY4_5/CO[3]
                         net (fo=1, routed)           0.000     4.626    adder_inst/RCA_inst/carry[23]
    SLICE_X0Y13          CARRY4 (Prop_carry4_CI_O[0])
                                                      0.159     4.785 r  adder_inst/RCA_inst/RCA_CARRY4_6/O[0]
                         net (fo=1, routed)           1.989     6.774    sum_OBUF[24]
    H18                  OBUF (Prop_obuf_I_O)         2.341     9.115 r  sum_OBUF[24]_inst/O
                         net (fo=0)                   0.000     9.115    sum[24]
    H18                                                               r  sum[24] (OUT)
  -------------------------------------------------------------------    -------------------

Slack:                    inf
  Source:                 A[3]
                            (input port)
  Destination:            sum[23]
                            (output port)
  Path Group:             (none)
  Path Type:              Max at Slow Process Corner
  Data Path Delay:        9.114ns  (logic 4.143ns (45.458%)  route 4.971ns (54.542%))
  Logic Levels:           9  (CARRY4=6 IBUF=1 LUT6=1 OBUF=1)

    Location             Delay type                Incr(ns)  Path(ns)    Netlist Resource(s)
  -------------------------------------------------------------------    -------------------
    B18                                               0.000     0.000 r  A[3] (IN)
                         net (fo=0)                   0.000     0.000    A[3]
    B18                  IBUF (Prop_ibuf_I_O)         0.793     0.793 r  A_IBUF[3]_inst/O
                         net (fo=2, routed)           2.991     3.785    adder_inst/RCA_inst/A[3]
    SLICE_X0Y7           LUT6 (Prop_lut6_I0_O)        0.097     3.882 r  adder_inst/RCA_inst/RCA_LUT_3/O
                         net (fo=1, routed)           0.000     3.882    adder_inst/RCA_inst/Propagate[3]
    SLICE_X0Y7           CARRY4 (Prop_carry4_S[3]_CO[3])
                                                      0.299     4.181 r  adder_inst/RCA_inst/RCA_CARRY4_0/CO[3]
                         net (fo=1, routed)           0.000     4.181    adder_inst/RCA_inst/carry[3]
    SLICE_X0Y8           CARRY4 (Prop_carry4_CI_CO[3])
                                                      0.089     4.270 r  adder_inst/RCA_inst/RCA_CARRY4_1/CO[3]
                         net (fo=1, routed)           0.000     4.270    adder_inst/RCA_inst/carry[7]
    SLICE_X0Y9           CARRY4 (Prop_carry4_CI_CO[3])
                                                      0.089     4.359 r  adder_inst/RCA_inst/RCA_CARRY4_2/CO[3]
                         net (fo=1, routed)           0.000     4.359    adder_inst/RCA_inst/carry[11]
    SLICE_X0Y10          CARRY4 (Prop_carry4_CI_CO[3])
                                                      0.089     4.448 r  adder_inst/RCA_inst/RCA_CARRY4_3/CO[3]
                         net (fo=1, routed)           0.000     4.448    adder_inst/RCA_inst/carry[15]
    SLICE_X0Y11          CARRY4 (Prop_carry4_CI_CO[3])
                                                      0.089     4.537 r  adder_inst/RCA_inst/RCA_CARRY4_4/CO[3]
                         net (fo=1, routed)           0.000     4.537    adder_inst/RCA_inst/carry[19]
    SLICE_X0Y12          CARRY4 (Prop_carry4_CI_O[3])
                                                      0.234     4.771 r  adder_inst/RCA_inst/RCA_CARRY4_5/O[3]
                         net (fo=1, routed)           1.980     6.750    sum_OBUF[23]
    F17                  OBUF (Prop_obuf_I_O)         2.364     9.114 r  sum_OBUF[23]_inst/O
                         net (fo=0)                   0.000     9.114    sum[23]
    F17                                                               r  sum[23] (OUT)
  -------------------------------------------------------------------    -------------------

Slack:                    inf
  Source:                 A[3]
                            (input port)
  Destination:            sum[26]
                            (output port)
  Path Group:             (none)
  Path Type:              Max at Slow Process Corner
  Data Path Delay:        8.935ns  (logic 4.176ns (46.731%)  route 4.760ns (53.269%))
  Logic Levels:           10  (CARRY4=7 IBUF=1 LUT6=1 OBUF=1)

    Location             Delay type                Incr(ns)  Path(ns)    Netlist Resource(s)
  -------------------------------------------------------------------    -------------------
    B18                                               0.000     0.000 r  A[3] (IN)
                         net (fo=0)                   0.000     0.000    A[3]
    B18                  IBUF (Prop_ibuf_I_O)         0.793     0.793 r  A_IBUF[3]_inst/O
                         net (fo=2, routed)           2.991     3.785    adder_inst/RCA_inst/A[3]
    SLICE_X0Y7           LUT6 (Prop_lut6_I0_O)        0.097     3.882 r  adder_inst/RCA_inst/RCA_LUT_3/O
                         net (fo=1, routed)           0.000     3.882    adder_inst/RCA_inst/Propagate[3]
    SLICE_X0Y7           CARRY4 (Prop_carry4_S[3]_CO[3])
                                                      0.299     4.181 r  adder_inst/RCA_inst/RCA_CARRY4_0/CO[3]
                         net (fo=1, routed)           0.000     4.181    adder_inst/RCA_inst/carry[3]
    SLICE_X0Y8           CARRY4 (Prop_carry4_CI_CO[3])
                                                      0.089     4.270 r  adder_inst/RCA_inst/RCA_CARRY4_1/CO[3]
                         net (fo=1, routed)           0.000     4.270    adder_inst/RCA_inst/carry[7]
    SLICE_X0Y9           CARRY4 (Prop_carry4_CI_CO[3])
                                                      0.089     4.359 r  adder_inst/RCA_inst/RCA_CARRY4_2/CO[3]
                         net (fo=1, routed)           0.000     4.359    adder_inst/RCA_inst/carry[11]
    SLICE_X0Y10          CARRY4 (Prop_carry4_CI_CO[3])
                                                      0.089     4.448 r  adder_inst/RCA_inst/RCA_CARRY4_3/CO[3]
                         net (fo=1, routed)           0.000     4.448    adder_inst/RCA_inst/carry[15]
    SLICE_X0Y11          CARRY4 (Prop_carry4_CI_CO[3])
                                                      0.089     4.537 r  adder_inst/RCA_inst/RCA_CARRY4_4/CO[3]
                         net (fo=1, routed)           0.000     4.537    adder_inst/RCA_inst/carry[19]
    SLICE_X0Y12          CARRY4 (Prop_carry4_CI_CO[3])
                                                      0.089     4.626 r  adder_inst/RCA_inst/RCA_CARRY4_5/CO[3]
                         net (fo=1, routed)           0.000     4.626    adder_inst/RCA_inst/carry[23]
    SLICE_X0Y13          CARRY4 (Prop_carry4_CI_O[2])
                                                      0.181     4.807 r  adder_inst/RCA_inst/RCA_CARRY4_6/O[2]
                         net (fo=1, routed)           1.768     6.575    sum_OBUF[26]
    E18                  OBUF (Prop_obuf_I_O)         2.360     8.935 r  sum_OBUF[26]_inst/O
                         net (fo=0)                   0.000     8.935    sum[26]
    E18                                                               r  sum[26] (OUT)
  -------------------------------------------------------------------    -------------------

Slack:                    inf
  Source:                 A[3]
                            (input port)
  Destination:            sum[20]
                            (output port)
  Path Group:             (none)
  Path Type:              Max at Slow Process Corner
  Data Path Delay:        8.901ns  (logic 4.047ns (45.467%)  route 4.854ns (54.533%))
  Logic Levels:           9  (CARRY4=6 IBUF=1 LUT6=1 OBUF=1)

    Location             Delay type                Incr(ns)  Path(ns)    Netlist Resource(s)
  -------------------------------------------------------------------    -------------------
    B18                                               0.000     0.000 r  A[3] (IN)
                         net (fo=0)                   0.000     0.000    A[3]
    B18                  IBUF (Prop_ibuf_I_O)         0.793     0.793 r  A_IBUF[3]_inst/O
                         net (fo=2, routed)           2.991     3.785    adder_inst/RCA_inst/A[3]
    SLICE_X0Y7           LUT6 (Prop_lut6_I0_O)        0.097     3.882 r  adder_inst/RCA_inst/RCA_LUT_3/O
                         net (fo=1, routed)           0.000     3.882    adder_inst/RCA_inst/Propagate[3]
    SLICE_X0Y7           CARRY4 (Prop_carry4_S[3]_CO[3])
                                                      0.299     4.181 r  adder_inst/RCA_inst/RCA_CARRY4_0/CO[3]
                         net (fo=1, routed)           0.000     4.181    adder_inst/RCA_inst/carry[3]
    SLICE_X0Y8           CARRY4 (Prop_carry4_CI_CO[3])
                                                      0.089     4.270 r  adder_inst/RCA_inst/RCA_CARRY4_1/CO[3]
                         net (fo=1, routed)           0.000     4.270    adder_inst/RCA_inst/carry[7]
    SLICE_X0Y9           CARRY4 (Prop_carry4_CI_CO[3])
                                                      0.089     4.359 r  adder_inst/RCA_inst/RCA_CARRY4_2/CO[3]
                         net (fo=1, routed)           0.000     4.359    adder_inst/RCA_inst/carry[11]
    SLICE_X0Y10          CARRY4 (Prop_carry4_CI_CO[3])
                                                      0.089     4.448 r  adder_inst/RCA_inst/RCA_CARRY4_3/CO[3]
                         net (fo=1, routed)           0.000     4.448    adder_inst/RCA_inst/carry[15]
    SLICE_X0Y11          CARRY4 (Prop_carry4_CI_CO[3])
                                                      0.089     4.537 r  adder_inst/RCA_inst/RCA_CARRY4_4/CO[3]
                         net (fo=1, routed)           0.000     4.537    adder_inst/RCA_inst/carry[19]
    SLICE_X0Y12          CARRY4 (Prop_carry4_CI_O[0])
                                                      0.159     4.696 r  adder_inst/RCA_inst/RCA_CARRY4_5/O[0]
                         net (fo=1, routed)           1.863     6.558    sum_OBUF[20]
    H19                  OBUF (Prop_obuf_I_O)         2.343     8.901 r  sum_OBUF[20]_inst/O
                         net (fo=0)                   0.000     8.901    sum[20]
    H19                                                               r  sum[20] (OUT)
  -------------------------------------------------------------------    -------------------





Min Delay Paths
--------------------------------------------------------------------------------------
Slack:                    inf
  Source:                 rst
                            (input port)
  Destination:            out_reg_fa_reg/R
  Path Group:             (none)
  Path Type:              Min at Fast Process Corner
  Data Path Delay:        0.569ns  (logic 0.163ns (28.664%)  route 0.406ns (71.336%))
  Logic Levels:           1  (IBUF=1)

    Location             Delay type                Incr(ns)  Path(ns)    Netlist Resource(s)
  -------------------------------------------------------------------    -------------------
    P17                                               0.000     0.000 r  rst (IN)
                         net (fo=0)                   0.000     0.000    rst
    P17                  IBUF (Prop_ibuf_I_O)         0.163     0.163 r  rst_IBUF_inst/O
                         net (fo=2, routed)           0.406     0.569    rst_IBUF
    SLICE_X0Y14          FDRE                                         r  out_reg_fa_reg/R
  -------------------------------------------------------------------    -------------------

Slack:                    inf
  Source:                 A[30]
                            (input port)
  Destination:            out_reg_fa_reg/D
  Path Group:             (none)
  Path Type:              Min at Fast Process Corner
  Data Path Delay:        0.654ns  (logic 0.290ns (44.373%)  route 0.364ns (55.627%))
  Logic Levels:           2  (CARRY4=1 IBUF=1)

    Location             Delay type                Incr(ns)  Path(ns)    Netlist Resource(s)
  -------------------------------------------------------------------    -------------------
    W17                                               0.000     0.000 r  A[30] (IN)
                         net (fo=0)                   0.000     0.000    A[30]
    W17                  IBUF (Prop_ibuf_I_O)         0.163     0.163 r  A_IBUF[30]_inst/O
                         net (fo=2, routed)           0.364     0.527    adder_inst/RCA_inst/A[30]
    SLICE_X0Y14          CARRY4 (Prop_carry4_DI[2]_O[3])
                                                      0.127     0.654 r  adder_inst/RCA_inst/RCA_CARRY4_7/O[3]
                         net (fo=1, routed)           0.000     0.654    driver_fa
    SLICE_X0Y14          FDRE                                         r  out_reg_fa_reg/D
  -------------------------------------------------------------------    -------------------

Slack:                    inf
  Source:                 rst
                            (input port)
  Destination:            in_reg_reg/R
  Path Group:             (none)
  Path Type:              Min at Fast Process Corner
  Data Path Delay:        0.760ns  (logic 0.163ns (21.482%)  route 0.596ns (78.518%))
  Logic Levels:           1  (IBUF=1)

    Location             Delay type                Incr(ns)  Path(ns)    Netlist Resource(s)
  -------------------------------------------------------------------    -------------------
    P17                                               0.000     0.000 r  rst (IN)
                         net (fo=0)                   0.000     0.000    rst
    P17                  IBUF (Prop_ibuf_I_O)         0.163     0.163 r  rst_IBUF_inst/O
                         net (fo=2, routed)           0.596     0.760    rst_IBUF
    SLICE_X1Y7           FDRE                                         r  in_reg_reg/R
  -------------------------------------------------------------------    -------------------

Slack:                    inf
  Source:                 A[0]
                            (input port)
  Destination:            in_reg_reg/D
  Path Group:             (none)
  Path Type:              Min at Fast Process Corner
  Data Path Delay:        1.401ns  (logic 0.163ns (11.652%)  route 1.237ns (88.348%))
  Logic Levels:           1  (IBUF=1)

    Location             Delay type                Incr(ns)  Path(ns)    Netlist Resource(s)
  -------------------------------------------------------------------    -------------------
    V9                                                0.000     0.000 r  A[0] (IN)
                         net (fo=0)                   0.000     0.000    A[0]
    V9                   IBUF (Prop_ibuf_I_O)         0.163     0.163 r  A_IBUF[0]_inst/O
                         net (fo=1, routed)           1.237     1.401    A_IBUF[0]
    SLICE_X1Y7           FDRE                                         r  in_reg_reg/D
  -------------------------------------------------------------------    -------------------

Slack:                    inf
  Source:                 out_reg_fa_reg/C
                            (rising edge-triggered cell FDRE)
  Destination:            sum[31]
                            (output port)
  Path Group:             (none)
  Path Type:              Min at Fast Process Corner
  Data Path Delay:        2.128ns  (logic 1.258ns (59.129%)  route 0.870ns (40.871%))
  Logic Levels:           2  (FDRE=1 OBUF=1)

    Location             Delay type                Incr(ns)  Path(ns)    Netlist Resource(s)
  -------------------------------------------------------------------    -------------------
    SLICE_X0Y14          FDRE                         0.000     0.000 r  out_reg_fa_reg/C
    SLICE_X0Y14          FDRE (Prop_fdre_C_Q)         0.141     0.141 r  out_reg_fa_reg/Q
                         net (fo=1, routed)           0.870     1.011    sum_OBUF[31]
    D18                  OBUF (Prop_obuf_I_O)         1.117     2.128 r  sum_OBUF[31]_inst/O
                         net (fo=0)                   0.000     2.128    sum[31]
    D18                                                               r  sum[31] (OUT)
  -------------------------------------------------------------------    -------------------

Slack:                    inf
  Source:                 in_reg_reg/C
                            (rising edge-triggered cell FDRE)
  Destination:            sum[1]
                            (output port)
  Path Group:             (none)
  Path Type:              Min at Fast Process Corner
  Data Path Delay:        2.306ns  (logic 1.450ns (62.881%)  route 0.856ns (37.119%))
  Logic Levels:           3  (CARRY4=1 FDRE=1 OBUF=1)

    Location             Delay type                Incr(ns)  Path(ns)    Netlist Resource(s)
  -------------------------------------------------------------------    -------------------
    SLICE_X1Y7           FDRE                         0.000     0.000 r  in_reg_reg/C
    SLICE_X1Y7           FDRE (Prop_fdre_C_Q)         0.141     0.141 r  in_reg_reg/Q
                         net (fo=2, routed)           0.372     0.513    adder_inst/RCA_inst/A[0]
    SLICE_X0Y7           CARRY4 (Prop_carry4_DI[0]_O[1])
                                                      0.124     0.637 r  adder_inst/RCA_inst/RCA_CARRY4_0/O[1]
                         net (fo=1, routed)           0.484     1.121    sum_OBUF[1]
    U19                  OBUF (Prop_obuf_I_O)         1.185     2.306 r  sum_OBUF[1]_inst/O
                         net (fo=0)                   0.000     2.306    sum[1]
    U19                                                               r  sum[1] (OUT)
  -------------------------------------------------------------------    -------------------

Slack:                    inf
  Source:                 in_reg_reg/C
                            (rising edge-triggered cell FDRE)
  Destination:            sum[2]
                            (output port)
  Path Group:             (none)
  Path Type:              Min at Fast Process Corner
  Data Path Delay:        2.325ns  (logic 1.471ns (63.288%)  route 0.854ns (36.712%))
  Logic Levels:           3  (CARRY4=1 FDRE=1 OBUF=1)

    Location             Delay type                Incr(ns)  Path(ns)    Netlist Resource(s)
  -------------------------------------------------------------------    -------------------
    SLICE_X1Y7           FDRE                         0.000     0.000 r  in_reg_reg/C
    SLICE_X1Y7           FDRE (Prop_fdre_C_Q)         0.141     0.141 r  in_reg_reg/Q
                         net (fo=2, routed)           0.372     0.513    adder_inst/RCA_inst/A[0]
    SLICE_X0Y7           CARRY4 (Prop_carry4_DI[0]_O[2])
                                                      0.157     0.670 r  adder_inst/RCA_inst/RCA_CARRY4_0/O[2]
                         net (fo=1, routed)           0.481     1.152    sum_OBUF[2]
    T19                  OBUF (Prop_obuf_I_O)         1.173     2.325 r  sum_OBUF[2]_inst/O
                         net (fo=0)                   0.000     2.325    sum[2]
    T19                                                               r  sum[2] (OUT)
  -------------------------------------------------------------------    -------------------

Slack:                    inf
  Source:                 in_reg_reg/C
                            (rising edge-triggered cell FDRE)
  Destination:            sum[3]
                            (output port)
  Path Group:             (none)
  Path Type:              Min at Fast Process Corner
  Data Path Delay:        2.355ns  (logic 1.492ns (63.357%)  route 0.863ns (36.643%))
  Logic Levels:           3  (CARRY4=1 FDRE=1 OBUF=1)

    Location             Delay type                Incr(ns)  Path(ns)    Netlist Resource(s)
  -------------------------------------------------------------------    -------------------
    SLICE_X1Y7           FDRE                         0.000     0.000 r  in_reg_reg/C
    SLICE_X1Y7           FDRE (Prop_fdre_C_Q)         0.141     0.141 r  in_reg_reg/Q
                         net (fo=2, routed)           0.372     0.513    adder_inst/RCA_inst/A[0]
    SLICE_X0Y7           CARRY4 (Prop_carry4_DI[0]_O[3])
                                                      0.178     0.691 r  adder_inst/RCA_inst/RCA_CARRY4_0/O[3]
                         net (fo=1, routed)           0.491     1.182    sum_OBUF[3]
    R19                  OBUF (Prop_obuf_I_O)         1.173     2.355 r  sum_OBUF[3]_inst/O
                         net (fo=0)                   0.000     2.355    sum[3]
    R19                                                               r  sum[3] (OUT)
  -------------------------------------------------------------------    -------------------

Slack:                    inf
  Source:                 in_reg_reg/C
                            (rising edge-triggered cell FDRE)
  Destination:            sum[4]
                            (output port)
  Path Group:             (none)
  Path Type:              Min at Fast Process Corner
  Data Path Delay:        2.389ns  (logic 1.526ns (63.858%)  route 0.863ns (36.142%))
  Logic Levels:           4  (CARRY4=2 FDRE=1 OBUF=1)

    Location             Delay type                Incr(ns)  Path(ns)    Netlist Resource(s)
  -------------------------------------------------------------------    -------------------
    SLICE_X1Y7           FDRE                         0.000     0.000 r  in_reg_reg/C
    SLICE_X1Y7           FDRE (Prop_fdre_C_Q)         0.141     0.141 r  in_reg_reg/Q
                         net (fo=2, routed)           0.372     0.513    adder_inst/RCA_inst/A[0]
    SLICE_X0Y7           CARRY4 (Prop_carry4_DI[0]_CO[3])
                                                      0.161     0.674 r  adder_inst/RCA_inst/RCA_CARRY4_0/CO[3]
                         net (fo=1, routed)           0.000     0.674    adder_inst/RCA_inst/carry[3]
    SLICE_X0Y8           CARRY4 (Prop_carry4_CI_O[0])
                                                      0.054     0.728 r  adder_inst/RCA_inst/RCA_CARRY4_1/O[0]
                         net (fo=1, routed)           0.491     1.219    sum_OBUF[4]
    P18                  OBUF (Prop_obuf_I_O)         1.170     2.389 r  sum_OBUF[4]_inst/O
                         net (fo=0)                   0.000     2.389    sum[4]
    P18                                                               r  sum[4] (OUT)
  -------------------------------------------------------------------    -------------------

Slack:                    inf
  Source:                 in_reg_reg/C
                            (rising edge-triggered cell FDRE)
  Destination:            sum[0]
                            (output port)
  Path Group:             (none)
  Path Type:              Min at Fast Process Corner
  Data Path Delay:        2.390ns  (logic 1.433ns (59.961%)  route 0.957ns (40.039%))
  Logic Levels:           4  (CARRY4=1 FDRE=1 LUT6=1 OBUF=1)

    Location             Delay type                Incr(ns)  Path(ns)    Netlist Resource(s)
  -------------------------------------------------------------------    -------------------
    SLICE_X1Y7           FDRE                         0.000     0.000 r  in_reg_reg/C
    SLICE_X1Y7           FDRE (Prop_fdre_C_Q)         0.141     0.141 r  in_reg_reg/Q
                         net (fo=2, routed)           0.477     0.618    adder_inst/RCA_inst/A[0]
    SLICE_X0Y7           LUT6 (Prop_lut6_I0_O)        0.045     0.663 r  adder_inst/RCA_inst/RCA_LUT_0/O
                         net (fo=1, routed)           0.000     0.663    adder_inst/RCA_inst/Propagate[0]
    SLICE_X0Y7           CARRY4 (Prop_carry4_S[0]_O[0])
                                                      0.070     0.733 r  adder_inst/RCA_inst/RCA_CARRY4_0/O[0]
                         net (fo=1, routed)           0.480     1.213    sum_OBUF[0]
    V19                  OBUF (Prop_obuf_I_O)         1.177     2.390 r  sum_OBUF[0]_inst/O
                         net (fo=0)                   0.000     2.390    sum[0]
    V19                                                               r  sum[0] (OUT)
  -------------------------------------------------------------------    -------------------





