Copyright 1986-2022 Xilinx, Inc. All Rights Reserved. Copyright 2022-2024 Advanced Micro Devices, Inc. All Rights Reserved.
---------------------------------------------------------------------------------------------------------------------------------------------------------------------------------------------------------------------------------------------
| Tool Version : Vivado v.2024.2 (lin64) Build 5239630 Fri Nov 08 22:34:34 MST 2024
| Date         : Mon Jun  9 11:17:30 2025
| Host         : abhijit-Vostro-15-3568 running 64-bit Ubuntu 20.04.6 LTS
| Command      : report_timing_summary -max_paths 10 -report_unconstrained -file mn_adder_wrapper_timing_summary_routed.rpt -pb mn_adder_wrapper_timing_summary_routed.pb -rpx mn_adder_wrapper_timing_summary_routed.rpx -warn_on_violation
| Design       : mn_adder_wrapper
| Device       : 7a12t-cpg238
| Speed File   : -3  PRODUCTION 1.23 2018-06-13
| Design State : Routed
---------------------------------------------------------------------------------------------------------------------------------------------------------------------------------------------------------------------------------------------

Timing Summary Report

------------------------------------------------------------------------------------------------
| Timer Settings
| --------------
------------------------------------------------------------------------------------------------

  Enable Multi Corner Analysis               :  Yes
  Enable Pessimism Removal                   :  Yes
  Pessimism Removal Resolution               :  Nearest Common Node
  Enable Input Delay Default Clock           :  No
  Enable Preset / Clear Arcs                 :  No
  Disable Flight Delays                      :  No
  Ignore I/O Paths                           :  No
  Timing Early Launch at Borrowing Latches   :  No
  Borrow Time for Max Delay Exceptions       :  Yes
  Merge Timing Exceptions                    :  Yes
  Inter-SLR Compensation                     :  Conservative

  Corner  Analyze    Analyze    
  Name    Max Paths  Min Paths  
  ------  ---------  ---------  
  Slow    Yes        Yes        
  Fast    Yes        Yes        


------------------------------------------------------------------------------------------------
| Report Methodology
| ------------------
------------------------------------------------------------------------------------------------

Rule       Severity          Description                  Violations  
---------  ----------------  ---------------------------  ----------  
TIMING-17  Critical Warning  Non-clocked sequential cell  3           

Note: This report is based on the most recent report_methodology run and may not be up-to-date. Run report_methodology on the current design for the latest report.



check_timing report

Table of Contents
-----------------
1. checking no_clock (3)
2. checking constant_clock (0)
3. checking pulse_width_clock (0)
4. checking unconstrained_internal_endpoints (6)
5. checking no_input_delay (66)
6. checking no_output_delay (33)
7. checking multiple_clock (0)
8. checking generated_clocks (0)
9. checking loops (0)
10. checking partial_input_delay (0)
11. checking partial_output_delay (0)
12. checking latch_loops (0)

1. checking no_clock (3)
------------------------
 There are 3 register/latch pins with no clock driven by root clock pin: clk (HIGH)


2. checking constant_clock (0)
------------------------------
 There are 0 register/latch pins with constant_clock.


3. checking pulse_width_clock (0)
---------------------------------
 There are 0 register/latch pins which need pulse_width check


4. checking unconstrained_internal_endpoints (6)
------------------------------------------------
 There are 6 pins that are not constrained for maximum delay. (HIGH)

 There are 0 pins that are not constrained for maximum delay due to constant clock.


5. checking no_input_delay (66)
-------------------------------
 There are 66 input ports with no input delay specified. (HIGH)

 There are 0 input ports with no input delay but user has a false path constraint.


6. checking no_output_delay (33)
--------------------------------
 There are 33 ports with no output delay specified. (HIGH)

 There are 0 ports with no output delay but user has a false path constraint

 There are 0 ports with no output delay but with a timing clock defined on it or propagating through it


7. checking multiple_clock (0)
------------------------------
 There are 0 register/latch pins with multiple clocks.


8. checking generated_clocks (0)
--------------------------------
 There are 0 generated clocks that are not connected to a clock source.


9. checking loops (0)
---------------------
 There are 0 combinational loops in the design.


10. checking partial_input_delay (0)
------------------------------------
 There are 0 input ports with partial input delay specified.


11. checking partial_output_delay (0)
-------------------------------------
 There are 0 ports with partial output delay specified.


12. checking latch_loops (0)
----------------------------
 There are 0 combinational latch loops in the design through latch input



------------------------------------------------------------------------------------------------
| Design Timing Summary
| ---------------------
------------------------------------------------------------------------------------------------

    WNS(ns)      TNS(ns)  TNS Failing Endpoints  TNS Total Endpoints      WHS(ns)      THS(ns)  THS Failing Endpoints  THS Total Endpoints     WPWS(ns)     TPWS(ns)  TPWS Failing Endpoints  TPWS Total Endpoints  
    -------      -------  ---------------------  -------------------      -------      -------  ---------------------  -------------------     --------     --------  ----------------------  --------------------  
        inf        0.000                      0                   39          inf        0.000                      0                   39           NA           NA                      NA                    NA  


There are no user specified timing constraints.


------------------------------------------------------------------------------------------------
| Clock Summary
| -------------
------------------------------------------------------------------------------------------------


------------------------------------------------------------------------------------------------
| Intra Clock Table
| -----------------
------------------------------------------------------------------------------------------------

Clock             WNS(ns)      TNS(ns)  TNS Failing Endpoints  TNS Total Endpoints      WHS(ns)      THS(ns)  THS Failing Endpoints  THS Total Endpoints     WPWS(ns)     TPWS(ns)  TPWS Failing Endpoints  TPWS Total Endpoints  
-----             -------      -------  ---------------------  -------------------      -------      -------  ---------------------  -------------------     --------     --------  ----------------------  --------------------  


------------------------------------------------------------------------------------------------
| Inter Clock Table
| -----------------
------------------------------------------------------------------------------------------------

From Clock    To Clock          WNS(ns)      TNS(ns)  TNS Failing Endpoints  TNS Total Endpoints      WHS(ns)      THS(ns)  THS Failing Endpoints  THS Total Endpoints  
----------    --------          -------      -------  ---------------------  -------------------      -------      -------  ---------------------  -------------------  


------------------------------------------------------------------------------------------------
| Other Path Groups Table
| -----------------------
------------------------------------------------------------------------------------------------

Path Group    From Clock    To Clock          WNS(ns)      TNS(ns)  TNS Failing Endpoints  TNS Total Endpoints      WHS(ns)      THS(ns)  THS Failing Endpoints  THS Total Endpoints  
----------    ----------    --------          -------      -------  ---------------------  -------------------      -------      -------  ---------------------  -------------------  


------------------------------------------------------------------------------------------------
| User Ignored Path Table
| -----------------------
------------------------------------------------------------------------------------------------

Path Group    From Clock    To Clock    
----------    ----------    --------    


------------------------------------------------------------------------------------------------
| Unconstrained Path Table
| ------------------------
------------------------------------------------------------------------------------------------

Path Group    From Clock    To Clock    
----------    ----------    --------    
(none)                                    


------------------------------------------------------------------------------------------------
| Timing Details
| --------------
------------------------------------------------------------------------------------------------


--------------------------------------------------------------------------------------
Path Group:  (none)
From Clock:  
  To Clock:  

Max Delay            39 Endpoints
Min Delay            39 Endpoints
--------------------------------------------------------------------------------------


Max Delay Paths
--------------------------------------------------------------------------------------
Slack:                    inf
  Source:                 B[5]
                            (input port)
  Destination:            sum[29]
                            (output port)
  Path Group:             (none)
  Path Type:              Max at Slow Process Corner
  Data Path Delay:        9.517ns  (logic 4.223ns (44.379%)  route 5.293ns (55.621%))
  Logic Levels:           10  (CARRY4=7 IBUF=1 LUT6=1 OBUF=1)

    Location             Delay type                Incr(ns)  Path(ns)    Netlist Resource(s)
  -------------------------------------------------------------------    -------------------
    C15                                               0.000     0.000 r  B[5] (IN)
                         net (fo=0)                   0.000     0.000    B[5]
    C15                  IBUF (Prop_ibuf_I_O)         0.802     0.802 r  B_IBUF[5]_inst/O
                         net (fo=4, routed)           3.156     3.958    adder_inst/CC_inst/CC_lut4/I3
    SLICE_X0Y7           LUT6 (Prop_lut6_I3_O)        0.097     4.055 r  adder_inst/CC_inst/CC_lut4/LUT6/O
                         net (fo=1, routed)           0.000     4.055    adder_inst/CC_inst/CC_lut4_n_1
    SLICE_X0Y7           CARRY4 (Prop_carry4_S[2]_CO[3])
                                                      0.301     4.356 r  adder_inst/CC_inst/CC_carry4_0/CO[3]
                         net (fo=1, routed)           0.000     4.356    adder_inst/RCA_inst/Cin
    SLICE_X0Y8           CARRY4 (Prop_carry4_CI_CO[3])
                                                      0.089     4.445 r  adder_inst/RCA_inst/RCA_CARRY4_0/CO[3]
                         net (fo=1, routed)           0.000     4.445    adder_inst/RCA_inst/carry[3]
    SLICE_X0Y9           CARRY4 (Prop_carry4_CI_CO[3])
                                                      0.089     4.534 r  adder_inst/RCA_inst/RCA_CARRY4_1/CO[3]
                         net (fo=1, routed)           0.000     4.534    adder_inst/RCA_inst/carry[7]
    SLICE_X0Y10          CARRY4 (Prop_carry4_CI_CO[3])
                                                      0.089     4.623 r  adder_inst/RCA_inst/RCA_CARRY4_2/CO[3]
                         net (fo=1, routed)           0.000     4.623    adder_inst/RCA_inst/carry[11]
    SLICE_X0Y11          CARRY4 (Prop_carry4_CI_CO[3])
                                                      0.089     4.712 r  adder_inst/RCA_inst/RCA_CARRY4_3/CO[3]
                         net (fo=1, routed)           0.000     4.712    adder_inst/RCA_inst/carry[15]
    SLICE_X0Y12          CARRY4 (Prop_carry4_CI_CO[3])
                                                      0.089     4.801 r  adder_inst/RCA_inst/RCA_CARRY4_4/CO[3]
                         net (fo=1, routed)           0.000     4.801    adder_inst/RCA_inst/carry[19]
    SLICE_X0Y13          CARRY4 (Prop_carry4_CI_O[1])
                                                      0.230     5.031 r  adder_inst/RCA_inst/RCA_CARRY4_5/O[1]
                         net (fo=1, routed)           2.137     7.168    sum_OBUF[29]
    E19                  OBUF (Prop_obuf_I_O)         2.349     9.517 r  sum_OBUF[29]_inst/O
                         net (fo=0)                   0.000     9.517    sum[29]
    E19                                                               r  sum[29] (OUT)
  -------------------------------------------------------------------    -------------------

Slack:                    inf
  Source:                 B[5]
                            (input port)
  Destination:            sum[28]
                            (output port)
  Path Group:             (none)
  Path Type:              Max at Slow Process Corner
  Data Path Delay:        9.402ns  (logic 4.148ns (44.118%)  route 5.254ns (55.882%))
  Logic Levels:           10  (CARRY4=7 IBUF=1 LUT6=1 OBUF=1)

    Location             Delay type                Incr(ns)  Path(ns)    Netlist Resource(s)
  -------------------------------------------------------------------    -------------------
    C15                                               0.000     0.000 r  B[5] (IN)
                         net (fo=0)                   0.000     0.000    B[5]
    C15                  IBUF (Prop_ibuf_I_O)         0.802     0.802 r  B_IBUF[5]_inst/O
                         net (fo=4, routed)           3.156     3.958    adder_inst/CC_inst/CC_lut4/I3
    SLICE_X0Y7           LUT6 (Prop_lut6_I3_O)        0.097     4.055 r  adder_inst/CC_inst/CC_lut4/LUT6/O
                         net (fo=1, routed)           0.000     4.055    adder_inst/CC_inst/CC_lut4_n_1
    SLICE_X0Y7           CARRY4 (Prop_carry4_S[2]_CO[3])
                                                      0.301     4.356 r  adder_inst/CC_inst/CC_carry4_0/CO[3]
                         net (fo=1, routed)           0.000     4.356    adder_inst/RCA_inst/Cin
    SLICE_X0Y8           CARRY4 (Prop_carry4_CI_CO[3])
                                                      0.089     4.445 r  adder_inst/RCA_inst/RCA_CARRY4_0/CO[3]
                         net (fo=1, routed)           0.000     4.445    adder_inst/RCA_inst/carry[3]
    SLICE_X0Y9           CARRY4 (Prop_carry4_CI_CO[3])
                                                      0.089     4.534 r  adder_inst/RCA_inst/RCA_CARRY4_1/CO[3]
                         net (fo=1, routed)           0.000     4.534    adder_inst/RCA_inst/carry[7]
    SLICE_X0Y10          CARRY4 (Prop_carry4_CI_CO[3])
                                                      0.089     4.623 r  adder_inst/RCA_inst/RCA_CARRY4_2/CO[3]
                         net (fo=1, routed)           0.000     4.623    adder_inst/RCA_inst/carry[11]
    SLICE_X0Y11          CARRY4 (Prop_carry4_CI_CO[3])
                                                      0.089     4.712 r  adder_inst/RCA_inst/RCA_CARRY4_3/CO[3]
                         net (fo=1, routed)           0.000     4.712    adder_inst/RCA_inst/carry[15]
    SLICE_X0Y12          CARRY4 (Prop_carry4_CI_CO[3])
                                                      0.089     4.801 r  adder_inst/RCA_inst/RCA_CARRY4_4/CO[3]
                         net (fo=1, routed)           0.000     4.801    adder_inst/RCA_inst/carry[19]
    SLICE_X0Y13          CARRY4 (Prop_carry4_CI_O[0])
                                                      0.159     4.960 r  adder_inst/RCA_inst/RCA_CARRY4_5/O[0]
                         net (fo=1, routed)           2.098     7.058    sum_OBUF[28]
    F19                  OBUF (Prop_obuf_I_O)         2.344     9.402 r  sum_OBUF[28]_inst/O
                         net (fo=0)                   0.000     9.402    sum[28]
    F19                                                               r  sum[28] (OUT)
  -------------------------------------------------------------------    -------------------

Slack:                    inf
  Source:                 B[5]
                            (input port)
  Destination:            Cout
                            (output port)
  Path Group:             (none)
  Path Type:              Max at Slow Process Corner
  Data Path Delay:        9.376ns  (logic 3.957ns (42.199%)  route 5.420ns (57.801%))
  Logic Levels:           10  (CARRY4=7 IBUF=1 LUT6=1 OBUF=1)

    Location             Delay type                Incr(ns)  Path(ns)    Netlist Resource(s)
  -------------------------------------------------------------------    -------------------
    C15                                               0.000     0.000 r  B[5] (IN)
                         net (fo=0)                   0.000     0.000    B[5]
    C15                  IBUF (Prop_ibuf_I_O)         0.802     0.802 r  B_IBUF[5]_inst/O
                         net (fo=4, routed)           3.156     3.958    adder_inst/CC_inst/CC_lut4/I3
    SLICE_X0Y7           LUT6 (Prop_lut6_I3_O)        0.097     4.055 r  adder_inst/CC_inst/CC_lut4/LUT6/O
                         net (fo=1, routed)           0.000     4.055    adder_inst/CC_inst/CC_lut4_n_1
    SLICE_X0Y7           CARRY4 (Prop_carry4_S[2]_CO[3])
                                                      0.301     4.356 r  adder_inst/CC_inst/CC_carry4_0/CO[3]
                         net (fo=1, routed)           0.000     4.356    adder_inst/RCA_inst/Cin
    SLICE_X0Y8           CARRY4 (Prop_carry4_CI_CO[3])
                                                      0.089     4.445 r  adder_inst/RCA_inst/RCA_CARRY4_0/CO[3]
                         net (fo=1, routed)           0.000     4.445    adder_inst/RCA_inst/carry[3]
    SLICE_X0Y9           CARRY4 (Prop_carry4_CI_CO[3])
                                                      0.089     4.534 r  adder_inst/RCA_inst/RCA_CARRY4_1/CO[3]
                         net (fo=1, routed)           0.000     4.534    adder_inst/RCA_inst/carry[7]
    SLICE_X0Y10          CARRY4 (Prop_carry4_CI_CO[3])
                                                      0.089     4.623 r  adder_inst/RCA_inst/RCA_CARRY4_2/CO[3]
                         net (fo=1, routed)           0.000     4.623    adder_inst/RCA_inst/carry[11]
    SLICE_X0Y11          CARRY4 (Prop_carry4_CI_CO[3])
                                                      0.089     4.712 r  adder_inst/RCA_inst/RCA_CARRY4_3/CO[3]
                         net (fo=1, routed)           0.000     4.712    adder_inst/RCA_inst/carry[15]
    SLICE_X0Y12          CARRY4 (Prop_carry4_CI_CO[3])
                                                      0.089     4.801 r  adder_inst/RCA_inst/RCA_CARRY4_4/CO[3]
                         net (fo=1, routed)           0.000     4.801    adder_inst/RCA_inst/carry[19]
    SLICE_X0Y13          CARRY4 (Prop_carry4_CI_CO[3])
                                                      0.089     4.890 r  adder_inst/RCA_inst/RCA_CARRY4_5/CO[3]
                         net (fo=1, routed)           2.264     7.154    Cout_OBUF
    D17                  OBUF (Prop_obuf_I_O)         2.223     9.376 r  Cout_OBUF_inst/O
                         net (fo=0)                   0.000     9.376    Cout
    D17                                                               r  Cout (OUT)
  -------------------------------------------------------------------    -------------------

Slack:                    inf
  Source:                 B[5]
                            (input port)
  Destination:            sum[27]
                            (output port)
  Path Group:             (none)
  Path Type:              Max at Slow Process Corner
  Data Path Delay:        9.299ns  (logic 4.155ns (44.679%)  route 5.144ns (55.321%))
  Logic Levels:           9  (CARRY4=6 IBUF=1 LUT6=1 OBUF=1)

    Location             Delay type                Incr(ns)  Path(ns)    Netlist Resource(s)
  -------------------------------------------------------------------    -------------------
    C15                                               0.000     0.000 r  B[5] (IN)
                         net (fo=0)                   0.000     0.000    B[5]
    C15                  IBUF (Prop_ibuf_I_O)         0.802     0.802 r  B_IBUF[5]_inst/O
                         net (fo=4, routed)           3.156     3.958    adder_inst/CC_inst/CC_lut4/I3
    SLICE_X0Y7           LUT6 (Prop_lut6_I3_O)        0.097     4.055 r  adder_inst/CC_inst/CC_lut4/LUT6/O
                         net (fo=1, routed)           0.000     4.055    adder_inst/CC_inst/CC_lut4_n_1
    SLICE_X0Y7           CARRY4 (Prop_carry4_S[2]_CO[3])
                                                      0.301     4.356 r  adder_inst/CC_inst/CC_carry4_0/CO[3]
                         net (fo=1, routed)           0.000     4.356    adder_inst/RCA_inst/Cin
    SLICE_X0Y8           CARRY4 (Prop_carry4_CI_CO[3])
                                                      0.089     4.445 r  adder_inst/RCA_inst/RCA_CARRY4_0/CO[3]
                         net (fo=1, routed)           0.000     4.445    adder_inst/RCA_inst/carry[3]
    SLICE_X0Y9           CARRY4 (Prop_carry4_CI_CO[3])
                                                      0.089     4.534 r  adder_inst/RCA_inst/RCA_CARRY4_1/CO[3]
                         net (fo=1, routed)           0.000     4.534    adder_inst/RCA_inst/carry[7]
    SLICE_X0Y10          CARRY4 (Prop_carry4_CI_CO[3])
                                                      0.089     4.623 r  adder_inst/RCA_inst/RCA_CARRY4_2/CO[3]
                         net (fo=1, routed)           0.000     4.623    adder_inst/RCA_inst/carry[11]
    SLICE_X0Y11          CARRY4 (Prop_carry4_CI_CO[3])
                                                      0.089     4.712 r  adder_inst/RCA_inst/RCA_CARRY4_3/CO[3]
                         net (fo=1, routed)           0.000     4.712    adder_inst/RCA_inst/carry[15]
    SLICE_X0Y12          CARRY4 (Prop_carry4_CI_O[3])
                                                      0.234     4.946 r  adder_inst/RCA_inst/RCA_CARRY4_4/O[3]
                         net (fo=1, routed)           1.988     6.934    sum_OBUF[27]
    E17                  OBUF (Prop_obuf_I_O)         2.365     9.299 r  sum_OBUF[27]_inst/O
                         net (fo=0)                   0.000     9.299    sum[27]
    E17                                                               r  sum[27] (OUT)
  -------------------------------------------------------------------    -------------------

Slack:                    inf
  Source:                 B[5]
                            (input port)
  Destination:            sum[25]
                            (output port)
  Path Group:             (none)
  Path Type:              Max at Slow Process Corner
  Data Path Delay:        9.287ns  (logic 4.133ns (44.505%)  route 5.154ns (55.495%))
  Logic Levels:           9  (CARRY4=6 IBUF=1 LUT6=1 OBUF=1)

    Location             Delay type                Incr(ns)  Path(ns)    Netlist Resource(s)
  -------------------------------------------------------------------    -------------------
    C15                                               0.000     0.000 r  B[5] (IN)
                         net (fo=0)                   0.000     0.000    B[5]
    C15                  IBUF (Prop_ibuf_I_O)         0.802     0.802 r  B_IBUF[5]_inst/O
                         net (fo=4, routed)           3.156     3.958    adder_inst/CC_inst/CC_lut4/I3
    SLICE_X0Y7           LUT6 (Prop_lut6_I3_O)        0.097     4.055 r  adder_inst/CC_inst/CC_lut4/LUT6/O
                         net (fo=1, routed)           0.000     4.055    adder_inst/CC_inst/CC_lut4_n_1
    SLICE_X0Y7           CARRY4 (Prop_carry4_S[2]_CO[3])
                                                      0.301     4.356 r  adder_inst/CC_inst/CC_carry4_0/CO[3]
                         net (fo=1, routed)           0.000     4.356    adder_inst/RCA_inst/Cin
    SLICE_X0Y8           CARRY4 (Prop_carry4_CI_CO[3])
                                                      0.089     4.445 r  adder_inst/RCA_inst/RCA_CARRY4_0/CO[3]
                         net (fo=1, routed)           0.000     4.445    adder_inst/RCA_inst/carry[3]
    SLICE_X0Y9           CARRY4 (Prop_carry4_CI_CO[3])
                                                      0.089     4.534 r  adder_inst/RCA_inst/RCA_CARRY4_1/CO[3]
                         net (fo=1, routed)           0.000     4.534    adder_inst/RCA_inst/carry[7]
    SLICE_X0Y10          CARRY4 (Prop_carry4_CI_CO[3])
                                                      0.089     4.623 r  adder_inst/RCA_inst/RCA_CARRY4_2/CO[3]
                         net (fo=1, routed)           0.000     4.623    adder_inst/RCA_inst/carry[11]
    SLICE_X0Y11          CARRY4 (Prop_carry4_CI_CO[3])
                                                      0.089     4.712 r  adder_inst/RCA_inst/RCA_CARRY4_3/CO[3]
                         net (fo=1, routed)           0.000     4.712    adder_inst/RCA_inst/carry[15]
    SLICE_X0Y12          CARRY4 (Prop_carry4_CI_O[1])
                                                      0.230     4.942 r  adder_inst/RCA_inst/RCA_CARRY4_4/O[1]
                         net (fo=1, routed)           1.998     6.940    sum_OBUF[25]
    G18                  OBUF (Prop_obuf_I_O)         2.347     9.287 r  sum_OBUF[25]_inst/O
                         net (fo=0)                   0.000     9.287    sum[25]
    G18                                                               r  sum[25] (OUT)
  -------------------------------------------------------------------    -------------------

Slack:                    inf
  Source:                 B[5]
                            (input port)
  Destination:            sum[21]
                            (output port)
  Path Group:             (none)
  Path Type:              Max at Slow Process Corner
  Data Path Delay:        9.186ns  (logic 4.042ns (44.001%)  route 5.144ns (55.999%))
  Logic Levels:           8  (CARRY4=5 IBUF=1 LUT6=1 OBUF=1)

    Location             Delay type                Incr(ns)  Path(ns)    Netlist Resource(s)
  -------------------------------------------------------------------    -------------------
    C15                                               0.000     0.000 r  B[5] (IN)
                         net (fo=0)                   0.000     0.000    B[5]
    C15                  IBUF (Prop_ibuf_I_O)         0.802     0.802 r  B_IBUF[5]_inst/O
                         net (fo=4, routed)           3.156     3.958    adder_inst/CC_inst/CC_lut4/I3
    SLICE_X0Y7           LUT6 (Prop_lut6_I3_O)        0.097     4.055 r  adder_inst/CC_inst/CC_lut4/LUT6/O
                         net (fo=1, routed)           0.000     4.055    adder_inst/CC_inst/CC_lut4_n_1
    SLICE_X0Y7           CARRY4 (Prop_carry4_S[2]_CO[3])
                                                      0.301     4.356 r  adder_inst/CC_inst/CC_carry4_0/CO[3]
                         net (fo=1, routed)           0.000     4.356    adder_inst/RCA_inst/Cin
    SLICE_X0Y8           CARRY4 (Prop_carry4_CI_CO[3])
                                                      0.089     4.445 r  adder_inst/RCA_inst/RCA_CARRY4_0/CO[3]
                         net (fo=1, routed)           0.000     4.445    adder_inst/RCA_inst/carry[3]
    SLICE_X0Y9           CARRY4 (Prop_carry4_CI_CO[3])
                                                      0.089     4.534 r  adder_inst/RCA_inst/RCA_CARRY4_1/CO[3]
                         net (fo=1, routed)           0.000     4.534    adder_inst/RCA_inst/carry[7]
    SLICE_X0Y10          CARRY4 (Prop_carry4_CI_CO[3])
                                                      0.089     4.623 r  adder_inst/RCA_inst/RCA_CARRY4_2/CO[3]
                         net (fo=1, routed)           0.000     4.623    adder_inst/RCA_inst/carry[11]
    SLICE_X0Y11          CARRY4 (Prop_carry4_CI_O[1])
                                                      0.230     4.853 r  adder_inst/RCA_inst/RCA_CARRY4_3/O[1]
                         net (fo=1, routed)           1.988     6.841    sum_OBUF[21]
    G19                  OBUF (Prop_obuf_I_O)         2.345     9.186 r  sum_OBUF[21]_inst/O
                         net (fo=0)                   0.000     9.186    sum[21]
    G19                                                               r  sum[21] (OUT)
  -------------------------------------------------------------------    -------------------

Slack:                    inf
  Source:                 B[5]
                            (input port)
  Destination:            sum[30]
                            (output port)
  Path Group:             (none)
  Path Type:              Max at Slow Process Corner
  Data Path Delay:        9.153ns  (logic 4.188ns (45.751%)  route 4.966ns (54.249%))
  Logic Levels:           10  (CARRY4=7 IBUF=1 LUT6=1 OBUF=1)

    Location             Delay type                Incr(ns)  Path(ns)    Netlist Resource(s)
  -------------------------------------------------------------------    -------------------
    C15                                               0.000     0.000 r  B[5] (IN)
                         net (fo=0)                   0.000     0.000    B[5]
    C15                  IBUF (Prop_ibuf_I_O)         0.802     0.802 r  B_IBUF[5]_inst/O
                         net (fo=4, routed)           3.156     3.958    adder_inst/CC_inst/CC_lut4/I3
    SLICE_X0Y7           LUT6 (Prop_lut6_I3_O)        0.097     4.055 r  adder_inst/CC_inst/CC_lut4/LUT6/O
                         net (fo=1, routed)           0.000     4.055    adder_inst/CC_inst/CC_lut4_n_1
    SLICE_X0Y7           CARRY4 (Prop_carry4_S[2]_CO[3])
                                                      0.301     4.356 r  adder_inst/CC_inst/CC_carry4_0/CO[3]
                         net (fo=1, routed)           0.000     4.356    adder_inst/RCA_inst/Cin
    SLICE_X0Y8           CARRY4 (Prop_carry4_CI_CO[3])
                                                      0.089     4.445 r  adder_inst/RCA_inst/RCA_CARRY4_0/CO[3]
                         net (fo=1, routed)           0.000     4.445    adder_inst/RCA_inst/carry[3]
    SLICE_X0Y9           CARRY4 (Prop_carry4_CI_CO[3])
                                                      0.089     4.534 r  adder_inst/RCA_inst/RCA_CARRY4_1/CO[3]
                         net (fo=1, routed)           0.000     4.534    adder_inst/RCA_inst/carry[7]
    SLICE_X0Y10          CARRY4 (Prop_carry4_CI_CO[3])
                                                      0.089     4.623 r  adder_inst/RCA_inst/RCA_CARRY4_2/CO[3]
                         net (fo=1, routed)           0.000     4.623    adder_inst/RCA_inst/carry[11]
    SLICE_X0Y11          CARRY4 (Prop_carry4_CI_CO[3])
                                                      0.089     4.712 r  adder_inst/RCA_inst/RCA_CARRY4_3/CO[3]
                         net (fo=1, routed)           0.000     4.712    adder_inst/RCA_inst/carry[15]
    SLICE_X0Y12          CARRY4 (Prop_carry4_CI_CO[3])
                                                      0.089     4.801 r  adder_inst/RCA_inst/RCA_CARRY4_4/CO[3]
                         net (fo=1, routed)           0.000     4.801    adder_inst/RCA_inst/carry[19]
    SLICE_X0Y13          CARRY4 (Prop_carry4_CI_O[2])
                                                      0.181     4.982 r  adder_inst/RCA_inst/RCA_CARRY4_5/O[2]
                         net (fo=1, routed)           1.810     6.791    sum_OBUF[30]
    D19                  OBUF (Prop_obuf_I_O)         2.362     9.153 r  sum_OBUF[30]_inst/O
                         net (fo=0)                   0.000     9.153    sum[30]
    D19                                                               r  sum[30] (OUT)
  -------------------------------------------------------------------    -------------------

Slack:                    inf
  Source:                 B[5]
                            (input port)
  Destination:            sum[26]
                            (output port)
  Path Group:             (none)
  Path Type:              Max at Slow Process Corner
  Data Path Delay:        9.101ns  (logic 4.097ns (45.017%)  route 5.004ns (54.983%))
  Logic Levels:           9  (CARRY4=6 IBUF=1 LUT6=1 OBUF=1)

    Location             Delay type                Incr(ns)  Path(ns)    Netlist Resource(s)
  -------------------------------------------------------------------    -------------------
    C15                                               0.000     0.000 r  B[5] (IN)
                         net (fo=0)                   0.000     0.000    B[5]
    C15                  IBUF (Prop_ibuf_I_O)         0.802     0.802 r  B_IBUF[5]_inst/O
                         net (fo=4, routed)           3.156     3.958    adder_inst/CC_inst/CC_lut4/I3
    SLICE_X0Y7           LUT6 (Prop_lut6_I3_O)        0.097     4.055 r  adder_inst/CC_inst/CC_lut4/LUT6/O
                         net (fo=1, routed)           0.000     4.055    adder_inst/CC_inst/CC_lut4_n_1
    SLICE_X0Y7           CARRY4 (Prop_carry4_S[2]_CO[3])
                                                      0.301     4.356 r  adder_inst/CC_inst/CC_carry4_0/CO[3]
                         net (fo=1, routed)           0.000     4.356    adder_inst/RCA_inst/Cin
    SLICE_X0Y8           CARRY4 (Prop_carry4_CI_CO[3])
                                                      0.089     4.445 r  adder_inst/RCA_inst/RCA_CARRY4_0/CO[3]
                         net (fo=1, routed)           0.000     4.445    adder_inst/RCA_inst/carry[3]
    SLICE_X0Y9           CARRY4 (Prop_carry4_CI_CO[3])
                                                      0.089     4.534 r  adder_inst/RCA_inst/RCA_CARRY4_1/CO[3]
                         net (fo=1, routed)           0.000     4.534    adder_inst/RCA_inst/carry[7]
    SLICE_X0Y10          CARRY4 (Prop_carry4_CI_CO[3])
                                                      0.089     4.623 r  adder_inst/RCA_inst/RCA_CARRY4_2/CO[3]
                         net (fo=1, routed)           0.000     4.623    adder_inst/RCA_inst/carry[11]
    SLICE_X0Y11          CARRY4 (Prop_carry4_CI_CO[3])
                                                      0.089     4.712 r  adder_inst/RCA_inst/RCA_CARRY4_3/CO[3]
                         net (fo=1, routed)           0.000     4.712    adder_inst/RCA_inst/carry[15]
    SLICE_X0Y12          CARRY4 (Prop_carry4_CI_O[2])
                                                      0.181     4.893 r  adder_inst/RCA_inst/RCA_CARRY4_4/O[2]
                         net (fo=1, routed)           1.848     6.741    sum_OBUF[26]
    E18                  OBUF (Prop_obuf_I_O)         2.360     9.101 r  sum_OBUF[26]_inst/O
                         net (fo=0)                   0.000     9.101    sum[26]
    E18                                                               r  sum[26] (OUT)
  -------------------------------------------------------------------    -------------------

Slack:                    inf
  Source:                 B[5]
                            (input port)
  Destination:            sum[23]
                            (output port)
  Path Group:             (none)
  Path Type:              Max at Slow Process Corner
  Data Path Delay:        9.094ns  (logic 4.065ns (44.696%)  route 5.029ns (55.304%))
  Logic Levels:           8  (CARRY4=5 IBUF=1 LUT6=1 OBUF=1)

    Location             Delay type                Incr(ns)  Path(ns)    Netlist Resource(s)
  -------------------------------------------------------------------    -------------------
    C15                                               0.000     0.000 r  B[5] (IN)
                         net (fo=0)                   0.000     0.000    B[5]
    C15                  IBUF (Prop_ibuf_I_O)         0.802     0.802 r  B_IBUF[5]_inst/O
                         net (fo=4, routed)           3.156     3.958    adder_inst/CC_inst/CC_lut4/I3
    SLICE_X0Y7           LUT6 (Prop_lut6_I3_O)        0.097     4.055 r  adder_inst/CC_inst/CC_lut4/LUT6/O
                         net (fo=1, routed)           0.000     4.055    adder_inst/CC_inst/CC_lut4_n_1
    SLICE_X0Y7           CARRY4 (Prop_carry4_S[2]_CO[3])
                                                      0.301     4.356 r  adder_inst/CC_inst/CC_carry4_0/CO[3]
                         net (fo=1, routed)           0.000     4.356    adder_inst/RCA_inst/Cin
    SLICE_X0Y8           CARRY4 (Prop_carry4_CI_CO[3])
                                                      0.089     4.445 r  adder_inst/RCA_inst/RCA_CARRY4_0/CO[3]
                         net (fo=1, routed)           0.000     4.445    adder_inst/RCA_inst/carry[3]
    SLICE_X0Y9           CARRY4 (Prop_carry4_CI_CO[3])
                                                      0.089     4.534 r  adder_inst/RCA_inst/RCA_CARRY4_1/CO[3]
                         net (fo=1, routed)           0.000     4.534    adder_inst/RCA_inst/carry[7]
    SLICE_X0Y10          CARRY4 (Prop_carry4_CI_CO[3])
                                                      0.089     4.623 r  adder_inst/RCA_inst/RCA_CARRY4_2/CO[3]
                         net (fo=1, routed)           0.000     4.623    adder_inst/RCA_inst/carry[11]
    SLICE_X0Y11          CARRY4 (Prop_carry4_CI_O[3])
                                                      0.234     4.857 r  adder_inst/RCA_inst/RCA_CARRY4_3/O[3]
                         net (fo=1, routed)           1.873     6.730    sum_OBUF[23]
    F17                  OBUF (Prop_obuf_I_O)         2.364     9.094 r  sum_OBUF[23]_inst/O
                         net (fo=0)                   0.000     9.094    sum[23]
    F17                                                               r  sum[23] (OUT)
  -------------------------------------------------------------------    -------------------

Slack:                    inf
  Source:                 B[5]
                            (input port)
  Destination:            sum[24]
                            (output port)
  Path Group:             (none)
  Path Type:              Max at Slow Process Corner
  Data Path Delay:        9.089ns  (logic 4.056ns (44.627%)  route 5.033ns (55.373%))
  Logic Levels:           9  (CARRY4=6 IBUF=1 LUT6=1 OBUF=1)

    Location             Delay type                Incr(ns)  Path(ns)    Netlist Resource(s)
  -------------------------------------------------------------------    -------------------
    C15                                               0.000     0.000 r  B[5] (IN)
                         net (fo=0)                   0.000     0.000    B[5]
    C15                  IBUF (Prop_ibuf_I_O)         0.802     0.802 r  B_IBUF[5]_inst/O
                         net (fo=4, routed)           3.156     3.958    adder_inst/CC_inst/CC_lut4/I3
    SLICE_X0Y7           LUT6 (Prop_lut6_I3_O)        0.097     4.055 r  adder_inst/CC_inst/CC_lut4/LUT6/O
                         net (fo=1, routed)           0.000     4.055    adder_inst/CC_inst/CC_lut4_n_1
    SLICE_X0Y7           CARRY4 (Prop_carry4_S[2]_CO[3])
                                                      0.301     4.356 r  adder_inst/CC_inst/CC_carry4_0/CO[3]
                         net (fo=1, routed)           0.000     4.356    adder_inst/RCA_inst/Cin
    SLICE_X0Y8           CARRY4 (Prop_carry4_CI_CO[3])
                                                      0.089     4.445 r  adder_inst/RCA_inst/RCA_CARRY4_0/CO[3]
                         net (fo=1, routed)           0.000     4.445    adder_inst/RCA_inst/carry[3]
    SLICE_X0Y9           CARRY4 (Prop_carry4_CI_CO[3])
                                                      0.089     4.534 r  adder_inst/RCA_inst/RCA_CARRY4_1/CO[3]
                         net (fo=1, routed)           0.000     4.534    adder_inst/RCA_inst/carry[7]
    SLICE_X0Y10          CARRY4 (Prop_carry4_CI_CO[3])
                                                      0.089     4.623 r  adder_inst/RCA_inst/RCA_CARRY4_2/CO[3]
                         net (fo=1, routed)           0.000     4.623    adder_inst/RCA_inst/carry[11]
    SLICE_X0Y11          CARRY4 (Prop_carry4_CI_CO[3])
                                                      0.089     4.712 r  adder_inst/RCA_inst/RCA_CARRY4_3/CO[3]
                         net (fo=1, routed)           0.000     4.712    adder_inst/RCA_inst/carry[15]
    SLICE_X0Y12          CARRY4 (Prop_carry4_CI_O[0])
                                                      0.159     4.871 r  adder_inst/RCA_inst/RCA_CARRY4_4/O[0]
                         net (fo=1, routed)           1.877     6.747    sum_OBUF[24]
    H18                  OBUF (Prop_obuf_I_O)         2.341     9.089 r  sum_OBUF[24]_inst/O
                         net (fo=0)                   0.000     9.089    sum[24]
    H18                                                               r  sum[24] (OUT)
  -------------------------------------------------------------------    -------------------





Min Delay Paths
--------------------------------------------------------------------------------------
Slack:                    inf
  Source:                 rst
                            (input port)
  Destination:            out_reg_So_reg/R
  Path Group:             (none)
  Path Type:              Min at Fast Process Corner
  Data Path Delay:        0.573ns  (logic 0.163ns (28.470%)  route 0.410ns (71.530%))
  Logic Levels:           1  (IBUF=1)

    Location             Delay type                Incr(ns)  Path(ns)    Netlist Resource(s)
  -------------------------------------------------------------------    -------------------
    P17                                               0.000     0.000 r  rst (IN)
                         net (fo=0)                   0.000     0.000    rst
    P17                  IBUF (Prop_ibuf_I_O)         0.163     0.163 r  rst_IBUF_inst/O
                         net (fo=3, routed)           0.410     0.573    rst_IBUF
    SLICE_X0Y14          FDRE                                         r  out_reg_So_reg/R
  -------------------------------------------------------------------    -------------------

Slack:                    inf
  Source:                 rst
                            (input port)
  Destination:            out_reg_fa_reg/R
  Path Group:             (none)
  Path Type:              Min at Fast Process Corner
  Data Path Delay:        0.625ns  (logic 0.163ns (26.097%)  route 0.462ns (73.903%))
  Logic Levels:           1  (IBUF=1)

    Location             Delay type                Incr(ns)  Path(ns)    Netlist Resource(s)
  -------------------------------------------------------------------    -------------------
    P17                                               0.000     0.000 r  rst (IN)
                         net (fo=0)                   0.000     0.000    rst
    P17                  IBUF (Prop_ibuf_I_O)         0.163     0.163 r  rst_IBUF_inst/O
                         net (fo=3, routed)           0.462     0.625    rst_IBUF
    SLICE_X0Y13          FDRE                                         r  out_reg_fa_reg/R
  -------------------------------------------------------------------    -------------------

Slack:                    inf
  Source:                 rst
                            (input port)
  Destination:            in_reg_reg/R
  Path Group:             (none)
  Path Type:              Min at Fast Process Corner
  Data Path Delay:        0.702ns  (logic 0.163ns (23.252%)  route 0.539ns (76.748%))
  Logic Levels:           1  (IBUF=1)

    Location             Delay type                Incr(ns)  Path(ns)    Netlist Resource(s)
  -------------------------------------------------------------------    -------------------
    P17                                               0.000     0.000 r  rst (IN)
                         net (fo=0)                   0.000     0.000    rst
    P17                  IBUF (Prop_ibuf_I_O)         0.163     0.163 r  rst_IBUF_inst/O
                         net (fo=3, routed)           0.539     0.702    rst_IBUF
    SLICE_X1Y6           FDRE                                         r  in_reg_reg/R
  -------------------------------------------------------------------    -------------------

Slack:                    inf
  Source:                 B[30]
                            (input port)
  Destination:            out_reg_fa_reg/D
  Path Group:             (none)
  Path Type:              Min at Fast Process Corner
  Data Path Delay:        0.750ns  (logic 0.298ns (39.662%)  route 0.453ns (60.338%))
  Logic Levels:           3  (CARRY4=1 IBUF=1 LUT6=1)

    Location             Delay type                Incr(ns)  Path(ns)    Netlist Resource(s)
  -------------------------------------------------------------------    -------------------
    T18                                               0.000     0.000 r  B[30] (IN)
                         net (fo=0)                   0.000     0.000    B[30]
    T18                  IBUF (Prop_ibuf_I_O)         0.154     0.154 r  B_IBUF[30]_inst/O
                         net (fo=1, routed)           0.453     0.606    adder_inst/RCA_inst/B[22]
    SLICE_X0Y13          LUT6 (Prop_lut6_I1_O)        0.045     0.651 r  adder_inst/RCA_inst/RCA_LUT_22/O
                         net (fo=1, routed)           0.000     0.651    adder_inst/RCA_inst/Propagate[22]
    SLICE_X0Y13          CARRY4 (Prop_carry4_S[2]_O[3])
                                                      0.099     0.750 r  adder_inst/RCA_inst/RCA_CARRY4_5/O[3]
                         net (fo=1, routed)           0.000     0.750    driver_fa
    SLICE_X0Y13          FDRE                                         r  out_reg_fa_reg/D
  -------------------------------------------------------------------    -------------------

Slack:                    inf
  Source:                 in_reg_reg/C
                            (rising edge-triggered cell FDRE)
  Destination:            out_reg_So_reg/D
  Path Group:             (none)
  Path Type:              Min at Fast Process Corner
  Data Path Delay:        1.095ns  (logic 0.427ns (38.993%)  route 0.668ns (61.007%))
  Logic Levels:           4  (CARRY4=1 FDRE=1 LUT5=1 LUT6=1)

    Location             Delay type                Incr(ns)  Path(ns)    Netlist Resource(s)
  -------------------------------------------------------------------    -------------------
    SLICE_X1Y6           FDRE                         0.000     0.000 r  in_reg_reg/C
    SLICE_X1Y6           FDRE (Prop_fdre_C_Q)         0.141     0.141 r  in_reg_reg/Q
                         net (fo=4, routed)           0.341     0.482    adder_inst/CC_inst/CC_lut0/I0
    SLICE_X0Y7           LUT5 (Prop_lut5_I0_O)        0.044     0.526 r  adder_inst/CC_inst/CC_lut0/LUT5/O
                         net (fo=1, routed)           0.000     0.526    adder_inst/CC_inst/CC_lut0_n_0
    SLICE_X0Y7           CARRY4 (Prop_carry4_DI[0]_CO[2])
                                                      0.132     0.658 r  adder_inst/CC_inst/CC_carry4_0/CO[2]
                         net (fo=2, routed)           0.134     0.792    adder_inst/compressed_adder_inst/So_lut_3/I4
    SLICE_X1Y7           LUT6 (Prop_lut6_I4_O)        0.110     0.902 r  adder_inst/compressed_adder_inst/So_lut_3/LUT6/O
                         net (fo=1, routed)           0.193     1.095    driver_So
    SLICE_X0Y14          FDRE                                         r  out_reg_So_reg/D
  -------------------------------------------------------------------    -------------------

Slack:                    inf
  Source:                 A[0]
                            (input port)
  Destination:            in_reg_reg/D
  Path Group:             (none)
  Path Type:              Min at Fast Process Corner
  Data Path Delay:        1.528ns  (logic 0.163ns (10.680%)  route 1.365ns (89.320%))
  Logic Levels:           1  (IBUF=1)

    Location             Delay type                Incr(ns)  Path(ns)    Netlist Resource(s)
  -------------------------------------------------------------------    -------------------
    V9                                                0.000     0.000 r  A[0] (IN)
                         net (fo=0)                   0.000     0.000    A[0]
    V9                   IBUF (Prop_ibuf_I_O)         0.163     0.163 r  A_IBUF[0]_inst/O
                         net (fo=1, routed)           1.365     1.528    A_IBUF[0]
    SLICE_X1Y6           FDRE                                         r  in_reg_reg/D
  -------------------------------------------------------------------    -------------------

Slack:                    inf
  Source:                 out_reg_So_reg/C
                            (rising edge-triggered cell FDRE)
  Destination:            sum[7]
                            (output port)
  Path Group:             (none)
  Path Type:              Min at Fast Process Corner
  Data Path Delay:        1.665ns  (logic 1.239ns (74.429%)  route 0.426ns (25.571%))
  Logic Levels:           2  (FDRE=1 OBUF=1)

    Location             Delay type                Incr(ns)  Path(ns)    Netlist Resource(s)
  -------------------------------------------------------------------    -------------------
    SLICE_X0Y14          FDRE                         0.000     0.000 r  out_reg_So_reg/C
    SLICE_X0Y14          FDRE (Prop_fdre_C_Q)         0.141     0.141 r  out_reg_So_reg/Q
                         net (fo=1, routed)           0.426     0.567    sum_OBUF[7]
    N19                  OBUF (Prop_obuf_I_O)         1.098     1.665 r  sum_OBUF[7]_inst/O
                         net (fo=0)                   0.000     1.665    sum[7]
    N19                                                               r  sum[7] (OUT)
  -------------------------------------------------------------------    -------------------

Slack:                    inf
  Source:                 in_reg_reg/C
                            (rising edge-triggered cell FDRE)
  Destination:            sum[1]
                            (output port)
  Path Group:             (none)
  Path Type:              Min at Fast Process Corner
  Data Path Delay:        2.067ns  (logic 1.309ns (63.313%)  route 0.758ns (36.687%))
  Logic Levels:           3  (FDRE=1 LUT6=1 OBUF=1)

    Location             Delay type                Incr(ns)  Path(ns)    Netlist Resource(s)
  -------------------------------------------------------------------    -------------------
    SLICE_X1Y6           FDRE                         0.000     0.000 r  in_reg_reg/C
    SLICE_X1Y6           FDRE (Prop_fdre_C_Q)         0.141     0.141 r  in_reg_reg/Q
                         net (fo=4, routed)           0.281     0.422    adder_inst/compressed_adder_inst/So_lut_0/I0
    SLICE_X1Y6           LUT6 (Prop_lut6_I0_O)        0.045     0.467 r  adder_inst/compressed_adder_inst/So_lut_0/LUT6/O
                         net (fo=1, routed)           0.478     0.944    sum_OBUF[1]
    U19                  OBUF (Prop_obuf_I_O)         1.123     2.067 r  sum_OBUF[1]_inst/O
                         net (fo=0)                   0.000     2.067    sum[1]
    U19                                                               r  sum[1] (OUT)
  -------------------------------------------------------------------    -------------------

Slack:                    inf
  Source:                 in_reg_reg/C
                            (rising edge-triggered cell FDRE)
  Destination:            sum[0]
                            (output port)
  Path Group:             (none)
  Path Type:              Min at Fast Process Corner
  Data Path Delay:        2.074ns  (logic 1.362ns (65.678%)  route 0.712ns (34.322%))
  Logic Levels:           3  (FDRE=1 LUT5=1 OBUF=1)

    Location             Delay type                Incr(ns)  Path(ns)    Netlist Resource(s)
  -------------------------------------------------------------------    -------------------
    SLICE_X1Y6           FDRE                         0.000     0.000 r  in_reg_reg/C
    SLICE_X1Y6           FDRE (Prop_fdre_C_Q)         0.141     0.141 r  in_reg_reg/Q
                         net (fo=4, routed)           0.281     0.422    adder_inst/compressed_adder_inst/So_lut_0/I0
    SLICE_X1Y6           LUT5 (Prop_lut5_I0_O)        0.044     0.466 r  adder_inst/compressed_adder_inst/So_lut_0/LUT5/O
                         net (fo=1, routed)           0.431     0.897    sum_OBUF[0]
    V19                  OBUF (Prop_obuf_I_O)         1.177     2.074 r  sum_OBUF[0]_inst/O
                         net (fo=0)                   0.000     2.074    sum[0]
    V19                                                               r  sum[0] (OUT)
  -------------------------------------------------------------------    -------------------

Slack:                    inf
  Source:                 out_reg_fa_reg/C
                            (rising edge-triggered cell FDRE)
  Destination:            sum[31]
                            (output port)
  Path Group:             (none)
  Path Type:              Min at Fast Process Corner
  Data Path Delay:        2.103ns  (logic 1.258ns (59.827%)  route 0.845ns (40.173%))
  Logic Levels:           2  (FDRE=1 OBUF=1)

    Location             Delay type                Incr(ns)  Path(ns)    Netlist Resource(s)
  -------------------------------------------------------------------    -------------------
    SLICE_X0Y13          FDRE                         0.000     0.000 r  out_reg_fa_reg/C
    SLICE_X0Y13          FDRE (Prop_fdre_C_Q)         0.141     0.141 r  out_reg_fa_reg/Q
                         net (fo=1, routed)           0.845     0.986    sum_OBUF[31]
    D18                  OBUF (Prop_obuf_I_O)         1.117     2.103 r  sum_OBUF[31]_inst/O
                         net (fo=0)                   0.000     2.103    sum[31]
    D18                                                               r  sum[31] (OUT)
  -------------------------------------------------------------------    -------------------





