Copyright 1986-2022 Xilinx, Inc. All Rights Reserved. Copyright 2022-2024 Advanced Micro Devices, Inc. All Rights Reserved.
---------------------------------------------------------------------------------------------------------------------------------------------------------------------------------------------------------------------------------------------
| Tool Version : Vivado v.2024.2 (lin64) Build 5239630 Fri Nov 08 22:34:34 MST 2024
| Date         : Mon Jun  9 10:55:52 2025
| Host         : abhijit-Vostro-15-3568 running 64-bit Ubuntu 20.04.6 LTS
| Command      : report_timing_summary -max_paths 10 -report_unconstrained -file mn_adder_wrapper_timing_summary_routed.rpt -pb mn_adder_wrapper_timing_summary_routed.pb -rpx mn_adder_wrapper_timing_summary_routed.rpx -warn_on_violation
| Design       : mn_adder_wrapper
| Device       : 7a12t-cpg238
| Speed File   : -3  PRODUCTION 1.23 2018-06-13
| Design State : Routed
---------------------------------------------------------------------------------------------------------------------------------------------------------------------------------------------------------------------------------------------

Timing Summary Report

------------------------------------------------------------------------------------------------
| Timer Settings
| --------------
------------------------------------------------------------------------------------------------

  Enable Multi Corner Analysis               :  Yes
  Enable Pessimism Removal                   :  Yes
  Pessimism Removal Resolution               :  Nearest Common Node
  Enable Input Delay Default Clock           :  No
  Enable Preset / Clear Arcs                 :  No
  Disable Flight Delays                      :  No
  Ignore I/O Paths                           :  No
  Timing Early Launch at Borrowing Latches   :  No
  Borrow Time for Max Delay Exceptions       :  Yes
  Merge Timing Exceptions                    :  Yes
  Inter-SLR Compensation                     :  Conservative

  Corner  Analyze    Analyze    
  Name    Max Paths  Min Paths  
  ------  ---------  ---------  
  Slow    Yes        Yes        
  Fast    Yes        Yes        


------------------------------------------------------------------------------------------------
| Report Methodology
| ------------------
------------------------------------------------------------------------------------------------

Rule       Severity          Description                  Violations  
---------  ----------------  ---------------------------  ----------  
TIMING-17  Critical Warning  Non-clocked sequential cell  2           

Note: This report is based on the most recent report_methodology run and may not be up-to-date. Run report_methodology on the current design for the latest report.



check_timing report

Table of Contents
-----------------
1. checking no_clock (2)
2. checking constant_clock (0)
3. checking pulse_width_clock (0)
4. checking unconstrained_internal_endpoints (4)
5. checking no_input_delay (66)
6. checking no_output_delay (32)
7. checking multiple_clock (0)
8. checking generated_clocks (0)
9. checking loops (0)
10. checking partial_input_delay (0)
11. checking partial_output_delay (0)
12. checking latch_loops (0)

1. checking no_clock (2)
------------------------
 There are 2 register/latch pins with no clock driven by root clock pin: clk (HIGH)


2. checking constant_clock (0)
------------------------------
 There are 0 register/latch pins with constant_clock.


3. checking pulse_width_clock (0)
---------------------------------
 There are 0 register/latch pins which need pulse_width check


4. checking unconstrained_internal_endpoints (4)
------------------------------------------------
 There are 4 pins that are not constrained for maximum delay. (HIGH)

 There are 0 pins that are not constrained for maximum delay due to constant clock.


5. checking no_input_delay (66)
-------------------------------
 There are 66 input ports with no input delay specified. (HIGH)

 There are 0 input ports with no input delay but user has a false path constraint.


6. checking no_output_delay (32)
--------------------------------
 There are 32 ports with no output delay specified. (HIGH)

 There are 0 ports with no output delay but user has a false path constraint

 There are 0 ports with no output delay but with a timing clock defined on it or propagating through it


7. checking multiple_clock (0)
------------------------------
 There are 0 register/latch pins with multiple clocks.


8. checking generated_clocks (0)
--------------------------------
 There are 0 generated clocks that are not connected to a clock source.


9. checking loops (0)
---------------------
 There are 0 combinational loops in the design.


10. checking partial_input_delay (0)
------------------------------------
 There are 0 input ports with partial input delay specified.


11. checking partial_output_delay (0)
-------------------------------------
 There are 0 ports with partial output delay specified.


12. checking latch_loops (0)
----------------------------
 There are 0 combinational latch loops in the design through latch input



------------------------------------------------------------------------------------------------
| Design Timing Summary
| ---------------------
------------------------------------------------------------------------------------------------

    WNS(ns)      TNS(ns)  TNS Failing Endpoints  TNS Total Endpoints      WHS(ns)      THS(ns)  THS Failing Endpoints  THS Total Endpoints     WPWS(ns)     TPWS(ns)  TPWS Failing Endpoints  TPWS Total Endpoints  
    -------      -------  ---------------------  -------------------      -------      -------  ---------------------  -------------------     --------     --------  ----------------------  --------------------  
        inf        0.000                      0                   36          inf        0.000                      0                   36           NA           NA                      NA                    NA  


There are no user specified timing constraints.


------------------------------------------------------------------------------------------------
| Clock Summary
| -------------
------------------------------------------------------------------------------------------------


------------------------------------------------------------------------------------------------
| Intra Clock Table
| -----------------
------------------------------------------------------------------------------------------------

Clock             WNS(ns)      TNS(ns)  TNS Failing Endpoints  TNS Total Endpoints      WHS(ns)      THS(ns)  THS Failing Endpoints  THS Total Endpoints     WPWS(ns)     TPWS(ns)  TPWS Failing Endpoints  TPWS Total Endpoints  
-----             -------      -------  ---------------------  -------------------      -------      -------  ---------------------  -------------------     --------     --------  ----------------------  --------------------  


------------------------------------------------------------------------------------------------
| Inter Clock Table
| -----------------
------------------------------------------------------------------------------------------------

From Clock    To Clock          WNS(ns)      TNS(ns)  TNS Failing Endpoints  TNS Total Endpoints      WHS(ns)      THS(ns)  THS Failing Endpoints  THS Total Endpoints  
----------    --------          -------      -------  ---------------------  -------------------      -------      -------  ---------------------  -------------------  


------------------------------------------------------------------------------------------------
| Other Path Groups Table
| -----------------------
------------------------------------------------------------------------------------------------

Path Group    From Clock    To Clock          WNS(ns)      TNS(ns)  TNS Failing Endpoints  TNS Total Endpoints      WHS(ns)      THS(ns)  THS Failing Endpoints  THS Total Endpoints  
----------    ----------    --------          -------      -------  ---------------------  -------------------      -------      -------  ---------------------  -------------------  


------------------------------------------------------------------------------------------------
| User Ignored Path Table
| -----------------------
------------------------------------------------------------------------------------------------

Path Group    From Clock    To Clock    
----------    ----------    --------    


------------------------------------------------------------------------------------------------
| Unconstrained Path Table
| ------------------------
------------------------------------------------------------------------------------------------

Path Group    From Clock    To Clock    
----------    ----------    --------    
(none)                                    


------------------------------------------------------------------------------------------------
| Timing Details
| --------------
------------------------------------------------------------------------------------------------


--------------------------------------------------------------------------------------
Path Group:  (none)
From Clock:  
  To Clock:  

Max Delay            36 Endpoints
Min Delay            36 Endpoints
--------------------------------------------------------------------------------------


Max Delay Paths
--------------------------------------------------------------------------------------
Slack:                    inf
  Source:                 B[8]
                            (input port)
  Destination:            sum[26]
                            (output port)
  Path Group:             (none)
  Path Type:              Max at Slow Process Corner
  Data Path Delay:        9.860ns  (logic 4.212ns (42.720%)  route 5.648ns (57.280%))
  Logic Levels:           7  (CARRY4=3 IBUF=1 LUT5=1 LUT6=1 OBUF=1)

    Location             Delay type                Incr(ns)  Path(ns)    Netlist Resource(s)
  -------------------------------------------------------------------    -------------------
    A16                                               0.000     0.000 r  B[8] (IN)
                         net (fo=0)                   0.000     0.000    B[8]
    A16                  IBUF (Prop_ibuf_I_O)         0.787     0.787 r  B_IBUF[8]_inst/O
                         net (fo=4, routed)           3.090     3.877    adder_inst/CC_inst/CC_lut8/I1
    SLICE_X0Y8           LUT6 (Prop_lut6_I1_O)        0.097     3.974 r  adder_inst/CC_inst/CC_lut8/LUT6/O
                         net (fo=1, routed)           0.000     3.974    adder_inst/CC_inst/group_propagate[4]
    SLICE_X0Y8           CARRY4 (Prop_carry4_S[0]_CO[3])
                                                      0.395     4.369 r  adder_inst/CC_inst/CC_carry4_1/CO[3]
                         net (fo=3, routed)           0.000     4.369    adder_inst/CC_inst/group_carry[7]
    SLICE_X0Y9           CARRY4 (Prop_carry4_CI_CO[3])
                                                      0.089     4.458 r  adder_inst/CC_inst/CC_carry4_2/CO[3]
                         net (fo=3, routed)           0.000     4.458    adder_inst/CC_inst/group_carry[11]
    SLICE_X0Y10          CARRY4 (Prop_carry4_CI_CO[0])
                                                      0.187     4.645 r  adder_inst/CC_inst/CC_carry4_3/CO[0]
                         net (fo=2, routed)           0.414     5.059    adder_inst/compressed_adder_inst/So_lut_13/I4
    SLICE_X1Y10          LUT5 (Prop_lut5_I4_O)        0.287     5.346 r  adder_inst/compressed_adder_inst/So_lut_13/LUT5/O
                         net (fo=1, routed)           2.144     7.490    sum_OBUF[26]
    E17                  OBUF (Prop_obuf_I_O)         2.370     9.860 r  sum_OBUF[26]_inst/O
                         net (fo=0)                   0.000     9.860    sum[26]
    E17                                                               r  sum[26] (OUT)
  -------------------------------------------------------------------    -------------------

Slack:                    inf
  Source:                 B[8]
                            (input port)
  Destination:            sum[25]
                            (output port)
  Path Group:             (none)
  Path Type:              Max at Slow Process Corner
  Data Path Delay:        9.781ns  (logic 3.692ns (37.752%)  route 6.088ns (62.248%))
  Logic Levels:           6  (CARRY4=2 IBUF=1 LUT6=2 OBUF=1)

    Location             Delay type                Incr(ns)  Path(ns)    Netlist Resource(s)
  -------------------------------------------------------------------    -------------------
    A16                                               0.000     0.000 r  B[8] (IN)
                         net (fo=0)                   0.000     0.000    B[8]
    A16                  IBUF (Prop_ibuf_I_O)         0.787     0.787 r  B_IBUF[8]_inst/O
                         net (fo=4, routed)           3.090     3.877    adder_inst/CC_inst/CC_lut8/I1
    SLICE_X0Y8           LUT6 (Prop_lut6_I1_O)        0.097     3.974 r  adder_inst/CC_inst/CC_lut8/LUT6/O
                         net (fo=1, routed)           0.000     3.974    adder_inst/CC_inst/group_propagate[4]
    SLICE_X0Y8           CARRY4 (Prop_carry4_S[0]_CO[3])
                                                      0.395     4.369 r  adder_inst/CC_inst/CC_carry4_1/CO[3]
                         net (fo=3, routed)           0.000     4.369    adder_inst/CC_inst/group_carry[7]
    SLICE_X0Y9           CARRY4 (Prop_carry4_CI_CO[3])
                                                      0.089     4.458 r  adder_inst/CC_inst/CC_carry4_2/CO[3]
                         net (fo=3, routed)           0.857     5.315    adder_inst/compressed_adder_inst/So_lut_12/I4
    SLICE_X1Y9           LUT6 (Prop_lut6_I4_O)        0.097     5.412 r  adder_inst/compressed_adder_inst/So_lut_12/LUT6/O
                         net (fo=1, routed)           2.141     7.553    sum_OBUF[25]
    E18                  OBUF (Prop_obuf_I_O)         2.227     9.781 r  sum_OBUF[25]_inst/O
                         net (fo=0)                   0.000     9.781    sum[25]
    E18                                                               r  sum[25] (OUT)
  -------------------------------------------------------------------    -------------------

Slack:                    inf
  Source:                 B[8]
                            (input port)
  Destination:            sum[24]
                            (output port)
  Path Group:             (none)
  Path Type:              Max at Slow Process Corner
  Data Path Delay:        9.698ns  (logic 3.837ns (39.571%)  route 5.860ns (60.429%))
  Logic Levels:           6  (CARRY4=2 IBUF=1 LUT5=1 LUT6=1 OBUF=1)

    Location             Delay type                Incr(ns)  Path(ns)    Netlist Resource(s)
  -------------------------------------------------------------------    -------------------
    A16                                               0.000     0.000 r  B[8] (IN)
                         net (fo=0)                   0.000     0.000    B[8]
    A16                  IBUF (Prop_ibuf_I_O)         0.787     0.787 r  B_IBUF[8]_inst/O
                         net (fo=4, routed)           3.090     3.877    adder_inst/CC_inst/CC_lut8/I1
    SLICE_X0Y8           LUT6 (Prop_lut6_I1_O)        0.097     3.974 r  adder_inst/CC_inst/CC_lut8/LUT6/O
                         net (fo=1, routed)           0.000     3.974    adder_inst/CC_inst/group_propagate[4]
    SLICE_X0Y8           CARRY4 (Prop_carry4_S[0]_CO[3])
                                                      0.395     4.369 r  adder_inst/CC_inst/CC_carry4_1/CO[3]
                         net (fo=3, routed)           0.000     4.369    adder_inst/CC_inst/group_carry[7]
    SLICE_X0Y9           CARRY4 (Prop_carry4_CI_CO[3])
                                                      0.089     4.458 r  adder_inst/CC_inst/CC_carry4_2/CO[3]
                         net (fo=3, routed)           0.857     5.315    adder_inst/compressed_adder_inst/So_lut_12/I4
    SLICE_X1Y9           LUT5 (Prop_lut5_I4_O)        0.107     5.422 r  adder_inst/compressed_adder_inst/So_lut_12/LUT5/O
                         net (fo=1, routed)           1.913     7.335    sum_OBUF[24]
    G18                  OBUF (Prop_obuf_I_O)         2.362     9.698 r  sum_OBUF[24]_inst/O
                         net (fo=0)                   0.000     9.698    sum[24]
    G18                                                               r  sum[24] (OUT)
  -------------------------------------------------------------------    -------------------

Slack:                    inf
  Source:                 B[8]
                            (input port)
  Destination:            sum[27]
                            (output port)
  Path Group:             (none)
  Path Type:              Max at Slow Process Corner
  Data Path Delay:        9.670ns  (logic 4.051ns (41.897%)  route 5.618ns (58.103%))
  Logic Levels:           7  (CARRY4=3 IBUF=1 LUT6=2 OBUF=1)

    Location             Delay type                Incr(ns)  Path(ns)    Netlist Resource(s)
  -------------------------------------------------------------------    -------------------
    A16                                               0.000     0.000 r  B[8] (IN)
                         net (fo=0)                   0.000     0.000    B[8]
    A16                  IBUF (Prop_ibuf_I_O)         0.787     0.787 r  B_IBUF[8]_inst/O
                         net (fo=4, routed)           3.090     3.877    adder_inst/CC_inst/CC_lut8/I1
    SLICE_X0Y8           LUT6 (Prop_lut6_I1_O)        0.097     3.974 r  adder_inst/CC_inst/CC_lut8/LUT6/O
                         net (fo=1, routed)           0.000     3.974    adder_inst/CC_inst/group_propagate[4]
    SLICE_X0Y8           CARRY4 (Prop_carry4_S[0]_CO[3])
                                                      0.395     4.369 r  adder_inst/CC_inst/CC_carry4_1/CO[3]
                         net (fo=3, routed)           0.000     4.369    adder_inst/CC_inst/group_carry[7]
    SLICE_X0Y9           CARRY4 (Prop_carry4_CI_CO[3])
                                                      0.089     4.458 r  adder_inst/CC_inst/CC_carry4_2/CO[3]
                         net (fo=3, routed)           0.000     4.458    adder_inst/CC_inst/group_carry[11]
    SLICE_X0Y10          CARRY4 (Prop_carry4_CI_CO[0])
                                                      0.187     4.645 r  adder_inst/CC_inst/CC_carry4_3/CO[0]
                         net (fo=2, routed)           0.414     5.059    adder_inst/compressed_adder_inst/So_lut_13/I4
    SLICE_X1Y10          LUT6 (Prop_lut6_I4_O)        0.279     5.338 r  adder_inst/compressed_adder_inst/So_lut_13/LUT6/O
                         net (fo=1, routed)           2.115     7.453    sum_OBUF[27]
    F19                  OBUF (Prop_obuf_I_O)         2.217     9.670 r  sum_OBUF[27]_inst/O
                         net (fo=0)                   0.000     9.670    sum[27]
    F19                                                               r  sum[27] (OUT)
  -------------------------------------------------------------------    -------------------

Slack:                    inf
  Source:                 B[8]
                            (input port)
  Destination:            sum[28]
                            (output port)
  Path Group:             (none)
  Path Type:              Max at Slow Process Corner
  Data Path Delay:        9.616ns  (logic 4.116ns (42.801%)  route 5.500ns (57.199%))
  Logic Levels:           7  (CARRY4=3 IBUF=1 LUT5=1 LUT6=1 OBUF=1)

    Location             Delay type                Incr(ns)  Path(ns)    Netlist Resource(s)
  -------------------------------------------------------------------    -------------------
    A16                                               0.000     0.000 r  B[8] (IN)
                         net (fo=0)                   0.000     0.000    B[8]
    A16                  IBUF (Prop_ibuf_I_O)         0.787     0.787 r  B_IBUF[8]_inst/O
                         net (fo=4, routed)           3.090     3.877    adder_inst/CC_inst/CC_lut8/I1
    SLICE_X0Y8           LUT6 (Prop_lut6_I1_O)        0.097     3.974 r  adder_inst/CC_inst/CC_lut8/LUT6/O
                         net (fo=1, routed)           0.000     3.974    adder_inst/CC_inst/group_propagate[4]
    SLICE_X0Y8           CARRY4 (Prop_carry4_S[0]_CO[3])
                                                      0.395     4.369 r  adder_inst/CC_inst/CC_carry4_1/CO[3]
                         net (fo=3, routed)           0.000     4.369    adder_inst/CC_inst/group_carry[7]
    SLICE_X0Y9           CARRY4 (Prop_carry4_CI_CO[3])
                                                      0.089     4.458 r  adder_inst/CC_inst/CC_carry4_2/CO[3]
                         net (fo=3, routed)           0.000     4.458    adder_inst/CC_inst/group_carry[11]
    SLICE_X0Y10          CARRY4 (Prop_carry4_CI_CO[1])
                                                      0.120     4.578 r  adder_inst/CC_inst/CC_carry4_3/CO[1]
                         net (fo=2, routed)           0.281     4.859    adder_inst/compressed_adder_inst/So_lut_14/I4
    SLICE_X1Y10          LUT5 (Prop_lut5_I4_O)        0.257     5.116 r  adder_inst/compressed_adder_inst/So_lut_14/LUT5/O
                         net (fo=1, routed)           2.130     7.246    sum_OBUF[28]
    E19                  OBUF (Prop_obuf_I_O)         2.371     9.616 r  sum_OBUF[28]_inst/O
                         net (fo=0)                   0.000     9.616    sum[28]
    E19                                                               r  sum[28] (OUT)
  -------------------------------------------------------------------    -------------------

Slack:                    inf
  Source:                 B[8]
                            (input port)
  Destination:            sum[30]
                            (output port)
  Path Group:             (none)
  Path Type:              Max at Slow Process Corner
  Data Path Delay:        9.549ns  (logic 4.155ns (43.514%)  route 5.394ns (56.486%))
  Logic Levels:           7  (CARRY4=3 IBUF=1 LUT5=1 LUT6=1 OBUF=1)

    Location             Delay type                Incr(ns)  Path(ns)    Netlist Resource(s)
  -------------------------------------------------------------------    -------------------
    A16                                               0.000     0.000 r  B[8] (IN)
                         net (fo=0)                   0.000     0.000    B[8]
    A16                  IBUF (Prop_ibuf_I_O)         0.787     0.787 r  B_IBUF[8]_inst/O
                         net (fo=4, routed)           3.090     3.877    adder_inst/CC_inst/CC_lut8/I1
    SLICE_X0Y8           LUT6 (Prop_lut6_I1_O)        0.097     3.974 r  adder_inst/CC_inst/CC_lut8/LUT6/O
                         net (fo=1, routed)           0.000     3.974    adder_inst/CC_inst/group_propagate[4]
    SLICE_X0Y8           CARRY4 (Prop_carry4_S[0]_CO[3])
                                                      0.395     4.369 r  adder_inst/CC_inst/CC_carry4_1/CO[3]
                         net (fo=3, routed)           0.000     4.369    adder_inst/CC_inst/group_carry[7]
    SLICE_X0Y9           CARRY4 (Prop_carry4_CI_CO[3])
                                                      0.089     4.458 r  adder_inst/CC_inst/CC_carry4_2/CO[3]
                         net (fo=3, routed)           0.000     4.458    adder_inst/CC_inst/group_carry[11]
    SLICE_X0Y10          CARRY4 (Prop_carry4_CI_CO[2])
                                                      0.173     4.631 r  adder_inst/CC_inst/CC_carry4_3/CO[2]
                         net (fo=2, routed)           0.274     4.905    adder_inst/compressed_adder_inst/So_lut_15/I4
    SLICE_X1Y10          LUT5 (Prop_lut5_I4_O)        0.247     5.152 r  adder_inst/compressed_adder_inst/So_lut_15/LUT5/O
                         net (fo=1, routed)           2.030     7.182    sum_OBUF[30]
    D18                  OBUF (Prop_obuf_I_O)         2.367     9.549 r  sum_OBUF[30]_inst/O
                         net (fo=0)                   0.000     9.549    sum[30]
    D18                                                               r  sum[30] (OUT)
  -------------------------------------------------------------------    -------------------

Slack:                    inf
  Source:                 B[8]
                            (input port)
  Destination:            sum[17]
                            (output port)
  Path Group:             (none)
  Path Type:              Max at Slow Process Corner
  Data Path Delay:        9.531ns  (logic 3.605ns (37.827%)  route 5.926ns (62.173%))
  Logic Levels:           5  (CARRY4=1 IBUF=1 LUT6=2 OBUF=1)

    Location             Delay type                Incr(ns)  Path(ns)    Netlist Resource(s)
  -------------------------------------------------------------------    -------------------
    A16                                               0.000     0.000 r  B[8] (IN)
                         net (fo=0)                   0.000     0.000    B[8]
    A16                  IBUF (Prop_ibuf_I_O)         0.787     0.787 r  B_IBUF[8]_inst/O
                         net (fo=4, routed)           3.090     3.877    adder_inst/CC_inst/CC_lut8/I1
    SLICE_X0Y8           LUT6 (Prop_lut6_I1_O)        0.097     3.974 r  adder_inst/CC_inst/CC_lut8/LUT6/O
                         net (fo=1, routed)           0.000     3.974    adder_inst/CC_inst/group_propagate[4]
    SLICE_X0Y8           CARRY4 (Prop_carry4_S[0]_CO[3])
                                                      0.395     4.369 r  adder_inst/CC_inst/CC_carry4_1/CO[3]
                         net (fo=3, routed)           0.856     5.225    adder_inst/compressed_adder_inst/So_lut_8/I4
    SLICE_X1Y8           LUT6 (Prop_lut6_I4_O)        0.097     5.322 r  adder_inst/compressed_adder_inst/So_lut_8/LUT6/O
                         net (fo=1, routed)           1.980     7.302    sum_OBUF[17]
    J17                  OBUF (Prop_obuf_I_O)         2.229     9.531 r  sum_OBUF[17]_inst/O
                         net (fo=0)                   0.000     9.531    sum[17]
    J17                                                               r  sum[17] (OUT)
  -------------------------------------------------------------------    -------------------

Slack:                    inf
  Source:                 B[8]
                            (input port)
  Destination:            sum[16]
                            (output port)
  Path Group:             (none)
  Path Type:              Max at Slow Process Corner
  Data Path Delay:        9.525ns  (logic 3.744ns (39.310%)  route 5.780ns (60.690%))
  Logic Levels:           5  (CARRY4=1 IBUF=1 LUT5=1 LUT6=1 OBUF=1)

    Location             Delay type                Incr(ns)  Path(ns)    Netlist Resource(s)
  -------------------------------------------------------------------    -------------------
    A16                                               0.000     0.000 r  B[8] (IN)
                         net (fo=0)                   0.000     0.000    B[8]
    A16                  IBUF (Prop_ibuf_I_O)         0.787     0.787 r  B_IBUF[8]_inst/O
                         net (fo=4, routed)           3.090     3.877    adder_inst/CC_inst/CC_lut8/I1
    SLICE_X0Y8           LUT6 (Prop_lut6_I1_O)        0.097     3.974 r  adder_inst/CC_inst/CC_lut8/LUT6/O
                         net (fo=1, routed)           0.000     3.974    adder_inst/CC_inst/group_propagate[4]
    SLICE_X0Y8           CARRY4 (Prop_carry4_S[0]_CO[3])
                                                      0.395     4.369 r  adder_inst/CC_inst/CC_carry4_1/CO[3]
                         net (fo=3, routed)           0.856     5.225    adder_inst/compressed_adder_inst/So_lut_8/I4
    SLICE_X1Y8           LUT5 (Prop_lut5_I4_O)        0.104     5.329 r  adder_inst/compressed_adder_inst/So_lut_8/LUT5/O
                         net (fo=1, routed)           1.834     7.164    sum_OBUF[16]
    J19                  OBUF (Prop_obuf_I_O)         2.361     9.525 r  sum_OBUF[16]_inst/O
                         net (fo=0)                   0.000     9.525    sum[16]
    J19                                                               r  sum[16] (OUT)
  -------------------------------------------------------------------    -------------------

Slack:                    inf
  Source:                 B[8]
                            (input port)
  Destination:            sum[22]
                            (output port)
  Path Group:             (none)
  Path Type:              Max at Slow Process Corner
  Data Path Delay:        9.511ns  (logic 4.074ns (42.833%)  route 5.437ns (57.167%))
  Logic Levels:           6  (CARRY4=2 IBUF=1 LUT5=1 LUT6=1 OBUF=1)

    Location             Delay type                Incr(ns)  Path(ns)    Netlist Resource(s)
  -------------------------------------------------------------------    -------------------
    A16                                               0.000     0.000 r  B[8] (IN)
                         net (fo=0)                   0.000     0.000    B[8]
    A16                  IBUF (Prop_ibuf_I_O)         0.787     0.787 r  B_IBUF[8]_inst/O
                         net (fo=4, routed)           3.090     3.877    adder_inst/CC_inst/CC_lut8/I1
    SLICE_X0Y8           LUT6 (Prop_lut6_I1_O)        0.097     3.974 r  adder_inst/CC_inst/CC_lut8/LUT6/O
                         net (fo=1, routed)           0.000     3.974    adder_inst/CC_inst/group_propagate[4]
    SLICE_X0Y8           CARRY4 (Prop_carry4_S[0]_CO[3])
                                                      0.395     4.369 r  adder_inst/CC_inst/CC_carry4_1/CO[3]
                         net (fo=3, routed)           0.000     4.369    adder_inst/CC_inst/group_carry[7]
    SLICE_X0Y9           CARRY4 (Prop_carry4_CI_CO[2])
                                                      0.173     4.542 r  adder_inst/CC_inst/CC_carry4_2/CO[2]
                         net (fo=2, routed)           0.477     5.019    adder_inst/compressed_adder_inst/So_lut_11/I4
    SLICE_X1Y9           LUT5 (Prop_lut5_I4_O)        0.245     5.264 r  adder_inst/compressed_adder_inst/So_lut_11/LUT5/O
                         net (fo=1, routed)           1.871     7.135    sum_OBUF[22]
    F17                  OBUF (Prop_obuf_I_O)         2.377     9.511 r  sum_OBUF[22]_inst/O
                         net (fo=0)                   0.000     9.511    sum[22]
    F17                                                               r  sum[22] (OUT)
  -------------------------------------------------------------------    -------------------

Slack:                    inf
  Source:                 B[8]
                            (input port)
  Destination:            sum[29]
                            (output port)
  Path Group:             (none)
  Path Type:              Max at Slow Process Corner
  Data Path Delay:        9.457ns  (logic 3.966ns (41.935%)  route 5.491ns (58.065%))
  Logic Levels:           7  (CARRY4=3 IBUF=1 LUT6=2 OBUF=1)

    Location             Delay type                Incr(ns)  Path(ns)    Netlist Resource(s)
  -------------------------------------------------------------------    -------------------
    A16                                               0.000     0.000 r  B[8] (IN)
                         net (fo=0)                   0.000     0.000    B[8]
    A16                  IBUF (Prop_ibuf_I_O)         0.787     0.787 r  B_IBUF[8]_inst/O
                         net (fo=4, routed)           3.090     3.877    adder_inst/CC_inst/CC_lut8/I1
    SLICE_X0Y8           LUT6 (Prop_lut6_I1_O)        0.097     3.974 r  adder_inst/CC_inst/CC_lut8/LUT6/O
                         net (fo=1, routed)           0.000     3.974    adder_inst/CC_inst/group_propagate[4]
    SLICE_X0Y8           CARRY4 (Prop_carry4_S[0]_CO[3])
                                                      0.395     4.369 r  adder_inst/CC_inst/CC_carry4_1/CO[3]
                         net (fo=3, routed)           0.000     4.369    adder_inst/CC_inst/group_carry[7]
    SLICE_X0Y9           CARRY4 (Prop_carry4_CI_CO[3])
                                                      0.089     4.458 r  adder_inst/CC_inst/CC_carry4_2/CO[3]
                         net (fo=3, routed)           0.000     4.458    adder_inst/CC_inst/group_carry[11]
    SLICE_X0Y10          CARRY4 (Prop_carry4_CI_CO[1])
                                                      0.120     4.578 r  adder_inst/CC_inst/CC_carry4_3/CO[1]
                         net (fo=2, routed)           0.281     4.859    adder_inst/compressed_adder_inst/So_lut_14/I4
    SLICE_X1Y10          LUT6 (Prop_lut6_I4_O)        0.249     5.108 r  adder_inst/compressed_adder_inst/So_lut_14/LUT6/O
                         net (fo=1, routed)           2.121     7.229    sum_OBUF[29]
    D19                  OBUF (Prop_obuf_I_O)         2.229     9.457 r  sum_OBUF[29]_inst/O
                         net (fo=0)                   0.000     9.457    sum[29]
    D19                                                               r  sum[29] (OUT)
  -------------------------------------------------------------------    -------------------





Min Delay Paths
--------------------------------------------------------------------------------------
Slack:                    inf
  Source:                 A[0]
                            (input port)
  Destination:            in_reg_reg/D
  Path Group:             (none)
  Path Type:              Min at Fast Process Corner
  Data Path Delay:        0.873ns  (logic 0.165ns (18.907%)  route 0.708ns (81.093%))
  Logic Levels:           1  (IBUF=1)

    Location             Delay type                Incr(ns)  Path(ns)    Netlist Resource(s)
  -------------------------------------------------------------------    -------------------
    C17                                               0.000     0.000 r  A[0] (IN)
                         net (fo=0)                   0.000     0.000    A[0]
    C17                  IBUF (Prop_ibuf_I_O)         0.165     0.165 r  A_IBUF[0]_inst/O
                         net (fo=1, routed)           0.708     0.873    A_IBUF[0]
    SLICE_X0Y36          FDRE                                         r  in_reg_reg/D
  -------------------------------------------------------------------    -------------------

Slack:                    inf
  Source:                 rst
                            (input port)
  Destination:            in_reg_reg/R
  Path Group:             (none)
  Path Type:              Min at Fast Process Corner
  Data Path Delay:        1.314ns  (logic 0.156ns (11.845%)  route 1.158ns (88.155%))
  Logic Levels:           1  (IBUF=1)

    Location             Delay type                Incr(ns)  Path(ns)    Netlist Resource(s)
  -------------------------------------------------------------------    -------------------
    L1                                                0.000     0.000 r  rst (IN)
                         net (fo=0)                   0.000     0.000    rst
    L1                   IBUF (Prop_ibuf_I_O)         0.156     0.156 r  rst_IBUF_inst/O
                         net (fo=2, routed)           1.158     1.314    rst_IBUF
    SLICE_X0Y36          FDRE                                         r  in_reg_reg/R
  -------------------------------------------------------------------    -------------------

Slack:                    inf
  Source:                 rst
                            (input port)
  Destination:            out_reg_So_reg/R
  Path Group:             (none)
  Path Type:              Min at Fast Process Corner
  Data Path Delay:        1.314ns  (logic 0.156ns (11.845%)  route 1.158ns (88.155%))
  Logic Levels:           1  (IBUF=1)

    Location             Delay type                Incr(ns)  Path(ns)    Netlist Resource(s)
  -------------------------------------------------------------------    -------------------
    L1                                                0.000     0.000 r  rst (IN)
                         net (fo=0)                   0.000     0.000    rst
    L1                   IBUF (Prop_ibuf_I_O)         0.156     0.156 r  rst_IBUF_inst/O
                         net (fo=2, routed)           1.158     1.314    rst_IBUF
    SLICE_X0Y36          FDRE                                         r  out_reg_So_reg/R
  -------------------------------------------------------------------    -------------------

Slack:                    inf
  Source:                 B[31]
                            (input port)
  Destination:            out_reg_So_reg/D
  Path Group:             (none)
  Path Type:              Min at Fast Process Corner
  Data Path Delay:        1.417ns  (logic 0.208ns (14.692%)  route 1.209ns (85.308%))
  Logic Levels:           2  (IBUF=1 LUT6=1)

    Location             Delay type                Incr(ns)  Path(ns)    Netlist Resource(s)
  -------------------------------------------------------------------    -------------------
    P17                                               0.000     0.000 r  B[31] (IN)
                         net (fo=0)                   0.000     0.000    B[31]
    P17                  IBUF (Prop_ibuf_I_O)         0.163     0.163 r  B_IBUF[31]_inst/O
                         net (fo=4, routed)           0.504     0.667    adder_inst/compressed_adder_inst/So_lut_15/I3
    SLICE_X1Y10          LUT6 (Prop_lut6_I3_O)        0.045     0.712 r  adder_inst/compressed_adder_inst/So_lut_15/LUT6/O
                         net (fo=1, routed)           0.705     1.417    driver_So
    SLICE_X0Y36          FDRE                                         r  out_reg_So_reg/D
  -------------------------------------------------------------------    -------------------

Slack:                    inf
  Source:                 out_reg_So_reg/C
                            (rising edge-triggered cell FDRE)
  Destination:            sum[31]
                            (output port)
  Path Group:             (none)
  Path Type:              Min at Fast Process Corner
  Data Path Delay:        1.740ns  (logic 1.259ns (72.315%)  route 0.482ns (27.685%))
  Logic Levels:           2  (FDRE=1 OBUF=1)

    Location             Delay type                Incr(ns)  Path(ns)    Netlist Resource(s)
  -------------------------------------------------------------------    -------------------
    SLICE_X0Y36          FDRE                         0.000     0.000 r  out_reg_So_reg/C
    SLICE_X0Y36          FDRE (Prop_fdre_C_Q)         0.141     0.141 r  out_reg_So_reg/Q
                         net (fo=1, routed)           0.482     0.623    sum_OBUF[31]
    D17                  OBUF (Prop_obuf_I_O)         1.118     1.740 r  sum_OBUF[31]_inst/O
                         net (fo=0)                   0.000     1.740    sum[31]
    D17                                                               r  sum[31] (OUT)
  -------------------------------------------------------------------    -------------------

Slack:                    inf
  Source:                 Cin
                            (input port)
  Destination:            sum[1]
                            (output port)
  Path Group:             (none)
  Path Type:              Min at Fast Process Corner
  Data Path Delay:        2.268ns  (logic 1.320ns (58.190%)  route 0.948ns (41.810%))
  Logic Levels:           3  (IBUF=1 LUT6=1 OBUF=1)

    Location             Delay type                Incr(ns)  Path(ns)    Netlist Resource(s)
  -------------------------------------------------------------------    -------------------
    V19                                               0.000     0.000 r  Cin (IN)
                         net (fo=0)                   0.000     0.000    Cin
    V19                  IBUF (Prop_ibuf_I_O)         0.164     0.164 r  Cin_IBUF_inst/O
                         net (fo=3, routed)           0.481     0.645    adder_inst/compressed_adder_inst/So_lut_0/I4
    SLICE_X1Y6           LUT6 (Prop_lut6_I4_O)        0.045     0.690 r  adder_inst/compressed_adder_inst/So_lut_0/LUT6/O
                         net (fo=1, routed)           0.468     1.158    sum_OBUF[1]
    T19                  OBUF (Prop_obuf_I_O)         1.110     2.268 r  sum_OBUF[1]_inst/O
                         net (fo=0)                   0.000     2.268    sum[1]
    T19                                                               r  sum[1] (OUT)
  -------------------------------------------------------------------    -------------------

Slack:                    inf
  Source:                 Cin
                            (input port)
  Destination:            sum[0]
                            (output port)
  Path Group:             (none)
  Path Type:              Min at Fast Process Corner
  Data Path Delay:        2.360ns  (logic 1.397ns (59.217%)  route 0.962ns (40.783%))
  Logic Levels:           3  (IBUF=1 LUT5=1 OBUF=1)

    Location             Delay type                Incr(ns)  Path(ns)    Netlist Resource(s)
  -------------------------------------------------------------------    -------------------
    V19                                               0.000     0.000 r  Cin (IN)
                         net (fo=0)                   0.000     0.000    Cin
    V19                  IBUF (Prop_ibuf_I_O)         0.164     0.164 r  Cin_IBUF_inst/O
                         net (fo=3, routed)           0.481     0.645    adder_inst/compressed_adder_inst/So_lut_0/I4
    SLICE_X1Y6           LUT5 (Prop_lut5_I4_O)        0.048     0.693 r  adder_inst/compressed_adder_inst/So_lut_0/LUT5/O
                         net (fo=1, routed)           0.482     1.175    sum_OBUF[0]
    U19                  OBUF (Prop_obuf_I_O)         1.185     2.360 r  sum_OBUF[0]_inst/O
                         net (fo=0)                   0.000     2.360    sum[0]
    U19                                                               r  sum[0] (OUT)
  -------------------------------------------------------------------    -------------------

Slack:                    inf
  Source:                 B[13]
                            (input port)
  Destination:            sum[13]
                            (output port)
  Path Group:             (none)
  Path Type:              Min at Fast Process Corner
  Data Path Delay:        2.432ns  (logic 1.308ns (53.786%)  route 1.124ns (46.214%))
  Logic Levels:           3  (IBUF=1 LUT6=1 OBUF=1)

    Location             Delay type                Incr(ns)  Path(ns)    Netlist Resource(s)
  -------------------------------------------------------------------    -------------------
    U14                                               0.000     0.000 r  B[13] (IN)
                         net (fo=0)                   0.000     0.000    B[13]
    U14                  IBUF (Prop_ibuf_I_O)         0.150     0.150 r  B_IBUF[13]_inst/O
                         net (fo=4, routed)           0.517     0.666    adder_inst/compressed_adder_inst/So_lut_6/I3
    SLICE_X1Y8           LUT6 (Prop_lut6_I3_O)        0.045     0.711 r  adder_inst/compressed_adder_inst/So_lut_6/LUT6/O
                         net (fo=1, routed)           0.607     1.318    sum_OBUF[13]
    M19                  OBUF (Prop_obuf_I_O)         1.113     2.432 r  sum_OBUF[13]_inst/O
                         net (fo=0)                   0.000     2.432    sum[13]
    M19                                                               r  sum[13] (OUT)
  -------------------------------------------------------------------    -------------------

Slack:                    inf
  Source:                 B[19]
                            (input port)
  Destination:            sum[19]
                            (output port)
  Path Group:             (none)
  Path Type:              Min at Fast Process Corner
  Data Path Delay:        2.458ns  (logic 1.305ns (53.083%)  route 1.153ns (46.917%))
  Logic Levels:           3  (IBUF=1 LUT6=1 OBUF=1)

    Location             Delay type                Incr(ns)  Path(ns)    Netlist Resource(s)
  -------------------------------------------------------------------    -------------------
    U15                                               0.000     0.000 r  B[19] (IN)
                         net (fo=0)                   0.000     0.000    B[19]
    U15                  IBUF (Prop_ibuf_I_O)         0.150     0.150 r  B_IBUF[19]_inst/O
                         net (fo=4, routed)           0.456     0.606    adder_inst/compressed_adder_inst/So_lut_9/I3
    SLICE_X1Y9           LUT6 (Prop_lut6_I3_O)        0.045     0.651 r  adder_inst/compressed_adder_inst/So_lut_9/LUT6/O
                         net (fo=1, routed)           0.697     1.349    sum_OBUF[19]
    H19                  OBUF (Prop_obuf_I_O)         1.110     2.458 r  sum_OBUF[19]_inst/O
                         net (fo=0)                   0.000     2.458    sum[19]
    H19                                                               r  sum[19] (OUT)
  -------------------------------------------------------------------    -------------------

Slack:                    inf
  Source:                 B[23]
                            (input port)
  Destination:            sum[23]
                            (output port)
  Path Group:             (none)
  Path Type:              Min at Fast Process Corner
  Data Path Delay:        2.479ns  (logic 1.307ns (52.735%)  route 1.172ns (47.265%))
  Logic Levels:           3  (IBUF=1 LUT6=1 OBUF=1)

    Location             Delay type                Incr(ns)  Path(ns)    Netlist Resource(s)
  -------------------------------------------------------------------    -------------------
    V16                                               0.000     0.000 r  B[23] (IN)
                         net (fo=0)                   0.000     0.000    B[23]
    V16                  IBUF (Prop_ibuf_I_O)         0.154     0.154 r  B_IBUF[23]_inst/O
                         net (fo=4, routed)           0.412     0.567    adder_inst/compressed_adder_inst/So_lut_11/I3
    SLICE_X1Y9           LUT6 (Prop_lut6_I3_O)        0.045     0.612 r  adder_inst/compressed_adder_inst/So_lut_11/LUT6/O
                         net (fo=1, routed)           0.759     1.371    sum_OBUF[23]
    H18                  OBUF (Prop_obuf_I_O)         1.108     2.479 r  sum_OBUF[23]_inst/O
                         net (fo=0)                   0.000     2.479    sum[23]
    H18                                                               r  sum[23] (OUT)
  -------------------------------------------------------------------    -------------------





