#-----------------------------------------------------------
# Vivado v2024.2 (64-bit)
# SW Build 5239630 on Fri Nov 08 22:34:34 MST 2024
# IP Build 5239520 on Sun Nov 10 16:12:51 MST 2024
# SharedData Build 5239561 on Fri Nov 08 14:39:27 MST 2024
# Start of session at: Mon Jun  9 00:22:42 2025
# Process ID         : 15211
# Current directory  : /home/abhijit/Desktop/delay_automation/design_sweep_runs/mn_adder_N16M8
# Command line       : vivado /home/abhijit/Desktop/delay_automation/design_sweep_runs/mn_adder_N16M8/mn_adder_N16M8.xpr
# Log file           : /home/abhijit/Desktop/delay_automation/design_sweep_runs/mn_adder_N16M8/vivado.log
# Journal file       : /home/abhijit/Desktop/delay_automation/design_sweep_runs/mn_adder_N16M8/vivado.jou
# Running On         : abhijit-Vostro-15-3568
# Platform           : Ubuntu
# Operating System   : Ubuntu 20.04.6 LTS
# Processor Detail   : Intel(R) Core(TM) i3-7020U CPU @ 2.30GHz
# CPU Frequency      : 2300.000 MHz
# CPU Physical cores : 2
# CPU Logical cores  : 4
# Host memory        : 3961 MB
# Swap memory        : 8589 MB
# Total Virtual      : 12551 MB
# Available Virtual  : 11779 MB
#-----------------------------------------------------------
start_gui
open_project /home/abhijit/Desktop/delay_automation/design_sweep_runs/mn_adder_N16M8/mn_adder_N16M8.xpr
INFO: [filemgmt 56-3] Default IP Output Path : Could not find the directory '/home/abhijit/Desktop/delay_automation/design_sweep_runs/mn_adder_N16M8/mn_adder_N16M8.gen/sources_1'.
Scanning sources...
Finished scanning sources
INFO: [IP_Flow 19-234] Refreshing IP repositories
INFO: [IP_Flow 19-1704] No user IP repositories specified
INFO: [IP_Flow 19-2313] Loaded Vivado IP repository '/home/abhijit/Xilinx/Vivado/2024.2/data/ip'.
open_project: Time (s): cpu = 00:00:17 ; elapsed = 00:00:05 . Memory (MB): peak = 7684.449 ; gain = 236.094 ; free physical = 1320 ; free virtual = 10584
update_compile_order -fileset sources_1
open_run impl_1
INFO: [Device 21-403] Loading part xc7a12tcpg238-3
Netlist sorting complete. Time (s): cpu = 00:00:00.01 ; elapsed = 00:00:00.01 . Memory (MB): peak = 7826.738 ; gain = 0.000 ; free physical = 1178 ; free virtual = 10439
INFO: [Netlist 29-17] Analyzing 11 Unisim elements for replacement
INFO: [Netlist 29-28] Unisim Transformation completed in 0 CPU seconds
INFO: [Project 1-479] Netlist was created with Vivado 2024.2
INFO: [Project 1-570] Preparing netlist for logic optimization
Read ShapeDB Complete: Time (s): cpu = 00:00:00.01 ; elapsed = 00:00:00 . Memory (MB): peak = 7876.676 ; gain = 0.000 ; free physical = 1094 ; free virtual = 10358
INFO: [Designutils 20-5722] Start Reading Physical Databases.
Reading placement.
Read Netlist Cache: Time (s): cpu = 00:00:00 ; elapsed = 00:00:00 . Memory (MB): peak = 7876.676 ; gain = 0.000 ; free physical = 1094 ; free virtual = 10358
Reading placer database...
Read Device Cache: Time (s): cpu = 00:00:00.01 ; elapsed = 00:00:00 . Memory (MB): peak = 7878.676 ; gain = 2.000 ; free physical = 1092 ; free virtual = 10356
Read PlaceDB: Time (s): cpu = 00:00:00 ; elapsed = 00:00:00.01 . Memory (MB): peak = 7878.676 ; gain = 0.000 ; free physical = 1091 ; free virtual = 10356
Read PulsedLatchDB: Time (s): cpu = 00:00:00 ; elapsed = 00:00:00 . Memory (MB): peak = 7878.676 ; gain = 0.000 ; free physical = 1091 ; free virtual = 10356
Reading routing.
Read RouteStorage: Time (s): cpu = 00:00:00.01 ; elapsed = 00:00:00.01 . Memory (MB): peak = 7930.082 ; gain = 51.406 ; free physical = 1091 ; free virtual = 10355
Read Physdb Files: Time (s): cpu = 00:00:00.04 ; elapsed = 00:00:00.03 . Memory (MB): peak = 7930.082 ; gain = 53.406 ; free physical = 1091 ; free virtual = 10355
Restored from archive | CPU: 0.040000 secs | Memory: 0.122849 MB |
Finished XDEF File Restore: Time (s): cpu = 00:00:00.04 ; elapsed = 00:00:00.03 . Memory (MB): peak = 7930.082 ; gain = 53.406 ; free physical = 1091 ; free virtual = 10355
Netlist sorting complete. Time (s): cpu = 00:00:00 ; elapsed = 00:00:00 . Memory (MB): peak = 8311.039 ; gain = 0.000 ; free physical = 726 ; free virtual = 9987
INFO: [Project 1-111] Unisim Transformation Summary:
  A total of 8 instances were transformed.
  LUT6_2 => LUT6_2 (LUT5, LUT6): 8 instances

open_run: Time (s): cpu = 00:00:28 ; elapsed = 00:00:15 . Memory (MB): peak = 8596.582 ; gain = 910.055 ; free physical = 458 ; free virtual = 9723
WARNING: [Timing 38-313] There are no user specified timing constraints. Timing constraints are needed for proper timing analysis.
close_design
close_project
exit
INFO: [Common 17-206] Exiting Vivado at Mon Jun  9 00:24:46 2025...
