Copyright 1986-2022 Xilinx, Inc. All Rights Reserved. Copyright 2022-2024 Advanced Micro Devices, Inc. All Rights Reserved.
---------------------------------------------------------------------------------------------------------------------------------------------------------------------------------------------------------------------------------------------
| Tool Version : Vivado v.2024.2 (lin64) Build 5239630 Fri Nov 08 22:34:34 MST 2024
| Date         : Mon Jun  9 11:08:32 2025
| Host         : abhijit-Vostro-15-3568 running 64-bit Ubuntu 20.04.6 LTS
| Command      : report_timing_summary -max_paths 10 -report_unconstrained -file mn_adder_wrapper_timing_summary_routed.rpt -pb mn_adder_wrapper_timing_summary_routed.pb -rpx mn_adder_wrapper_timing_summary_routed.rpx -warn_on_violation
| Design       : mn_adder_wrapper
| Device       : 7a12t-cpg238
| Speed File   : -3  PRODUCTION 1.23 2018-06-13
| Design State : Routed
---------------------------------------------------------------------------------------------------------------------------------------------------------------------------------------------------------------------------------------------

Timing Summary Report

------------------------------------------------------------------------------------------------
| Timer Settings
| --------------
------------------------------------------------------------------------------------------------

  Enable Multi Corner Analysis               :  Yes
  Enable Pessimism Removal                   :  Yes
  Pessimism Removal Resolution               :  Nearest Common Node
  Enable Input Delay Default Clock           :  No
  Enable Preset / Clear Arcs                 :  No
  Disable Flight Delays                      :  No
  Ignore I/O Paths                           :  No
  Timing Early Launch at Borrowing Latches   :  No
  Borrow Time for Max Delay Exceptions       :  Yes
  Merge Timing Exceptions                    :  Yes
  Inter-SLR Compensation                     :  Conservative

  Corner  Analyze    Analyze    
  Name    Max Paths  Min Paths  
  ------  ---------  ---------  
  Slow    Yes        Yes        
  Fast    Yes        Yes        


------------------------------------------------------------------------------------------------
| Report Methodology
| ------------------
------------------------------------------------------------------------------------------------

Rule       Severity          Description                  Violations  
---------  ----------------  ---------------------------  ----------  
TIMING-17  Critical Warning  Non-clocked sequential cell  3           

Note: This report is based on the most recent report_methodology run and may not be up-to-date. Run report_methodology on the current design for the latest report.



check_timing report

Table of Contents
-----------------
1. checking no_clock (3)
2. checking constant_clock (0)
3. checking pulse_width_clock (0)
4. checking unconstrained_internal_endpoints (6)
5. checking no_input_delay (66)
6. checking no_output_delay (33)
7. checking multiple_clock (0)
8. checking generated_clocks (0)
9. checking loops (0)
10. checking partial_input_delay (0)
11. checking partial_output_delay (0)
12. checking latch_loops (0)

1. checking no_clock (3)
------------------------
 There are 3 register/latch pins with no clock driven by root clock pin: clk (HIGH)


2. checking constant_clock (0)
------------------------------
 There are 0 register/latch pins with constant_clock.


3. checking pulse_width_clock (0)
---------------------------------
 There are 0 register/latch pins which need pulse_width check


4. checking unconstrained_internal_endpoints (6)
------------------------------------------------
 There are 6 pins that are not constrained for maximum delay. (HIGH)

 There are 0 pins that are not constrained for maximum delay due to constant clock.


5. checking no_input_delay (66)
-------------------------------
 There are 66 input ports with no input delay specified. (HIGH)

 There are 0 input ports with no input delay but user has a false path constraint.


6. checking no_output_delay (33)
--------------------------------
 There are 33 ports with no output delay specified. (HIGH)

 There are 0 ports with no output delay but user has a false path constraint

 There are 0 ports with no output delay but with a timing clock defined on it or propagating through it


7. checking multiple_clock (0)
------------------------------
 There are 0 register/latch pins with multiple clocks.


8. checking generated_clocks (0)
--------------------------------
 There are 0 generated clocks that are not connected to a clock source.


9. checking loops (0)
---------------------
 There are 0 combinational loops in the design.


10. checking partial_input_delay (0)
------------------------------------
 There are 0 input ports with partial input delay specified.


11. checking partial_output_delay (0)
-------------------------------------
 There are 0 ports with partial output delay specified.


12. checking latch_loops (0)
----------------------------
 There are 0 combinational latch loops in the design through latch input



------------------------------------------------------------------------------------------------
| Design Timing Summary
| ---------------------
------------------------------------------------------------------------------------------------

    WNS(ns)      TNS(ns)  TNS Failing Endpoints  TNS Total Endpoints      WHS(ns)      THS(ns)  THS Failing Endpoints  THS Total Endpoints     WPWS(ns)     TPWS(ns)  TPWS Failing Endpoints  TPWS Total Endpoints  
    -------      -------  ---------------------  -------------------      -------      -------  ---------------------  -------------------     --------     --------  ----------------------  --------------------  
        inf        0.000                      0                   39          inf        0.000                      0                   39           NA           NA                      NA                    NA  


There are no user specified timing constraints.


------------------------------------------------------------------------------------------------
| Clock Summary
| -------------
------------------------------------------------------------------------------------------------


------------------------------------------------------------------------------------------------
| Intra Clock Table
| -----------------
------------------------------------------------------------------------------------------------

Clock             WNS(ns)      TNS(ns)  TNS Failing Endpoints  TNS Total Endpoints      WHS(ns)      THS(ns)  THS Failing Endpoints  THS Total Endpoints     WPWS(ns)     TPWS(ns)  TPWS Failing Endpoints  TPWS Total Endpoints  
-----             -------      -------  ---------------------  -------------------      -------      -------  ---------------------  -------------------     --------     --------  ----------------------  --------------------  


------------------------------------------------------------------------------------------------
| Inter Clock Table
| -----------------
------------------------------------------------------------------------------------------------

From Clock    To Clock          WNS(ns)      TNS(ns)  TNS Failing Endpoints  TNS Total Endpoints      WHS(ns)      THS(ns)  THS Failing Endpoints  THS Total Endpoints  
----------    --------          -------      -------  ---------------------  -------------------      -------      -------  ---------------------  -------------------  


------------------------------------------------------------------------------------------------
| Other Path Groups Table
| -----------------------
------------------------------------------------------------------------------------------------

Path Group    From Clock    To Clock          WNS(ns)      TNS(ns)  TNS Failing Endpoints  TNS Total Endpoints      WHS(ns)      THS(ns)  THS Failing Endpoints  THS Total Endpoints  
----------    ----------    --------          -------      -------  ---------------------  -------------------      -------      -------  ---------------------  -------------------  


------------------------------------------------------------------------------------------------
| User Ignored Path Table
| -----------------------
------------------------------------------------------------------------------------------------

Path Group    From Clock    To Clock    
----------    ----------    --------    


------------------------------------------------------------------------------------------------
| Unconstrained Path Table
| ------------------------
------------------------------------------------------------------------------------------------

Path Group    From Clock    To Clock    
----------    ----------    --------    
(none)                                    


------------------------------------------------------------------------------------------------
| Timing Details
| --------------
------------------------------------------------------------------------------------------------


--------------------------------------------------------------------------------------
Path Group:  (none)
From Clock:  
  To Clock:  

Max Delay            39 Endpoints
Min Delay            39 Endpoints
--------------------------------------------------------------------------------------


Max Delay Paths
--------------------------------------------------------------------------------------
Slack:                    inf
  Source:                 B[6]
                            (input port)
  Destination:            sum[30]
                            (output port)
  Path Group:             (none)
  Path Type:              Max at Slow Process Corner
  Data Path Delay:        9.379ns  (logic 4.126ns (43.994%)  route 5.253ns (56.006%))
  Logic Levels:           9  (CARRY4=6 IBUF=1 LUT6=1 OBUF=1)

    Location             Delay type                Incr(ns)  Path(ns)    Netlist Resource(s)
  -------------------------------------------------------------------    -------------------
    A16                                               0.000     0.000 r  B[6] (IN)
                         net (fo=0)                   0.000     0.000    B[6]
    A16                  IBUF (Prop_ibuf_I_O)         0.787     0.787 r  B_IBUF[6]_inst/O
                         net (fo=4, routed)           3.113     3.901    adder_inst/CC_inst/CC_lut6/I1
    SLICE_X0Y7           LUT6 (Prop_lut6_I1_O)        0.097     3.998 r  adder_inst/CC_inst/CC_lut6/LUT6/O
                         net (fo=1, routed)           0.000     3.998    adder_inst/CC_inst/group_propagate[3]
    SLICE_X0Y7           CARRY4 (Prop_carry4_S[3]_CO[3])
                                                      0.299     4.297 r  adder_inst/CC_inst/CC_carry4_0/CO[3]
                         net (fo=3, routed)           0.000     4.297    adder_inst/CC_inst/group_carry[3]
    SLICE_X0Y8           CARRY4 (Prop_carry4_CI_CO[3])
                                                      0.089     4.386 r  adder_inst/CC_inst/CC_carry4_1/CO[3]
                         net (fo=3, routed)           0.000     4.386    adder_inst/CC_inst/group_carry[7]
    SLICE_X0Y9           CARRY4 (Prop_carry4_CI_CO[3])
                                                      0.089     4.475 r  adder_inst/CC_inst/CC_carry_chain_last/CO[3]
                         net (fo=1, routed)           0.000     4.475    adder_inst/RCA_inst/Cin
    SLICE_X0Y10          CARRY4 (Prop_carry4_CI_CO[3])
                                                      0.089     4.564 r  adder_inst/RCA_inst/RCA_CARRY4_0/CO[3]
                         net (fo=1, routed)           0.000     4.564    adder_inst/RCA_inst/carry[3]
    SLICE_X0Y11          CARRY4 (Prop_carry4_CI_CO[3])
                                                      0.089     4.653 r  adder_inst/RCA_inst/RCA_CARRY4_1/CO[3]
                         net (fo=1, routed)           0.000     4.653    adder_inst/RCA_inst/carry[7]
    SLICE_X0Y12          CARRY4 (Prop_carry4_CI_O[1])
                                                      0.230     4.883 r  adder_inst/RCA_inst/RCA_CARRY4_2/O[1]
                         net (fo=1, routed)           2.139     7.022    sum_OBUF[30]
    D19                  OBUF (Prop_obuf_I_O)         2.357     9.379 r  sum_OBUF[30]_inst/O
                         net (fo=0)                   0.000     9.379    sum[30]
    D19                                                               r  sum[30] (OUT)
  -------------------------------------------------------------------    -------------------

Slack:                    inf
  Source:                 B[6]
                            (input port)
  Destination:            sum[16]
                            (output port)
  Path Group:             (none)
  Path Type:              Max at Slow Process Corner
  Data Path Delay:        9.331ns  (logic 3.736ns (40.038%)  route 5.595ns (59.962%))
  Logic Levels:           6  (CARRY4=2 IBUF=1 LUT5=1 LUT6=1 OBUF=1)

    Location             Delay type                Incr(ns)  Path(ns)    Netlist Resource(s)
  -------------------------------------------------------------------    -------------------
    A16                                               0.000     0.000 r  B[6] (IN)
                         net (fo=0)                   0.000     0.000    B[6]
    A16                  IBUF (Prop_ibuf_I_O)         0.787     0.787 r  B_IBUF[6]_inst/O
                         net (fo=4, routed)           3.113     3.901    adder_inst/CC_inst/CC_lut6/I1
    SLICE_X0Y7           LUT6 (Prop_lut6_I1_O)        0.097     3.998 r  adder_inst/CC_inst/CC_lut6/LUT6/O
                         net (fo=1, routed)           0.000     3.998    adder_inst/CC_inst/group_propagate[3]
    SLICE_X0Y7           CARRY4 (Prop_carry4_S[3]_CO[3])
                                                      0.299     4.297 r  adder_inst/CC_inst/CC_carry4_0/CO[3]
                         net (fo=3, routed)           0.000     4.297    adder_inst/CC_inst/group_carry[3]
    SLICE_X0Y8           CARRY4 (Prop_carry4_CI_CO[3])
                                                      0.089     4.386 r  adder_inst/CC_inst/CC_carry4_1/CO[3]
                         net (fo=3, routed)           0.647     5.032    adder_inst/compressed_adder_inst/So_lut_8/I4
    SLICE_X1Y8           LUT5 (Prop_lut5_I4_O)        0.104     5.136 r  adder_inst/compressed_adder_inst/So_lut_8/LUT5/O
                         net (fo=1, routed)           1.835     6.971    sum_OBUF[16]
    K19                  OBUF (Prop_obuf_I_O)         2.360     9.331 r  sum_OBUF[16]_inst/O
                         net (fo=0)                   0.000     9.331    sum[16]
    K19                                                               r  sum[16] (OUT)
  -------------------------------------------------------------------    -------------------

Slack:                    inf
  Source:                 B[6]
                            (input port)
  Destination:            sum[29]
                            (output port)
  Path Group:             (none)
  Path Type:              Max at Slow Process Corner
  Data Path Delay:        9.294ns  (logic 4.046ns (43.533%)  route 5.248ns (56.467%))
  Logic Levels:           9  (CARRY4=6 IBUF=1 LUT6=1 OBUF=1)

    Location             Delay type                Incr(ns)  Path(ns)    Netlist Resource(s)
  -------------------------------------------------------------------    -------------------
    A16                                               0.000     0.000 r  B[6] (IN)
                         net (fo=0)                   0.000     0.000    B[6]
    A16                  IBUF (Prop_ibuf_I_O)         0.787     0.787 r  B_IBUF[6]_inst/O
                         net (fo=4, routed)           3.113     3.901    adder_inst/CC_inst/CC_lut6/I1
    SLICE_X0Y7           LUT6 (Prop_lut6_I1_O)        0.097     3.998 r  adder_inst/CC_inst/CC_lut6/LUT6/O
                         net (fo=1, routed)           0.000     3.998    adder_inst/CC_inst/group_propagate[3]
    SLICE_X0Y7           CARRY4 (Prop_carry4_S[3]_CO[3])
                                                      0.299     4.297 r  adder_inst/CC_inst/CC_carry4_0/CO[3]
                         net (fo=3, routed)           0.000     4.297    adder_inst/CC_inst/group_carry[3]
    SLICE_X0Y8           CARRY4 (Prop_carry4_CI_CO[3])
                                                      0.089     4.386 r  adder_inst/CC_inst/CC_carry4_1/CO[3]
                         net (fo=3, routed)           0.000     4.386    adder_inst/CC_inst/group_carry[7]
    SLICE_X0Y9           CARRY4 (Prop_carry4_CI_CO[3])
                                                      0.089     4.475 r  adder_inst/CC_inst/CC_carry_chain_last/CO[3]
                         net (fo=1, routed)           0.000     4.475    adder_inst/RCA_inst/Cin
    SLICE_X0Y10          CARRY4 (Prop_carry4_CI_CO[3])
                                                      0.089     4.564 r  adder_inst/RCA_inst/RCA_CARRY4_0/CO[3]
                         net (fo=1, routed)           0.000     4.564    adder_inst/RCA_inst/carry[3]
    SLICE_X0Y11          CARRY4 (Prop_carry4_CI_CO[3])
                                                      0.089     4.653 r  adder_inst/RCA_inst/RCA_CARRY4_1/CO[3]
                         net (fo=1, routed)           0.000     4.653    adder_inst/RCA_inst/carry[7]
    SLICE_X0Y12          CARRY4 (Prop_carry4_CI_O[0])
                                                      0.159     4.812 r  adder_inst/RCA_inst/RCA_CARRY4_2/O[0]
                         net (fo=1, routed)           2.135     6.946    sum_OBUF[29]
    E19                  OBUF (Prop_obuf_I_O)         2.348     9.294 r  sum_OBUF[29]_inst/O
                         net (fo=0)                   0.000     9.294    sum[29]
    E19                                                               r  sum[29] (OUT)
  -------------------------------------------------------------------    -------------------

Slack:                    inf
  Source:                 B[6]
                            (input port)
  Destination:            sum[10]
                            (output port)
  Path Group:             (none)
  Path Type:              Max at Slow Process Corner
  Data Path Delay:        9.288ns  (logic 4.017ns (43.251%)  route 5.271ns (56.749%))
  Logic Levels:           6  (CARRY4=2 IBUF=1 LUT5=1 LUT6=1 OBUF=1)

    Location             Delay type                Incr(ns)  Path(ns)    Netlist Resource(s)
  -------------------------------------------------------------------    -------------------
    A16                                               0.000     0.000 r  B[6] (IN)
                         net (fo=0)                   0.000     0.000    B[6]
    A16                  IBUF (Prop_ibuf_I_O)         0.787     0.787 r  B_IBUF[6]_inst/O
                         net (fo=4, routed)           3.113     3.901    adder_inst/CC_inst/CC_lut6/I1
    SLICE_X0Y7           LUT6 (Prop_lut6_I1_O)        0.097     3.998 r  adder_inst/CC_inst/CC_lut6/LUT6/O
                         net (fo=1, routed)           0.000     3.998    adder_inst/CC_inst/group_propagate[3]
    SLICE_X0Y7           CARRY4 (Prop_carry4_S[3]_CO[3])
                                                      0.299     4.297 r  adder_inst/CC_inst/CC_carry4_0/CO[3]
                         net (fo=3, routed)           0.000     4.297    adder_inst/CC_inst/group_carry[3]
    SLICE_X0Y8           CARRY4 (Prop_carry4_CI_CO[0])
                                                      0.187     4.484 r  adder_inst/CC_inst/CC_carry4_1/CO[0]
                         net (fo=2, routed)           0.477     4.961    adder_inst/compressed_adder_inst/So_lut_5/I4
    SLICE_X1Y8           LUT5 (Prop_lut5_I4_O)        0.287     5.248 r  adder_inst/compressed_adder_inst/So_lut_5/LUT5/O
                         net (fo=1, routed)           1.680     6.928    sum_OBUF[10]
    L18                  OBUF (Prop_obuf_I_O)         2.360     9.288 r  sum_OBUF[10]_inst/O
                         net (fo=0)                   0.000     9.288    sum[10]
    L18                                                               r  sum[10] (OUT)
  -------------------------------------------------------------------    -------------------

Slack:                    inf
  Source:                 B[6]
                            (input port)
  Destination:            sum[28]
                            (output port)
  Path Group:             (none)
  Path Type:              Max at Slow Process Corner
  Data Path Delay:        9.283ns  (logic 4.038ns (43.499%)  route 5.245ns (56.501%))
  Logic Levels:           8  (CARRY4=5 IBUF=1 LUT6=1 OBUF=1)

    Location             Delay type                Incr(ns)  Path(ns)    Netlist Resource(s)
  -------------------------------------------------------------------    -------------------
    A16                                               0.000     0.000 r  B[6] (IN)
                         net (fo=0)                   0.000     0.000    B[6]
    A16                  IBUF (Prop_ibuf_I_O)         0.787     0.787 r  B_IBUF[6]_inst/O
                         net (fo=4, routed)           3.113     3.901    adder_inst/CC_inst/CC_lut6/I1
    SLICE_X0Y7           LUT6 (Prop_lut6_I1_O)        0.097     3.998 r  adder_inst/CC_inst/CC_lut6/LUT6/O
                         net (fo=1, routed)           0.000     3.998    adder_inst/CC_inst/group_propagate[3]
    SLICE_X0Y7           CARRY4 (Prop_carry4_S[3]_CO[3])
                                                      0.299     4.297 r  adder_inst/CC_inst/CC_carry4_0/CO[3]
                         net (fo=3, routed)           0.000     4.297    adder_inst/CC_inst/group_carry[3]
    SLICE_X0Y8           CARRY4 (Prop_carry4_CI_CO[3])
                                                      0.089     4.386 r  adder_inst/CC_inst/CC_carry4_1/CO[3]
                         net (fo=3, routed)           0.000     4.386    adder_inst/CC_inst/group_carry[7]
    SLICE_X0Y9           CARRY4 (Prop_carry4_CI_CO[3])
                                                      0.089     4.475 r  adder_inst/CC_inst/CC_carry_chain_last/CO[3]
                         net (fo=1, routed)           0.000     4.475    adder_inst/RCA_inst/Cin
    SLICE_X0Y10          CARRY4 (Prop_carry4_CI_CO[3])
                                                      0.089     4.564 r  adder_inst/RCA_inst/RCA_CARRY4_0/CO[3]
                         net (fo=1, routed)           0.000     4.564    adder_inst/RCA_inst/carry[3]
    SLICE_X0Y11          CARRY4 (Prop_carry4_CI_O[3])
                                                      0.234     4.798 r  adder_inst/RCA_inst/RCA_CARRY4_1/O[3]
                         net (fo=1, routed)           2.132     6.929    sum_OBUF[28]
    F19                  OBUF (Prop_obuf_I_O)         2.354     9.283 r  sum_OBUF[28]_inst/O
                         net (fo=0)                   0.000     9.283    sum[28]
    F19                                                               r  sum[28] (OUT)
  -------------------------------------------------------------------    -------------------

Slack:                    inf
  Source:                 B[6]
                            (input port)
  Destination:            sum[11]
                            (output port)
  Path Group:             (none)
  Path Type:              Max at Slow Process Corner
  Data Path Delay:        9.235ns  (logic 3.866ns (41.864%)  route 5.369ns (58.136%))
  Logic Levels:           6  (CARRY4=2 IBUF=1 LUT6=2 OBUF=1)

    Location             Delay type                Incr(ns)  Path(ns)    Netlist Resource(s)
  -------------------------------------------------------------------    -------------------
    A16                                               0.000     0.000 r  B[6] (IN)
                         net (fo=0)                   0.000     0.000    B[6]
    A16                  IBUF (Prop_ibuf_I_O)         0.787     0.787 r  B_IBUF[6]_inst/O
                         net (fo=4, routed)           3.113     3.901    adder_inst/CC_inst/CC_lut6/I1
    SLICE_X0Y7           LUT6 (Prop_lut6_I1_O)        0.097     3.998 r  adder_inst/CC_inst/CC_lut6/LUT6/O
                         net (fo=1, routed)           0.000     3.998    adder_inst/CC_inst/group_propagate[3]
    SLICE_X0Y7           CARRY4 (Prop_carry4_S[3]_CO[3])
                                                      0.299     4.297 r  adder_inst/CC_inst/CC_carry4_0/CO[3]
                         net (fo=3, routed)           0.000     4.297    adder_inst/CC_inst/group_carry[3]
    SLICE_X0Y8           CARRY4 (Prop_carry4_CI_CO[0])
                                                      0.187     4.484 r  adder_inst/CC_inst/CC_carry4_1/CO[0]
                         net (fo=2, routed)           0.477     4.961    adder_inst/compressed_adder_inst/So_lut_5/I4
    SLICE_X1Y8           LUT6 (Prop_lut6_I4_O)        0.279     5.240 r  adder_inst/compressed_adder_inst/So_lut_5/LUT6/O
                         net (fo=1, routed)           1.778     7.018    sum_OBUF[11]
    K18                  OBUF (Prop_obuf_I_O)         2.217     9.235 r  sum_OBUF[11]_inst/O
                         net (fo=0)                   0.000     9.235    sum[11]
    K18                                                               r  sum[11] (OUT)
  -------------------------------------------------------------------    -------------------

Slack:                    inf
  Source:                 B[6]
                            (input port)
  Destination:            sum[8]
                            (output port)
  Path Group:             (none)
  Path Type:              Max at Slow Process Corner
  Data Path Delay:        9.233ns  (logic 3.688ns (39.942%)  route 5.545ns (60.058%))
  Logic Levels:           5  (CARRY4=1 IBUF=1 LUT5=1 LUT6=1 OBUF=1)

    Location             Delay type                Incr(ns)  Path(ns)    Netlist Resource(s)
  -------------------------------------------------------------------    -------------------
    A16                                               0.000     0.000 r  B[6] (IN)
                         net (fo=0)                   0.000     0.000    B[6]
    A16                  IBUF (Prop_ibuf_I_O)         0.787     0.787 r  B_IBUF[6]_inst/O
                         net (fo=4, routed)           3.113     3.901    adder_inst/CC_inst/CC_lut6/I1
    SLICE_X0Y7           LUT6 (Prop_lut6_I1_O)        0.097     3.998 r  adder_inst/CC_inst/CC_lut6/LUT6/O
                         net (fo=1, routed)           0.000     3.998    adder_inst/CC_inst/group_propagate[3]
    SLICE_X0Y7           CARRY4 (Prop_carry4_S[3]_CO[3])
                                                      0.299     4.297 r  adder_inst/CC_inst/CC_carry4_0/CO[3]
                         net (fo=3, routed)           0.856     5.153    adder_inst/compressed_adder_inst/So_lut_4/I4
    SLICE_X1Y7           LUT5 (Prop_lut5_I4_O)        0.104     5.257 r  adder_inst/compressed_adder_inst/So_lut_4/LUT5/O
                         net (fo=1, routed)           1.575     6.832    sum_OBUF[8]
    L17                  OBUF (Prop_obuf_I_O)         2.401     9.233 r  sum_OBUF[8]_inst/O
                         net (fo=0)                   0.000     9.233    sum[8]
    L17                                                               r  sum[8] (OUT)
  -------------------------------------------------------------------    -------------------

Slack:                    inf
  Source:                 B[6]
                            (input port)
  Destination:            Cout
                            (output port)
  Path Group:             (none)
  Path Type:              Max at Slow Process Corner
  Data Path Delay:        9.193ns  (logic 4.076ns (44.337%)  route 5.117ns (55.663%))
  Logic Levels:           9  (CARRY4=6 IBUF=1 LUT6=1 OBUF=1)

    Location             Delay type                Incr(ns)  Path(ns)    Netlist Resource(s)
  -------------------------------------------------------------------    -------------------
    A16                                               0.000     0.000 r  B[6] (IN)
                         net (fo=0)                   0.000     0.000    B[6]
    A16                  IBUF (Prop_ibuf_I_O)         0.787     0.787 r  B_IBUF[6]_inst/O
                         net (fo=4, routed)           3.113     3.901    adder_inst/CC_inst/CC_lut6/I1
    SLICE_X0Y7           LUT6 (Prop_lut6_I1_O)        0.097     3.998 r  adder_inst/CC_inst/CC_lut6/LUT6/O
                         net (fo=1, routed)           0.000     3.998    adder_inst/CC_inst/group_propagate[3]
    SLICE_X0Y7           CARRY4 (Prop_carry4_S[3]_CO[3])
                                                      0.299     4.297 r  adder_inst/CC_inst/CC_carry4_0/CO[3]
                         net (fo=3, routed)           0.000     4.297    adder_inst/CC_inst/group_carry[3]
    SLICE_X0Y8           CARRY4 (Prop_carry4_CI_CO[3])
                                                      0.089     4.386 r  adder_inst/CC_inst/CC_carry4_1/CO[3]
                         net (fo=3, routed)           0.000     4.386    adder_inst/CC_inst/group_carry[7]
    SLICE_X0Y9           CARRY4 (Prop_carry4_CI_CO[3])
                                                      0.089     4.475 r  adder_inst/CC_inst/CC_carry_chain_last/CO[3]
                         net (fo=1, routed)           0.000     4.475    adder_inst/RCA_inst/Cin
    SLICE_X0Y10          CARRY4 (Prop_carry4_CI_CO[3])
                                                      0.089     4.564 r  adder_inst/RCA_inst/RCA_CARRY4_0/CO[3]
                         net (fo=1, routed)           0.000     4.564    adder_inst/RCA_inst/carry[3]
    SLICE_X0Y11          CARRY4 (Prop_carry4_CI_CO[3])
                                                      0.089     4.653 r  adder_inst/RCA_inst/RCA_CARRY4_1/CO[3]
                         net (fo=1, routed)           0.000     4.653    adder_inst/RCA_inst/carry[7]
    SLICE_X0Y12          CARRY4 (Prop_carry4_CI_CO[2])
                                                      0.173     4.826 r  adder_inst/RCA_inst/RCA_CARRY4_2/CO[2]
                         net (fo=1, routed)           2.004     6.829    Cout_OBUF
    D17                  OBUF (Prop_obuf_I_O)         2.364     9.193 r  Cout_OBUF_inst/O
                         net (fo=0)                   0.000     9.193    Cout
    D17                                                               r  Cout (OUT)
  -------------------------------------------------------------------    -------------------

Slack:                    inf
  Source:                 B[6]
                            (input port)
  Destination:            sum[9]
                            (output port)
  Path Group:             (none)
  Path Type:              Max at Slow Process Corner
  Data Path Delay:        9.183ns  (logic 3.535ns (38.493%)  route 5.648ns (61.507%))
  Logic Levels:           5  (CARRY4=1 IBUF=1 LUT6=2 OBUF=1)

    Location             Delay type                Incr(ns)  Path(ns)    Netlist Resource(s)
  -------------------------------------------------------------------    -------------------
    A16                                               0.000     0.000 r  B[6] (IN)
                         net (fo=0)                   0.000     0.000    B[6]
    A16                  IBUF (Prop_ibuf_I_O)         0.787     0.787 r  B_IBUF[6]_inst/O
                         net (fo=4, routed)           3.113     3.901    adder_inst/CC_inst/CC_lut6/I1
    SLICE_X0Y7           LUT6 (Prop_lut6_I1_O)        0.097     3.998 r  adder_inst/CC_inst/CC_lut6/LUT6/O
                         net (fo=1, routed)           0.000     3.998    adder_inst/CC_inst/group_propagate[3]
    SLICE_X0Y7           CARRY4 (Prop_carry4_S[3]_CO[3])
                                                      0.299     4.297 r  adder_inst/CC_inst/CC_carry4_0/CO[3]
                         net (fo=3, routed)           0.856     5.153    adder_inst/compressed_adder_inst/So_lut_4/I4
    SLICE_X1Y7           LUT6 (Prop_lut6_I4_O)        0.097     5.250 r  adder_inst/compressed_adder_inst/So_lut_4/LUT6/O
                         net (fo=1, routed)           1.679     6.929    sum_OBUF[9]
    K17                  OBUF (Prop_obuf_I_O)         2.255     9.183 r  sum_OBUF[9]_inst/O
                         net (fo=0)                   0.000     9.183    sum[9]
    K17                                                               r  sum[9] (OUT)
  -------------------------------------------------------------------    -------------------

Slack:                    inf
  Source:                 B[6]
                            (input port)
  Destination:            sum[14]
                            (output port)
  Path Group:             (none)
  Path Type:              Max at Slow Process Corner
  Data Path Delay:        9.167ns  (logic 3.966ns (43.260%)  route 5.201ns (56.740%))
  Logic Levels:           6  (CARRY4=2 IBUF=1 LUT5=1 LUT6=1 OBUF=1)

    Location             Delay type                Incr(ns)  Path(ns)    Netlist Resource(s)
  -------------------------------------------------------------------    -------------------
    A16                                               0.000     0.000 r  B[6] (IN)
                         net (fo=0)                   0.000     0.000    B[6]
    A16                  IBUF (Prop_ibuf_I_O)         0.787     0.787 r  B_IBUF[6]_inst/O
                         net (fo=4, routed)           3.113     3.901    adder_inst/CC_inst/CC_lut6/I1
    SLICE_X0Y7           LUT6 (Prop_lut6_I1_O)        0.097     3.998 r  adder_inst/CC_inst/CC_lut6/LUT6/O
                         net (fo=1, routed)           0.000     3.998    adder_inst/CC_inst/group_propagate[3]
    SLICE_X0Y7           CARRY4 (Prop_carry4_S[3]_CO[3])
                                                      0.299     4.297 r  adder_inst/CC_inst/CC_carry4_0/CO[3]
                         net (fo=3, routed)           0.000     4.297    adder_inst/CC_inst/group_carry[3]
    SLICE_X0Y8           CARRY4 (Prop_carry4_CI_CO[2])
                                                      0.173     4.470 r  adder_inst/CC_inst/CC_carry4_1/CO[2]
                         net (fo=2, routed)           0.274     4.744    adder_inst/compressed_adder_inst/So_lut_7/I4
    SLICE_X1Y8           LUT5 (Prop_lut5_I4_O)        0.247     4.991 r  adder_inst/compressed_adder_inst/So_lut_7/LUT5/O
                         net (fo=1, routed)           1.814     6.805    sum_OBUF[14]
    M19                  OBUF (Prop_obuf_I_O)         2.363     9.167 r  sum_OBUF[14]_inst/O
                         net (fo=0)                   0.000     9.167    sum[14]
    M19                                                               r  sum[14] (OUT)
  -------------------------------------------------------------------    -------------------





Min Delay Paths
--------------------------------------------------------------------------------------
Slack:                    inf
  Source:                 rst
                            (input port)
  Destination:            out_reg_So_reg/R
  Path Group:             (none)
  Path Type:              Min at Fast Process Corner
  Data Path Delay:        0.559ns  (logic 0.163ns (29.207%)  route 0.396ns (70.793%))
  Logic Levels:           1  (IBUF=1)

    Location             Delay type                Incr(ns)  Path(ns)    Netlist Resource(s)
  -------------------------------------------------------------------    -------------------
    P17                                               0.000     0.000 r  rst (IN)
                         net (fo=0)                   0.000     0.000    rst
    P17                  IBUF (Prop_ibuf_I_O)         0.163     0.163 r  rst_IBUF_inst/O
                         net (fo=3, routed)           0.396     0.559    rst_IBUF
    SLICE_X0Y15          FDRE                                         r  out_reg_So_reg/R
  -------------------------------------------------------------------    -------------------

Slack:                    inf
  Source:                 rst
                            (input port)
  Destination:            out_reg_fa_reg/R
  Path Group:             (none)
  Path Type:              Min at Fast Process Corner
  Data Path Delay:        0.679ns  (logic 0.163ns (24.027%)  route 0.516ns (75.973%))
  Logic Levels:           1  (IBUF=1)

    Location             Delay type                Incr(ns)  Path(ns)    Netlist Resource(s)
  -------------------------------------------------------------------    -------------------
    P17                                               0.000     0.000 r  rst (IN)
                         net (fo=0)                   0.000     0.000    rst
    P17                  IBUF (Prop_ibuf_I_O)         0.163     0.163 r  rst_IBUF_inst/O
                         net (fo=3, routed)           0.516     0.679    rst_IBUF
    SLICE_X0Y12          FDRE                                         r  out_reg_fa_reg/R
  -------------------------------------------------------------------    -------------------

Slack:                    inf
  Source:                 rst
                            (input port)
  Destination:            in_reg_reg/R
  Path Group:             (none)
  Path Type:              Min at Fast Process Corner
  Data Path Delay:        0.758ns  (logic 0.163ns (21.533%)  route 0.595ns (78.467%))
  Logic Levels:           1  (IBUF=1)

    Location             Delay type                Incr(ns)  Path(ns)    Netlist Resource(s)
  -------------------------------------------------------------------    -------------------
    P17                                               0.000     0.000 r  rst (IN)
                         net (fo=0)                   0.000     0.000    rst
    P17                  IBUF (Prop_ibuf_I_O)         0.163     0.163 r  rst_IBUF_inst/O
                         net (fo=3, routed)           0.595     0.758    rst_IBUF
    SLICE_X1Y6           FDRE                                         r  in_reg_reg/R
  -------------------------------------------------------------------    -------------------

Slack:                    inf
  Source:                 B[31]
                            (input port)
  Destination:            out_reg_fa_reg/D
  Path Group:             (none)
  Path Type:              Min at Fast Process Corner
  Data Path Delay:        0.768ns  (logic 0.277ns (36.050%)  route 0.491ns (63.950%))
  Logic Levels:           3  (CARRY4=1 IBUF=1 LUT6=1)

    Location             Delay type                Incr(ns)  Path(ns)    Netlist Resource(s)
  -------------------------------------------------------------------    -------------------
    T17                                               0.000     0.000 r  B[31] (IN)
                         net (fo=0)                   0.000     0.000    B[31]
    T17                  IBUF (Prop_ibuf_I_O)         0.166     0.166 r  B_IBUF[31]_inst/O
                         net (fo=1, routed)           0.491     0.657    adder_inst/RCA_inst/B[10]
    SLICE_X0Y12          LUT6 (Prop_lut6_I1_O)        0.045     0.702 r  adder_inst/RCA_inst/RCA_LUT_13/O
                         net (fo=1, routed)           0.000     0.702    adder_inst/RCA_inst/Propagate[10]
    SLICE_X0Y12          CARRY4 (Prop_carry4_S[2]_O[2])
                                                      0.066     0.768 r  adder_inst/RCA_inst/RCA_CARRY4_2/O[2]
                         net (fo=1, routed)           0.000     0.768    driver_fa
    SLICE_X0Y12          FDRE                                         r  out_reg_fa_reg/D
  -------------------------------------------------------------------    -------------------

Slack:                    inf
  Source:                 B[17]
                            (input port)
  Destination:            out_reg_So_reg/D
  Path Group:             (none)
  Path Type:              Min at Fast Process Corner
  Data Path Delay:        0.949ns  (logic 0.195ns (20.583%)  route 0.754ns (79.417%))
  Logic Levels:           2  (IBUF=1 LUT6=1)

    Location             Delay type                Incr(ns)  Path(ns)    Netlist Resource(s)
  -------------------------------------------------------------------    -------------------
    U15                                               0.000     0.000 r  B[17] (IN)
                         net (fo=0)                   0.000     0.000    B[17]
    U15                  IBUF (Prop_ibuf_I_O)         0.150     0.150 r  B_IBUF[17]_inst/O
                         net (fo=4, routed)           0.474     0.625    adder_inst/compressed_adder_inst/So_lut_8/I3
    SLICE_X1Y8           LUT6 (Prop_lut6_I3_O)        0.045     0.670 r  adder_inst/compressed_adder_inst/So_lut_8/LUT6/O
                         net (fo=1, routed)           0.280     0.949    driver_So
    SLICE_X0Y15          FDRE                                         r  out_reg_So_reg/D
  -------------------------------------------------------------------    -------------------

Slack:                    inf
  Source:                 A[0]
                            (input port)
  Destination:            in_reg_reg/D
  Path Group:             (none)
  Path Type:              Min at Fast Process Corner
  Data Path Delay:        1.528ns  (logic 0.163ns (10.680%)  route 1.365ns (89.320%))
  Logic Levels:           1  (IBUF=1)

    Location             Delay type                Incr(ns)  Path(ns)    Netlist Resource(s)
  -------------------------------------------------------------------    -------------------
    V9                                                0.000     0.000 r  A[0] (IN)
                         net (fo=0)                   0.000     0.000    A[0]
    V9                   IBUF (Prop_ibuf_I_O)         0.163     0.163 r  A_IBUF[0]_inst/O
                         net (fo=1, routed)           1.365     1.528    A_IBUF[0]
    SLICE_X1Y6           FDRE                                         r  in_reg_reg/D
  -------------------------------------------------------------------    -------------------

Slack:                    inf
  Source:                 out_reg_So_reg/C
                            (rising edge-triggered cell FDRE)
  Destination:            sum[17]
                            (output port)
  Path Group:             (none)
  Path Type:              Min at Fast Process Corner
  Data Path Delay:        1.828ns  (logic 1.248ns (68.251%)  route 0.580ns (31.749%))
  Logic Levels:           2  (FDRE=1 OBUF=1)

    Location             Delay type                Incr(ns)  Path(ns)    Netlist Resource(s)
  -------------------------------------------------------------------    -------------------
    SLICE_X0Y15          FDRE                         0.000     0.000 r  out_reg_So_reg/C
    SLICE_X0Y15          FDRE (Prop_fdre_C_Q)         0.141     0.141 r  out_reg_So_reg/Q
                         net (fo=1, routed)           0.580     0.721    sum_OBUF[17]
    J19                  OBUF (Prop_obuf_I_O)         1.107     1.828 r  sum_OBUF[17]_inst/O
                         net (fo=0)                   0.000     1.828    sum[17]
    J19                                                               r  sum[17] (OUT)
  -------------------------------------------------------------------    -------------------

Slack:                    inf
  Source:                 in_reg_reg/C
                            (rising edge-triggered cell FDRE)
  Destination:            sum[1]
                            (output port)
  Path Group:             (none)
  Path Type:              Min at Fast Process Corner
  Data Path Delay:        2.067ns  (logic 1.309ns (63.313%)  route 0.758ns (36.687%))
  Logic Levels:           3  (FDRE=1 LUT6=1 OBUF=1)

    Location             Delay type                Incr(ns)  Path(ns)    Netlist Resource(s)
  -------------------------------------------------------------------    -------------------
    SLICE_X1Y6           FDRE                         0.000     0.000 r  in_reg_reg/C
    SLICE_X1Y6           FDRE (Prop_fdre_C_Q)         0.141     0.141 r  in_reg_reg/Q
                         net (fo=4, routed)           0.281     0.422    adder_inst/compressed_adder_inst/So_lut_0/I0
    SLICE_X1Y6           LUT6 (Prop_lut6_I0_O)        0.045     0.467 r  adder_inst/compressed_adder_inst/So_lut_0/LUT6/O
                         net (fo=1, routed)           0.478     0.944    sum_OBUF[1]
    U19                  OBUF (Prop_obuf_I_O)         1.123     2.067 r  sum_OBUF[1]_inst/O
                         net (fo=0)                   0.000     2.067    sum[1]
    U19                                                               r  sum[1] (OUT)
  -------------------------------------------------------------------    -------------------

Slack:                    inf
  Source:                 in_reg_reg/C
                            (rising edge-triggered cell FDRE)
  Destination:            sum[0]
                            (output port)
  Path Group:             (none)
  Path Type:              Min at Fast Process Corner
  Data Path Delay:        2.074ns  (logic 1.362ns (65.678%)  route 0.712ns (34.322%))
  Logic Levels:           3  (FDRE=1 LUT5=1 OBUF=1)

    Location             Delay type                Incr(ns)  Path(ns)    Netlist Resource(s)
  -------------------------------------------------------------------    -------------------
    SLICE_X1Y6           FDRE                         0.000     0.000 r  in_reg_reg/C
    SLICE_X1Y6           FDRE (Prop_fdre_C_Q)         0.141     0.141 r  in_reg_reg/Q
                         net (fo=4, routed)           0.281     0.422    adder_inst/compressed_adder_inst/So_lut_0/I0
    SLICE_X1Y6           LUT5 (Prop_lut5_I0_O)        0.044     0.466 r  adder_inst/compressed_adder_inst/So_lut_0/LUT5/O
                         net (fo=1, routed)           0.431     0.897    sum_OBUF[0]
    V19                  OBUF (Prop_obuf_I_O)         1.177     2.074 r  sum_OBUF[0]_inst/O
                         net (fo=0)                   0.000     2.074    sum[0]
    V19                                                               r  sum[0] (OUT)
  -------------------------------------------------------------------    -------------------

Slack:                    inf
  Source:                 out_reg_fa_reg/C
                            (rising edge-triggered cell FDRE)
  Destination:            sum[31]
                            (output port)
  Path Group:             (none)
  Path Type:              Min at Fast Process Corner
  Data Path Delay:        2.151ns  (logic 1.258ns (58.495%)  route 0.893ns (41.505%))
  Logic Levels:           2  (FDRE=1 OBUF=1)

    Location             Delay type                Incr(ns)  Path(ns)    Netlist Resource(s)
  -------------------------------------------------------------------    -------------------
    SLICE_X0Y12          FDRE                         0.000     0.000 r  out_reg_fa_reg/C
    SLICE_X0Y12          FDRE (Prop_fdre_C_Q)         0.141     0.141 r  out_reg_fa_reg/Q
                         net (fo=1, routed)           0.893     1.034    sum_OBUF[31]
    D18                  OBUF (Prop_obuf_I_O)         1.117     2.151 r  sum_OBUF[31]_inst/O
                         net (fo=0)                   0.000     2.151    sum[31]
    D18                                                               r  sum[31] (OUT)
  -------------------------------------------------------------------    -------------------





