
*** Running vivado
    with args -log mn_adder_wrapper.vdi -applog -m64 -product Vivado -messageDb vivado.pb -mode batch -source mn_adder_wrapper.tcl -notrace


****** Vivado v2024.2 (64-bit)
  **** SW Build 5239630 on Fri Nov 08 22:34:34 MST 2024
  **** IP Build 5239520 on Sun Nov 10 16:12:51 MST 2024
  **** SharedData Build 5239561 on Fri Nov 08 14:39:27 MST 2024
  **** Start of session at: Mon Jun  9 11:07:40 2025
    ** Copyright 1986-2022 Xilinx, Inc. All Rights Reserved.
    ** Copyright 2022-2024 Advanced Micro Devices, Inc. All Rights Reserved.

source mn_adder_wrapper.tcl -notrace
Command: link_design -top mn_adder_wrapper -part xc7a12tcpg238-3
Design is defaulting to srcset: sources_1
Design is defaulting to constrset: constrs_1
INFO: [Device 21-403] Loading part xc7a12tcpg238-3
Netlist sorting complete. Time (s): cpu = 00:00:00 ; elapsed = 00:00:00.01 . Memory (MB): peak = 1447.609 ; gain = 0.000 ; free physical = 1287 ; free virtual = 10346
INFO: [Netlist 29-17] Analyzing 24 Unisim elements for replacement
INFO: [Netlist 29-28] Unisim Transformation completed in 0 CPU seconds
INFO: [Project 1-479] Netlist was created with Vivado 2024.2
INFO: [Project 1-570] Preparing netlist for logic optimization
Read ShapeDB Complete: Time (s): cpu = 00:00:00 ; elapsed = 00:00:00.01 . Memory (MB): peak = 1506.484 ; gain = 0.000 ; free physical = 1229 ; free virtual = 10288
Netlist sorting complete. Time (s): cpu = 00:00:00 ; elapsed = 00:00:00 . Memory (MB): peak = 1507.484 ; gain = 0.000 ; free physical = 1228 ; free virtual = 10287
INFO: [Project 1-111] Unisim Transformation Summary:
  A total of 18 instances were transformed.
  LUT6_2 => LUT6_2 (LUT5, LUT6): 18 instances

6 Infos, 0 Warnings, 0 Critical Warnings and 0 Errors encountered.
link_design completed successfully
link_design: Time (s): cpu = 00:00:05 ; elapsed = 00:00:05 . Memory (MB): peak = 1507.484 ; gain = 76.719 ; free physical = 1228 ; free virtual = 10287
Command: opt_design
Attempting to get a license for feature 'Implementation' and/or device 'xc7a12t'
INFO: [Common 17-349] Got license for feature 'Implementation' and/or device 'xc7a12t'
Running DRC as a precondition to command opt_design

Starting DRC Task
INFO: [DRC 23-27] Running DRC with 4 threads
INFO: [Project 1-461] DRC finished with 0 Errors
INFO: [Project 1-462] Please refer to the DRC report (report_drc) for more information.

Time (s): cpu = 00:00:04 ; elapsed = 00:00:02 . Memory (MB): peak = 1678.609 ; gain = 171.125 ; free physical = 1167 ; free virtual = 10226

Starting Cache Timing Information Task
INFO: [Timing 38-35] Done setting XDC timing constraints.
Ending Cache Timing Information Task | Checksum: 249974e2d

Time (s): cpu = 00:00:09 ; elapsed = 00:00:09 . Memory (MB): peak = 2116.438 ; gain = 437.828 ; free physical = 769 ; free virtual = 9825

Starting Logic Optimization Task

Phase 1 Initialization

Phase 1.1 Core Generation And Design Setup
Phase 1.1 Core Generation And Design Setup | Checksum: 249974e2d

Time (s): cpu = 00:00:00 ; elapsed = 00:00:00.01 . Memory (MB): peak = 2461.328 ; gain = 0.000 ; free physical = 434 ; free virtual = 9493

Phase 1.2 Setup Constraints And Sort Netlist
Phase 1.2 Setup Constraints And Sort Netlist | Checksum: 249974e2d

Time (s): cpu = 00:00:00 ; elapsed = 00:00:00.01 . Memory (MB): peak = 2461.328 ; gain = 0.000 ; free physical = 434 ; free virtual = 9493
Phase 1 Initialization | Checksum: 249974e2d

Time (s): cpu = 00:00:00 ; elapsed = 00:00:00.01 . Memory (MB): peak = 2461.328 ; gain = 0.000 ; free physical = 434 ; free virtual = 9493

Phase 2 Timer Update And Timing Data Collection

Phase 2.1 Timer Update
Phase 2.1 Timer Update | Checksum: 249974e2d

Time (s): cpu = 00:00:00.01 ; elapsed = 00:00:00.02 . Memory (MB): peak = 2461.328 ; gain = 0.000 ; free physical = 434 ; free virtual = 9493

Phase 2.2 Timing Data Collection
Phase 2.2 Timing Data Collection | Checksum: 249974e2d

Time (s): cpu = 00:00:00.02 ; elapsed = 00:00:00.02 . Memory (MB): peak = 2461.328 ; gain = 0.000 ; free physical = 434 ; free virtual = 9493
Phase 2 Timer Update And Timing Data Collection | Checksum: 249974e2d

Time (s): cpu = 00:00:00.02 ; elapsed = 00:00:00.02 . Memory (MB): peak = 2461.328 ; gain = 0.000 ; free physical = 434 ; free virtual = 9493

Phase 3 Retarget
INFO: [Opt 31-1851] Number of loadless carry chains removed were: 0
INFO: [Opt 31-1834] Total Chains To Be Transformed Were: 0 AND Number of Transformed insts Created are: 0
INFO: [Opt 31-138] Pushed 0 inverter(s) to 0 load pin(s).
INFO: [Opt 31-49] Retargeted 0 cell(s).
Phase 3 Retarget | Checksum: 249974e2d

Time (s): cpu = 00:00:00.06 ; elapsed = 00:00:00.07 . Memory (MB): peak = 2461.328 ; gain = 0.000 ; free physical = 433 ; free virtual = 9492
Retarget | Checksum: 249974e2d
INFO: [Opt 31-389] Phase Retarget created 0 cells and removed 0 cells

Phase 4 Constant propagation
INFO: [Opt 31-138] Pushed 0 inverter(s) to 0 load pin(s).
Phase 4 Constant propagation | Checksum: 249974e2d

Time (s): cpu = 00:00:00.07 ; elapsed = 00:00:00.07 . Memory (MB): peak = 2461.328 ; gain = 0.000 ; free physical = 433 ; free virtual = 9492
Constant propagation | Checksum: 249974e2d
INFO: [Opt 31-389] Phase Constant propagation created 0 cells and removed 0 cells

Phase 5 Sweep
INFO: [Constraints 18-11670] Building netlist checker database with flags, 0x8
Done building netlist checker database: Time (s): cpu = 00:00:00 ; elapsed = 00:00:00 . Memory (MB): peak = 2461.328 ; gain = 0.000 ; free physical = 433 ; free virtual = 9492
INFO: [Constraints 18-11670] Building netlist checker database with flags, 0x8
Done building netlist checker database: Time (s): cpu = 00:00:00 ; elapsed = 00:00:00 . Memory (MB): peak = 2461.328 ; gain = 0.000 ; free physical = 433 ; free virtual = 9492
Phase 5 Sweep | Checksum: 22404c85a

Time (s): cpu = 00:00:00.07 ; elapsed = 00:00:00.08 . Memory (MB): peak = 2461.328 ; gain = 0.000 ; free physical = 433 ; free virtual = 9492
Sweep | Checksum: 22404c85a
INFO: [Opt 31-389] Phase Sweep created 0 cells and removed 0 cells

Phase 6 BUFG optimization
Phase 6 BUFG optimization | Checksum: 22404c85a

Time (s): cpu = 00:00:00.08 ; elapsed = 00:00:00.09 . Memory (MB): peak = 2493.344 ; gain = 32.016 ; free physical = 433 ; free virtual = 9492
BUFG optimization | Checksum: 22404c85a
INFO: [Opt 31-662] Phase BUFG optimization created 0 cells of which 0 are BUFGs and removed 0 cells.

Phase 7 Shift Register Optimization
INFO: [Opt 31-1064] SRL Remap converted 0 SRLs to 0 registers and converted 0 registers of register chains to 0 SRLs
Phase 7 Shift Register Optimization | Checksum: 22404c85a

Time (s): cpu = 00:00:00.09 ; elapsed = 00:00:00.1 . Memory (MB): peak = 2493.344 ; gain = 32.016 ; free physical = 433 ; free virtual = 9492
Shift Register Optimization | Checksum: 22404c85a
INFO: [Opt 31-389] Phase Shift Register Optimization created 0 cells and removed 0 cells

Phase 8 Post Processing Netlist
Phase 8 Post Processing Netlist | Checksum: 22404c85a

Time (s): cpu = 00:00:00.09 ; elapsed = 00:00:00.1 . Memory (MB): peak = 2493.344 ; gain = 32.016 ; free physical = 433 ; free virtual = 9492
Post Processing Netlist | Checksum: 22404c85a
INFO: [Opt 31-389] Phase Post Processing Netlist created 0 cells and removed 0 cells

Phase 9 Finalization

Phase 9.1 Finalizing Design Cores and Updating Shapes
Phase 9.1 Finalizing Design Cores and Updating Shapes | Checksum: 3133f8fe9

Time (s): cpu = 00:00:00.11 ; elapsed = 00:00:00.12 . Memory (MB): peak = 2493.344 ; gain = 32.016 ; free physical = 433 ; free virtual = 9492

Phase 9.2 Verifying Netlist Connectivity

Starting Connectivity Check Task

Time (s): cpu = 00:00:00 ; elapsed = 00:00:00 . Memory (MB): peak = 2493.344 ; gain = 0.000 ; free physical = 433 ; free virtual = 9492
Phase 9.2 Verifying Netlist Connectivity | Checksum: 3133f8fe9

Time (s): cpu = 00:00:00.12 ; elapsed = 00:00:00.12 . Memory (MB): peak = 2493.344 ; gain = 32.016 ; free physical = 433 ; free virtual = 9492
Phase 9 Finalization | Checksum: 3133f8fe9

Time (s): cpu = 00:00:00.12 ; elapsed = 00:00:00.12 . Memory (MB): peak = 2493.344 ; gain = 32.016 ; free physical = 433 ; free virtual = 9492
Opt_design Change Summary
=========================


-------------------------------------------------------------------------------------------------------------------------
|  Phase                        |  #Cells created  |  #Cells Removed  |  #Constrained objects preventing optimizations  |
-------------------------------------------------------------------------------------------------------------------------
|  Retarget                     |               0  |               0  |                                              0  |
|  Constant propagation         |               0  |               0  |                                              0  |
|  Sweep                        |               0  |               0  |                                              0  |
|  BUFG optimization            |               0  |               0  |                                              0  |
|  Shift Register Optimization  |               0  |               0  |                                              0  |
|  Post Processing Netlist      |               0  |               0  |                                              0  |
-------------------------------------------------------------------------------------------------------------------------


Ending Logic Optimization Task | Checksum: 3133f8fe9

Time (s): cpu = 00:00:00.12 ; elapsed = 00:00:00.13 . Memory (MB): peak = 2493.344 ; gain = 32.016 ; free physical = 433 ; free virtual = 9492

Starting Power Optimization Task
INFO: [Pwropt 34-132] Skipping clock gating for clocks with a period < 2.00 ns.
Ending Power Optimization Task | Checksum: 3133f8fe9

Time (s): cpu = 00:00:00.01 ; elapsed = 00:00:00 . Memory (MB): peak = 2493.344 ; gain = 0.000 ; free physical = 433 ; free virtual = 9492

Starting Final Cleanup Task
Ending Final Cleanup Task | Checksum: 3133f8fe9

Time (s): cpu = 00:00:00 ; elapsed = 00:00:00.01 . Memory (MB): peak = 2493.344 ; gain = 0.000 ; free physical = 433 ; free virtual = 9492

Starting Netlist Obfuscation Task
Netlist sorting complete. Time (s): cpu = 00:00:00 ; elapsed = 00:00:00 . Memory (MB): peak = 2493.344 ; gain = 0.000 ; free physical = 433 ; free virtual = 9492
Ending Netlist Obfuscation Task | Checksum: 3133f8fe9

Time (s): cpu = 00:00:00 ; elapsed = 00:00:00 . Memory (MB): peak = 2493.344 ; gain = 0.000 ; free physical = 433 ; free virtual = 9492
INFO: [Common 17-83] Releasing license: Implementation
27 Infos, 0 Warnings, 0 Critical Warnings and 0 Errors encountered.
opt_design completed successfully
opt_design: Time (s): cpu = 00:00:17 ; elapsed = 00:00:15 . Memory (MB): peak = 2493.344 ; gain = 985.859 ; free physical = 433 ; free virtual = 9492
INFO: [Vivado 12-24828] Executing command : report_drc -file mn_adder_wrapper_drc_opted.rpt -pb mn_adder_wrapper_drc_opted.pb -rpx mn_adder_wrapper_drc_opted.rpx
Command: report_drc -file mn_adder_wrapper_drc_opted.rpt -pb mn_adder_wrapper_drc_opted.pb -rpx mn_adder_wrapper_drc_opted.rpx
INFO: [IP_Flow 19-234] Refreshing IP repositories
INFO: [IP_Flow 19-1704] No user IP repositories specified
INFO: [IP_Flow 19-2313] Loaded Vivado IP repository '/home/abhijit/Xilinx/Vivado/2024.2/data/ip'.
INFO: [DRC 23-27] Running DRC with 4 threads
INFO: [Vivado_Tcl 2-168] The results of DRC are in file /home/abhijit/Desktop/delay_automation/design_sweep_runs/mn_adder_N32M14/mn_adder_N32M14.runs/impl_1/mn_adder_wrapper_drc_opted.rpt.
report_drc completed successfully
Write ShapeDB Complete: Time (s): cpu = 00:00:00 ; elapsed = 00:00:00 . Memory (MB): peak = 2493.344 ; gain = 0.000 ; free physical = 380 ; free virtual = 9439
Wrote PlaceDB: Time (s): cpu = 00:00:00.02 ; elapsed = 00:00:00.01 . Memory (MB): peak = 2493.344 ; gain = 0.000 ; free physical = 380 ; free virtual = 9439
Wrote PulsedLatchDB: Time (s): cpu = 00:00:00 ; elapsed = 00:00:00 . Memory (MB): peak = 2493.344 ; gain = 0.000 ; free physical = 380 ; free virtual = 9439
Writing XDEF routing.
Writing XDEF routing logical nets.
Writing XDEF routing special nets.
Wrote RouteStorage: Time (s): cpu = 00:00:00.1 ; elapsed = 00:00:00.09 . Memory (MB): peak = 2493.344 ; gain = 0.000 ; free physical = 379 ; free virtual = 9438
Wrote Netlist Cache: Time (s): cpu = 00:00:00 ; elapsed = 00:00:00 . Memory (MB): peak = 2493.344 ; gain = 0.000 ; free physical = 379 ; free virtual = 9438
Wrote Device Cache: Time (s): cpu = 00:00:00.01 ; elapsed = 00:00:00.01 . Memory (MB): peak = 2493.344 ; gain = 0.000 ; free physical = 378 ; free virtual = 9439
Write Physdb Complete: Time (s): cpu = 00:00:00.13 ; elapsed = 00:00:00.11 . Memory (MB): peak = 2493.344 ; gain = 0.000 ; free physical = 378 ; free virtual = 9439
INFO: [Common 17-1381] The checkpoint '/home/abhijit/Desktop/delay_automation/design_sweep_runs/mn_adder_N32M14/mn_adder_N32M14.runs/impl_1/mn_adder_wrapper_opt.dcp' has been generated.
Command: place_design
Attempting to get a license for feature 'Implementation' and/or device 'xc7a12t'
INFO: [Common 17-349] Got license for feature 'Implementation' and/or device 'xc7a12t'
INFO: [Common 17-83] Releasing license: Implementation
INFO: [DRC 23-27] Running DRC with 4 threads
INFO: [Vivado_Tcl 4-198] DRC finished with 0 Errors
INFO: [Vivado_Tcl 4-199] Please refer to the DRC report (report_drc) for more information.
Running DRC as a precondition to command place_design
INFO: [DRC 23-27] Running DRC with 4 threads
INFO: [Vivado_Tcl 4-198] DRC finished with 0 Errors
INFO: [Vivado_Tcl 4-199] Please refer to the DRC report (report_drc) for more information.
INFO: [Place 30-611] Multithreading enabled for place_design using a maximum of 4 CPUs

Starting Placer Task

Phase 1 Placer Initialization

Phase 1.1 Placer Initialization Netlist Sorting
Netlist sorting complete. Time (s): cpu = 00:00:00 ; elapsed = 00:00:00 . Memory (MB): peak = 2493.344 ; gain = 0.000 ; free physical = 364 ; free virtual = 9424
Phase 1.1 Placer Initialization Netlist Sorting | Checksum: 2193ec424

Time (s): cpu = 00:00:00 ; elapsed = 00:00:00.01 . Memory (MB): peak = 2493.344 ; gain = 0.000 ; free physical = 364 ; free virtual = 9424
Netlist sorting complete. Time (s): cpu = 00:00:00 ; elapsed = 00:00:00 . Memory (MB): peak = 2493.344 ; gain = 0.000 ; free physical = 364 ; free virtual = 9424

Phase 1.2 IO Placement/ Clock Placement/ Build Placer Device
INFO: [Timing 38-35] Done setting XDC timing constraints.
Phase 1.2 IO Placement/ Clock Placement/ Build Placer Device | Checksum: 142cfdd85

Time (s): cpu = 00:00:00.67 ; elapsed = 00:00:00.41 . Memory (MB): peak = 2493.344 ; gain = 0.000 ; free physical = 364 ; free virtual = 9424

Phase 1.3 Build Placer Netlist Model
Phase 1.3 Build Placer Netlist Model | Checksum: 1ee8e925f

Time (s): cpu = 00:00:00.77 ; elapsed = 00:00:00.46 . Memory (MB): peak = 2493.344 ; gain = 0.000 ; free physical = 364 ; free virtual = 9424

Phase 1.4 Constrain Clocks/Macros
Phase 1.4 Constrain Clocks/Macros | Checksum: 1ee8e925f

Time (s): cpu = 00:00:00.77 ; elapsed = 00:00:00.46 . Memory (MB): peak = 2493.344 ; gain = 0.000 ; free physical = 364 ; free virtual = 9424
Phase 1 Placer Initialization | Checksum: 1ee8e925f

Time (s): cpu = 00:00:00.78 ; elapsed = 00:00:00.47 . Memory (MB): peak = 2493.344 ; gain = 0.000 ; free physical = 364 ; free virtual = 9423

Phase 2 Global Placement

Phase 2.1 Floorplanning
Phase 2.1 Floorplanning | Checksum: 1ee8e925f

Time (s): cpu = 00:00:00.79 ; elapsed = 00:00:00.47 . Memory (MB): peak = 2493.344 ; gain = 0.000 ; free physical = 364 ; free virtual = 9423

Phase 2.2 Update Timing before SLR Path Opt
Phase 2.2 Update Timing before SLR Path Opt | Checksum: 1ee8e925f

Time (s): cpu = 00:00:00.8 ; elapsed = 00:00:00.47 . Memory (MB): peak = 2493.344 ; gain = 0.000 ; free physical = 364 ; free virtual = 9423

Phase 2.3 Post-Processing in Floorplanning
Phase 2.3 Post-Processing in Floorplanning | Checksum: 1ee8e925f

Time (s): cpu = 00:00:00.8 ; elapsed = 00:00:00.48 . Memory (MB): peak = 2493.344 ; gain = 0.000 ; free physical = 364 ; free virtual = 9423

Phase 2.4 Global Place Phase1
Phase 2.4 Global Place Phase1 | Checksum: 1a75f661c

Time (s): cpu = 00:00:01 ; elapsed = 00:00:00.62 . Memory (MB): peak = 2509.352 ; gain = 16.008 ; free physical = 361 ; free virtual = 9421

Phase 2.5 Global Place Phase2
WARNING: [Place 46-29] Timing had been disabled during Placer and, therefore, physical synthesis in Placer will be skipped.
Phase 2.5 Global Place Phase2 | Checksum: 1f81e433d

Time (s): cpu = 00:00:01 ; elapsed = 00:00:00.66 . Memory (MB): peak = 2509.352 ; gain = 16.008 ; free physical = 361 ; free virtual = 9421
Phase 2 Global Placement | Checksum: 1f81e433d

Time (s): cpu = 00:00:01 ; elapsed = 00:00:00.66 . Memory (MB): peak = 2509.352 ; gain = 16.008 ; free physical = 361 ; free virtual = 9421

Phase 3 Detail Placement

Phase 3.1 Commit Multi Column Macros
Phase 3.1 Commit Multi Column Macros | Checksum: 1f81e433d

Time (s): cpu = 00:00:01 ; elapsed = 00:00:00.67 . Memory (MB): peak = 2509.352 ; gain = 16.008 ; free physical = 361 ; free virtual = 9421

Phase 3.2 Commit Most Macros & LUTRAMs
Phase 3.2 Commit Most Macros & LUTRAMs | Checksum: 20c0cd793

Time (s): cpu = 00:00:01 ; elapsed = 00:00:00.68 . Memory (MB): peak = 2509.352 ; gain = 16.008 ; free physical = 361 ; free virtual = 9421

Phase 3.3 Area Swap Optimization
Phase 3.3 Area Swap Optimization | Checksum: 1b97df569

Time (s): cpu = 00:00:01 ; elapsed = 00:00:00.68 . Memory (MB): peak = 2509.352 ; gain = 16.008 ; free physical = 361 ; free virtual = 9421

Phase 3.4 Pipeline Register Optimization
Phase 3.4 Pipeline Register Optimization | Checksum: 1b97df569

Time (s): cpu = 00:00:01 ; elapsed = 00:00:00.69 . Memory (MB): peak = 2509.352 ; gain = 16.008 ; free physical = 361 ; free virtual = 9421

Phase 3.5 Small Shape Detail Placement
Phase 3.5 Small Shape Detail Placement | Checksum: 1f2930eaa

Time (s): cpu = 00:00:02 ; elapsed = 00:00:00.75 . Memory (MB): peak = 2509.352 ; gain = 16.008 ; free physical = 360 ; free virtual = 9420

Phase 3.6 Re-assign LUT pins
Phase 3.6 Re-assign LUT pins | Checksum: 1f2930eaa

Time (s): cpu = 00:00:02 ; elapsed = 00:00:00.76 . Memory (MB): peak = 2509.352 ; gain = 16.008 ; free physical = 360 ; free virtual = 9420

Phase 3.7 Pipeline Register Optimization
Phase 3.7 Pipeline Register Optimization | Checksum: 1f2930eaa

Time (s): cpu = 00:00:02 ; elapsed = 00:00:00.77 . Memory (MB): peak = 2509.352 ; gain = 16.008 ; free physical = 360 ; free virtual = 9420
Phase 3 Detail Placement | Checksum: 1f2930eaa

Time (s): cpu = 00:00:02 ; elapsed = 00:00:00.77 . Memory (MB): peak = 2509.352 ; gain = 16.008 ; free physical = 360 ; free virtual = 9420

Phase 4 Post Placement Optimization and Clean-Up

Phase 4.1 Post Commit Optimization
Phase 4.1 Post Commit Optimization | Checksum: 1f2930eaa

Time (s): cpu = 00:00:02 ; elapsed = 00:00:00.79 . Memory (MB): peak = 2509.352 ; gain = 16.008 ; free physical = 360 ; free virtual = 9420

Phase 4.2 Post Placement Cleanup
Phase 4.2 Post Placement Cleanup | Checksum: 1f2930eaa

Time (s): cpu = 00:00:02 ; elapsed = 00:00:00.8 . Memory (MB): peak = 2509.352 ; gain = 16.008 ; free physical = 360 ; free virtual = 9420

Phase 4.3 Placer Reporting

Phase 4.3.1 Print Estimated Congestion
INFO: [Place 30-612] Post-Placement Estimated Congestion 
 ____________________________________________________
|           | Global Congestion | Short Congestion  |
| Direction | Region Size       | Region Size       |
|___________|___________________|___________________|
|      North|                1x1|                1x1|
|___________|___________________|___________________|
|      South|                1x1|                1x1|
|___________|___________________|___________________|
|       East|                1x1|                1x1|
|___________|___________________|___________________|
|       West|                1x1|                1x1|
|___________|___________________|___________________|

Phase 4.3.1 Print Estimated Congestion | Checksum: 1f2930eaa

Time (s): cpu = 00:00:02 ; elapsed = 00:00:00.8 . Memory (MB): peak = 2509.352 ; gain = 16.008 ; free physical = 360 ; free virtual = 9420
Phase 4.3 Placer Reporting | Checksum: 1f2930eaa

Time (s): cpu = 00:00:02 ; elapsed = 00:00:00.8 . Memory (MB): peak = 2509.352 ; gain = 16.008 ; free physical = 360 ; free virtual = 9420

Phase 4.4 Final Placement Cleanup
Netlist sorting complete. Time (s): cpu = 00:00:00 ; elapsed = 00:00:00 . Memory (MB): peak = 2509.352 ; gain = 0.000 ; free physical = 360 ; free virtual = 9420

Time (s): cpu = 00:00:02 ; elapsed = 00:00:00.81 . Memory (MB): peak = 2509.352 ; gain = 16.008 ; free physical = 360 ; free virtual = 9420
Phase 4 Post Placement Optimization and Clean-Up | Checksum: 1f2930eaa

Time (s): cpu = 00:00:02 ; elapsed = 00:00:00.81 . Memory (MB): peak = 2509.352 ; gain = 16.008 ; free physical = 360 ; free virtual = 9420
Ending Placer Task | Checksum: 1a11b7510

Time (s): cpu = 00:00:02 ; elapsed = 00:00:00.81 . Memory (MB): peak = 2509.352 ; gain = 16.008 ; free physical = 360 ; free virtual = 9420
45 Infos, 1 Warnings, 0 Critical Warnings and 0 Errors encountered.
place_design completed successfully
INFO: [Vivado 12-24838] Running report commands "report_control_sets, report_io, report_utilization" in parallel.
Running report generation with 2 threads.
INFO: [Vivado 12-24828] Executing command : report_utilization -file mn_adder_wrapper_utilization_placed.rpt -pb mn_adder_wrapper_utilization_placed.pb
INFO: [Vivado 12-24828] Executing command : report_io -file mn_adder_wrapper_io_placed.rpt
report_io: Time (s): cpu = 00:00:00.32 ; elapsed = 00:00:00.27 . Memory (MB): peak = 2509.352 ; gain = 0.000 ; free physical = 330 ; free virtual = 9390
INFO: [Vivado 12-24828] Executing command : report_control_sets -verbose -file mn_adder_wrapper_control_sets_placed.rpt
report_control_sets: Time (s): cpu = 00:00:00.15 ; elapsed = 00:00:00.13 . Memory (MB): peak = 2509.352 ; gain = 0.000 ; free physical = 327 ; free virtual = 9387
Write ShapeDB Complete: Time (s): cpu = 00:00:00.01 ; elapsed = 00:00:00 . Memory (MB): peak = 2517.355 ; gain = 0.000 ; free physical = 327 ; free virtual = 9387
Wrote PlaceDB: Time (s): cpu = 00:00:00.04 ; elapsed = 00:00:00.01 . Memory (MB): peak = 2517.355 ; gain = 0.000 ; free physical = 327 ; free virtual = 9387
Wrote PulsedLatchDB: Time (s): cpu = 00:00:00 ; elapsed = 00:00:00 . Memory (MB): peak = 2517.355 ; gain = 0.000 ; free physical = 327 ; free virtual = 9387
Writing XDEF routing.
Writing XDEF routing logical nets.
Writing XDEF routing special nets.
Wrote RouteStorage: Time (s): cpu = 00:00:00.01 ; elapsed = 00:00:00.02 . Memory (MB): peak = 2517.355 ; gain = 0.000 ; free physical = 327 ; free virtual = 9388
Wrote Netlist Cache: Time (s): cpu = 00:00:00 ; elapsed = 00:00:00 . Memory (MB): peak = 2517.355 ; gain = 0.000 ; free physical = 327 ; free virtual = 9388
Wrote Device Cache: Time (s): cpu = 00:00:00.01 ; elapsed = 00:00:00 . Memory (MB): peak = 2517.355 ; gain = 0.000 ; free physical = 327 ; free virtual = 9388
Write Physdb Complete: Time (s): cpu = 00:00:00.06 ; elapsed = 00:00:00.04 . Memory (MB): peak = 2517.355 ; gain = 0.000 ; free physical = 327 ; free virtual = 9388
INFO: [Common 17-1381] The checkpoint '/home/abhijit/Desktop/delay_automation/design_sweep_runs/mn_adder_N32M14/mn_adder_N32M14.runs/impl_1/mn_adder_wrapper_placed.dcp' has been generated.
Command: phys_opt_design
Attempting to get a license for feature 'Implementation' and/or device 'xc7a12t'
INFO: [Common 17-349] Got license for feature 'Implementation' and/or device 'xc7a12t'

Starting Initial Update Timing Task

Time (s): cpu = 00:00:00.01 ; elapsed = 00:00:00.03 . Memory (MB): peak = 2524.355 ; gain = 7.000 ; free physical = 310 ; free virtual = 9370
INFO: [Vivado_Tcl 4-235] No timing constraint found. The netlist was not modified.
INFO: [Common 17-83] Releasing license: Implementation
53 Infos, 1 Warnings, 0 Critical Warnings and 0 Errors encountered.
phys_opt_design completed successfully
Write ShapeDB Complete: Time (s): cpu = 00:00:00.01 ; elapsed = 00:00:00 . Memory (MB): peak = 2548.105 ; gain = 5.938 ; free physical = 310 ; free virtual = 9370
Wrote PlaceDB: Time (s): cpu = 00:00:00.04 ; elapsed = 00:00:00.02 . Memory (MB): peak = 2548.105 ; gain = 5.938 ; free physical = 310 ; free virtual = 9370
Wrote PulsedLatchDB: Time (s): cpu = 00:00:00 ; elapsed = 00:00:00 . Memory (MB): peak = 2548.105 ; gain = 0.000 ; free physical = 310 ; free virtual = 9370
Writing XDEF routing.
Writing XDEF routing logical nets.
Writing XDEF routing special nets.
Wrote RouteStorage: Time (s): cpu = 00:00:00.02 ; elapsed = 00:00:00.01 . Memory (MB): peak = 2548.105 ; gain = 0.000 ; free physical = 310 ; free virtual = 9371
Wrote Netlist Cache: Time (s): cpu = 00:00:00 ; elapsed = 00:00:00 . Memory (MB): peak = 2548.105 ; gain = 0.000 ; free physical = 310 ; free virtual = 9371
Wrote Device Cache: Time (s): cpu = 00:00:00 ; elapsed = 00:00:00.01 . Memory (MB): peak = 2548.105 ; gain = 0.000 ; free physical = 310 ; free virtual = 9371
Write Physdb Complete: Time (s): cpu = 00:00:00.07 ; elapsed = 00:00:00.04 . Memory (MB): peak = 2548.105 ; gain = 5.938 ; free physical = 310 ; free virtual = 9371
INFO: [Common 17-1381] The checkpoint '/home/abhijit/Desktop/delay_automation/design_sweep_runs/mn_adder_N32M14/mn_adder_N32M14.runs/impl_1/mn_adder_wrapper_physopt.dcp' has been generated.
Command: route_design
Attempting to get a license for feature 'Implementation' and/or device 'xc7a12t'
INFO: [Common 17-349] Got license for feature 'Implementation' and/or device 'xc7a12t'


Starting Routing Task
INFO: [Route 35-254] Multithreading enabled for route_design using a maximum of 4 CPUs

Phase 1 Build RT Design
Checksum: PlaceDB: 78eefd8c ConstDB: 0 ShapeSum: ba62307e RouteDB: 6dca4706
Post Restoration Checksum: NetGraph: be25d873 | NumContArr: 87024e53 | Constraints: c2a8fa9d | Timing: c2a8fa9d
Phase 1 Build RT Design | Checksum: 2ca7a1c00

Time (s): cpu = 00:00:15 ; elapsed = 00:00:13 . Memory (MB): peak = 2600.746 ; gain = 49.672 ; free physical = 252 ; free virtual = 9312

Phase 2 Router Initialization
INFO: [Route 35-64] No timing constraints were detected. The router will operate in resource-optimization mode.

Phase 2.1 Fix Topology Constraints
Phase 2.1 Fix Topology Constraints | Checksum: 2ca7a1c00

Time (s): cpu = 00:00:15 ; elapsed = 00:00:13 . Memory (MB): peak = 2614.746 ; gain = 63.672 ; free physical = 238 ; free virtual = 9298

Phase 2.2 Pre Route Cleanup
Phase 2.2 Pre Route Cleanup | Checksum: 2ca7a1c00

Time (s): cpu = 00:00:15 ; elapsed = 00:00:13 . Memory (MB): peak = 2614.746 ; gain = 63.672 ; free physical = 238 ; free virtual = 9298
 Number of Nodes with overlaps = 0

Router Utilization Summary
  Global Vertical Routing Utilization    = 0 %
  Global Horizontal Routing Utilization  = 0 %
  Routable Net Status*
  *Does not include unroutable nets such as driverless and loadless.
  Run report_route_status for detailed report.
  Number of Failed Nets               = 112
    (Failed Nets is the sum of unrouted and partially routed nets)
  Number of Unrouted Nets             = 112
  Number of Partially Routed Nets     = 0
  Number of Node Overlaps             = 0

Phase 2 Router Initialization | Checksum: 2c2f9ac5e

Time (s): cpu = 00:00:16 ; elapsed = 00:00:14 . Memory (MB): peak = 2623.746 ; gain = 72.672 ; free physical = 228 ; free virtual = 9288

Phase 3 Global Routing
Phase 3 Global Routing | Checksum: 2c2f9ac5e

Time (s): cpu = 00:00:16 ; elapsed = 00:00:14 . Memory (MB): peak = 2623.746 ; gain = 72.672 ; free physical = 228 ; free virtual = 9288

Phase 4 Initial Routing

Phase 4.1 Initial Net Routing Pass
Phase 4.1 Initial Net Routing Pass | Checksum: 2ca7f6b7c

Time (s): cpu = 00:00:16 ; elapsed = 00:00:14 . Memory (MB): peak = 2623.746 ; gain = 72.672 ; free physical = 228 ; free virtual = 9288
Phase 4 Initial Routing | Checksum: 2ca7f6b7c

Time (s): cpu = 00:00:16 ; elapsed = 00:00:14 . Memory (MB): peak = 2623.746 ; gain = 72.672 ; free physical = 228 ; free virtual = 9288

Phase 5 Rip-up And Reroute

Phase 5.1 Global Iteration 0
 Number of Nodes with overlaps = 0
Phase 5.1 Global Iteration 0 | Checksum: 2b1340689

Time (s): cpu = 00:00:16 ; elapsed = 00:00:14 . Memory (MB): peak = 2623.746 ; gain = 72.672 ; free physical = 228 ; free virtual = 9288
Phase 5 Rip-up And Reroute | Checksum: 2b1340689

Time (s): cpu = 00:00:16 ; elapsed = 00:00:14 . Memory (MB): peak = 2623.746 ; gain = 72.672 ; free physical = 228 ; free virtual = 9288

Phase 6 Delay and Skew Optimization
Phase 6 Delay and Skew Optimization | Checksum: 2b1340689

Time (s): cpu = 00:00:16 ; elapsed = 00:00:14 . Memory (MB): peak = 2623.746 ; gain = 72.672 ; free physical = 228 ; free virtual = 9288

Phase 7 Post Hold Fix

Phase 7.1 Hold Fix Iter
Phase 7.1 Hold Fix Iter | Checksum: 2b1340689

Time (s): cpu = 00:00:16 ; elapsed = 00:00:14 . Memory (MB): peak = 2623.746 ; gain = 72.672 ; free physical = 228 ; free virtual = 9288
Phase 7 Post Hold Fix | Checksum: 2b1340689

Time (s): cpu = 00:00:16 ; elapsed = 00:00:14 . Memory (MB): peak = 2623.746 ; gain = 72.672 ; free physical = 228 ; free virtual = 9288

Phase 8 Route finalize

Router Utilization Summary
  Global Vertical Routing Utilization    = 0.376324 %
  Global Horizontal Routing Utilization  = 0.357327 %
  Routable Net Status*
  *Does not include unroutable nets such as driverless and loadless.
  Run report_route_status for detailed report.
  Number of Failed Nets               = 0
    (Failed Nets is the sum of unrouted and partially routed nets)
  Number of Unrouted Nets             = 0
  Number of Partially Routed Nets     = 0
  Number of Node Overlaps             = 0


--GLOBAL Congestion:
Utilization threshold used for congestion level computation: 0.85
Congestion Report
North Dir 1x1 Area, Max Cong = 21.6216%, No Congested Regions.
South Dir 1x1 Area, Max Cong = 36.9369%, No Congested Regions.
East Dir 1x1 Area, Max Cong = 17.6471%, No Congested Regions.
West Dir 1x1 Area, Max Cong = 23.5294%, No Congested Regions.

------------------------------
Reporting congestion hotspots
------------------------------
Direction: North
----------------
Congested clusters found at Level 0
Effective congestion level: 0 Aspect Ratio: 1 Sparse Ratio: 0
Direction: South
----------------
Congested clusters found at Level 0
Effective congestion level: 0 Aspect Ratio: 1 Sparse Ratio: 0
Direction: East
----------------
Congested clusters found at Level 0
Effective congestion level: 0 Aspect Ratio: 1 Sparse Ratio: 0
Direction: West
----------------
Congested clusters found at Level 0
Effective congestion level: 0 Aspect Ratio: 1 Sparse Ratio: 0

Phase 8 Route finalize | Checksum: 2b1340689

Time (s): cpu = 00:00:16 ; elapsed = 00:00:14 . Memory (MB): peak = 2623.746 ; gain = 72.672 ; free physical = 228 ; free virtual = 9288

Phase 9 Verifying routed nets

 Verification completed successfully
Phase 9 Verifying routed nets | Checksum: 2b1340689

Time (s): cpu = 00:00:16 ; elapsed = 00:00:14 . Memory (MB): peak = 2623.746 ; gain = 72.672 ; free physical = 228 ; free virtual = 9288

Phase 10 Depositing Routes
Phase 10 Depositing Routes | Checksum: 2b1340689

Time (s): cpu = 00:00:16 ; elapsed = 00:00:14 . Memory (MB): peak = 2623.746 ; gain = 72.672 ; free physical = 228 ; free virtual = 9288

Phase 11 Post Process Routing
Phase 11 Post Process Routing | Checksum: 2b1340689

Time (s): cpu = 00:00:16 ; elapsed = 00:00:14 . Memory (MB): peak = 2623.746 ; gain = 72.672 ; free physical = 228 ; free virtual = 9288
Total Elapsed time in route_design: 13.76 secs

Phase 12 Post-Route Event Processing
Phase 12 Post-Route Event Processing | Checksum: 10737e47b

Time (s): cpu = 00:00:16 ; elapsed = 00:00:14 . Memory (MB): peak = 2623.746 ; gain = 72.672 ; free physical = 228 ; free virtual = 9288
INFO: [Route 35-16] Router Completed Successfully
Ending Routing Task | Checksum: 10737e47b

Time (s): cpu = 00:00:16 ; elapsed = 00:00:14 . Memory (MB): peak = 2623.746 ; gain = 72.672 ; free physical = 228 ; free virtual = 9288

Routing Is Done.
INFO: [Common 17-83] Releasing license: Implementation
59 Infos, 1 Warnings, 0 Critical Warnings and 0 Errors encountered.
route_design completed successfully
route_design: Time (s): cpu = 00:00:16 ; elapsed = 00:00:14 . Memory (MB): peak = 2623.746 ; gain = 75.641 ; free physical = 228 ; free virtual = 9288
INFO: [Vivado 12-24828] Executing command : report_drc -file mn_adder_wrapper_drc_routed.rpt -pb mn_adder_wrapper_drc_routed.pb -rpx mn_adder_wrapper_drc_routed.rpx
Command: report_drc -file mn_adder_wrapper_drc_routed.rpt -pb mn_adder_wrapper_drc_routed.pb -rpx mn_adder_wrapper_drc_routed.rpx
INFO: [IP_Flow 19-1839] IP Catalog is up to date.
INFO: [DRC 23-27] Running DRC with 4 threads
INFO: [Vivado_Tcl 2-168] The results of DRC are in file /home/abhijit/Desktop/delay_automation/design_sweep_runs/mn_adder_N32M14/mn_adder_N32M14.runs/impl_1/mn_adder_wrapper_drc_routed.rpt.
report_drc completed successfully
INFO: [Vivado 12-24828] Executing command : report_methodology -file mn_adder_wrapper_methodology_drc_routed.rpt -pb mn_adder_wrapper_methodology_drc_routed.pb -rpx mn_adder_wrapper_methodology_drc_routed.rpx
Command: report_methodology -file mn_adder_wrapper_methodology_drc_routed.rpt -pb mn_adder_wrapper_methodology_drc_routed.pb -rpx mn_adder_wrapper_methodology_drc_routed.rpx
INFO: [Timing 38-35] Done setting XDC timing constraints.
INFO: [DRC 23-133] Running Methodology with 4 threads
INFO: [Vivado_Tcl 2-1520] The results of Report Methodology are in file /home/abhijit/Desktop/delay_automation/design_sweep_runs/mn_adder_N32M14/mn_adder_N32M14.runs/impl_1/mn_adder_wrapper_methodology_drc_routed.rpt.
report_methodology completed successfully
INFO: [Vivado 12-24828] Executing command : report_timing_summary -max_paths 10 -report_unconstrained -file mn_adder_wrapper_timing_summary_routed.rpt -pb mn_adder_wrapper_timing_summary_routed.pb -rpx mn_adder_wrapper_timing_summary_routed.rpx -warn_on_violation 
INFO: [Timing 38-35] Done setting XDC timing constraints.
INFO: [Timing 38-91] UpdateTimingParams: Speed grade: -3, Delay Type: min_max.
INFO: [Timing 38-191] Multithreading enabled for timing update using a maximum of 4 CPUs
WARNING: [Timing 38-313] There are no user specified timing constraints. Timing constraints are needed for proper timing analysis.
INFO: [Vivado 12-24838] Running report commands "report_bus_skew, report_incremental_reuse, report_route_status" in parallel.
Running report generation with 2 threads.
INFO: [Vivado 12-24828] Executing command : report_route_status -file mn_adder_wrapper_route_status.rpt -pb mn_adder_wrapper_route_status.pb
INFO: [Vivado 12-24828] Executing command : report_incremental_reuse -file mn_adder_wrapper_incremental_reuse_routed.rpt
INFO: [Vivado_Tcl 4-1062] Incremental flow is disabled. No incremental reuse Info to report.
INFO: [Vivado 12-24828] Executing command : report_bus_skew -warn_on_violation -file mn_adder_wrapper_bus_skew_routed.rpt -pb mn_adder_wrapper_bus_skew_routed.pb -rpx mn_adder_wrapper_bus_skew_routed.rpx
INFO: [Timing 38-91] UpdateTimingParams: Speed grade: -3, Delay Type: min_max.
INFO: [Timing 38-191] Multithreading enabled for timing update using a maximum of 4 CPUs
INFO: [Vivado 12-24828] Executing command : report_power -file mn_adder_wrapper_power_routed.rpt -pb mn_adder_wrapper_power_summary_routed.pb -rpx mn_adder_wrapper_power_routed.rpx
Command: report_power -file mn_adder_wrapper_power_routed.rpt -pb mn_adder_wrapper_power_summary_routed.pb -rpx mn_adder_wrapper_power_routed.rpx
WARNING: [Power 33-232] No user defined clocks were found in the design! Power estimation will be inaccurate until this is corrected.
Resolution: Please specify clocks using create_clock/create_generated_clock for sequential elements. For pure combinatorial circuits, please specify a virtual clock, otherwise the vectorless estimation might be inaccurate
Running Vector-less Activity Propagation...

Finished Running Vector-less Activity Propagation
79 Infos, 3 Warnings, 0 Critical Warnings and 0 Errors encountered.
report_power completed successfully
INFO: [Vivado 12-24828] Executing command : report_clock_utilization -file mn_adder_wrapper_clock_utilization_routed.rpt
generate_parallel_reports: Time (s): cpu = 00:00:22 ; elapsed = 00:00:07 . Memory (MB): peak = 2722.906 ; gain = 99.160 ; free physical = 124 ; free virtual = 9185
Write ShapeDB Complete: Time (s): cpu = 00:00:00.01 ; elapsed = 00:00:00 . Memory (MB): peak = 2722.906 ; gain = 0.000 ; free physical = 124 ; free virtual = 9185
Wrote PlaceDB: Time (s): cpu = 00:00:00.04 ; elapsed = 00:00:00.01 . Memory (MB): peak = 2722.906 ; gain = 0.000 ; free physical = 124 ; free virtual = 9185
Wrote PulsedLatchDB: Time (s): cpu = 00:00:00 ; elapsed = 00:00:00 . Memory (MB): peak = 2722.906 ; gain = 0.000 ; free physical = 124 ; free virtual = 9185
Writing XDEF routing.
Writing XDEF routing logical nets.
Writing XDEF routing special nets.
Wrote RouteStorage: Time (s): cpu = 00:00:00.02 ; elapsed = 00:00:00.02 . Memory (MB): peak = 2722.906 ; gain = 0.000 ; free physical = 124 ; free virtual = 9185
Wrote Netlist Cache: Time (s): cpu = 00:00:00 ; elapsed = 00:00:00 . Memory (MB): peak = 2722.906 ; gain = 0.000 ; free physical = 124 ; free virtual = 9185
Wrote Device Cache: Time (s): cpu = 00:00:00.01 ; elapsed = 00:00:00.01 . Memory (MB): peak = 2722.906 ; gain = 0.000 ; free physical = 124 ; free virtual = 9185
Write Physdb Complete: Time (s): cpu = 00:00:00.07 ; elapsed = 00:00:00.05 . Memory (MB): peak = 2722.906 ; gain = 0.000 ; free physical = 124 ; free virtual = 9185
INFO: [Common 17-1381] The checkpoint '/home/abhijit/Desktop/delay_automation/design_sweep_runs/mn_adder_N32M14/mn_adder_N32M14.runs/impl_1/mn_adder_wrapper_routed.dcp' has been generated.
INFO: [Common 17-206] Exiting Vivado at Mon Jun  9 11:08:34 2025...
