Copyright 1986-2022 Xilinx, Inc. All Rights Reserved. Copyright 2022-2024 Advanced Micro Devices, Inc. All Rights Reserved.
---------------------------------------------------------------------------------------------------------------------------------------------------------------------------------------------------------------------------------------------
| Tool Version : Vivado v.2024.2 (lin64) Build 5239630 Fri Nov 08 22:34:34 MST 2024
| Date         : Mon Jun  9 11:19:19 2025
| Host         : abhijit-Vostro-15-3568 running 64-bit Ubuntu 20.04.6 LTS
| Command      : report_timing_summary -max_paths 10 -report_unconstrained -file mn_adder_wrapper_timing_summary_routed.rpt -pb mn_adder_wrapper_timing_summary_routed.pb -rpx mn_adder_wrapper_timing_summary_routed.rpx -warn_on_violation
| Design       : mn_adder_wrapper
| Device       : 7a12t-cpg238
| Speed File   : -3  PRODUCTION 1.23 2018-06-13
| Design State : Routed
---------------------------------------------------------------------------------------------------------------------------------------------------------------------------------------------------------------------------------------------

Timing Summary Report

------------------------------------------------------------------------------------------------
| Timer Settings
| --------------
------------------------------------------------------------------------------------------------

  Enable Multi Corner Analysis               :  Yes
  Enable Pessimism Removal                   :  Yes
  Pessimism Removal Resolution               :  Nearest Common Node
  Enable Input Delay Default Clock           :  No
  Enable Preset / Clear Arcs                 :  No
  Disable Flight Delays                      :  No
  Ignore I/O Paths                           :  No
  Timing Early Launch at Borrowing Latches   :  No
  Borrow Time for Max Delay Exceptions       :  Yes
  Merge Timing Exceptions                    :  Yes
  Inter-SLR Compensation                     :  Conservative

  Corner  Analyze    Analyze    
  Name    Max Paths  Min Paths  
  ------  ---------  ---------  
  Slow    Yes        Yes        
  Fast    Yes        Yes        


------------------------------------------------------------------------------------------------
| Report Methodology
| ------------------
------------------------------------------------------------------------------------------------

Rule       Severity          Description                  Violations  
---------  ----------------  ---------------------------  ----------  
TIMING-17  Critical Warning  Non-clocked sequential cell  3           

Note: This report is based on the most recent report_methodology run and may not be up-to-date. Run report_methodology on the current design for the latest report.



check_timing report

Table of Contents
-----------------
1. checking no_clock (3)
2. checking constant_clock (0)
3. checking pulse_width_clock (0)
4. checking unconstrained_internal_endpoints (6)
5. checking no_input_delay (66)
6. checking no_output_delay (33)
7. checking multiple_clock (0)
8. checking generated_clocks (0)
9. checking loops (0)
10. checking partial_input_delay (0)
11. checking partial_output_delay (0)
12. checking latch_loops (0)

1. checking no_clock (3)
------------------------
 There are 3 register/latch pins with no clock driven by root clock pin: clk (HIGH)


2. checking constant_clock (0)
------------------------------
 There are 0 register/latch pins with constant_clock.


3. checking pulse_width_clock (0)
---------------------------------
 There are 0 register/latch pins which need pulse_width check


4. checking unconstrained_internal_endpoints (6)
------------------------------------------------
 There are 6 pins that are not constrained for maximum delay. (HIGH)

 There are 0 pins that are not constrained for maximum delay due to constant clock.


5. checking no_input_delay (66)
-------------------------------
 There are 66 input ports with no input delay specified. (HIGH)

 There are 0 input ports with no input delay but user has a false path constraint.


6. checking no_output_delay (33)
--------------------------------
 There are 33 ports with no output delay specified. (HIGH)

 There are 0 ports with no output delay but user has a false path constraint

 There are 0 ports with no output delay but with a timing clock defined on it or propagating through it


7. checking multiple_clock (0)
------------------------------
 There are 0 register/latch pins with multiple clocks.


8. checking generated_clocks (0)
--------------------------------
 There are 0 generated clocks that are not connected to a clock source.


9. checking loops (0)
---------------------
 There are 0 combinational loops in the design.


10. checking partial_input_delay (0)
------------------------------------
 There are 0 input ports with partial input delay specified.


11. checking partial_output_delay (0)
-------------------------------------
 There are 0 ports with partial output delay specified.


12. checking latch_loops (0)
----------------------------
 There are 0 combinational latch loops in the design through latch input



------------------------------------------------------------------------------------------------
| Design Timing Summary
| ---------------------
------------------------------------------------------------------------------------------------

    WNS(ns)      TNS(ns)  TNS Failing Endpoints  TNS Total Endpoints      WHS(ns)      THS(ns)  THS Failing Endpoints  THS Total Endpoints     WPWS(ns)     TPWS(ns)  TPWS Failing Endpoints  TPWS Total Endpoints  
    -------      -------  ---------------------  -------------------      -------      -------  ---------------------  -------------------     --------     --------  ----------------------  --------------------  
        inf        0.000                      0                   39          inf        0.000                      0                   39           NA           NA                      NA                    NA  


There are no user specified timing constraints.


------------------------------------------------------------------------------------------------
| Clock Summary
| -------------
------------------------------------------------------------------------------------------------


------------------------------------------------------------------------------------------------
| Intra Clock Table
| -----------------
------------------------------------------------------------------------------------------------

Clock             WNS(ns)      TNS(ns)  TNS Failing Endpoints  TNS Total Endpoints      WHS(ns)      THS(ns)  THS Failing Endpoints  THS Total Endpoints     WPWS(ns)     TPWS(ns)  TPWS Failing Endpoints  TPWS Total Endpoints  
-----             -------      -------  ---------------------  -------------------      -------      -------  ---------------------  -------------------     --------     --------  ----------------------  --------------------  


------------------------------------------------------------------------------------------------
| Inter Clock Table
| -----------------
------------------------------------------------------------------------------------------------

From Clock    To Clock          WNS(ns)      TNS(ns)  TNS Failing Endpoints  TNS Total Endpoints      WHS(ns)      THS(ns)  THS Failing Endpoints  THS Total Endpoints  
----------    --------          -------      -------  ---------------------  -------------------      -------      -------  ---------------------  -------------------  


------------------------------------------------------------------------------------------------
| Other Path Groups Table
| -----------------------
------------------------------------------------------------------------------------------------

Path Group    From Clock    To Clock          WNS(ns)      TNS(ns)  TNS Failing Endpoints  TNS Total Endpoints      WHS(ns)      THS(ns)  THS Failing Endpoints  THS Total Endpoints  
----------    ----------    --------          -------      -------  ---------------------  -------------------      -------      -------  ---------------------  -------------------  


------------------------------------------------------------------------------------------------
| User Ignored Path Table
| -----------------------
------------------------------------------------------------------------------------------------

Path Group    From Clock    To Clock    
----------    ----------    --------    


------------------------------------------------------------------------------------------------
| Unconstrained Path Table
| ------------------------
------------------------------------------------------------------------------------------------

Path Group    From Clock    To Clock    
----------    ----------    --------    
(none)                                    


------------------------------------------------------------------------------------------------
| Timing Details
| --------------
------------------------------------------------------------------------------------------------


--------------------------------------------------------------------------------------
Path Group:  (none)
From Clock:  
  To Clock:  

Max Delay            39 Endpoints
Min Delay            39 Endpoints
--------------------------------------------------------------------------------------


Max Delay Paths
--------------------------------------------------------------------------------------
Slack:                    inf
  Source:                 B[6]
                            (input port)
  Destination:            sum[30]
                            (output port)
  Path Group:             (none)
  Path Type:              Max at Slow Process Corner
  Data Path Delay:        9.463ns  (logic 4.228ns (44.679%)  route 5.235ns (55.321%))
  Logic Levels:           10  (CARRY4=7 IBUF=1 LUT6=1 OBUF=1)

    Location             Delay type                Incr(ns)  Path(ns)    Netlist Resource(s)
  -------------------------------------------------------------------    -------------------
    A16                                               0.000     0.000 r  B[6] (IN)
                         net (fo=0)                   0.000     0.000    B[6]
    A16                  IBUF (Prop_ibuf_I_O)         0.787     0.787 r  B_IBUF[6]_inst/O
                         net (fo=1, routed)           3.103     3.890    adder_inst/CC_inst/b_rem[0]
    SLICE_X0Y7           LUT6 (Prop_lut6_I1_O)        0.097     3.987 r  adder_inst/CC_inst/RCA_lut_0/O
                         net (fo=1, routed)           0.000     3.987    adder_inst/CC_inst/rca_prp
    SLICE_X0Y7           CARRY4 (Prop_carry4_S[3]_CO[3])
                                                      0.299     4.286 r  adder_inst/CC_inst/CC_carry_chain_last/CO[3]
                         net (fo=1, routed)           0.000     4.286    adder_inst/RCA_inst/Cin
    SLICE_X0Y8           CARRY4 (Prop_carry4_CI_CO[3])
                                                      0.089     4.375 r  adder_inst/RCA_inst/RCA_CARRY4_0/CO[3]
                         net (fo=1, routed)           0.000     4.375    adder_inst/RCA_inst/carry[3]
    SLICE_X0Y9           CARRY4 (Prop_carry4_CI_CO[3])
                                                      0.089     4.464 r  adder_inst/RCA_inst/RCA_CARRY4_1/CO[3]
                         net (fo=1, routed)           0.000     4.464    adder_inst/RCA_inst/carry[7]
    SLICE_X0Y10          CARRY4 (Prop_carry4_CI_CO[3])
                                                      0.089     4.553 r  adder_inst/RCA_inst/RCA_CARRY4_2/CO[3]
                         net (fo=1, routed)           0.000     4.553    adder_inst/RCA_inst/carry[11]
    SLICE_X0Y11          CARRY4 (Prop_carry4_CI_CO[3])
                                                      0.089     4.642 r  adder_inst/RCA_inst/RCA_CARRY4_3/CO[3]
                         net (fo=1, routed)           0.000     4.642    adder_inst/RCA_inst/carry[15]
    SLICE_X0Y12          CARRY4 (Prop_carry4_CI_CO[3])
                                                      0.089     4.731 r  adder_inst/RCA_inst/RCA_CARRY4_4/CO[3]
                         net (fo=1, routed)           0.000     4.731    adder_inst/RCA_inst/carry[19]
    SLICE_X0Y13          CARRY4 (Prop_carry4_CI_O[3])
                                                      0.234     4.965 r  adder_inst/RCA_inst/RCA_CARRY4_5/O[3]
                         net (fo=1, routed)           2.132     7.097    sum_OBUF[30]
    D19                  OBUF (Prop_obuf_I_O)         2.366     9.463 r  sum_OBUF[30]_inst/O
                         net (fo=0)                   0.000     9.463    sum[30]
    D19                                                               r  sum[30] (OUT)
  -------------------------------------------------------------------    -------------------

Slack:                    inf
  Source:                 B[6]
                            (input port)
  Destination:            Cout
                            (output port)
  Path Group:             (none)
  Path Type:              Max at Slow Process Corner
  Data Path Delay:        9.445ns  (logic 4.310ns (45.633%)  route 5.135ns (54.367%))
  Logic Levels:           11  (CARRY4=8 IBUF=1 LUT6=1 OBUF=1)

    Location             Delay type                Incr(ns)  Path(ns)    Netlist Resource(s)
  -------------------------------------------------------------------    -------------------
    A16                                               0.000     0.000 r  B[6] (IN)
                         net (fo=0)                   0.000     0.000    B[6]
    A16                  IBUF (Prop_ibuf_I_O)         0.787     0.787 r  B_IBUF[6]_inst/O
                         net (fo=1, routed)           3.103     3.890    adder_inst/CC_inst/b_rem[0]
    SLICE_X0Y7           LUT6 (Prop_lut6_I1_O)        0.097     3.987 r  adder_inst/CC_inst/RCA_lut_0/O
                         net (fo=1, routed)           0.000     3.987    adder_inst/CC_inst/rca_prp
    SLICE_X0Y7           CARRY4 (Prop_carry4_S[3]_CO[3])
                                                      0.299     4.286 r  adder_inst/CC_inst/CC_carry_chain_last/CO[3]
                         net (fo=1, routed)           0.000     4.286    adder_inst/RCA_inst/Cin
    SLICE_X0Y8           CARRY4 (Prop_carry4_CI_CO[3])
                                                      0.089     4.375 r  adder_inst/RCA_inst/RCA_CARRY4_0/CO[3]
                         net (fo=1, routed)           0.000     4.375    adder_inst/RCA_inst/carry[3]
    SLICE_X0Y9           CARRY4 (Prop_carry4_CI_CO[3])
                                                      0.089     4.464 r  adder_inst/RCA_inst/RCA_CARRY4_1/CO[3]
                         net (fo=1, routed)           0.000     4.464    adder_inst/RCA_inst/carry[7]
    SLICE_X0Y10          CARRY4 (Prop_carry4_CI_CO[3])
                                                      0.089     4.553 r  adder_inst/RCA_inst/RCA_CARRY4_2/CO[3]
                         net (fo=1, routed)           0.000     4.553    adder_inst/RCA_inst/carry[11]
    SLICE_X0Y11          CARRY4 (Prop_carry4_CI_CO[3])
                                                      0.089     4.642 r  adder_inst/RCA_inst/RCA_CARRY4_3/CO[3]
                         net (fo=1, routed)           0.000     4.642    adder_inst/RCA_inst/carry[15]
    SLICE_X0Y12          CARRY4 (Prop_carry4_CI_CO[3])
                                                      0.089     4.731 r  adder_inst/RCA_inst/RCA_CARRY4_4/CO[3]
                         net (fo=1, routed)           0.000     4.731    adder_inst/RCA_inst/carry[19]
    SLICE_X0Y13          CARRY4 (Prop_carry4_CI_CO[3])
                                                      0.089     4.820 r  adder_inst/RCA_inst/RCA_CARRY4_5/CO[3]
                         net (fo=1, routed)           0.000     4.820    adder_inst/RCA_inst/carry[23]
    SLICE_X0Y14          CARRY4 (Prop_carry4_CI_CO[0])
                                                      0.187     5.007 r  adder_inst/RCA_inst/RCA_CARRY4_6/CO[0]
                         net (fo=1, routed)           2.032     7.039    Cout_OBUF
    D17                  OBUF (Prop_obuf_I_O)         2.406     9.445 r  Cout_OBUF_inst/O
                         net (fo=0)                   0.000     9.445    Cout
    D17                                                               r  Cout (OUT)
  -------------------------------------------------------------------    -------------------

Slack:                    inf
  Source:                 B[6]
                            (input port)
  Destination:            sum[27]
                            (output port)
  Path Group:             (none)
  Path Type:              Max at Slow Process Corner
  Data Path Delay:        9.235ns  (logic 4.142ns (44.851%)  route 5.093ns (55.149%))
  Logic Levels:           10  (CARRY4=7 IBUF=1 LUT6=1 OBUF=1)

    Location             Delay type                Incr(ns)  Path(ns)    Netlist Resource(s)
  -------------------------------------------------------------------    -------------------
    A16                                               0.000     0.000 r  B[6] (IN)
                         net (fo=0)                   0.000     0.000    B[6]
    A16                  IBUF (Prop_ibuf_I_O)         0.787     0.787 r  B_IBUF[6]_inst/O
                         net (fo=1, routed)           3.103     3.890    adder_inst/CC_inst/b_rem[0]
    SLICE_X0Y7           LUT6 (Prop_lut6_I1_O)        0.097     3.987 r  adder_inst/CC_inst/RCA_lut_0/O
                         net (fo=1, routed)           0.000     3.987    adder_inst/CC_inst/rca_prp
    SLICE_X0Y7           CARRY4 (Prop_carry4_S[3]_CO[3])
                                                      0.299     4.286 r  adder_inst/CC_inst/CC_carry_chain_last/CO[3]
                         net (fo=1, routed)           0.000     4.286    adder_inst/RCA_inst/Cin
    SLICE_X0Y8           CARRY4 (Prop_carry4_CI_CO[3])
                                                      0.089     4.375 r  adder_inst/RCA_inst/RCA_CARRY4_0/CO[3]
                         net (fo=1, routed)           0.000     4.375    adder_inst/RCA_inst/carry[3]
    SLICE_X0Y9           CARRY4 (Prop_carry4_CI_CO[3])
                                                      0.089     4.464 r  adder_inst/RCA_inst/RCA_CARRY4_1/CO[3]
                         net (fo=1, routed)           0.000     4.464    adder_inst/RCA_inst/carry[7]
    SLICE_X0Y10          CARRY4 (Prop_carry4_CI_CO[3])
                                                      0.089     4.553 r  adder_inst/RCA_inst/RCA_CARRY4_2/CO[3]
                         net (fo=1, routed)           0.000     4.553    adder_inst/RCA_inst/carry[11]
    SLICE_X0Y11          CARRY4 (Prop_carry4_CI_CO[3])
                                                      0.089     4.642 r  adder_inst/RCA_inst/RCA_CARRY4_3/CO[3]
                         net (fo=1, routed)           0.000     4.642    adder_inst/RCA_inst/carry[15]
    SLICE_X0Y12          CARRY4 (Prop_carry4_CI_CO[3])
                                                      0.089     4.731 r  adder_inst/RCA_inst/RCA_CARRY4_4/CO[3]
                         net (fo=1, routed)           0.000     4.731    adder_inst/RCA_inst/carry[19]
    SLICE_X0Y13          CARRY4 (Prop_carry4_CI_O[0])
                                                      0.159     4.890 r  adder_inst/RCA_inst/RCA_CARRY4_5/O[0]
                         net (fo=1, routed)           1.991     6.880    sum_OBUF[27]
    E17                  OBUF (Prop_obuf_I_O)         2.355     9.235 r  sum_OBUF[27]_inst/O
                         net (fo=0)                   0.000     9.235    sum[27]
    E17                                                               r  sum[27] (OUT)
  -------------------------------------------------------------------    -------------------

Slack:                    inf
  Source:                 B[6]
                            (input port)
  Destination:            sum[26]
                            (output port)
  Path Group:             (none)
  Path Type:              Max at Slow Process Corner
  Data Path Delay:        9.222ns  (logic 4.137ns (44.864%)  route 5.085ns (55.136%))
  Logic Levels:           9  (CARRY4=6 IBUF=1 LUT6=1 OBUF=1)

    Location             Delay type                Incr(ns)  Path(ns)    Netlist Resource(s)
  -------------------------------------------------------------------    -------------------
    A16                                               0.000     0.000 r  B[6] (IN)
                         net (fo=0)                   0.000     0.000    B[6]
    A16                  IBUF (Prop_ibuf_I_O)         0.787     0.787 r  B_IBUF[6]_inst/O
                         net (fo=1, routed)           3.103     3.890    adder_inst/CC_inst/b_rem[0]
    SLICE_X0Y7           LUT6 (Prop_lut6_I1_O)        0.097     3.987 r  adder_inst/CC_inst/RCA_lut_0/O
                         net (fo=1, routed)           0.000     3.987    adder_inst/CC_inst/rca_prp
    SLICE_X0Y7           CARRY4 (Prop_carry4_S[3]_CO[3])
                                                      0.299     4.286 r  adder_inst/CC_inst/CC_carry_chain_last/CO[3]
                         net (fo=1, routed)           0.000     4.286    adder_inst/RCA_inst/Cin
    SLICE_X0Y8           CARRY4 (Prop_carry4_CI_CO[3])
                                                      0.089     4.375 r  adder_inst/RCA_inst/RCA_CARRY4_0/CO[3]
                         net (fo=1, routed)           0.000     4.375    adder_inst/RCA_inst/carry[3]
    SLICE_X0Y9           CARRY4 (Prop_carry4_CI_CO[3])
                                                      0.089     4.464 r  adder_inst/RCA_inst/RCA_CARRY4_1/CO[3]
                         net (fo=1, routed)           0.000     4.464    adder_inst/RCA_inst/carry[7]
    SLICE_X0Y10          CARRY4 (Prop_carry4_CI_CO[3])
                                                      0.089     4.553 r  adder_inst/RCA_inst/RCA_CARRY4_2/CO[3]
                         net (fo=1, routed)           0.000     4.553    adder_inst/RCA_inst/carry[11]
    SLICE_X0Y11          CARRY4 (Prop_carry4_CI_CO[3])
                                                      0.089     4.642 r  adder_inst/RCA_inst/RCA_CARRY4_3/CO[3]
                         net (fo=1, routed)           0.000     4.642    adder_inst/RCA_inst/carry[15]
    SLICE_X0Y12          CARRY4 (Prop_carry4_CI_O[3])
                                                      0.234     4.876 r  adder_inst/RCA_inst/RCA_CARRY4_4/O[3]
                         net (fo=1, routed)           1.982     6.858    sum_OBUF[26]
    E18                  OBUF (Prop_obuf_I_O)         2.364     9.222 r  sum_OBUF[26]_inst/O
                         net (fo=0)                   0.000     9.222    sum[26]
    E18                                                               r  sum[26] (OUT)
  -------------------------------------------------------------------    -------------------

Slack:                    inf
  Source:                 B[6]
                            (input port)
  Destination:            sum[24]
                            (output port)
  Path Group:             (none)
  Path Type:              Max at Slow Process Corner
  Data Path Delay:        9.198ns  (logic 4.111ns (44.698%)  route 5.087ns (55.302%))
  Logic Levels:           9  (CARRY4=6 IBUF=1 LUT6=1 OBUF=1)

    Location             Delay type                Incr(ns)  Path(ns)    Netlist Resource(s)
  -------------------------------------------------------------------    -------------------
    A16                                               0.000     0.000 r  B[6] (IN)
                         net (fo=0)                   0.000     0.000    B[6]
    A16                  IBUF (Prop_ibuf_I_O)         0.787     0.787 r  B_IBUF[6]_inst/O
                         net (fo=1, routed)           3.103     3.890    adder_inst/CC_inst/b_rem[0]
    SLICE_X0Y7           LUT6 (Prop_lut6_I1_O)        0.097     3.987 r  adder_inst/CC_inst/RCA_lut_0/O
                         net (fo=1, routed)           0.000     3.987    adder_inst/CC_inst/rca_prp
    SLICE_X0Y7           CARRY4 (Prop_carry4_S[3]_CO[3])
                                                      0.299     4.286 r  adder_inst/CC_inst/CC_carry_chain_last/CO[3]
                         net (fo=1, routed)           0.000     4.286    adder_inst/RCA_inst/Cin
    SLICE_X0Y8           CARRY4 (Prop_carry4_CI_CO[3])
                                                      0.089     4.375 r  adder_inst/RCA_inst/RCA_CARRY4_0/CO[3]
                         net (fo=1, routed)           0.000     4.375    adder_inst/RCA_inst/carry[3]
    SLICE_X0Y9           CARRY4 (Prop_carry4_CI_CO[3])
                                                      0.089     4.464 r  adder_inst/RCA_inst/RCA_CARRY4_1/CO[3]
                         net (fo=1, routed)           0.000     4.464    adder_inst/RCA_inst/carry[7]
    SLICE_X0Y10          CARRY4 (Prop_carry4_CI_CO[3])
                                                      0.089     4.553 r  adder_inst/RCA_inst/RCA_CARRY4_2/CO[3]
                         net (fo=1, routed)           0.000     4.553    adder_inst/RCA_inst/carry[11]
    SLICE_X0Y11          CARRY4 (Prop_carry4_CI_CO[3])
                                                      0.089     4.642 r  adder_inst/RCA_inst/RCA_CARRY4_3/CO[3]
                         net (fo=1, routed)           0.000     4.642    adder_inst/RCA_inst/carry[15]
    SLICE_X0Y12          CARRY4 (Prop_carry4_CI_O[1])
                                                      0.230     4.872 r  adder_inst/RCA_inst/RCA_CARRY4_4/O[1]
                         net (fo=1, routed)           1.984     6.856    sum_OBUF[24]
    H18                  OBUF (Prop_obuf_I_O)         2.342     9.198 r  sum_OBUF[24]_inst/O
                         net (fo=0)                   0.000     9.198    sum[24]
    H18                                                               r  sum[24] (OUT)
  -------------------------------------------------------------------    -------------------

Slack:                    inf
  Source:                 B[6]
                            (input port)
  Destination:            sum[28]
                            (output port)
  Path Group:             (none)
  Path Type:              Max at Slow Process Corner
  Data Path Delay:        9.181ns  (logic 4.203ns (45.783%)  route 4.977ns (54.217%))
  Logic Levels:           10  (CARRY4=7 IBUF=1 LUT6=1 OBUF=1)

    Location             Delay type                Incr(ns)  Path(ns)    Netlist Resource(s)
  -------------------------------------------------------------------    -------------------
    A16                                               0.000     0.000 r  B[6] (IN)
                         net (fo=0)                   0.000     0.000    B[6]
    A16                  IBUF (Prop_ibuf_I_O)         0.787     0.787 r  B_IBUF[6]_inst/O
                         net (fo=1, routed)           3.103     3.890    adder_inst/CC_inst/b_rem[0]
    SLICE_X0Y7           LUT6 (Prop_lut6_I1_O)        0.097     3.987 r  adder_inst/CC_inst/RCA_lut_0/O
                         net (fo=1, routed)           0.000     3.987    adder_inst/CC_inst/rca_prp
    SLICE_X0Y7           CARRY4 (Prop_carry4_S[3]_CO[3])
                                                      0.299     4.286 r  adder_inst/CC_inst/CC_carry_chain_last/CO[3]
                         net (fo=1, routed)           0.000     4.286    adder_inst/RCA_inst/Cin
    SLICE_X0Y8           CARRY4 (Prop_carry4_CI_CO[3])
                                                      0.089     4.375 r  adder_inst/RCA_inst/RCA_CARRY4_0/CO[3]
                         net (fo=1, routed)           0.000     4.375    adder_inst/RCA_inst/carry[3]
    SLICE_X0Y9           CARRY4 (Prop_carry4_CI_CO[3])
                                                      0.089     4.464 r  adder_inst/RCA_inst/RCA_CARRY4_1/CO[3]
                         net (fo=1, routed)           0.000     4.464    adder_inst/RCA_inst/carry[7]
    SLICE_X0Y10          CARRY4 (Prop_carry4_CI_CO[3])
                                                      0.089     4.553 r  adder_inst/RCA_inst/RCA_CARRY4_2/CO[3]
                         net (fo=1, routed)           0.000     4.553    adder_inst/RCA_inst/carry[11]
    SLICE_X0Y11          CARRY4 (Prop_carry4_CI_CO[3])
                                                      0.089     4.642 r  adder_inst/RCA_inst/RCA_CARRY4_3/CO[3]
                         net (fo=1, routed)           0.000     4.642    adder_inst/RCA_inst/carry[15]
    SLICE_X0Y12          CARRY4 (Prop_carry4_CI_CO[3])
                                                      0.089     4.731 r  adder_inst/RCA_inst/RCA_CARRY4_4/CO[3]
                         net (fo=1, routed)           0.000     4.731    adder_inst/RCA_inst/carry[19]
    SLICE_X0Y13          CARRY4 (Prop_carry4_CI_O[1])
                                                      0.230     4.961 r  adder_inst/RCA_inst/RCA_CARRY4_5/O[1]
                         net (fo=1, routed)           1.875     6.836    sum_OBUF[28]
    F19                  OBUF (Prop_obuf_I_O)         2.345     9.181 r  sum_OBUF[28]_inst/O
                         net (fo=0)                   0.000     9.181    sum[28]
    F19                                                               r  sum[28] (OUT)
  -------------------------------------------------------------------    -------------------

Slack:                    inf
  Source:                 B[6]
                            (input port)
  Destination:            sum[29]
                            (output port)
  Path Group:             (none)
  Path Type:              Max at Slow Process Corner
  Data Path Delay:        9.178ns  (logic 4.163ns (45.354%)  route 5.016ns (54.646%))
  Logic Levels:           10  (CARRY4=7 IBUF=1 LUT6=1 OBUF=1)

    Location             Delay type                Incr(ns)  Path(ns)    Netlist Resource(s)
  -------------------------------------------------------------------    -------------------
    A16                                               0.000     0.000 r  B[6] (IN)
                         net (fo=0)                   0.000     0.000    B[6]
    A16                  IBUF (Prop_ibuf_I_O)         0.787     0.787 r  B_IBUF[6]_inst/O
                         net (fo=1, routed)           3.103     3.890    adder_inst/CC_inst/b_rem[0]
    SLICE_X0Y7           LUT6 (Prop_lut6_I1_O)        0.097     3.987 r  adder_inst/CC_inst/RCA_lut_0/O
                         net (fo=1, routed)           0.000     3.987    adder_inst/CC_inst/rca_prp
    SLICE_X0Y7           CARRY4 (Prop_carry4_S[3]_CO[3])
                                                      0.299     4.286 r  adder_inst/CC_inst/CC_carry_chain_last/CO[3]
                         net (fo=1, routed)           0.000     4.286    adder_inst/RCA_inst/Cin
    SLICE_X0Y8           CARRY4 (Prop_carry4_CI_CO[3])
                                                      0.089     4.375 r  adder_inst/RCA_inst/RCA_CARRY4_0/CO[3]
                         net (fo=1, routed)           0.000     4.375    adder_inst/RCA_inst/carry[3]
    SLICE_X0Y9           CARRY4 (Prop_carry4_CI_CO[3])
                                                      0.089     4.464 r  adder_inst/RCA_inst/RCA_CARRY4_1/CO[3]
                         net (fo=1, routed)           0.000     4.464    adder_inst/RCA_inst/carry[7]
    SLICE_X0Y10          CARRY4 (Prop_carry4_CI_CO[3])
                                                      0.089     4.553 r  adder_inst/RCA_inst/RCA_CARRY4_2/CO[3]
                         net (fo=1, routed)           0.000     4.553    adder_inst/RCA_inst/carry[11]
    SLICE_X0Y11          CARRY4 (Prop_carry4_CI_CO[3])
                                                      0.089     4.642 r  adder_inst/RCA_inst/RCA_CARRY4_3/CO[3]
                         net (fo=1, routed)           0.000     4.642    adder_inst/RCA_inst/carry[15]
    SLICE_X0Y12          CARRY4 (Prop_carry4_CI_CO[3])
                                                      0.089     4.731 r  adder_inst/RCA_inst/RCA_CARRY4_4/CO[3]
                         net (fo=1, routed)           0.000     4.731    adder_inst/RCA_inst/carry[19]
    SLICE_X0Y13          CARRY4 (Prop_carry4_CI_O[2])
                                                      0.181     4.912 r  adder_inst/RCA_inst/RCA_CARRY4_5/O[2]
                         net (fo=1, routed)           1.913     6.825    sum_OBUF[29]
    E19                  OBUF (Prop_obuf_I_O)         2.354     9.178 r  sum_OBUF[29]_inst/O
                         net (fo=0)                   0.000     9.178    sum[29]
    E19                                                               r  sum[29] (OUT)
  -------------------------------------------------------------------    -------------------

Slack:                    inf
  Source:                 B[6]
                            (input port)
  Destination:            sum[23]
                            (output port)
  Path Group:             (none)
  Path Type:              Max at Slow Process Corner
  Data Path Delay:        9.144ns  (logic 4.052ns (44.315%)  route 5.092ns (55.685%))
  Logic Levels:           9  (CARRY4=6 IBUF=1 LUT6=1 OBUF=1)

    Location             Delay type                Incr(ns)  Path(ns)    Netlist Resource(s)
  -------------------------------------------------------------------    -------------------
    A16                                               0.000     0.000 r  B[6] (IN)
                         net (fo=0)                   0.000     0.000    B[6]
    A16                  IBUF (Prop_ibuf_I_O)         0.787     0.787 r  B_IBUF[6]_inst/O
                         net (fo=1, routed)           3.103     3.890    adder_inst/CC_inst/b_rem[0]
    SLICE_X0Y7           LUT6 (Prop_lut6_I1_O)        0.097     3.987 r  adder_inst/CC_inst/RCA_lut_0/O
                         net (fo=1, routed)           0.000     3.987    adder_inst/CC_inst/rca_prp
    SLICE_X0Y7           CARRY4 (Prop_carry4_S[3]_CO[3])
                                                      0.299     4.286 r  adder_inst/CC_inst/CC_carry_chain_last/CO[3]
                         net (fo=1, routed)           0.000     4.286    adder_inst/RCA_inst/Cin
    SLICE_X0Y8           CARRY4 (Prop_carry4_CI_CO[3])
                                                      0.089     4.375 r  adder_inst/RCA_inst/RCA_CARRY4_0/CO[3]
                         net (fo=1, routed)           0.000     4.375    adder_inst/RCA_inst/carry[3]
    SLICE_X0Y9           CARRY4 (Prop_carry4_CI_CO[3])
                                                      0.089     4.464 r  adder_inst/RCA_inst/RCA_CARRY4_1/CO[3]
                         net (fo=1, routed)           0.000     4.464    adder_inst/RCA_inst/carry[7]
    SLICE_X0Y10          CARRY4 (Prop_carry4_CI_CO[3])
                                                      0.089     4.553 r  adder_inst/RCA_inst/RCA_CARRY4_2/CO[3]
                         net (fo=1, routed)           0.000     4.553    adder_inst/RCA_inst/carry[11]
    SLICE_X0Y11          CARRY4 (Prop_carry4_CI_CO[3])
                                                      0.089     4.642 r  adder_inst/RCA_inst/RCA_CARRY4_3/CO[3]
                         net (fo=1, routed)           0.000     4.642    adder_inst/RCA_inst/carry[15]
    SLICE_X0Y12          CARRY4 (Prop_carry4_CI_O[0])
                                                      0.159     4.801 r  adder_inst/RCA_inst/RCA_CARRY4_4/O[0]
                         net (fo=1, routed)           1.989     6.790    sum_OBUF[23]
    F17                  OBUF (Prop_obuf_I_O)         2.354     9.144 r  sum_OBUF[23]_inst/O
                         net (fo=0)                   0.000     9.144    sum[23]
    F17                                                               r  sum[23] (OUT)
  -------------------------------------------------------------------    -------------------

Slack:                    inf
  Source:                 B[6]
                            (input port)
  Destination:            sum[22]
                            (output port)
  Path Group:             (none)
  Path Type:              Max at Slow Process Corner
  Data Path Delay:        9.129ns  (logic 4.046ns (44.327%)  route 5.082ns (55.673%))
  Logic Levels:           8  (CARRY4=5 IBUF=1 LUT6=1 OBUF=1)

    Location             Delay type                Incr(ns)  Path(ns)    Netlist Resource(s)
  -------------------------------------------------------------------    -------------------
    A16                                               0.000     0.000 r  B[6] (IN)
                         net (fo=0)                   0.000     0.000    B[6]
    A16                  IBUF (Prop_ibuf_I_O)         0.787     0.787 r  B_IBUF[6]_inst/O
                         net (fo=1, routed)           3.103     3.890    adder_inst/CC_inst/b_rem[0]
    SLICE_X0Y7           LUT6 (Prop_lut6_I1_O)        0.097     3.987 r  adder_inst/CC_inst/RCA_lut_0/O
                         net (fo=1, routed)           0.000     3.987    adder_inst/CC_inst/rca_prp
    SLICE_X0Y7           CARRY4 (Prop_carry4_S[3]_CO[3])
                                                      0.299     4.286 r  adder_inst/CC_inst/CC_carry_chain_last/CO[3]
                         net (fo=1, routed)           0.000     4.286    adder_inst/RCA_inst/Cin
    SLICE_X0Y8           CARRY4 (Prop_carry4_CI_CO[3])
                                                      0.089     4.375 r  adder_inst/RCA_inst/RCA_CARRY4_0/CO[3]
                         net (fo=1, routed)           0.000     4.375    adder_inst/RCA_inst/carry[3]
    SLICE_X0Y9           CARRY4 (Prop_carry4_CI_CO[3])
                                                      0.089     4.464 r  adder_inst/RCA_inst/RCA_CARRY4_1/CO[3]
                         net (fo=1, routed)           0.000     4.464    adder_inst/RCA_inst/carry[7]
    SLICE_X0Y10          CARRY4 (Prop_carry4_CI_CO[3])
                                                      0.089     4.553 r  adder_inst/RCA_inst/RCA_CARRY4_2/CO[3]
                         net (fo=1, routed)           0.000     4.553    adder_inst/RCA_inst/carry[11]
    SLICE_X0Y11          CARRY4 (Prop_carry4_CI_O[3])
                                                      0.234     4.787 r  adder_inst/RCA_inst/RCA_CARRY4_3/O[3]
                         net (fo=1, routed)           1.980     6.766    sum_OBUF[22]
    G17                  OBUF (Prop_obuf_I_O)         2.362     9.129 r  sum_OBUF[22]_inst/O
                         net (fo=0)                   0.000     9.129    sum[22]
    G17                                                               r  sum[22] (OUT)
  -------------------------------------------------------------------    -------------------

Slack:                    inf
  Source:                 B[6]
                            (input port)
  Destination:            sum[25]
                            (output port)
  Path Group:             (none)
  Path Type:              Max at Slow Process Corner
  Data Path Delay:        8.943ns  (logic 4.072ns (45.535%)  route 4.871ns (54.465%))
  Logic Levels:           9  (CARRY4=6 IBUF=1 LUT6=1 OBUF=1)

    Location             Delay type                Incr(ns)  Path(ns)    Netlist Resource(s)
  -------------------------------------------------------------------    -------------------
    A16                                               0.000     0.000 r  B[6] (IN)
                         net (fo=0)                   0.000     0.000    B[6]
    A16                  IBUF (Prop_ibuf_I_O)         0.787     0.787 r  B_IBUF[6]_inst/O
                         net (fo=1, routed)           3.103     3.890    adder_inst/CC_inst/b_rem[0]
    SLICE_X0Y7           LUT6 (Prop_lut6_I1_O)        0.097     3.987 r  adder_inst/CC_inst/RCA_lut_0/O
                         net (fo=1, routed)           0.000     3.987    adder_inst/CC_inst/rca_prp
    SLICE_X0Y7           CARRY4 (Prop_carry4_S[3]_CO[3])
                                                      0.299     4.286 r  adder_inst/CC_inst/CC_carry_chain_last/CO[3]
                         net (fo=1, routed)           0.000     4.286    adder_inst/RCA_inst/Cin
    SLICE_X0Y8           CARRY4 (Prop_carry4_CI_CO[3])
                                                      0.089     4.375 r  adder_inst/RCA_inst/RCA_CARRY4_0/CO[3]
                         net (fo=1, routed)           0.000     4.375    adder_inst/RCA_inst/carry[3]
    SLICE_X0Y9           CARRY4 (Prop_carry4_CI_CO[3])
                                                      0.089     4.464 r  adder_inst/RCA_inst/RCA_CARRY4_1/CO[3]
                         net (fo=1, routed)           0.000     4.464    adder_inst/RCA_inst/carry[7]
    SLICE_X0Y10          CARRY4 (Prop_carry4_CI_CO[3])
                                                      0.089     4.553 r  adder_inst/RCA_inst/RCA_CARRY4_2/CO[3]
                         net (fo=1, routed)           0.000     4.553    adder_inst/RCA_inst/carry[11]
    SLICE_X0Y11          CARRY4 (Prop_carry4_CI_CO[3])
                                                      0.089     4.642 r  adder_inst/RCA_inst/RCA_CARRY4_3/CO[3]
                         net (fo=1, routed)           0.000     4.642    adder_inst/RCA_inst/carry[15]
    SLICE_X0Y12          CARRY4 (Prop_carry4_CI_O[2])
                                                      0.181     4.823 r  adder_inst/RCA_inst/RCA_CARRY4_4/O[2]
                         net (fo=1, routed)           1.768     6.591    sum_OBUF[25]
    G18                  OBUF (Prop_obuf_I_O)         2.352     8.943 r  sum_OBUF[25]_inst/O
                         net (fo=0)                   0.000     8.943    sum[25]
    G18                                                               r  sum[25] (OUT)
  -------------------------------------------------------------------    -------------------





Min Delay Paths
--------------------------------------------------------------------------------------
Slack:                    inf
  Source:                 rst
                            (input port)
  Destination:            out_reg_So_reg/R
  Path Group:             (none)
  Path Type:              Min at Fast Process Corner
  Data Path Delay:        0.571ns  (logic 0.163ns (28.603%)  route 0.407ns (71.397%))
  Logic Levels:           1  (IBUF=1)

    Location             Delay type                Incr(ns)  Path(ns)    Netlist Resource(s)
  -------------------------------------------------------------------    -------------------
    P17                                               0.000     0.000 r  rst (IN)
                         net (fo=0)                   0.000     0.000    rst
    P17                  IBUF (Prop_ibuf_I_O)         0.163     0.163 r  rst_IBUF_inst/O
                         net (fo=3, routed)           0.407     0.571    rst_IBUF
    SLICE_X1Y14          FDRE                                         r  out_reg_So_reg/R
  -------------------------------------------------------------------    -------------------

Slack:                    inf
  Source:                 rst
                            (input port)
  Destination:            out_reg_fa_reg/R
  Path Group:             (none)
  Path Type:              Min at Fast Process Corner
  Data Path Delay:        0.574ns  (logic 0.163ns (28.441%)  route 0.411ns (71.559%))
  Logic Levels:           1  (IBUF=1)

    Location             Delay type                Incr(ns)  Path(ns)    Netlist Resource(s)
  -------------------------------------------------------------------    -------------------
    P17                                               0.000     0.000 r  rst (IN)
                         net (fo=0)                   0.000     0.000    rst
    P17                  IBUF (Prop_ibuf_I_O)         0.163     0.163 r  rst_IBUF_inst/O
                         net (fo=3, routed)           0.411     0.574    rst_IBUF
    SLICE_X0Y14          FDRE                                         r  out_reg_fa_reg/R
  -------------------------------------------------------------------    -------------------

Slack:                    inf
  Source:                 rst
                            (input port)
  Destination:            in_reg_reg/R
  Path Group:             (none)
  Path Type:              Min at Fast Process Corner
  Data Path Delay:        0.694ns  (logic 0.163ns (23.524%)  route 0.531ns (76.476%))
  Logic Levels:           1  (IBUF=1)

    Location             Delay type                Incr(ns)  Path(ns)    Netlist Resource(s)
  -------------------------------------------------------------------    -------------------
    P17                                               0.000     0.000 r  rst (IN)
                         net (fo=0)                   0.000     0.000    rst
    P17                  IBUF (Prop_ibuf_I_O)         0.163     0.163 r  rst_IBUF_inst/O
                         net (fo=3, routed)           0.531     0.694    rst_IBUF
    SLICE_X1Y6           FDRE                                         r  in_reg_reg/R
  -------------------------------------------------------------------    -------------------

Slack:                    inf
  Source:                 B[31]
                            (input port)
  Destination:            out_reg_fa_reg/D
  Path Group:             (none)
  Path Type:              Min at Fast Process Corner
  Data Path Delay:        0.772ns  (logic 0.281ns (36.364%)  route 0.491ns (63.636%))
  Logic Levels:           3  (CARRY4=1 IBUF=1 LUT6=1)

    Location             Delay type                Incr(ns)  Path(ns)    Netlist Resource(s)
  -------------------------------------------------------------------    -------------------
    T17                                               0.000     0.000 r  B[31] (IN)
                         net (fo=0)                   0.000     0.000    B[31]
    T17                  IBUF (Prop_ibuf_I_O)         0.166     0.166 r  B_IBUF[31]_inst/O
                         net (fo=1, routed)           0.491     0.657    adder_inst/RCA_inst/B[24]
    SLICE_X0Y14          LUT6 (Prop_lut6_I1_O)        0.045     0.702 r  adder_inst/RCA_inst/RCA_LUT_25/O
                         net (fo=1, routed)           0.000     0.702    adder_inst/RCA_inst/Propagate[24]
    SLICE_X0Y14          CARRY4 (Prop_carry4_S[0]_O[0])
                                                      0.070     0.772 r  adder_inst/RCA_inst/RCA_CARRY4_6/O[0]
                         net (fo=1, routed)           0.000     0.772    driver_fa
    SLICE_X0Y14          FDRE                                         r  out_reg_fa_reg/D
  -------------------------------------------------------------------    -------------------

Slack:                    inf
  Source:                 in_reg_reg/C
                            (rising edge-triggered cell FDRE)
  Destination:            out_reg_So_reg/D
  Path Group:             (none)
  Path Type:              Min at Fast Process Corner
  Data Path Delay:        1.258ns  (logic 0.405ns (32.181%)  route 0.853ns (67.819%))
  Logic Levels:           4  (CARRY4=1 FDRE=1 LUT5=1 LUT6=1)

    Location             Delay type                Incr(ns)  Path(ns)    Netlist Resource(s)
  -------------------------------------------------------------------    -------------------
    SLICE_X1Y6           FDRE                         0.000     0.000 r  in_reg_reg/C
    SLICE_X1Y6           FDRE (Prop_fdre_C_Q)         0.141     0.141 r  in_reg_reg/Q
                         net (fo=4, routed)           0.341     0.482    adder_inst/CC_inst/CC_lut0/I0
    SLICE_X0Y7           LUT5 (Prop_lut5_I0_O)        0.044     0.526 r  adder_inst/CC_inst/CC_lut0/LUT5/O
                         net (fo=1, routed)           0.000     0.526    adder_inst/CC_inst/CC_lut0_n_0
    SLICE_X0Y7           CARRY4 (Prop_carry4_DI[0]_CO[1])
                                                      0.106     0.632 r  adder_inst/CC_inst/CC_carry_chain_last/CO[1]
                         net (fo=2, routed)           0.326     0.958    adder_inst/compressed_adder_inst/So_lut_2/I4
    SLICE_X1Y7           LUT6 (Prop_lut6_I4_O)        0.114     1.072 r  adder_inst/compressed_adder_inst/So_lut_2/LUT6/O
                         net (fo=1, routed)           0.187     1.258    driver_So
    SLICE_X1Y14          FDRE                                         r  out_reg_So_reg/D
  -------------------------------------------------------------------    -------------------

Slack:                    inf
  Source:                 A[0]
                            (input port)
  Destination:            in_reg_reg/D
  Path Group:             (none)
  Path Type:              Min at Fast Process Corner
  Data Path Delay:        1.528ns  (logic 0.163ns (10.680%)  route 1.365ns (89.320%))
  Logic Levels:           1  (IBUF=1)

    Location             Delay type                Incr(ns)  Path(ns)    Netlist Resource(s)
  -------------------------------------------------------------------    -------------------
    V9                                                0.000     0.000 r  A[0] (IN)
                         net (fo=0)                   0.000     0.000    A[0]
    V9                   IBUF (Prop_ibuf_I_O)         0.163     0.163 r  A_IBUF[0]_inst/O
                         net (fo=1, routed)           1.365     1.528    A_IBUF[0]
    SLICE_X1Y6           FDRE                                         r  in_reg_reg/D
  -------------------------------------------------------------------    -------------------

Slack:                    inf
  Source:                 out_reg_So_reg/C
                            (rising edge-triggered cell FDRE)
  Destination:            sum[5]
                            (output port)
  Path Group:             (none)
  Path Type:              Min at Fast Process Corner
  Data Path Delay:        1.673ns  (logic 1.253ns (74.925%)  route 0.419ns (25.075%))
  Logic Levels:           2  (FDRE=1 OBUF=1)

    Location             Delay type                Incr(ns)  Path(ns)    Netlist Resource(s)
  -------------------------------------------------------------------    -------------------
    SLICE_X1Y14          FDRE                         0.000     0.000 r  out_reg_So_reg/C
    SLICE_X1Y14          FDRE (Prop_fdre_C_Q)         0.141     0.141 r  out_reg_So_reg/Q
                         net (fo=1, routed)           0.419     0.560    sum_OBUF[5]
    N17                  OBUF (Prop_obuf_I_O)         1.112     1.673 r  sum_OBUF[5]_inst/O
                         net (fo=0)                   0.000     1.673    sum[5]
    N17                                                               r  sum[5] (OUT)
  -------------------------------------------------------------------    -------------------

Slack:                    inf
  Source:                 out_reg_fa_reg/C
                            (rising edge-triggered cell FDRE)
  Destination:            sum[31]
                            (output port)
  Path Group:             (none)
  Path Type:              Min at Fast Process Corner
  Data Path Delay:        1.997ns  (logic 1.258ns (63.028%)  route 0.738ns (36.972%))
  Logic Levels:           2  (FDRE=1 OBUF=1)

    Location             Delay type                Incr(ns)  Path(ns)    Netlist Resource(s)
  -------------------------------------------------------------------    -------------------
    SLICE_X0Y14          FDRE                         0.000     0.000 r  out_reg_fa_reg/C
    SLICE_X0Y14          FDRE (Prop_fdre_C_Q)         0.141     0.141 r  out_reg_fa_reg/Q
                         net (fo=1, routed)           0.738     0.879    sum_OBUF[31]
    D18                  OBUF (Prop_obuf_I_O)         1.117     1.997 r  sum_OBUF[31]_inst/O
                         net (fo=0)                   0.000     1.997    sum[31]
    D18                                                               r  sum[31] (OUT)
  -------------------------------------------------------------------    -------------------

Slack:                    inf
  Source:                 in_reg_reg/C
                            (rising edge-triggered cell FDRE)
  Destination:            sum[1]
                            (output port)
  Path Group:             (none)
  Path Type:              Min at Fast Process Corner
  Data Path Delay:        2.067ns  (logic 1.309ns (63.313%)  route 0.758ns (36.687%))
  Logic Levels:           3  (FDRE=1 LUT6=1 OBUF=1)

    Location             Delay type                Incr(ns)  Path(ns)    Netlist Resource(s)
  -------------------------------------------------------------------    -------------------
    SLICE_X1Y6           FDRE                         0.000     0.000 r  in_reg_reg/C
    SLICE_X1Y6           FDRE (Prop_fdre_C_Q)         0.141     0.141 r  in_reg_reg/Q
                         net (fo=4, routed)           0.281     0.422    adder_inst/compressed_adder_inst/So_lut_0/I0
    SLICE_X1Y6           LUT6 (Prop_lut6_I0_O)        0.045     0.467 r  adder_inst/compressed_adder_inst/So_lut_0/LUT6/O
                         net (fo=1, routed)           0.478     0.944    sum_OBUF[1]
    U19                  OBUF (Prop_obuf_I_O)         1.123     2.067 r  sum_OBUF[1]_inst/O
                         net (fo=0)                   0.000     2.067    sum[1]
    U19                                                               r  sum[1] (OUT)
  -------------------------------------------------------------------    -------------------

Slack:                    inf
  Source:                 in_reg_reg/C
                            (rising edge-triggered cell FDRE)
  Destination:            sum[0]
                            (output port)
  Path Group:             (none)
  Path Type:              Min at Fast Process Corner
  Data Path Delay:        2.074ns  (logic 1.362ns (65.678%)  route 0.712ns (34.322%))
  Logic Levels:           3  (FDRE=1 LUT5=1 OBUF=1)

    Location             Delay type                Incr(ns)  Path(ns)    Netlist Resource(s)
  -------------------------------------------------------------------    -------------------
    SLICE_X1Y6           FDRE                         0.000     0.000 r  in_reg_reg/C
    SLICE_X1Y6           FDRE (Prop_fdre_C_Q)         0.141     0.141 r  in_reg_reg/Q
                         net (fo=4, routed)           0.281     0.422    adder_inst/compressed_adder_inst/So_lut_0/I0
    SLICE_X1Y6           LUT5 (Prop_lut5_I0_O)        0.044     0.466 r  adder_inst/compressed_adder_inst/So_lut_0/LUT5/O
                         net (fo=1, routed)           0.431     0.897    sum_OBUF[0]
    V19                  OBUF (Prop_obuf_I_O)         1.177     2.074 r  sum_OBUF[0]_inst/O
                         net (fo=0)                   0.000     2.074    sum[0]
    V19                                                               r  sum[0] (OUT)
  -------------------------------------------------------------------    -------------------





