#-----------------------------------------------------------
# Vivado v2024.2 (64-bit)
# SW Build 5239630 on Fri Nov 08 22:34:34 MST 2024
# IP Build 5239520 on Sun Nov 10 16:12:51 MST 2024
# SharedData Build 5239561 on Fri Nov 08 14:39:27 MST 2024
# Start of session at: Mon Jun  9 11:27:07 2025
# Process ID         : 12780
# Current directory  : /home/abhijit/Desktop/delay_automation/design_sweep_runs/mn_adder_N32M8
# Command line       : vivado /home/abhijit/Desktop/delay_automation/design_sweep_runs/mn_adder_N32M8/mn_adder_N32M8.xpr
# Log file           : /home/abhijit/Desktop/delay_automation/design_sweep_runs/mn_adder_N32M8/vivado.log
# Journal file       : /home/abhijit/Desktop/delay_automation/design_sweep_runs/mn_adder_N32M8/vivado.jou
# Running On         : abhijit-Vostro-15-3568
# Platform           : Ubuntu
# Operating System   : Ubuntu 20.04.6 LTS
# Processor Detail   : Intel(R) Core(TM) i3-7020U CPU @ 2.30GHz
# CPU Frequency      : 2300.000 MHz
# CPU Physical cores : 2
# CPU Logical cores  : 4
# Host memory        : 3961 MB
# Swap memory        : 8589 MB
# Total Virtual      : 12551 MB
# Available Virtual  : 11765 MB
#-----------------------------------------------------------
start_gui
open_project /home/abhijit/Desktop/delay_automation/design_sweep_runs/mn_adder_N32M8/mn_adder_N32M8.xpr
update_compile_order -fileset sources_1
open_run impl_1
close_design
close_project
