
*** Running vivado
    with args -log mn_adder_wrapper.vdi -applog -m64 -product Vivado -messageDb vivado.pb -mode batch -source mn_adder_wrapper.tcl -notrace


****** Vivado v2024.2 (64-bit)
  **** SW Build 5239630 on Fri Nov 08 22:34:34 MST 2024
  **** IP Build 5239520 on Sun Nov 10 16:12:51 MST 2024
  **** SharedData Build 5239561 on Fri Nov 08 14:39:27 MST 2024
  **** Start of session at: Mon Jun  9 18:03:32 2025
    ** Copyright 1986-2022 Xilinx, Inc. All Rights Reserved.
    ** Copyright 2022-2024 Advanced Micro Devices, Inc. All Rights Reserved.

source mn_adder_wrapper.tcl -notrace
Command: link_design -top mn_adder_wrapper -part xc7a200tlffv1156-2L
Design is defaulting to srcset: sources_1
Design is defaulting to constrset: constrs_1
INFO: [Device 21-403] Loading part xc7a200tlffv1156-2L
Netlist sorting complete. Time (s): cpu = 00:00:00.01 ; elapsed = 00:00:00.01 . Memory (MB): peak = 1508.105 ; gain = 0.000 ; free physical = 1297 ; free virtual = 10299
INFO: [Netlist 29-17] Analyzing 141 Unisim elements for replacement
INFO: [Netlist 29-28] Unisim Transformation completed in 0 CPU seconds
INFO: [Project 1-479] Netlist was created with Vivado 2024.2
INFO: [Project 1-570] Preparing netlist for logic optimization
Read ShapeDB Complete: Time (s): cpu = 00:00:00.03 ; elapsed = 00:00:00.02 . Memory (MB): peak = 1564.980 ; gain = 1.000 ; free physical = 1215 ; free virtual = 10216
Netlist sorting complete. Time (s): cpu = 00:00:00 ; elapsed = 00:00:00 . Memory (MB): peak = 1565.980 ; gain = 0.000 ; free physical = 1214 ; free virtual = 10215
INFO: [Project 1-111] Unisim Transformation Summary:
  A total of 124 instances were transformed.
  LUT6_2 => LUT6_2 (LUT5, LUT6): 124 instances

6 Infos, 0 Warnings, 0 Critical Warnings and 0 Errors encountered.
link_design completed successfully
link_design: Time (s): cpu = 00:00:07 ; elapsed = 00:00:07 . Memory (MB): peak = 1565.980 ; gain = 135.219 ; free physical = 1214 ; free virtual = 10215
Command: opt_design
Attempting to get a license for feature 'Implementation' and/or device 'xc7a200tl'
INFO: [Common 17-349] Got license for feature 'Implementation' and/or device 'xc7a200tl'
Running DRC as a precondition to command opt_design

Starting DRC Task
INFO: [DRC 23-27] Running DRC with 4 threads
INFO: [Project 1-461] DRC finished with 0 Errors
INFO: [Project 1-462] Please refer to the DRC report (report_drc) for more information.

Time (s): cpu = 00:00:04 ; elapsed = 00:00:02 . Memory (MB): peak = 1724.168 ; gain = 158.188 ; free physical = 1158 ; free virtual = 10159

Starting Cache Timing Information Task
INFO: [Timing 38-35] Done setting XDC timing constraints.
Ending Cache Timing Information Task | Checksum: 1b0ee968c

Time (s): cpu = 00:00:10 ; elapsed = 00:00:10 . Memory (MB): peak = 2039.340 ; gain = 315.172 ; free physical = 920 ; free virtual = 9921

Starting Logic Optimization Task

Phase 1 Initialization

Phase 1.1 Core Generation And Design Setup
Phase 1.1 Core Generation And Design Setup | Checksum: 1b0ee968c

Time (s): cpu = 00:00:00.01 ; elapsed = 00:00:00 . Memory (MB): peak = 2385.230 ; gain = 0.000 ; free physical = 578 ; free virtual = 9579

Phase 1.2 Setup Constraints And Sort Netlist
Phase 1.2 Setup Constraints And Sort Netlist | Checksum: 1b0ee968c

Time (s): cpu = 00:00:00.01 ; elapsed = 00:00:00.01 . Memory (MB): peak = 2385.230 ; gain = 0.000 ; free physical = 578 ; free virtual = 9579
Phase 1 Initialization | Checksum: 1b0ee968c

Time (s): cpu = 00:00:00.01 ; elapsed = 00:00:00.01 . Memory (MB): peak = 2385.230 ; gain = 0.000 ; free physical = 578 ; free virtual = 9579

Phase 2 Timer Update And Timing Data Collection

Phase 2.1 Timer Update
Phase 2.1 Timer Update | Checksum: 1b0ee968c

Time (s): cpu = 00:00:00.04 ; elapsed = 00:00:00.03 . Memory (MB): peak = 2385.230 ; gain = 0.000 ; free physical = 578 ; free virtual = 9579

Phase 2.2 Timing Data Collection
Phase 2.2 Timing Data Collection | Checksum: 1b0ee968c

Time (s): cpu = 00:00:00.05 ; elapsed = 00:00:00.03 . Memory (MB): peak = 2385.230 ; gain = 0.000 ; free physical = 577 ; free virtual = 9579
Phase 2 Timer Update And Timing Data Collection | Checksum: 1b0ee968c

Time (s): cpu = 00:00:00.06 ; elapsed = 00:00:00.04 . Memory (MB): peak = 2385.230 ; gain = 0.000 ; free physical = 577 ; free virtual = 9579

Phase 3 Retarget
INFO: [Opt 31-1851] Number of loadless carry chains removed were: 0
INFO: [Opt 31-1834] Total Chains To Be Transformed Were: 0 AND Number of Transformed insts Created are: 0
INFO: [Opt 31-138] Pushed 0 inverter(s) to 0 load pin(s).
INFO: [Opt 31-49] Retargeted 0 cell(s).
Phase 3 Retarget | Checksum: 1b0ee968c

Time (s): cpu = 00:00:00.11 ; elapsed = 00:00:00.1 . Memory (MB): peak = 2385.230 ; gain = 0.000 ; free physical = 577 ; free virtual = 9578
Retarget | Checksum: 1b0ee968c
INFO: [Opt 31-389] Phase Retarget created 0 cells and removed 0 cells

Phase 4 Constant propagation
INFO: [Opt 31-138] Pushed 0 inverter(s) to 0 load pin(s).
Phase 4 Constant propagation | Checksum: 1b0ee968c

Time (s): cpu = 00:00:00.12 ; elapsed = 00:00:00.11 . Memory (MB): peak = 2385.230 ; gain = 0.000 ; free physical = 577 ; free virtual = 9578
Constant propagation | Checksum: 1b0ee968c
INFO: [Opt 31-389] Phase Constant propagation created 0 cells and removed 0 cells

Phase 5 Sweep
INFO: [Constraints 18-11670] Building netlist checker database with flags, 0x8
Done building netlist checker database: Time (s): cpu = 00:00:00 ; elapsed = 00:00:00 . Memory (MB): peak = 2385.230 ; gain = 0.000 ; free physical = 577 ; free virtual = 9578
INFO: [Constraints 18-11670] Building netlist checker database with flags, 0x8
Done building netlist checker database: Time (s): cpu = 00:00:00 ; elapsed = 00:00:00 . Memory (MB): peak = 2385.230 ; gain = 0.000 ; free physical = 577 ; free virtual = 9578
Phase 5 Sweep | Checksum: 1a3925e50

Time (s): cpu = 00:00:00.13 ; elapsed = 00:00:00.12 . Memory (MB): peak = 2385.230 ; gain = 0.000 ; free physical = 577 ; free virtual = 9578
Sweep | Checksum: 1a3925e50
INFO: [Opt 31-389] Phase Sweep created 0 cells and removed 0 cells

Phase 6 BUFG optimization
Phase 6 BUFG optimization | Checksum: 1a3925e50

Time (s): cpu = 00:00:00.16 ; elapsed = 00:00:00.14 . Memory (MB): peak = 2417.246 ; gain = 32.016 ; free physical = 576 ; free virtual = 9578
BUFG optimization | Checksum: 1a3925e50
INFO: [Opt 31-662] Phase BUFG optimization created 0 cells of which 0 are BUFGs and removed 0 cells.

Phase 7 Shift Register Optimization
INFO: [Opt 31-1064] SRL Remap converted 0 SRLs to 0 registers and converted 0 registers of register chains to 0 SRLs
Phase 7 Shift Register Optimization | Checksum: 1a3925e50

Time (s): cpu = 00:00:00.17 ; elapsed = 00:00:00.14 . Memory (MB): peak = 2417.246 ; gain = 32.016 ; free physical = 576 ; free virtual = 9578
Shift Register Optimization | Checksum: 1a3925e50
INFO: [Opt 31-389] Phase Shift Register Optimization created 0 cells and removed 0 cells

Phase 8 Post Processing Netlist
Phase 8 Post Processing Netlist | Checksum: 1a3925e50

Time (s): cpu = 00:00:00.18 ; elapsed = 00:00:00.15 . Memory (MB): peak = 2417.246 ; gain = 32.016 ; free physical = 576 ; free virtual = 9578
Post Processing Netlist | Checksum: 1a3925e50
INFO: [Opt 31-389] Phase Post Processing Netlist created 0 cells and removed 0 cells

Phase 9 Finalization

Phase 9.1 Finalizing Design Cores and Updating Shapes
Phase 9.1 Finalizing Design Cores and Updating Shapes | Checksum: 294b32572

Time (s): cpu = 00:00:00.56 ; elapsed = 00:00:00.53 . Memory (MB): peak = 2417.246 ; gain = 32.016 ; free physical = 576 ; free virtual = 9578

Phase 9.2 Verifying Netlist Connectivity

Starting Connectivity Check Task

Time (s): cpu = 00:00:00.01 ; elapsed = 00:00:00.01 . Memory (MB): peak = 2417.246 ; gain = 0.000 ; free physical = 576 ; free virtual = 9578
Phase 9.2 Verifying Netlist Connectivity | Checksum: 294b32572

Time (s): cpu = 00:00:00.57 ; elapsed = 00:00:00.54 . Memory (MB): peak = 2417.246 ; gain = 32.016 ; free physical = 576 ; free virtual = 9578
Phase 9 Finalization | Checksum: 294b32572

Time (s): cpu = 00:00:00.57 ; elapsed = 00:00:00.54 . Memory (MB): peak = 2417.246 ; gain = 32.016 ; free physical = 576 ; free virtual = 9578
Opt_design Change Summary
=========================


-------------------------------------------------------------------------------------------------------------------------
|  Phase                        |  #Cells created  |  #Cells Removed  |  #Constrained objects preventing optimizations  |
-------------------------------------------------------------------------------------------------------------------------
|  Retarget                     |               0  |               0  |                                              0  |
|  Constant propagation         |               0  |               0  |                                              0  |
|  Sweep                        |               0  |               0  |                                              0  |
|  BUFG optimization            |               0  |               0  |                                              0  |
|  Shift Register Optimization  |               0  |               0  |                                              0  |
|  Post Processing Netlist      |               0  |               0  |                                              0  |
-------------------------------------------------------------------------------------------------------------------------


Ending Logic Optimization Task | Checksum: 294b32572

Time (s): cpu = 00:00:00.58 ; elapsed = 00:00:00.55 . Memory (MB): peak = 2417.246 ; gain = 32.016 ; free physical = 576 ; free virtual = 9578

Starting Power Optimization Task
INFO: [Pwropt 34-132] Skipping clock gating for clocks with a period < 2.00 ns.
Ending Power Optimization Task | Checksum: 294b32572

Time (s): cpu = 00:00:00.01 ; elapsed = 00:00:00.01 . Memory (MB): peak = 2417.246 ; gain = 0.000 ; free physical = 576 ; free virtual = 9578

Starting Final Cleanup Task
Ending Final Cleanup Task | Checksum: 294b32572

Time (s): cpu = 00:00:00.01 ; elapsed = 00:00:00 . Memory (MB): peak = 2417.246 ; gain = 0.000 ; free physical = 576 ; free virtual = 9578

Starting Netlist Obfuscation Task
Netlist sorting complete. Time (s): cpu = 00:00:00 ; elapsed = 00:00:00 . Memory (MB): peak = 2417.246 ; gain = 0.000 ; free physical = 576 ; free virtual = 9578
Ending Netlist Obfuscation Task | Checksum: 294b32572

Time (s): cpu = 00:00:00 ; elapsed = 00:00:00 . Memory (MB): peak = 2417.246 ; gain = 0.000 ; free physical = 576 ; free virtual = 9578
INFO: [Common 17-83] Releasing license: Implementation
27 Infos, 0 Warnings, 0 Critical Warnings and 0 Errors encountered.
opt_design completed successfully
opt_design: Time (s): cpu = 00:00:18 ; elapsed = 00:00:16 . Memory (MB): peak = 2417.246 ; gain = 851.266 ; free physical = 576 ; free virtual = 9578
INFO: [Vivado 12-24828] Executing command : report_drc -file mn_adder_wrapper_drc_opted.rpt -pb mn_adder_wrapper_drc_opted.pb -rpx mn_adder_wrapper_drc_opted.rpx
Command: report_drc -file mn_adder_wrapper_drc_opted.rpt -pb mn_adder_wrapper_drc_opted.pb -rpx mn_adder_wrapper_drc_opted.rpx
INFO: [IP_Flow 19-234] Refreshing IP repositories
INFO: [IP_Flow 19-1704] No user IP repositories specified
INFO: [IP_Flow 19-2313] Loaded Vivado IP repository '/home/abhijit/Xilinx/Vivado/2024.2/data/ip'.
INFO: [DRC 23-27] Running DRC with 4 threads
INFO: [Vivado_Tcl 2-168] The results of DRC are in file /home/abhijit/Desktop/delay_automation/design_sweep_runs/mn_adder_N128M4/mn_adder_N128M4.runs/impl_1/mn_adder_wrapper_drc_opted.rpt.
report_drc completed successfully
Wrote PlaceDB: Time (s): cpu = 00:00:00.08 ; elapsed = 00:00:00.02 . Memory (MB): peak = 2417.246 ; gain = 0.000 ; free physical = 513 ; free virtual = 9515
Wrote PulsedLatchDB: Time (s): cpu = 00:00:00 ; elapsed = 00:00:00 . Memory (MB): peak = 2417.246 ; gain = 0.000 ; free physical = 513 ; free virtual = 9515
Write ShapeDB Complete: Time (s): cpu = 00:00:00.12 ; elapsed = 00:00:00.04 . Memory (MB): peak = 2417.246 ; gain = 0.000 ; free physical = 513 ; free virtual = 9515
Writing XDEF routing.
Writing XDEF routing logical nets.
Writing XDEF routing special nets.
Wrote RouteStorage: Time (s): cpu = 00:00:00.12 ; elapsed = 00:00:00.1 . Memory (MB): peak = 2417.246 ; gain = 0.000 ; free physical = 513 ; free virtual = 9515
Wrote Netlist Cache: Time (s): cpu = 00:00:00 ; elapsed = 00:00:00 . Memory (MB): peak = 2417.246 ; gain = 0.000 ; free physical = 513 ; free virtual = 9515
Wrote Device Cache: Time (s): cpu = 00:00:00.01 ; elapsed = 00:00:00.01 . Memory (MB): peak = 2417.246 ; gain = 0.000 ; free physical = 513 ; free virtual = 9515
Write Physdb Complete: Time (s): cpu = 00:00:00.22 ; elapsed = 00:00:00.13 . Memory (MB): peak = 2417.246 ; gain = 0.000 ; free physical = 513 ; free virtual = 9515
INFO: [Common 17-1381] The checkpoint '/home/abhijit/Desktop/delay_automation/design_sweep_runs/mn_adder_N128M4/mn_adder_N128M4.runs/impl_1/mn_adder_wrapper_opt.dcp' has been generated.
Command: place_design
Attempting to get a license for feature 'Implementation' and/or device 'xc7a200tl'
INFO: [Common 17-349] Got license for feature 'Implementation' and/or device 'xc7a200tl'
INFO: [Common 17-83] Releasing license: Implementation
INFO: [DRC 23-27] Running DRC with 4 threads
INFO: [Vivado_Tcl 4-198] DRC finished with 0 Errors
INFO: [Vivado_Tcl 4-199] Please refer to the DRC report (report_drc) for more information.
Running DRC as a precondition to command place_design
INFO: [DRC 23-27] Running DRC with 4 threads
INFO: [Vivado_Tcl 4-198] DRC finished with 0 Errors
INFO: [Vivado_Tcl 4-199] Please refer to the DRC report (report_drc) for more information.
INFO: [Place 30-611] Multithreading enabled for place_design using a maximum of 4 CPUs

Starting Placer Task

Phase 1 Placer Initialization

Phase 1.1 Placer Initialization Netlist Sorting
Netlist sorting complete. Time (s): cpu = 00:00:00 ; elapsed = 00:00:00 . Memory (MB): peak = 2417.246 ; gain = 0.000 ; free physical = 490 ; free virtual = 9492
Phase 1.1 Placer Initialization Netlist Sorting | Checksum: 1fd3702f4

Time (s): cpu = 00:00:00.01 ; elapsed = 00:00:00.01 . Memory (MB): peak = 2417.246 ; gain = 0.000 ; free physical = 490 ; free virtual = 9492
Netlist sorting complete. Time (s): cpu = 00:00:00 ; elapsed = 00:00:00 . Memory (MB): peak = 2417.246 ; gain = 0.000 ; free physical = 490 ; free virtual = 9492

Phase 1.2 IO Placement/ Clock Placement/ Build Placer Device
INFO: [Timing 38-35] Done setting XDC timing constraints.
Phase 1.2 IO Placement/ Clock Placement/ Build Placer Device | Checksum: 1ba7cb031

Time (s): cpu = 00:00:05 ; elapsed = 00:00:04 . Memory (MB): peak = 2417.246 ; gain = 0.000 ; free physical = 471 ; free virtual = 9473

Phase 1.3 Build Placer Netlist Model
Phase 1.3 Build Placer Netlist Model | Checksum: 1ccc339fe

Time (s): cpu = 00:00:06 ; elapsed = 00:00:05 . Memory (MB): peak = 2423.184 ; gain = 5.938 ; free physical = 469 ; free virtual = 9471

Phase 1.4 Constrain Clocks/Macros
Phase 1.4 Constrain Clocks/Macros | Checksum: 1ccc339fe

Time (s): cpu = 00:00:06 ; elapsed = 00:00:05 . Memory (MB): peak = 2423.184 ; gain = 5.938 ; free physical = 469 ; free virtual = 9471
Phase 1 Placer Initialization | Checksum: 1ccc339fe

Time (s): cpu = 00:00:06 ; elapsed = 00:00:05 . Memory (MB): peak = 2423.184 ; gain = 5.938 ; free physical = 467 ; free virtual = 9469

Phase 2 Global Placement

Phase 2.1 Floorplanning
Phase 2.1 Floorplanning | Checksum: 1ccc339fe

Time (s): cpu = 00:00:06 ; elapsed = 00:00:05 . Memory (MB): peak = 2423.184 ; gain = 5.938 ; free physical = 465 ; free virtual = 9467

Phase 2.2 Update Timing before SLR Path Opt
Phase 2.2 Update Timing before SLR Path Opt | Checksum: 1ccc339fe

Time (s): cpu = 00:00:06 ; elapsed = 00:00:05 . Memory (MB): peak = 2423.184 ; gain = 5.938 ; free physical = 465 ; free virtual = 9467

Phase 2.3 Post-Processing in Floorplanning
Phase 2.3 Post-Processing in Floorplanning | Checksum: 1ccc339fe

Time (s): cpu = 00:00:06 ; elapsed = 00:00:05 . Memory (MB): peak = 2423.184 ; gain = 5.938 ; free physical = 465 ; free virtual = 9467

Phase 2.4 Global Place Phase1
Phase 2.4 Global Place Phase1 | Checksum: 2a113575b

Time (s): cpu = 00:00:07 ; elapsed = 00:00:05 . Memory (MB): peak = 2460.191 ; gain = 42.945 ; free physical = 432 ; free virtual = 9434

Phase 2.5 Global Place Phase2
WARNING: [Place 46-29] Timing had been disabled during Placer and, therefore, physical synthesis in Placer will be skipped.
Phase 2.5 Global Place Phase2 | Checksum: 23d9a7323

Time (s): cpu = 00:00:08 ; elapsed = 00:00:06 . Memory (MB): peak = 2460.191 ; gain = 42.945 ; free physical = 432 ; free virtual = 9434
Phase 2 Global Placement | Checksum: 23d9a7323

Time (s): cpu = 00:00:08 ; elapsed = 00:00:06 . Memory (MB): peak = 2460.191 ; gain = 42.945 ; free physical = 432 ; free virtual = 9434

Phase 3 Detail Placement

Phase 3.1 Commit Multi Column Macros
Phase 3.1 Commit Multi Column Macros | Checksum: 23d9a7323

Time (s): cpu = 00:00:08 ; elapsed = 00:00:06 . Memory (MB): peak = 2460.191 ; gain = 42.945 ; free physical = 432 ; free virtual = 9434

Phase 3.2 Commit Most Macros & LUTRAMs
Phase 3.2 Commit Most Macros & LUTRAMs | Checksum: 2a51c71ab

Time (s): cpu = 00:00:08 ; elapsed = 00:00:06 . Memory (MB): peak = 2460.191 ; gain = 42.945 ; free physical = 432 ; free virtual = 9434

Phase 3.3 Area Swap Optimization
Phase 3.3 Area Swap Optimization | Checksum: 2ba1aa9aa

Time (s): cpu = 00:00:08 ; elapsed = 00:00:06 . Memory (MB): peak = 2460.191 ; gain = 42.945 ; free physical = 432 ; free virtual = 9434

Phase 3.4 Pipeline Register Optimization
Phase 3.4 Pipeline Register Optimization | Checksum: 2ba1aa9aa

Time (s): cpu = 00:00:08 ; elapsed = 00:00:06 . Memory (MB): peak = 2460.191 ; gain = 42.945 ; free physical = 432 ; free virtual = 9434

Phase 3.5 Small Shape Detail Placement
Phase 3.5 Small Shape Detail Placement | Checksum: 24bb9edeb

Time (s): cpu = 00:00:09 ; elapsed = 00:00:06 . Memory (MB): peak = 2468.750 ; gain = 51.504 ; free physical = 423 ; free virtual = 9425

Phase 3.6 Re-assign LUT pins
Phase 3.6 Re-assign LUT pins | Checksum: 24bb9edeb

Time (s): cpu = 00:00:09 ; elapsed = 00:00:06 . Memory (MB): peak = 2468.750 ; gain = 51.504 ; free physical = 423 ; free virtual = 9425

Phase 3.7 Pipeline Register Optimization
Phase 3.7 Pipeline Register Optimization | Checksum: 24bb9edeb

Time (s): cpu = 00:00:09 ; elapsed = 00:00:06 . Memory (MB): peak = 2468.750 ; gain = 51.504 ; free physical = 423 ; free virtual = 9425
Phase 3 Detail Placement | Checksum: 24bb9edeb

Time (s): cpu = 00:00:09 ; elapsed = 00:00:06 . Memory (MB): peak = 2468.750 ; gain = 51.504 ; free physical = 423 ; free virtual = 9425

Phase 4 Post Placement Optimization and Clean-Up

Phase 4.1 Post Commit Optimization
Phase 4.1 Post Commit Optimization | Checksum: 24bb9edeb

Time (s): cpu = 00:00:09 ; elapsed = 00:00:06 . Memory (MB): peak = 2468.750 ; gain = 51.504 ; free physical = 423 ; free virtual = 9425

Phase 4.2 Post Placement Cleanup
Phase 4.2 Post Placement Cleanup | Checksum: 24bb9edeb

Time (s): cpu = 00:00:10 ; elapsed = 00:00:07 . Memory (MB): peak = 2468.750 ; gain = 51.504 ; free physical = 423 ; free virtual = 9425

Phase 4.3 Placer Reporting

Phase 4.3.1 Print Estimated Congestion
INFO: [Place 30-612] Post-Placement Estimated Congestion 
 ____________________________________________________
|           | Global Congestion | Short Congestion  |
| Direction | Region Size       | Region Size       |
|___________|___________________|___________________|
|      North|                1x1|                1x1|
|___________|___________________|___________________|
|      South|                1x1|                1x1|
|___________|___________________|___________________|
|       East|                1x1|                1x1|
|___________|___________________|___________________|
|       West|                1x1|                1x1|
|___________|___________________|___________________|

Phase 4.3.1 Print Estimated Congestion | Checksum: 24bb9edeb

Time (s): cpu = 00:00:10 ; elapsed = 00:00:07 . Memory (MB): peak = 2468.750 ; gain = 51.504 ; free physical = 423 ; free virtual = 9425
Phase 4.3 Placer Reporting | Checksum: 24bb9edeb

Time (s): cpu = 00:00:10 ; elapsed = 00:00:07 . Memory (MB): peak = 2468.750 ; gain = 51.504 ; free physical = 423 ; free virtual = 9425

Phase 4.4 Final Placement Cleanup
Netlist sorting complete. Time (s): cpu = 00:00:00 ; elapsed = 00:00:00 . Memory (MB): peak = 2468.750 ; gain = 0.000 ; free physical = 423 ; free virtual = 9425

Time (s): cpu = 00:00:10 ; elapsed = 00:00:07 . Memory (MB): peak = 2468.750 ; gain = 51.504 ; free physical = 423 ; free virtual = 9425
Phase 4 Post Placement Optimization and Clean-Up | Checksum: 24bb9edeb

Time (s): cpu = 00:00:10 ; elapsed = 00:00:07 . Memory (MB): peak = 2468.750 ; gain = 51.504 ; free physical = 423 ; free virtual = 9425
Ending Placer Task | Checksum: 1a05edf48

Time (s): cpu = 00:00:10 ; elapsed = 00:00:07 . Memory (MB): peak = 2468.750 ; gain = 51.504 ; free physical = 423 ; free virtual = 9425
45 Infos, 1 Warnings, 0 Critical Warnings and 0 Errors encountered.
place_design completed successfully
place_design: Time (s): cpu = 00:00:16 ; elapsed = 00:00:08 . Memory (MB): peak = 2468.750 ; gain = 51.504 ; free physical = 423 ; free virtual = 9425
INFO: [Vivado 12-24838] Running report commands "report_control_sets, report_io, report_utilization" in parallel.
Running report generation with 2 threads.
INFO: [Vivado 12-24828] Executing command : report_utilization -file mn_adder_wrapper_utilization_placed.rpt -pb mn_adder_wrapper_utilization_placed.pb
INFO: [Vivado 12-24828] Executing command : report_control_sets -verbose -file mn_adder_wrapper_control_sets_placed.rpt
report_control_sets: Time (s): cpu = 00:00:00.2 ; elapsed = 00:00:00.14 . Memory (MB): peak = 2468.750 ; gain = 0.000 ; free physical = 413 ; free virtual = 9415
INFO: [Vivado 12-24828] Executing command : report_io -file mn_adder_wrapper_io_placed.rpt
report_io: Time (s): cpu = 00:00:00.94 ; elapsed = 00:00:00.69 . Memory (MB): peak = 2468.750 ; gain = 0.000 ; free physical = 396 ; free virtual = 9398
Write ShapeDB Complete: Time (s): cpu = 00:00:00.13 ; elapsed = 00:00:00.03 . Memory (MB): peak = 2483.215 ; gain = 6.461 ; free physical = 396 ; free virtual = 9399
Wrote PlaceDB: Time (s): cpu = 00:00:00.15 ; elapsed = 00:00:00.05 . Memory (MB): peak = 2483.215 ; gain = 6.461 ; free physical = 396 ; free virtual = 9399
Wrote PulsedLatchDB: Time (s): cpu = 00:00:00 ; elapsed = 00:00:00 . Memory (MB): peak = 2483.215 ; gain = 0.000 ; free physical = 396 ; free virtual = 9399
Writing XDEF routing.
Writing XDEF routing logical nets.
Writing XDEF routing special nets.
Wrote RouteStorage: Time (s): cpu = 00:00:00.02 ; elapsed = 00:00:00.02 . Memory (MB): peak = 2483.215 ; gain = 0.000 ; free physical = 396 ; free virtual = 9400
Wrote Netlist Cache: Time (s): cpu = 00:00:00 ; elapsed = 00:00:00 . Memory (MB): peak = 2483.215 ; gain = 0.000 ; free physical = 396 ; free virtual = 9400
Wrote Device Cache: Time (s): cpu = 00:00:00 ; elapsed = 00:00:00 . Memory (MB): peak = 2483.215 ; gain = 0.000 ; free physical = 396 ; free virtual = 9400
Write Physdb Complete: Time (s): cpu = 00:00:00.18 ; elapsed = 00:00:00.08 . Memory (MB): peak = 2483.215 ; gain = 6.461 ; free physical = 396 ; free virtual = 9400
INFO: [Common 17-1381] The checkpoint '/home/abhijit/Desktop/delay_automation/design_sweep_runs/mn_adder_N128M4/mn_adder_N128M4.runs/impl_1/mn_adder_wrapper_placed.dcp' has been generated.
Command: phys_opt_design
Attempting to get a license for feature 'Implementation' and/or device 'xc7a200tl'
INFO: [Common 17-349] Got license for feature 'Implementation' and/or device 'xc7a200tl'

Starting Initial Update Timing Task

Time (s): cpu = 00:00:00.03 ; elapsed = 00:00:00.03 . Memory (MB): peak = 2483.215 ; gain = 0.000 ; free physical = 391 ; free virtual = 9394
INFO: [Vivado_Tcl 4-235] No timing constraint found. The netlist was not modified.
INFO: [Common 17-83] Releasing license: Implementation
53 Infos, 1 Warnings, 0 Critical Warnings and 0 Errors encountered.
phys_opt_design completed successfully
Write ShapeDB Complete: Time (s): cpu = 00:00:00.14 ; elapsed = 00:00:00.04 . Memory (MB): peak = 2505.043 ; gain = 12.922 ; free physical = 391 ; free virtual = 9395
Wrote PlaceDB: Time (s): cpu = 00:00:00.16 ; elapsed = 00:00:00.05 . Memory (MB): peak = 2505.043 ; gain = 12.922 ; free physical = 391 ; free virtual = 9395
Wrote PulsedLatchDB: Time (s): cpu = 00:00:00 ; elapsed = 00:00:00 . Memory (MB): peak = 2505.043 ; gain = 0.000 ; free physical = 391 ; free virtual = 9395
Writing XDEF routing.
Writing XDEF routing logical nets.
Writing XDEF routing special nets.
Wrote RouteStorage: Time (s): cpu = 00:00:00.02 ; elapsed = 00:00:00.02 . Memory (MB): peak = 2505.043 ; gain = 0.000 ; free physical = 391 ; free virtual = 9395
Wrote Netlist Cache: Time (s): cpu = 00:00:00 ; elapsed = 00:00:00 . Memory (MB): peak = 2505.043 ; gain = 0.000 ; free physical = 391 ; free virtual = 9395
Wrote Device Cache: Time (s): cpu = 00:00:00.01 ; elapsed = 00:00:00 . Memory (MB): peak = 2505.043 ; gain = 0.000 ; free physical = 391 ; free virtual = 9395
Write Physdb Complete: Time (s): cpu = 00:00:00.19 ; elapsed = 00:00:00.08 . Memory (MB): peak = 2505.043 ; gain = 12.922 ; free physical = 391 ; free virtual = 9395
INFO: [Common 17-1381] The checkpoint '/home/abhijit/Desktop/delay_automation/design_sweep_runs/mn_adder_N128M4/mn_adder_N128M4.runs/impl_1/mn_adder_wrapper_physopt.dcp' has been generated.
Command: route_design
Attempting to get a license for feature 'Implementation' and/or device 'xc7a200tl'
INFO: [Common 17-349] Got license for feature 'Implementation' and/or device 'xc7a200tl'


Starting Routing Task
INFO: [Route 35-254] Multithreading enabled for route_design using a maximum of 4 CPUs

Phase 1 Build RT Design
Checksum: PlaceDB: 511df959 ConstDB: 0 ShapeSum: b725fa8b RouteDB: 981aeb64
Post Restoration Checksum: NetGraph: fac83bf2 | NumContArr: a4e87dda | Constraints: c2a8fa9d | Timing: c2a8fa9d
Phase 1 Build RT Design | Checksum: 32502af06

Time (s): cpu = 00:01:28 ; elapsed = 00:01:14 . Memory (MB): peak = 2695.301 ; gain = 190.258 ; free physical = 201 ; free virtual = 9200

Phase 2 Router Initialization
INFO: [Route 35-64] No timing constraints were detected. The router will operate in resource-optimization mode.

Phase 2.1 Fix Topology Constraints
Phase 2.1 Fix Topology Constraints | Checksum: 32502af06

Time (s): cpu = 00:01:28 ; elapsed = 00:01:14 . Memory (MB): peak = 2714.301 ; gain = 209.258 ; free physical = 183 ; free virtual = 9182

Phase 2.2 Pre Route Cleanup
Phase 2.2 Pre Route Cleanup | Checksum: 32502af06

Time (s): cpu = 00:01:28 ; elapsed = 00:01:14 . Memory (MB): peak = 2714.301 ; gain = 209.258 ; free physical = 183 ; free virtual = 9182
 Number of Nodes with overlaps = 0

Router Utilization Summary
  Global Vertical Routing Utilization    = 0 %
  Global Horizontal Routing Utilization  = 0 %
  Routable Net Status*
  *Does not include unroutable nets such as driverless and loadless.
  Run report_route_status for detailed report.
  Number of Failed Nets               = 451
    (Failed Nets is the sum of unrouted and partially routed nets)
  Number of Unrouted Nets             = 451
  Number of Partially Routed Nets     = 0
  Number of Node Overlaps             = 0

Phase 2 Router Initialization | Checksum: 21f3a97c4

Time (s): cpu = 00:01:32 ; elapsed = 00:01:15 . Memory (MB): peak = 2771.277 ; gain = 266.234 ; free physical = 121 ; free virtual = 9124

Phase 3 Global Routing
Phase 3 Global Routing | Checksum: 21f3a97c4

Time (s): cpu = 00:01:32 ; elapsed = 00:01:15 . Memory (MB): peak = 2771.277 ; gain = 266.234 ; free physical = 121 ; free virtual = 9124

Phase 4 Initial Routing

Phase 4.1 Initial Net Routing Pass
Phase 4.1 Initial Net Routing Pass | Checksum: 256a4f6ea

Time (s): cpu = 00:01:36 ; elapsed = 00:01:16 . Memory (MB): peak = 2771.277 ; gain = 266.234 ; free physical = 121 ; free virtual = 9124
Phase 4 Initial Routing | Checksum: 256a4f6ea

Time (s): cpu = 00:01:36 ; elapsed = 00:01:16 . Memory (MB): peak = 2771.277 ; gain = 266.234 ; free physical = 121 ; free virtual = 9124

Phase 5 Rip-up And Reroute

Phase 5.1 Global Iteration 0
 Number of Nodes with overlaps = 1
 Number of Nodes with overlaps = 0
Phase 5.1 Global Iteration 0 | Checksum: 248f0e5f0

Time (s): cpu = 00:01:37 ; elapsed = 00:01:17 . Memory (MB): peak = 2771.277 ; gain = 266.234 ; free physical = 121 ; free virtual = 9124
Phase 5 Rip-up And Reroute | Checksum: 248f0e5f0

Time (s): cpu = 00:01:37 ; elapsed = 00:01:17 . Memory (MB): peak = 2771.277 ; gain = 266.234 ; free physical = 121 ; free virtual = 9124

Phase 6 Delay and Skew Optimization
Phase 6 Delay and Skew Optimization | Checksum: 248f0e5f0

Time (s): cpu = 00:01:37 ; elapsed = 00:01:17 . Memory (MB): peak = 2771.277 ; gain = 266.234 ; free physical = 121 ; free virtual = 9124

Phase 7 Post Hold Fix

Phase 7.1 Hold Fix Iter
Phase 7.1 Hold Fix Iter | Checksum: 248f0e5f0

Time (s): cpu = 00:01:37 ; elapsed = 00:01:17 . Memory (MB): peak = 2771.277 ; gain = 266.234 ; free physical = 121 ; free virtual = 9124
Phase 7 Post Hold Fix | Checksum: 248f0e5f0

Time (s): cpu = 00:01:37 ; elapsed = 00:01:17 . Memory (MB): peak = 2771.277 ; gain = 266.234 ; free physical = 121 ; free virtual = 9124

Phase 8 Route finalize

Router Utilization Summary
  Global Vertical Routing Utilization    = 1.37273 %
  Global Horizontal Routing Utilization  = 0.915499 %
  Routable Net Status*
  *Does not include unroutable nets such as driverless and loadless.
  Run report_route_status for detailed report.
  Number of Failed Nets               = 0
    (Failed Nets is the sum of unrouted and partially routed nets)
  Number of Unrouted Nets             = 0
  Number of Partially Routed Nets     = 0
  Number of Node Overlaps             = 0


--GLOBAL Congestion:
Utilization threshold used for congestion level computation: 0.85
Congestion Report
North Dir 1x1 Area, Max Cong = 51.3514%, No Congested Regions.
South Dir 1x1 Area, Max Cong = 53.1532%, No Congested Regions.
East Dir 1x1 Area, Max Cong = 29.4118%, No Congested Regions.
West Dir 1x1 Area, Max Cong = 35.2941%, No Congested Regions.

------------------------------
Reporting congestion hotspots
------------------------------
Direction: North
----------------
Congested clusters found at Level 0
Effective congestion level: 0 Aspect Ratio: 1 Sparse Ratio: 0
Direction: South
----------------
Congested clusters found at Level 0
Effective congestion level: 0 Aspect Ratio: 1 Sparse Ratio: 0
Direction: East
----------------
Congested clusters found at Level 0
Effective congestion level: 0 Aspect Ratio: 1 Sparse Ratio: 0
Direction: West
----------------
Congested clusters found at Level 0
Effective congestion level: 0 Aspect Ratio: 1 Sparse Ratio: 0

Phase 8 Route finalize | Checksum: 248f0e5f0

Time (s): cpu = 00:01:38 ; elapsed = 00:01:17 . Memory (MB): peak = 2771.277 ; gain = 266.234 ; free physical = 121 ; free virtual = 9124

Phase 9 Verifying routed nets

 Verification completed successfully
Phase 9 Verifying routed nets | Checksum: 248f0e5f0

Time (s): cpu = 00:01:38 ; elapsed = 00:01:17 . Memory (MB): peak = 2771.277 ; gain = 266.234 ; free physical = 121 ; free virtual = 9124

Phase 10 Depositing Routes
Phase 10 Depositing Routes | Checksum: 248f0e5f0

Time (s): cpu = 00:01:38 ; elapsed = 00:01:17 . Memory (MB): peak = 2771.277 ; gain = 266.234 ; free physical = 121 ; free virtual = 9124

Phase 11 Post Process Routing
Phase 11 Post Process Routing | Checksum: 248f0e5f0

Time (s): cpu = 00:01:38 ; elapsed = 00:01:17 . Memory (MB): peak = 2771.277 ; gain = 266.234 ; free physical = 121 ; free virtual = 9124
Total Elapsed time in route_design: 77.04 secs

Phase 12 Post-Route Event Processing
Phase 12 Post-Route Event Processing | Checksum: 18986db70

Time (s): cpu = 00:01:38 ; elapsed = 00:01:17 . Memory (MB): peak = 2771.277 ; gain = 266.234 ; free physical = 121 ; free virtual = 9124
INFO: [Route 35-16] Router Completed Successfully
Ending Routing Task | Checksum: 18986db70

Time (s): cpu = 00:01:38 ; elapsed = 00:01:17 . Memory (MB): peak = 2771.277 ; gain = 266.234 ; free physical = 121 ; free virtual = 9124

Routing Is Done.
INFO: [Common 17-83] Releasing license: Implementation
59 Infos, 1 Warnings, 0 Critical Warnings and 0 Errors encountered.
route_design completed successfully
route_design: Time (s): cpu = 00:01:38 ; elapsed = 00:01:17 . Memory (MB): peak = 2771.277 ; gain = 266.234 ; free physical = 121 ; free virtual = 9124
INFO: [Vivado 12-24828] Executing command : report_drc -file mn_adder_wrapper_drc_routed.rpt -pb mn_adder_wrapper_drc_routed.pb -rpx mn_adder_wrapper_drc_routed.rpx
Command: report_drc -file mn_adder_wrapper_drc_routed.rpt -pb mn_adder_wrapper_drc_routed.pb -rpx mn_adder_wrapper_drc_routed.rpx
INFO: [IP_Flow 19-1839] IP Catalog is up to date.
INFO: [DRC 23-27] Running DRC with 4 threads
INFO: [Vivado_Tcl 2-168] The results of DRC are in file /home/abhijit/Desktop/delay_automation/design_sweep_runs/mn_adder_N128M4/mn_adder_N128M4.runs/impl_1/mn_adder_wrapper_drc_routed.rpt.
report_drc completed successfully
INFO: [Vivado 12-24828] Executing command : report_methodology -file mn_adder_wrapper_methodology_drc_routed.rpt -pb mn_adder_wrapper_methodology_drc_routed.pb -rpx mn_adder_wrapper_methodology_drc_routed.rpx
Command: report_methodology -file mn_adder_wrapper_methodology_drc_routed.rpt -pb mn_adder_wrapper_methodology_drc_routed.pb -rpx mn_adder_wrapper_methodology_drc_routed.rpx
INFO: [Timing 38-35] Done setting XDC timing constraints.
INFO: [DRC 23-133] Running Methodology with 4 threads
INFO: [Vivado_Tcl 2-1520] The results of Report Methodology are in file /home/abhijit/Desktop/delay_automation/design_sweep_runs/mn_adder_N128M4/mn_adder_N128M4.runs/impl_1/mn_adder_wrapper_methodology_drc_routed.rpt.
report_methodology completed successfully
INFO: [Vivado 12-24828] Executing command : report_timing_summary -max_paths 10 -report_unconstrained -file mn_adder_wrapper_timing_summary_routed.rpt -pb mn_adder_wrapper_timing_summary_routed.pb -rpx mn_adder_wrapper_timing_summary_routed.rpx -warn_on_violation 
INFO: [Timing 38-35] Done setting XDC timing constraints.
INFO: [Timing 38-91] UpdateTimingParams: Speed grade: -2L, Delay Type: min_max.
INFO: [Timing 38-191] Multithreading enabled for timing update using a maximum of 4 CPUs
WARNING: [Timing 38-313] There are no user specified timing constraints. Timing constraints are needed for proper timing analysis.
INFO: [Vivado 12-24838] Running report commands "report_bus_skew, report_incremental_reuse, report_route_status" in parallel.
Running report generation with 2 threads.
INFO: [Vivado 12-24828] Executing command : report_route_status -file mn_adder_wrapper_route_status.rpt -pb mn_adder_wrapper_route_status.pb
INFO: [Vivado 12-24828] Executing command : report_incremental_reuse -file mn_adder_wrapper_incremental_reuse_routed.rpt
INFO: [Vivado_Tcl 4-1062] Incremental flow is disabled. No incremental reuse Info to report.
INFO: [Vivado 12-24828] Executing command : report_bus_skew -warn_on_violation -file mn_adder_wrapper_bus_skew_routed.rpt -pb mn_adder_wrapper_bus_skew_routed.pb -rpx mn_adder_wrapper_bus_skew_routed.rpx
INFO: [Timing 38-91] UpdateTimingParams: Speed grade: -2L, Delay Type: min_max.
INFO: [Timing 38-191] Multithreading enabled for timing update using a maximum of 4 CPUs
INFO: [Vivado 12-24828] Executing command : report_power -file mn_adder_wrapper_power_routed.rpt -pb mn_adder_wrapper_power_summary_routed.pb -rpx mn_adder_wrapper_power_routed.rpx
Command: report_power -file mn_adder_wrapper_power_routed.rpt -pb mn_adder_wrapper_power_summary_routed.pb -rpx mn_adder_wrapper_power_routed.rpx
WARNING: [Power 33-232] No user defined clocks were found in the design! Power estimation will be inaccurate until this is corrected.
Resolution: Please specify clocks using create_clock/create_generated_clock for sequential elements. For pure combinatorial circuits, please specify a virtual clock, otherwise the vectorless estimation might be inaccurate
Running Vector-less Activity Propagation...

Finished Running Vector-less Activity Propagation
79 Infos, 3 Warnings, 0 Critical Warnings and 0 Errors encountered.
report_power completed successfully
INFO: [Vivado 12-24828] Executing command : report_clock_utilization -file mn_adder_wrapper_clock_utilization_routed.rpt
generate_parallel_reports: Time (s): cpu = 00:00:26 ; elapsed = 00:00:10 . Memory (MB): peak = 2814.035 ; gain = 42.758 ; free physical = 121 ; free virtual = 9092
Write ShapeDB Complete: Time (s): cpu = 00:00:00.13 ; elapsed = 00:00:00.03 . Memory (MB): peak = 2814.035 ; gain = 0.000 ; free physical = 131 ; free virtual = 9099
Wrote PlaceDB: Time (s): cpu = 00:00:00.16 ; elapsed = 00:00:00.05 . Memory (MB): peak = 2814.035 ; gain = 0.000 ; free physical = 131 ; free virtual = 9099
Wrote PulsedLatchDB: Time (s): cpu = 00:00:00 ; elapsed = 00:00:00 . Memory (MB): peak = 2814.035 ; gain = 0.000 ; free physical = 131 ; free virtual = 9099
Writing XDEF routing.
Writing XDEF routing logical nets.
Writing XDEF routing special nets.
Wrote RouteStorage: Time (s): cpu = 00:00:00.04 ; elapsed = 00:00:00.03 . Memory (MB): peak = 2814.035 ; gain = 0.000 ; free physical = 130 ; free virtual = 9099
Wrote Netlist Cache: Time (s): cpu = 00:00:00 ; elapsed = 00:00:00 . Memory (MB): peak = 2814.035 ; gain = 0.000 ; free physical = 130 ; free virtual = 9099
Wrote Device Cache: Time (s): cpu = 00:00:00 ; elapsed = 00:00:00.01 . Memory (MB): peak = 2814.035 ; gain = 0.000 ; free physical = 130 ; free virtual = 9099
Write Physdb Complete: Time (s): cpu = 00:00:00.2 ; elapsed = 00:00:00.09 . Memory (MB): peak = 2814.035 ; gain = 0.000 ; free physical = 130 ; free virtual = 9099
INFO: [Common 17-1381] The checkpoint '/home/abhijit/Desktop/delay_automation/design_sweep_runs/mn_adder_N128M4/mn_adder_N128M4.runs/impl_1/mn_adder_wrapper_routed.dcp' has been generated.
INFO: [Common 17-206] Exiting Vivado at Mon Jun  9 18:05:41 2025...
