Copyright 1986-2022 Xilinx, Inc. All Rights Reserved. Copyright 2022-2024 Advanced Micro Devices, Inc. All Rights Reserved.
---------------------------------------------------------------------------------------------------------------------------------------------------------------------------------------------------------------------------------------------
| Tool Version : Vivado v.2024.2 (lin64) Build 5239630 Fri Nov 08 22:34:34 MST 2024
| Date         : Mon Jun  9 17:59:28 2025
| Host         : abhijit-Vostro-15-3568 running 64-bit Ubuntu 20.04.6 LTS
| Command      : report_timing_summary -max_paths 10 -report_unconstrained -file mn_adder_wrapper_timing_summary_routed.rpt -pb mn_adder_wrapper_timing_summary_routed.pb -rpx mn_adder_wrapper_timing_summary_routed.rpx -warn_on_violation
| Design       : mn_adder_wrapper
| Device       : 7a200tl-ffv1156
| Speed File   : -2L  PRODUCTION 1.14 2018-01-25
| Design State : Routed
---------------------------------------------------------------------------------------------------------------------------------------------------------------------------------------------------------------------------------------------

Timing Summary Report

------------------------------------------------------------------------------------------------
| Timer Settings
| --------------
------------------------------------------------------------------------------------------------

  Enable Multi Corner Analysis               :  Yes
  Enable Pessimism Removal                   :  Yes
  Pessimism Removal Resolution               :  Nearest Common Node
  Enable Input Delay Default Clock           :  No
  Enable Preset / Clear Arcs                 :  No
  Disable Flight Delays                      :  No
  Ignore I/O Paths                           :  No
  Timing Early Launch at Borrowing Latches   :  No
  Borrow Time for Max Delay Exceptions       :  Yes
  Merge Timing Exceptions                    :  Yes
  Inter-SLR Compensation                     :  Conservative

  Corner  Analyze    Analyze    
  Name    Max Paths  Min Paths  
  ------  ---------  ---------  
  Slow    Yes        Yes        
  Fast    Yes        Yes        


------------------------------------------------------------------------------------------------
| Report Methodology
| ------------------
------------------------------------------------------------------------------------------------

Rule       Severity          Description                  Violations  
---------  ----------------  ---------------------------  ----------  
TIMING-17  Critical Warning  Non-clocked sequential cell  2           

Note: This report is based on the most recent report_methodology run and may not be up-to-date. Run report_methodology on the current design for the latest report.



check_timing report

Table of Contents
-----------------
1. checking no_clock (2)
2. checking constant_clock (0)
3. checking pulse_width_clock (0)
4. checking unconstrained_internal_endpoints (4)
5. checking no_input_delay (258)
6. checking no_output_delay (128)
7. checking multiple_clock (0)
8. checking generated_clocks (0)
9. checking loops (0)
10. checking partial_input_delay (0)
11. checking partial_output_delay (0)
12. checking latch_loops (0)

1. checking no_clock (2)
------------------------
 There are 2 register/latch pins with no clock driven by root clock pin: clk (HIGH)


2. checking constant_clock (0)
------------------------------
 There are 0 register/latch pins with constant_clock.


3. checking pulse_width_clock (0)
---------------------------------
 There are 0 register/latch pins which need pulse_width check


4. checking unconstrained_internal_endpoints (4)
------------------------------------------------
 There are 4 pins that are not constrained for maximum delay. (HIGH)

 There are 0 pins that are not constrained for maximum delay due to constant clock.


5. checking no_input_delay (258)
--------------------------------
 There are 258 input ports with no input delay specified. (HIGH)

 There are 0 input ports with no input delay but user has a false path constraint.


6. checking no_output_delay (128)
---------------------------------
 There are 128 ports with no output delay specified. (HIGH)

 There are 0 ports with no output delay but user has a false path constraint

 There are 0 ports with no output delay but with a timing clock defined on it or propagating through it


7. checking multiple_clock (0)
------------------------------
 There are 0 register/latch pins with multiple clocks.


8. checking generated_clocks (0)
--------------------------------
 There are 0 generated clocks that are not connected to a clock source.


9. checking loops (0)
---------------------
 There are 0 combinational loops in the design.


10. checking partial_input_delay (0)
------------------------------------
 There are 0 input ports with partial input delay specified.


11. checking partial_output_delay (0)
-------------------------------------
 There are 0 ports with partial output delay specified.


12. checking latch_loops (0)
----------------------------
 There are 0 combinational latch loops in the design through latch input



------------------------------------------------------------------------------------------------
| Design Timing Summary
| ---------------------
------------------------------------------------------------------------------------------------

    WNS(ns)      TNS(ns)  TNS Failing Endpoints  TNS Total Endpoints      WHS(ns)      THS(ns)  THS Failing Endpoints  THS Total Endpoints     WPWS(ns)     TPWS(ns)  TPWS Failing Endpoints  TPWS Total Endpoints  
    -------      -------  ---------------------  -------------------      -------      -------  ---------------------  -------------------     --------     --------  ----------------------  --------------------  
        inf        0.000                      0                  132          inf        0.000                      0                  132           NA           NA                      NA                    NA  


There are no user specified timing constraints.


------------------------------------------------------------------------------------------------
| Clock Summary
| -------------
------------------------------------------------------------------------------------------------


------------------------------------------------------------------------------------------------
| Intra Clock Table
| -----------------
------------------------------------------------------------------------------------------------

Clock             WNS(ns)      TNS(ns)  TNS Failing Endpoints  TNS Total Endpoints      WHS(ns)      THS(ns)  THS Failing Endpoints  THS Total Endpoints     WPWS(ns)     TPWS(ns)  TPWS Failing Endpoints  TPWS Total Endpoints  
-----             -------      -------  ---------------------  -------------------      -------      -------  ---------------------  -------------------     --------     --------  ----------------------  --------------------  


------------------------------------------------------------------------------------------------
| Inter Clock Table
| -----------------
------------------------------------------------------------------------------------------------

From Clock    To Clock          WNS(ns)      TNS(ns)  TNS Failing Endpoints  TNS Total Endpoints      WHS(ns)      THS(ns)  THS Failing Endpoints  THS Total Endpoints  
----------    --------          -------      -------  ---------------------  -------------------      -------      -------  ---------------------  -------------------  


------------------------------------------------------------------------------------------------
| Other Path Groups Table
| -----------------------
------------------------------------------------------------------------------------------------

Path Group    From Clock    To Clock          WNS(ns)      TNS(ns)  TNS Failing Endpoints  TNS Total Endpoints      WHS(ns)      THS(ns)  THS Failing Endpoints  THS Total Endpoints  
----------    ----------    --------          -------      -------  ---------------------  -------------------      -------      -------  ---------------------  -------------------  


------------------------------------------------------------------------------------------------
| User Ignored Path Table
| -----------------------
------------------------------------------------------------------------------------------------

Path Group    From Clock    To Clock    
----------    ----------    --------    


------------------------------------------------------------------------------------------------
| Unconstrained Path Table
| ------------------------
------------------------------------------------------------------------------------------------

Path Group    From Clock    To Clock    
----------    ----------    --------    
(none)                                    


------------------------------------------------------------------------------------------------
| Timing Details
| --------------
------------------------------------------------------------------------------------------------


--------------------------------------------------------------------------------------
Path Group:  (none)
From Clock:  
  To Clock:  

Max Delay           132 Endpoints
Min Delay           132 Endpoints
--------------------------------------------------------------------------------------


Max Delay Paths
--------------------------------------------------------------------------------------
Slack:                    inf
  Source:                 B[34]
                            (input port)
  Destination:            sum[100]
                            (output port)
  Path Group:             (none)
  Path Type:              Max at Slow Process Corner
  Data Path Delay:        25.575ns  (logic 6.542ns (25.580%)  route 19.033ns (74.420%))
  Logic Levels:           13  (CARRY4=9 IBUF=1 LUT5=1 LUT6=1 OBUF=1)

    Location             Delay type                Incr(ns)  Path(ns)    Netlist Resource(s)
  -------------------------------------------------------------------    -------------------
    AE2                                               0.000     0.000 r  B[34] (IN)
                         net (fo=0)                   0.000     0.000    B[34]
    AE2                  IBUF (Prop_ibuf_I_O)         1.078     1.078 r  B_IBUF[34]_inst/O
                         net (fo=4, routed)          10.306    11.383    adder_inst/CC_inst/CC_lut34/I1
    SLICE_X0Y11          LUT6 (Prop_lut6_I1_O)        0.148    11.531 r  adder_inst/CC_inst/CC_lut34/LUT6/O
                         net (fo=1, routed)           0.000    11.531    adder_inst/CC_inst/group_propagate[17]
    SLICE_X0Y11          CARRY4 (Prop_carry4_S[1]_CO[3])
                                                      0.653    12.184 r  adder_inst/CC_inst/CC_carry4_4/CO[3]
                         net (fo=3, routed)           0.000    12.184    adder_inst/CC_inst/group_carry[19]
    SLICE_X0Y12          CARRY4 (Prop_carry4_CI_CO[3])
                                                      0.139    12.323 r  adder_inst/CC_inst/CC_carry4_5/CO[3]
                         net (fo=3, routed)           0.000    12.323    adder_inst/CC_inst/group_carry[23]
    SLICE_X0Y13          CARRY4 (Prop_carry4_CI_CO[3])
                                                      0.139    12.462 r  adder_inst/CC_inst/CC_carry4_6/CO[3]
                         net (fo=3, routed)           0.000    12.462    adder_inst/CC_inst/group_carry[27]
    SLICE_X0Y14          CARRY4 (Prop_carry4_CI_CO[3])
                                                      0.139    12.601 r  adder_inst/CC_inst/CC_carry4_7/CO[3]
                         net (fo=3, routed)           0.000    12.601    adder_inst/CC_inst/group_carry[31]
    SLICE_X0Y15          CARRY4 (Prop_carry4_CI_CO[3])
                                                      0.139    12.740 r  adder_inst/CC_inst/CC_carry4_8/CO[3]
                         net (fo=3, routed)           0.000    12.740    adder_inst/CC_inst/group_carry[35]
    SLICE_X0Y16          CARRY4 (Prop_carry4_CI_CO[3])
                                                      0.139    12.879 r  adder_inst/CC_inst/CC_carry4_9/CO[3]
                         net (fo=3, routed)           0.000    12.879    adder_inst/CC_inst/group_carry[39]
    SLICE_X0Y17          CARRY4 (Prop_carry4_CI_CO[3])
                                                      0.139    13.018 r  adder_inst/CC_inst/CC_carry4_10/CO[3]
                         net (fo=3, routed)           0.000    13.018    adder_inst/CC_inst/group_carry[43]
    SLICE_X0Y18          CARRY4 (Prop_carry4_CI_CO[3])
                                                      0.139    13.157 r  adder_inst/CC_inst/CC_carry4_11/CO[3]
                         net (fo=3, routed)           0.000    13.157    adder_inst/CC_inst/group_carry[47]
    SLICE_X0Y19          CARRY4 (Prop_carry4_CI_CO[1])
                                                      0.188    13.345 r  adder_inst/CC_inst/CC_carry4_12/CO[1]
                         net (fo=2, routed)           0.399    13.745    adder_inst/compressed_adder_inst/So_lut_50/I4
    SLICE_X1Y19          LUT5 (Prop_lut5_I4_O)        0.399    14.144 r  adder_inst/compressed_adder_inst/So_lut_50/LUT5/O
                         net (fo=1, routed)           8.328    22.472    sum_OBUF[100]
    P30                  OBUF (Prop_obuf_I_O)         3.104    25.575 r  sum_OBUF[100]_inst/O
                         net (fo=0)                   0.000    25.575    sum[100]
    P30                                                               r  sum[100] (OUT)
  -------------------------------------------------------------------    -------------------

Slack:                    inf
  Source:                 B[34]
                            (input port)
  Destination:            sum[114]
                            (output port)
  Path Group:             (none)
  Path Type:              Max at Slow Process Corner
  Data Path Delay:        25.007ns  (logic 6.964ns (27.846%)  route 18.044ns (72.154%))
  Logic Levels:           15  (CARRY4=11 IBUF=1 LUT5=1 LUT6=1 OBUF=1)

    Location             Delay type                Incr(ns)  Path(ns)    Netlist Resource(s)
  -------------------------------------------------------------------    -------------------
    AE2                                               0.000     0.000 r  B[34] (IN)
                         net (fo=0)                   0.000     0.000    B[34]
    AE2                  IBUF (Prop_ibuf_I_O)         1.078     1.078 r  B_IBUF[34]_inst/O
                         net (fo=4, routed)          10.306    11.383    adder_inst/CC_inst/CC_lut34/I1
    SLICE_X0Y11          LUT6 (Prop_lut6_I1_O)        0.148    11.531 r  adder_inst/CC_inst/CC_lut34/LUT6/O
                         net (fo=1, routed)           0.000    11.531    adder_inst/CC_inst/group_propagate[17]
    SLICE_X0Y11          CARRY4 (Prop_carry4_S[1]_CO[3])
                                                      0.653    12.184 r  adder_inst/CC_inst/CC_carry4_4/CO[3]
                         net (fo=3, routed)           0.000    12.184    adder_inst/CC_inst/group_carry[19]
    SLICE_X0Y12          CARRY4 (Prop_carry4_CI_CO[3])
                                                      0.139    12.323 r  adder_inst/CC_inst/CC_carry4_5/CO[3]
                         net (fo=3, routed)           0.000    12.323    adder_inst/CC_inst/group_carry[23]
    SLICE_X0Y13          CARRY4 (Prop_carry4_CI_CO[3])
                                                      0.139    12.462 r  adder_inst/CC_inst/CC_carry4_6/CO[3]
                         net (fo=3, routed)           0.000    12.462    adder_inst/CC_inst/group_carry[27]
    SLICE_X0Y14          CARRY4 (Prop_carry4_CI_CO[3])
                                                      0.139    12.601 r  adder_inst/CC_inst/CC_carry4_7/CO[3]
                         net (fo=3, routed)           0.000    12.601    adder_inst/CC_inst/group_carry[31]
    SLICE_X0Y15          CARRY4 (Prop_carry4_CI_CO[3])
                                                      0.139    12.740 r  adder_inst/CC_inst/CC_carry4_8/CO[3]
                         net (fo=3, routed)           0.000    12.740    adder_inst/CC_inst/group_carry[35]
    SLICE_X0Y16          CARRY4 (Prop_carry4_CI_CO[3])
                                                      0.139    12.879 r  adder_inst/CC_inst/CC_carry4_9/CO[3]
                         net (fo=3, routed)           0.000    12.879    adder_inst/CC_inst/group_carry[39]
    SLICE_X0Y17          CARRY4 (Prop_carry4_CI_CO[3])
                                                      0.139    13.018 r  adder_inst/CC_inst/CC_carry4_10/CO[3]
                         net (fo=3, routed)           0.000    13.018    adder_inst/CC_inst/group_carry[43]
    SLICE_X0Y18          CARRY4 (Prop_carry4_CI_CO[3])
                                                      0.139    13.157 r  adder_inst/CC_inst/CC_carry4_11/CO[3]
                         net (fo=3, routed)           0.000    13.157    adder_inst/CC_inst/group_carry[47]
    SLICE_X0Y19          CARRY4 (Prop_carry4_CI_CO[3])
                                                      0.139    13.296 r  adder_inst/CC_inst/CC_carry4_12/CO[3]
                         net (fo=3, routed)           0.000    13.296    adder_inst/CC_inst/group_carry[51]
    SLICE_X0Y20          CARRY4 (Prop_carry4_CI_CO[3])
                                                      0.139    13.435 r  adder_inst/CC_inst/CC_carry4_13/CO[3]
                         net (fo=3, routed)           0.000    13.435    adder_inst/CC_inst/group_carry[55]
    SLICE_X0Y21          CARRY4 (Prop_carry4_CI_CO[0])
                                                      0.322    13.757 r  adder_inst/CC_inst/CC_carry4_14/CO[0]
                         net (fo=2, routed)           0.581    14.338    adder_inst/compressed_adder_inst/So_lut_57/I4
    SLICE_X1Y21          LUT5 (Prop_lut5_I4_O)        0.450    14.788 r  adder_inst/compressed_adder_inst/So_lut_57/LUT5/O
                         net (fo=1, routed)           7.157    21.945    sum_OBUF[114]
    P25                  OBUF (Prop_obuf_I_O)         3.062    25.007 r  sum_OBUF[114]_inst/O
                         net (fo=0)                   0.000    25.007    sum[114]
    P25                                                               r  sum[114] (OUT)
  -------------------------------------------------------------------    -------------------

Slack:                    inf
  Source:                 B[34]
                            (input port)
  Destination:            sum[104]
                            (output port)
  Path Group:             (none)
  Path Type:              Max at Slow Process Corner
  Data Path Delay:        24.941ns  (logic 6.243ns (25.030%)  route 18.699ns (74.970%))
  Logic Levels:           13  (CARRY4=9 IBUF=1 LUT5=1 LUT6=1 OBUF=1)

    Location             Delay type                Incr(ns)  Path(ns)    Netlist Resource(s)
  -------------------------------------------------------------------    -------------------
    AE2                                               0.000     0.000 r  B[34] (IN)
                         net (fo=0)                   0.000     0.000    B[34]
    AE2                  IBUF (Prop_ibuf_I_O)         1.078     1.078 r  B_IBUF[34]_inst/O
                         net (fo=4, routed)          10.306    11.383    adder_inst/CC_inst/CC_lut34/I1
    SLICE_X0Y11          LUT6 (Prop_lut6_I1_O)        0.148    11.531 r  adder_inst/CC_inst/CC_lut34/LUT6/O
                         net (fo=1, routed)           0.000    11.531    adder_inst/CC_inst/group_propagate[17]
    SLICE_X0Y11          CARRY4 (Prop_carry4_S[1]_CO[3])
                                                      0.653    12.184 r  adder_inst/CC_inst/CC_carry4_4/CO[3]
                         net (fo=3, routed)           0.000    12.184    adder_inst/CC_inst/group_carry[19]
    SLICE_X0Y12          CARRY4 (Prop_carry4_CI_CO[3])
                                                      0.139    12.323 r  adder_inst/CC_inst/CC_carry4_5/CO[3]
                         net (fo=3, routed)           0.000    12.323    adder_inst/CC_inst/group_carry[23]
    SLICE_X0Y13          CARRY4 (Prop_carry4_CI_CO[3])
                                                      0.139    12.462 r  adder_inst/CC_inst/CC_carry4_6/CO[3]
                         net (fo=3, routed)           0.000    12.462    adder_inst/CC_inst/group_carry[27]
    SLICE_X0Y14          CARRY4 (Prop_carry4_CI_CO[3])
                                                      0.139    12.601 r  adder_inst/CC_inst/CC_carry4_7/CO[3]
                         net (fo=3, routed)           0.000    12.601    adder_inst/CC_inst/group_carry[31]
    SLICE_X0Y15          CARRY4 (Prop_carry4_CI_CO[3])
                                                      0.139    12.740 r  adder_inst/CC_inst/CC_carry4_8/CO[3]
                         net (fo=3, routed)           0.000    12.740    adder_inst/CC_inst/group_carry[35]
    SLICE_X0Y16          CARRY4 (Prop_carry4_CI_CO[3])
                                                      0.139    12.879 r  adder_inst/CC_inst/CC_carry4_9/CO[3]
                         net (fo=3, routed)           0.000    12.879    adder_inst/CC_inst/group_carry[39]
    SLICE_X0Y17          CARRY4 (Prop_carry4_CI_CO[3])
                                                      0.139    13.018 r  adder_inst/CC_inst/CC_carry4_10/CO[3]
                         net (fo=3, routed)           0.000    13.018    adder_inst/CC_inst/group_carry[43]
    SLICE_X0Y18          CARRY4 (Prop_carry4_CI_CO[3])
                                                      0.139    13.157 r  adder_inst/CC_inst/CC_carry4_11/CO[3]
                         net (fo=3, routed)           0.000    13.157    adder_inst/CC_inst/group_carry[47]
    SLICE_X0Y19          CARRY4 (Prop_carry4_CI_CO[3])
                                                      0.139    13.296 r  adder_inst/CC_inst/CC_carry4_12/CO[3]
                         net (fo=3, routed)           1.203    14.499    adder_inst/compressed_adder_inst/So_lut_52/I4
    SLICE_X1Y19          LUT5 (Prop_lut5_I4_O)        0.153    14.652 r  adder_inst/compressed_adder_inst/So_lut_52/LUT5/O
                         net (fo=1, routed)           7.190    21.842    sum_OBUF[104]
    T29                  OBUF (Prop_obuf_I_O)         3.099    24.941 r  sum_OBUF[104]_inst/O
                         net (fo=0)                   0.000    24.941    sum[104]
    T29                                                               r  sum[104] (OUT)
  -------------------------------------------------------------------    -------------------

Slack:                    inf
  Source:                 B[34]
                            (input port)
  Destination:            sum[80]
                            (output port)
  Path Group:             (none)
  Path Type:              Max at Slow Process Corner
  Data Path Delay:        24.852ns  (logic 5.859ns (23.575%)  route 18.993ns (76.425%))
  Logic Levels:           10  (CARRY4=6 IBUF=1 LUT5=1 LUT6=1 OBUF=1)

    Location             Delay type                Incr(ns)  Path(ns)    Netlist Resource(s)
  -------------------------------------------------------------------    -------------------
    AE2                                               0.000     0.000 r  B[34] (IN)
                         net (fo=0)                   0.000     0.000    B[34]
    AE2                  IBUF (Prop_ibuf_I_O)         1.078     1.078 r  B_IBUF[34]_inst/O
                         net (fo=4, routed)          10.306    11.383    adder_inst/CC_inst/CC_lut34/I1
    SLICE_X0Y11          LUT6 (Prop_lut6_I1_O)        0.148    11.531 r  adder_inst/CC_inst/CC_lut34/LUT6/O
                         net (fo=1, routed)           0.000    11.531    adder_inst/CC_inst/group_propagate[17]
    SLICE_X0Y11          CARRY4 (Prop_carry4_S[1]_CO[3])
                                                      0.653    12.184 r  adder_inst/CC_inst/CC_carry4_4/CO[3]
                         net (fo=3, routed)           0.000    12.184    adder_inst/CC_inst/group_carry[19]
    SLICE_X0Y12          CARRY4 (Prop_carry4_CI_CO[3])
                                                      0.139    12.323 r  adder_inst/CC_inst/CC_carry4_5/CO[3]
                         net (fo=3, routed)           0.000    12.323    adder_inst/CC_inst/group_carry[23]
    SLICE_X0Y13          CARRY4 (Prop_carry4_CI_CO[3])
                                                      0.139    12.462 r  adder_inst/CC_inst/CC_carry4_6/CO[3]
                         net (fo=3, routed)           0.000    12.462    adder_inst/CC_inst/group_carry[27]
    SLICE_X0Y14          CARRY4 (Prop_carry4_CI_CO[3])
                                                      0.139    12.601 r  adder_inst/CC_inst/CC_carry4_7/CO[3]
                         net (fo=3, routed)           0.000    12.601    adder_inst/CC_inst/group_carry[31]
    SLICE_X0Y15          CARRY4 (Prop_carry4_CI_CO[3])
                                                      0.139    12.740 r  adder_inst/CC_inst/CC_carry4_8/CO[3]
                         net (fo=3, routed)           0.000    12.740    adder_inst/CC_inst/group_carry[35]
    SLICE_X0Y16          CARRY4 (Prop_carry4_CI_CO[3])
                                                      0.139    12.879 r  adder_inst/CC_inst/CC_carry4_9/CO[3]
                         net (fo=3, routed)           1.203    14.082    adder_inst/compressed_adder_inst/So_lut_40/I4
    SLICE_X1Y16          LUT5 (Prop_lut5_I4_O)        0.153    14.235 r  adder_inst/compressed_adder_inst/So_lut_40/LUT5/O
                         net (fo=1, routed)           7.485    21.720    sum_OBUF[80]
    T34                  OBUF (Prop_obuf_I_O)         3.132    24.852 r  sum_OBUF[80]_inst/O
                         net (fo=0)                   0.000    24.852    sum[80]
    T34                                                               r  sum[80] (OUT)
  -------------------------------------------------------------------    -------------------

Slack:                    inf
  Source:                 B[34]
                            (input port)
  Destination:            sum[122]
                            (output port)
  Path Group:             (none)
  Path Type:              Max at Slow Process Corner
  Data Path Delay:        24.763ns  (logic 7.113ns (28.726%)  route 17.650ns (71.274%))
  Logic Levels:           16  (CARRY4=12 IBUF=1 LUT5=1 LUT6=1 OBUF=1)

    Location             Delay type                Incr(ns)  Path(ns)    Netlist Resource(s)
  -------------------------------------------------------------------    -------------------
    AE2                                               0.000     0.000 r  B[34] (IN)
                         net (fo=0)                   0.000     0.000    B[34]
    AE2                  IBUF (Prop_ibuf_I_O)         1.078     1.078 r  B_IBUF[34]_inst/O
                         net (fo=4, routed)          10.306    11.383    adder_inst/CC_inst/CC_lut34/I1
    SLICE_X0Y11          LUT6 (Prop_lut6_I1_O)        0.148    11.531 r  adder_inst/CC_inst/CC_lut34/LUT6/O
                         net (fo=1, routed)           0.000    11.531    adder_inst/CC_inst/group_propagate[17]
    SLICE_X0Y11          CARRY4 (Prop_carry4_S[1]_CO[3])
                                                      0.653    12.184 r  adder_inst/CC_inst/CC_carry4_4/CO[3]
                         net (fo=3, routed)           0.000    12.184    adder_inst/CC_inst/group_carry[19]
    SLICE_X0Y12          CARRY4 (Prop_carry4_CI_CO[3])
                                                      0.139    12.323 r  adder_inst/CC_inst/CC_carry4_5/CO[3]
                         net (fo=3, routed)           0.000    12.323    adder_inst/CC_inst/group_carry[23]
    SLICE_X0Y13          CARRY4 (Prop_carry4_CI_CO[3])
                                                      0.139    12.462 r  adder_inst/CC_inst/CC_carry4_6/CO[3]
                         net (fo=3, routed)           0.000    12.462    adder_inst/CC_inst/group_carry[27]
    SLICE_X0Y14          CARRY4 (Prop_carry4_CI_CO[3])
                                                      0.139    12.601 r  adder_inst/CC_inst/CC_carry4_7/CO[3]
                         net (fo=3, routed)           0.000    12.601    adder_inst/CC_inst/group_carry[31]
    SLICE_X0Y15          CARRY4 (Prop_carry4_CI_CO[3])
                                                      0.139    12.740 r  adder_inst/CC_inst/CC_carry4_8/CO[3]
                         net (fo=3, routed)           0.000    12.740    adder_inst/CC_inst/group_carry[35]
    SLICE_X0Y16          CARRY4 (Prop_carry4_CI_CO[3])
                                                      0.139    12.879 r  adder_inst/CC_inst/CC_carry4_9/CO[3]
                         net (fo=3, routed)           0.000    12.879    adder_inst/CC_inst/group_carry[39]
    SLICE_X0Y17          CARRY4 (Prop_carry4_CI_CO[3])
                                                      0.139    13.018 r  adder_inst/CC_inst/CC_carry4_10/CO[3]
                         net (fo=3, routed)           0.000    13.018    adder_inst/CC_inst/group_carry[43]
    SLICE_X0Y18          CARRY4 (Prop_carry4_CI_CO[3])
                                                      0.139    13.157 r  adder_inst/CC_inst/CC_carry4_11/CO[3]
                         net (fo=3, routed)           0.000    13.157    adder_inst/CC_inst/group_carry[47]
    SLICE_X0Y19          CARRY4 (Prop_carry4_CI_CO[3])
                                                      0.139    13.296 r  adder_inst/CC_inst/CC_carry4_12/CO[3]
                         net (fo=3, routed)           0.000    13.296    adder_inst/CC_inst/group_carry[51]
    SLICE_X0Y20          CARRY4 (Prop_carry4_CI_CO[3])
                                                      0.139    13.435 r  adder_inst/CC_inst/CC_carry4_13/CO[3]
                         net (fo=3, routed)           0.000    13.435    adder_inst/CC_inst/group_carry[55]
    SLICE_X0Y21          CARRY4 (Prop_carry4_CI_CO[3])
                                                      0.139    13.574 r  adder_inst/CC_inst/CC_carry4_14/CO[3]
                         net (fo=3, routed)           0.000    13.574    adder_inst/CC_inst/group_carry[59]
    SLICE_X0Y22          CARRY4 (Prop_carry4_CI_CO[0])
                                                      0.322    13.896 r  adder_inst/CC_inst/CC_carry4_15/CO[0]
                         net (fo=2, routed)           0.651    14.547    adder_inst/compressed_adder_inst/So_lut_61/I4
    SLICE_X1Y22          LUT5 (Prop_lut5_I4_O)        0.450    14.997 r  adder_inst/compressed_adder_inst/So_lut_61/LUT5/O
                         net (fo=1, routed)           6.693    21.690    sum_OBUF[122]
    M27                  OBUF (Prop_obuf_I_O)         3.073    24.763 r  sum_OBUF[122]_inst/O
                         net (fo=0)                   0.000    24.763    sum[122]
    M27                                                               r  sum[122] (OUT)
  -------------------------------------------------------------------    -------------------

Slack:                    inf
  Source:                 B[34]
                            (input port)
  Destination:            sum[106]
                            (output port)
  Path Group:             (none)
  Path Type:              Max at Slow Process Corner
  Data Path Delay:        24.723ns  (logic 6.858ns (27.741%)  route 17.865ns (72.259%))
  Logic Levels:           14  (CARRY4=10 IBUF=1 LUT5=1 LUT6=1 OBUF=1)

    Location             Delay type                Incr(ns)  Path(ns)    Netlist Resource(s)
  -------------------------------------------------------------------    -------------------
    AE2                                               0.000     0.000 r  B[34] (IN)
                         net (fo=0)                   0.000     0.000    B[34]
    AE2                  IBUF (Prop_ibuf_I_O)         1.078     1.078 r  B_IBUF[34]_inst/O
                         net (fo=4, routed)          10.306    11.383    adder_inst/CC_inst/CC_lut34/I1
    SLICE_X0Y11          LUT6 (Prop_lut6_I1_O)        0.148    11.531 r  adder_inst/CC_inst/CC_lut34/LUT6/O
                         net (fo=1, routed)           0.000    11.531    adder_inst/CC_inst/group_propagate[17]
    SLICE_X0Y11          CARRY4 (Prop_carry4_S[1]_CO[3])
                                                      0.653    12.184 r  adder_inst/CC_inst/CC_carry4_4/CO[3]
                         net (fo=3, routed)           0.000    12.184    adder_inst/CC_inst/group_carry[19]
    SLICE_X0Y12          CARRY4 (Prop_carry4_CI_CO[3])
                                                      0.139    12.323 r  adder_inst/CC_inst/CC_carry4_5/CO[3]
                         net (fo=3, routed)           0.000    12.323    adder_inst/CC_inst/group_carry[23]
    SLICE_X0Y13          CARRY4 (Prop_carry4_CI_CO[3])
                                                      0.139    12.462 r  adder_inst/CC_inst/CC_carry4_6/CO[3]
                         net (fo=3, routed)           0.000    12.462    adder_inst/CC_inst/group_carry[27]
    SLICE_X0Y14          CARRY4 (Prop_carry4_CI_CO[3])
                                                      0.139    12.601 r  adder_inst/CC_inst/CC_carry4_7/CO[3]
                         net (fo=3, routed)           0.000    12.601    adder_inst/CC_inst/group_carry[31]
    SLICE_X0Y15          CARRY4 (Prop_carry4_CI_CO[3])
                                                      0.139    12.740 r  adder_inst/CC_inst/CC_carry4_8/CO[3]
                         net (fo=3, routed)           0.000    12.740    adder_inst/CC_inst/group_carry[35]
    SLICE_X0Y16          CARRY4 (Prop_carry4_CI_CO[3])
                                                      0.139    12.879 r  adder_inst/CC_inst/CC_carry4_9/CO[3]
                         net (fo=3, routed)           0.000    12.879    adder_inst/CC_inst/group_carry[39]
    SLICE_X0Y17          CARRY4 (Prop_carry4_CI_CO[3])
                                                      0.139    13.018 r  adder_inst/CC_inst/CC_carry4_10/CO[3]
                         net (fo=3, routed)           0.000    13.018    adder_inst/CC_inst/group_carry[43]
    SLICE_X0Y18          CARRY4 (Prop_carry4_CI_CO[3])
                                                      0.139    13.157 r  adder_inst/CC_inst/CC_carry4_11/CO[3]
                         net (fo=3, routed)           0.000    13.157    adder_inst/CC_inst/group_carry[47]
    SLICE_X0Y19          CARRY4 (Prop_carry4_CI_CO[3])
                                                      0.139    13.296 r  adder_inst/CC_inst/CC_carry4_12/CO[3]
                         net (fo=3, routed)           0.000    13.296    adder_inst/CC_inst/group_carry[51]
    SLICE_X0Y20          CARRY4 (Prop_carry4_CI_CO[0])
                                                      0.322    13.618 r  adder_inst/CC_inst/CC_carry4_13/CO[0]
                         net (fo=2, routed)           0.651    14.269    adder_inst/compressed_adder_inst/So_lut_53/I4
    SLICE_X1Y20          LUT5 (Prop_lut5_I4_O)        0.450    14.719 r  adder_inst/compressed_adder_inst/So_lut_53/LUT5/O
                         net (fo=1, routed)           6.908    21.627    sum_OBUF[106]
    M29                  OBUF (Prop_obuf_I_O)         3.096    24.723 r  sum_OBUF[106]_inst/O
                         net (fo=0)                   0.000    24.723    sum[106]
    M29                                                               r  sum[106] (OUT)
  -------------------------------------------------------------------    -------------------

Slack:                    inf
  Source:                 B[34]
                            (input port)
  Destination:            sum[85]
                            (output port)
  Path Group:             (none)
  Path Type:              Max at Slow Process Corner
  Data Path Delay:        24.608ns  (logic 6.051ns (24.590%)  route 18.557ns (75.410%))
  Logic Levels:           11  (CARRY4=7 IBUF=1 LUT6=2 OBUF=1)

    Location             Delay type                Incr(ns)  Path(ns)    Netlist Resource(s)
  -------------------------------------------------------------------    -------------------
    AE2                                               0.000     0.000 r  B[34] (IN)
                         net (fo=0)                   0.000     0.000    B[34]
    AE2                  IBUF (Prop_ibuf_I_O)         1.078     1.078 r  B_IBUF[34]_inst/O
                         net (fo=4, routed)          10.306    11.383    adder_inst/CC_inst/CC_lut34/I1
    SLICE_X0Y11          LUT6 (Prop_lut6_I1_O)        0.148    11.531 r  adder_inst/CC_inst/CC_lut34/LUT6/O
                         net (fo=1, routed)           0.000    11.531    adder_inst/CC_inst/group_propagate[17]
    SLICE_X0Y11          CARRY4 (Prop_carry4_S[1]_CO[3])
                                                      0.653    12.184 r  adder_inst/CC_inst/CC_carry4_4/CO[3]
                         net (fo=3, routed)           0.000    12.184    adder_inst/CC_inst/group_carry[19]
    SLICE_X0Y12          CARRY4 (Prop_carry4_CI_CO[3])
                                                      0.139    12.323 r  adder_inst/CC_inst/CC_carry4_5/CO[3]
                         net (fo=3, routed)           0.000    12.323    adder_inst/CC_inst/group_carry[23]
    SLICE_X0Y13          CARRY4 (Prop_carry4_CI_CO[3])
                                                      0.139    12.462 r  adder_inst/CC_inst/CC_carry4_6/CO[3]
                         net (fo=3, routed)           0.000    12.462    adder_inst/CC_inst/group_carry[27]
    SLICE_X0Y14          CARRY4 (Prop_carry4_CI_CO[3])
                                                      0.139    12.601 r  adder_inst/CC_inst/CC_carry4_7/CO[3]
                         net (fo=3, routed)           0.000    12.601    adder_inst/CC_inst/group_carry[31]
    SLICE_X0Y15          CARRY4 (Prop_carry4_CI_CO[3])
                                                      0.139    12.740 r  adder_inst/CC_inst/CC_carry4_8/CO[3]
                         net (fo=3, routed)           0.000    12.740    adder_inst/CC_inst/group_carry[35]
    SLICE_X0Y16          CARRY4 (Prop_carry4_CI_CO[3])
                                                      0.139    12.879 r  adder_inst/CC_inst/CC_carry4_9/CO[3]
                         net (fo=3, routed)           0.000    12.879    adder_inst/CC_inst/group_carry[39]
    SLICE_X0Y17          CARRY4 (Prop_carry4_CI_CO[1])
                                                      0.188    13.067 r  adder_inst/CC_inst/CC_carry4_10/CO[1]
                         net (fo=2, routed)           0.399    13.467    adder_inst/compressed_adder_inst/So_lut_42/I4
    SLICE_X1Y17          LUT6 (Prop_lut6_I4_O)        0.389    13.856 r  adder_inst/compressed_adder_inst/So_lut_42/LUT6/O
                         net (fo=1, routed)           7.851    21.707    sum_OBUF[85]
    T33                  OBUF (Prop_obuf_I_O)         2.900    24.608 r  sum_OBUF[85]_inst/O
                         net (fo=0)                   0.000    24.608    sum[85]
    T33                                                               r  sum[85] (OUT)
  -------------------------------------------------------------------    -------------------

Slack:                    inf
  Source:                 B[34]
                            (input port)
  Destination:            sum[116]
                            (output port)
  Path Group:             (none)
  Path Type:              Max at Slow Process Corner
  Data Path Delay:        24.563ns  (logic 6.829ns (27.803%)  route 17.734ns (72.197%))
  Logic Levels:           15  (CARRY4=11 IBUF=1 LUT5=1 LUT6=1 OBUF=1)

    Location             Delay type                Incr(ns)  Path(ns)    Netlist Resource(s)
  -------------------------------------------------------------------    -------------------
    AE2                                               0.000     0.000 r  B[34] (IN)
                         net (fo=0)                   0.000     0.000    B[34]
    AE2                  IBUF (Prop_ibuf_I_O)         1.078     1.078 r  B_IBUF[34]_inst/O
                         net (fo=4, routed)          10.306    11.383    adder_inst/CC_inst/CC_lut34/I1
    SLICE_X0Y11          LUT6 (Prop_lut6_I1_O)        0.148    11.531 r  adder_inst/CC_inst/CC_lut34/LUT6/O
                         net (fo=1, routed)           0.000    11.531    adder_inst/CC_inst/group_propagate[17]
    SLICE_X0Y11          CARRY4 (Prop_carry4_S[1]_CO[3])
                                                      0.653    12.184 r  adder_inst/CC_inst/CC_carry4_4/CO[3]
                         net (fo=3, routed)           0.000    12.184    adder_inst/CC_inst/group_carry[19]
    SLICE_X0Y12          CARRY4 (Prop_carry4_CI_CO[3])
                                                      0.139    12.323 r  adder_inst/CC_inst/CC_carry4_5/CO[3]
                         net (fo=3, routed)           0.000    12.323    adder_inst/CC_inst/group_carry[23]
    SLICE_X0Y13          CARRY4 (Prop_carry4_CI_CO[3])
                                                      0.139    12.462 r  adder_inst/CC_inst/CC_carry4_6/CO[3]
                         net (fo=3, routed)           0.000    12.462    adder_inst/CC_inst/group_carry[27]
    SLICE_X0Y14          CARRY4 (Prop_carry4_CI_CO[3])
                                                      0.139    12.601 r  adder_inst/CC_inst/CC_carry4_7/CO[3]
                         net (fo=3, routed)           0.000    12.601    adder_inst/CC_inst/group_carry[31]
    SLICE_X0Y15          CARRY4 (Prop_carry4_CI_CO[3])
                                                      0.139    12.740 r  adder_inst/CC_inst/CC_carry4_8/CO[3]
                         net (fo=3, routed)           0.000    12.740    adder_inst/CC_inst/group_carry[35]
    SLICE_X0Y16          CARRY4 (Prop_carry4_CI_CO[3])
                                                      0.139    12.879 r  adder_inst/CC_inst/CC_carry4_9/CO[3]
                         net (fo=3, routed)           0.000    12.879    adder_inst/CC_inst/group_carry[39]
    SLICE_X0Y17          CARRY4 (Prop_carry4_CI_CO[3])
                                                      0.139    13.018 r  adder_inst/CC_inst/CC_carry4_10/CO[3]
                         net (fo=3, routed)           0.000    13.018    adder_inst/CC_inst/group_carry[43]
    SLICE_X0Y18          CARRY4 (Prop_carry4_CI_CO[3])
                                                      0.139    13.157 r  adder_inst/CC_inst/CC_carry4_11/CO[3]
                         net (fo=3, routed)           0.000    13.157    adder_inst/CC_inst/group_carry[47]
    SLICE_X0Y19          CARRY4 (Prop_carry4_CI_CO[3])
                                                      0.139    13.296 r  adder_inst/CC_inst/CC_carry4_12/CO[3]
                         net (fo=3, routed)           0.000    13.296    adder_inst/CC_inst/group_carry[51]
    SLICE_X0Y20          CARRY4 (Prop_carry4_CI_CO[3])
                                                      0.139    13.435 r  adder_inst/CC_inst/CC_carry4_13/CO[3]
                         net (fo=3, routed)           0.000    13.435    adder_inst/CC_inst/group_carry[55]
    SLICE_X0Y21          CARRY4 (Prop_carry4_CI_CO[1])
                                                      0.188    13.623 r  adder_inst/CC_inst/CC_carry4_14/CO[1]
                         net (fo=2, routed)           0.399    14.023    adder_inst/compressed_adder_inst/So_lut_58/I4
    SLICE_X1Y21          LUT5 (Prop_lut5_I4_O)        0.399    14.422 r  adder_inst/compressed_adder_inst/So_lut_58/LUT5/O
                         net (fo=1, routed)           7.029    21.451    sum_OBUF[116]
    U27                  OBUF (Prop_obuf_I_O)         3.113    24.563 r  sum_OBUF[116]_inst/O
                         net (fo=0)                   0.000    24.563    sum[116]
    U27                                                               r  sum[116] (OUT)
  -------------------------------------------------------------------    -------------------

Slack:                    inf
  Source:                 B[34]
                            (input port)
  Destination:            sum[109]
                            (output port)
  Path Group:             (none)
  Path Type:              Max at Slow Process Corner
  Data Path Delay:        24.543ns  (logic 6.435ns (26.219%)  route 18.108ns (73.781%))
  Logic Levels:           14  (CARRY4=10 IBUF=1 LUT6=2 OBUF=1)

    Location             Delay type                Incr(ns)  Path(ns)    Netlist Resource(s)
  -------------------------------------------------------------------    -------------------
    AE2                                               0.000     0.000 r  B[34] (IN)
                         net (fo=0)                   0.000     0.000    B[34]
    AE2                  IBUF (Prop_ibuf_I_O)         1.078     1.078 r  B_IBUF[34]_inst/O
                         net (fo=4, routed)          10.306    11.383    adder_inst/CC_inst/CC_lut34/I1
    SLICE_X0Y11          LUT6 (Prop_lut6_I1_O)        0.148    11.531 r  adder_inst/CC_inst/CC_lut34/LUT6/O
                         net (fo=1, routed)           0.000    11.531    adder_inst/CC_inst/group_propagate[17]
    SLICE_X0Y11          CARRY4 (Prop_carry4_S[1]_CO[3])
                                                      0.653    12.184 r  adder_inst/CC_inst/CC_carry4_4/CO[3]
                         net (fo=3, routed)           0.000    12.184    adder_inst/CC_inst/group_carry[19]
    SLICE_X0Y12          CARRY4 (Prop_carry4_CI_CO[3])
                                                      0.139    12.323 r  adder_inst/CC_inst/CC_carry4_5/CO[3]
                         net (fo=3, routed)           0.000    12.323    adder_inst/CC_inst/group_carry[23]
    SLICE_X0Y13          CARRY4 (Prop_carry4_CI_CO[3])
                                                      0.139    12.462 r  adder_inst/CC_inst/CC_carry4_6/CO[3]
                         net (fo=3, routed)           0.000    12.462    adder_inst/CC_inst/group_carry[27]
    SLICE_X0Y14          CARRY4 (Prop_carry4_CI_CO[3])
                                                      0.139    12.601 r  adder_inst/CC_inst/CC_carry4_7/CO[3]
                         net (fo=3, routed)           0.000    12.601    adder_inst/CC_inst/group_carry[31]
    SLICE_X0Y15          CARRY4 (Prop_carry4_CI_CO[3])
                                                      0.139    12.740 r  adder_inst/CC_inst/CC_carry4_8/CO[3]
                         net (fo=3, routed)           0.000    12.740    adder_inst/CC_inst/group_carry[35]
    SLICE_X0Y16          CARRY4 (Prop_carry4_CI_CO[3])
                                                      0.139    12.879 r  adder_inst/CC_inst/CC_carry4_9/CO[3]
                         net (fo=3, routed)           0.000    12.879    adder_inst/CC_inst/group_carry[39]
    SLICE_X0Y17          CARRY4 (Prop_carry4_CI_CO[3])
                                                      0.139    13.018 r  adder_inst/CC_inst/CC_carry4_10/CO[3]
                         net (fo=3, routed)           0.000    13.018    adder_inst/CC_inst/group_carry[43]
    SLICE_X0Y18          CARRY4 (Prop_carry4_CI_CO[3])
                                                      0.139    13.157 r  adder_inst/CC_inst/CC_carry4_11/CO[3]
                         net (fo=3, routed)           0.000    13.157    adder_inst/CC_inst/group_carry[47]
    SLICE_X0Y19          CARRY4 (Prop_carry4_CI_CO[3])
                                                      0.139    13.296 r  adder_inst/CC_inst/CC_carry4_12/CO[3]
                         net (fo=3, routed)           0.000    13.296    adder_inst/CC_inst/group_carry[51]
    SLICE_X0Y20          CARRY4 (Prop_carry4_CI_CO[1])
                                                      0.188    13.484 r  adder_inst/CC_inst/CC_carry4_13/CO[1]
                         net (fo=2, routed)           0.399    13.884    adder_inst/compressed_adder_inst/So_lut_54/I4
    SLICE_X1Y20          LUT6 (Prop_lut6_I4_O)        0.389    14.273 r  adder_inst/compressed_adder_inst/So_lut_54/LUT6/O
                         net (fo=1, routed)           7.403    21.676    sum_OBUF[109]
    T28                  OBUF (Prop_obuf_I_O)         2.868    24.543 r  sum_OBUF[109]_inst/O
                         net (fo=0)                   0.000    24.543    sum[109]
    T28                                                               r  sum[109] (OUT)
  -------------------------------------------------------------------    -------------------

Slack:                    inf
  Source:                 B[34]
                            (input port)
  Destination:            sum[117]
                            (output port)
  Path Group:             (none)
  Path Type:              Max at Slow Process Corner
  Data Path Delay:        24.441ns  (logic 6.579ns (26.916%)  route 17.862ns (73.084%))
  Logic Levels:           15  (CARRY4=11 IBUF=1 LUT6=2 OBUF=1)

    Location             Delay type                Incr(ns)  Path(ns)    Netlist Resource(s)
  -------------------------------------------------------------------    -------------------
    AE2                                               0.000     0.000 r  B[34] (IN)
                         net (fo=0)                   0.000     0.000    B[34]
    AE2                  IBUF (Prop_ibuf_I_O)         1.078     1.078 r  B_IBUF[34]_inst/O
                         net (fo=4, routed)          10.306    11.383    adder_inst/CC_inst/CC_lut34/I1
    SLICE_X0Y11          LUT6 (Prop_lut6_I1_O)        0.148    11.531 r  adder_inst/CC_inst/CC_lut34/LUT6/O
                         net (fo=1, routed)           0.000    11.531    adder_inst/CC_inst/group_propagate[17]
    SLICE_X0Y11          CARRY4 (Prop_carry4_S[1]_CO[3])
                                                      0.653    12.184 r  adder_inst/CC_inst/CC_carry4_4/CO[3]
                         net (fo=3, routed)           0.000    12.184    adder_inst/CC_inst/group_carry[19]
    SLICE_X0Y12          CARRY4 (Prop_carry4_CI_CO[3])
                                                      0.139    12.323 r  adder_inst/CC_inst/CC_carry4_5/CO[3]
                         net (fo=3, routed)           0.000    12.323    adder_inst/CC_inst/group_carry[23]
    SLICE_X0Y13          CARRY4 (Prop_carry4_CI_CO[3])
                                                      0.139    12.462 r  adder_inst/CC_inst/CC_carry4_6/CO[3]
                         net (fo=3, routed)           0.000    12.462    adder_inst/CC_inst/group_carry[27]
    SLICE_X0Y14          CARRY4 (Prop_carry4_CI_CO[3])
                                                      0.139    12.601 r  adder_inst/CC_inst/CC_carry4_7/CO[3]
                         net (fo=3, routed)           0.000    12.601    adder_inst/CC_inst/group_carry[31]
    SLICE_X0Y15          CARRY4 (Prop_carry4_CI_CO[3])
                                                      0.139    12.740 r  adder_inst/CC_inst/CC_carry4_8/CO[3]
                         net (fo=3, routed)           0.000    12.740    adder_inst/CC_inst/group_carry[35]
    SLICE_X0Y16          CARRY4 (Prop_carry4_CI_CO[3])
                                                      0.139    12.879 r  adder_inst/CC_inst/CC_carry4_9/CO[3]
                         net (fo=3, routed)           0.000    12.879    adder_inst/CC_inst/group_carry[39]
    SLICE_X0Y17          CARRY4 (Prop_carry4_CI_CO[3])
                                                      0.139    13.018 r  adder_inst/CC_inst/CC_carry4_10/CO[3]
                         net (fo=3, routed)           0.000    13.018    adder_inst/CC_inst/group_carry[43]
    SLICE_X0Y18          CARRY4 (Prop_carry4_CI_CO[3])
                                                      0.139    13.157 r  adder_inst/CC_inst/CC_carry4_11/CO[3]
                         net (fo=3, routed)           0.000    13.157    adder_inst/CC_inst/group_carry[47]
    SLICE_X0Y19          CARRY4 (Prop_carry4_CI_CO[3])
                                                      0.139    13.296 r  adder_inst/CC_inst/CC_carry4_12/CO[3]
                         net (fo=3, routed)           0.000    13.296    adder_inst/CC_inst/group_carry[51]
    SLICE_X0Y20          CARRY4 (Prop_carry4_CI_CO[3])
                                                      0.139    13.435 r  adder_inst/CC_inst/CC_carry4_13/CO[3]
                         net (fo=3, routed)           0.000    13.435    adder_inst/CC_inst/group_carry[55]
    SLICE_X0Y21          CARRY4 (Prop_carry4_CI_CO[1])
                                                      0.188    13.623 r  adder_inst/CC_inst/CC_carry4_14/CO[1]
                         net (fo=2, routed)           0.399    14.023    adder_inst/compressed_adder_inst/So_lut_58/I4
    SLICE_X1Y21          LUT6 (Prop_lut6_I4_O)        0.389    14.412 r  adder_inst/compressed_adder_inst/So_lut_58/LUT6/O
                         net (fo=1, routed)           7.157    21.569    sum_OBUF[117]
    U26                  OBUF (Prop_obuf_I_O)         2.872    24.441 r  sum_OBUF[117]_inst/O
                         net (fo=0)                   0.000    24.441    sum[117]
    U26                                                               r  sum[117] (OUT)
  -------------------------------------------------------------------    -------------------





Min Delay Paths
--------------------------------------------------------------------------------------
Slack:                    inf
  Source:                 rst
                            (input port)
  Destination:            out_reg_So_reg/R
  Path Group:             (none)
  Path Type:              Min at Fast Process Corner
  Data Path Delay:        1.957ns  (logic 0.413ns (21.115%)  route 1.543ns (78.885%))
  Logic Levels:           1  (IBUF=1)

    Location             Delay type                Incr(ns)  Path(ns)    Netlist Resource(s)
  -------------------------------------------------------------------    -------------------
    M25                                               0.000     0.000 r  rst (IN)
                         net (fo=0)                   0.000     0.000    rst
    M25                  IBUF (Prop_ibuf_I_O)         0.413     0.413 r  rst_IBUF_inst/O
                         net (fo=2, routed)           1.543     1.957    rst_IBUF
    SLICE_X0Y165         FDRE                                         r  out_reg_So_reg/R
  -------------------------------------------------------------------    -------------------

Slack:                    inf
  Source:                 rst
                            (input port)
  Destination:            in_reg_reg/R
  Path Group:             (none)
  Path Type:              Min at Fast Process Corner
  Data Path Delay:        2.304ns  (logic 0.413ns (17.928%)  route 1.891ns (82.072%))
  Logic Levels:           1  (IBUF=1)

    Location             Delay type                Incr(ns)  Path(ns)    Netlist Resource(s)
  -------------------------------------------------------------------    -------------------
    M25                                               0.000     0.000 r  rst (IN)
                         net (fo=0)                   0.000     0.000    rst
    M25                  IBUF (Prop_ibuf_I_O)         0.413     0.413 r  rst_IBUF_inst/O
                         net (fo=2, routed)           1.891     2.304    rst_IBUF
    SLICE_X1Y150         FDRE                                         r  in_reg_reg/R
  -------------------------------------------------------------------    -------------------

Slack:                    inf
  Source:                 A[0]
                            (input port)
  Destination:            in_reg_reg/D
  Path Group:             (none)
  Path Type:              Min at Fast Process Corner
  Data Path Delay:        2.752ns  (logic 0.405ns (14.724%)  route 2.347ns (85.276%))
  Logic Levels:           1  (IBUF=1)

    Location             Delay type                Incr(ns)  Path(ns)    Netlist Resource(s)
  -------------------------------------------------------------------    -------------------
    U11                                               0.000     0.000 r  A[0] (IN)
                         net (fo=0)                   0.000     0.000    A[0]
    U11                  IBUF (Prop_ibuf_I_O)         0.405     0.405 r  A_IBUF[0]_inst/O
                         net (fo=1, routed)           2.347     2.752    A_IBUF[0]
    SLICE_X1Y150         FDRE                                         r  in_reg_reg/D
  -------------------------------------------------------------------    -------------------

Slack:                    inf
  Source:                 out_reg_So_reg/C
                            (rising edge-triggered cell FDRE)
  Destination:            sum[127]
                            (output port)
  Path Group:             (none)
  Path Type:              Min at Fast Process Corner
  Data Path Delay:        3.266ns  (logic 1.442ns (44.165%)  route 1.823ns (55.835%))
  Logic Levels:           2  (FDRE=1 OBUF=1)

    Location             Delay type                Incr(ns)  Path(ns)    Netlist Resource(s)
  -------------------------------------------------------------------    -------------------
    SLICE_X0Y165         FDRE                         0.000     0.000 r  out_reg_So_reg/C
    SLICE_X0Y165         FDRE (Prop_fdre_C_Q)         0.193     0.193 r  out_reg_So_reg/Q
                         net (fo=1, routed)           1.823     2.016    sum_OBUF[127]
    J25                  OBUF (Prop_obuf_I_O)         1.249     3.266 r  sum_OBUF[127]_inst/O
                         net (fo=0)                   0.000     3.266    sum[127]
    J25                                                               r  sum[127] (OUT)
  -------------------------------------------------------------------    -------------------

Slack:                    inf
  Source:                 B[127]
                            (input port)
  Destination:            out_reg_So_reg/D
  Path Group:             (none)
  Path Type:              Min at Fast Process Corner
  Data Path Delay:        3.803ns  (logic 0.545ns (14.336%)  route 3.258ns (85.664%))
  Logic Levels:           2  (IBUF=1 LUT6=1)

    Location             Delay type                Incr(ns)  Path(ns)    Netlist Resource(s)
  -------------------------------------------------------------------    -------------------
    AN28                                              0.000     0.000 r  B[127] (IN)
                         net (fo=0)                   0.000     0.000    B[127]
    AN28                 IBUF (Prop_ibuf_I_O)         0.483     0.483 r  B_IBUF[127]_inst/O
                         net (fo=4, routed)           0.686     1.169    adder_inst/compressed_adder_inst/So_lut_63/I3
    SLICE_X1Y22          LUT6 (Prop_lut6_I3_O)        0.062     1.231 r  adder_inst/compressed_adder_inst/So_lut_63/LUT6/O
                         net (fo=1, routed)           2.572     3.803    driver_So
    SLICE_X0Y165         FDRE                                         r  out_reg_So_reg/D
  -------------------------------------------------------------------    -------------------

Slack:                    inf
  Source:                 B[47]
                            (input port)
  Destination:            sum[55]
                            (output port)
  Path Group:             (none)
  Path Type:              Min at Fast Process Corner
  Data Path Delay:        3.919ns  (logic 2.178ns (55.590%)  route 1.740ns (44.410%))
  Logic Levels:           6  (CARRY4=2 IBUF=1 LUT5=1 LUT6=1 OBUF=1)

    Location             Delay type                Incr(ns)  Path(ns)    Netlist Resource(s)
  -------------------------------------------------------------------    -------------------
    AM25                                              0.000     0.000 r  B[47] (IN)
                         net (fo=0)                   0.000     0.000    B[47]
    AM25                 IBUF (Prop_ibuf_I_O)         0.460     0.460 r  B_IBUF[47]_inst/O
                         net (fo=4, routed)           0.807     1.267    adder_inst/CC_inst/CC_lut46/I3
    SLICE_X0Y12          LUT5 (Prop_lut5_I3_O)        0.062     1.329 r  adder_inst/CC_inst/CC_lut46/LUT5/O
                         net (fo=1, routed)           0.000     1.329    adder_inst/CC_inst/group_generate[23]
    SLICE_X0Y12          CARRY4 (Prop_carry4_DI[3]_CO[3])
                                                      0.121     1.450 r  adder_inst/CC_inst/CC_carry4_5/CO[3]
                         net (fo=3, routed)           0.000     1.450    adder_inst/CC_inst/group_carry[23]
    SLICE_X0Y13          CARRY4 (Prop_carry4_CI_CO[2])
                                                      0.088     1.538 r  adder_inst/CC_inst/CC_carry4_6/CO[2]
                         net (fo=2, routed)           0.173     1.710    adder_inst/compressed_adder_inst/So_lut_27/I4
    SLICE_X1Y13          LUT6 (Prop_lut6_I4_O)        0.143     1.853 r  adder_inst/compressed_adder_inst/So_lut_27/LUT6/O
                         net (fo=1, routed)           0.761     2.614    sum_OBUF[55]
    AL29                 OBUF (Prop_obuf_I_O)         1.305     3.919 r  sum_OBUF[55]_inst/O
                         net (fo=0)                   0.000     3.919    sum[55]
    AL29                                                              r  sum[55] (OUT)
  -------------------------------------------------------------------    -------------------

Slack:                    inf
  Source:                 B[47]
                            (input port)
  Destination:            sum[54]
                            (output port)
  Path Group:             (none)
  Path Type:              Min at Fast Process Corner
  Data Path Delay:        3.930ns  (logic 2.252ns (57.301%)  route 1.678ns (42.699%))
  Logic Levels:           6  (CARRY4=2 IBUF=1 LUT5=2 OBUF=1)

    Location             Delay type                Incr(ns)  Path(ns)    Netlist Resource(s)
  -------------------------------------------------------------------    -------------------
    AM25                                              0.000     0.000 r  B[47] (IN)
                         net (fo=0)                   0.000     0.000    B[47]
    AM25                 IBUF (Prop_ibuf_I_O)         0.460     0.460 r  B_IBUF[47]_inst/O
                         net (fo=4, routed)           0.807     1.267    adder_inst/CC_inst/CC_lut46/I3
    SLICE_X0Y12          LUT5 (Prop_lut5_I3_O)        0.062     1.329 r  adder_inst/CC_inst/CC_lut46/LUT5/O
                         net (fo=1, routed)           0.000     1.329    adder_inst/CC_inst/group_generate[23]
    SLICE_X0Y12          CARRY4 (Prop_carry4_DI[3]_CO[3])
                                                      0.121     1.450 r  adder_inst/CC_inst/CC_carry4_5/CO[3]
                         net (fo=3, routed)           0.000     1.450    adder_inst/CC_inst/group_carry[23]
    SLICE_X0Y13          CARRY4 (Prop_carry4_CI_CO[2])
                                                      0.088     1.538 r  adder_inst/CC_inst/CC_carry4_6/CO[2]
                         net (fo=2, routed)           0.173     1.710    adder_inst/compressed_adder_inst/So_lut_27/I4
    SLICE_X1Y13          LUT5 (Prop_lut5_I4_O)        0.147     1.857 r  adder_inst/compressed_adder_inst/So_lut_27/LUT5/O
                         net (fo=1, routed)           0.699     2.556    sum_OBUF[54]
    AJ28                 OBUF (Prop_obuf_I_O)         1.374     3.930 r  sum_OBUF[54]_inst/O
                         net (fo=0)                   0.000     3.930    sum[54]
    AJ28                                                              r  sum[54] (OUT)
  -------------------------------------------------------------------    -------------------

Slack:                    inf
  Source:                 B[51]
                            (input port)
  Destination:            sum[51]
                            (output port)
  Path Group:             (none)
  Path Type:              Min at Fast Process Corner
  Data Path Delay:        3.934ns  (logic 1.829ns (46.481%)  route 2.105ns (53.519%))
  Logic Levels:           3  (IBUF=1 LUT6=1 OBUF=1)

    Location             Delay type                Incr(ns)  Path(ns)    Netlist Resource(s)
  -------------------------------------------------------------------    -------------------
    AD25                                              0.000     0.000 r  B[51] (IN)
                         net (fo=0)                   0.000     0.000    B[51]
    AD25                 IBUF (Prop_ibuf_I_O)         0.438     0.438 r  B_IBUF[51]_inst/O
                         net (fo=4, routed)           1.452     1.891    adder_inst/compressed_adder_inst/So_lut_25/I3
    SLICE_X1Y13          LUT6 (Prop_lut6_I3_O)        0.062     1.953 r  adder_inst/compressed_adder_inst/So_lut_25/LUT6/O
                         net (fo=1, routed)           0.653     2.605    sum_OBUF[51]
    AP30                 OBUF (Prop_obuf_I_O)         1.328     3.934 r  sum_OBUF[51]_inst/O
                         net (fo=0)                   0.000     3.934    sum[51]
    AP30                                                              r  sum[51] (OUT)
  -------------------------------------------------------------------    -------------------

Slack:                    inf
  Source:                 B[48]
                            (input port)
  Destination:            sum[50]
                            (output port)
  Path Group:             (none)
  Path Type:              Min at Fast Process Corner
  Data Path Delay:        3.954ns  (logic 2.216ns (56.043%)  route 1.738ns (43.957%))
  Logic Levels:           5  (CARRY4=1 IBUF=1 LUT5=1 LUT6=1 OBUF=1)

    Location             Delay type                Incr(ns)  Path(ns)    Netlist Resource(s)
  -------------------------------------------------------------------    -------------------
    AL25                                              0.000     0.000 r  B[48] (IN)
                         net (fo=0)                   0.000     0.000    B[48]
    AL25                 IBUF (Prop_ibuf_I_O)         0.454     0.454 r  B_IBUF[48]_inst/O
                         net (fo=4, routed)           0.869     1.323    adder_inst/CC_inst/CC_lut48/I1
    SLICE_X0Y13          LUT6 (Prop_lut6_I1_O)        0.062     1.385 r  adder_inst/CC_inst/CC_lut48/LUT6/O
                         net (fo=1, routed)           0.000     1.385    adder_inst/CC_inst/group_propagate[24]
    SLICE_X0Y13          CARRY4 (Prop_carry4_S[0]_CO[0])
                                                      0.147     1.532 r  adder_inst/CC_inst/CC_carry4_6/CO[0]
                         net (fo=2, routed)           0.275     1.807    adder_inst/compressed_adder_inst/So_lut_25/I4
    SLICE_X1Y13          LUT5 (Prop_lut5_I4_O)        0.162     1.969 r  adder_inst/compressed_adder_inst/So_lut_25/LUT5/O
                         net (fo=1, routed)           0.594     2.563    sum_OBUF[50]
    AM29                 OBUF (Prop_obuf_I_O)         1.390     3.954 r  sum_OBUF[50]_inst/O
                         net (fo=0)                   0.000     3.954    sum[50]
    AM29                                                              r  sum[50] (OUT)
  -------------------------------------------------------------------    -------------------

Slack:                    inf
  Source:                 B[47]
                            (input port)
  Destination:            sum[53]
                            (output port)
  Path Group:             (none)
  Path Type:              Min at Fast Process Corner
  Data Path Delay:        4.036ns  (logic 2.148ns (53.219%)  route 1.888ns (46.781%))
  Logic Levels:           6  (CARRY4=2 IBUF=1 LUT5=1 LUT6=1 OBUF=1)

    Location             Delay type                Incr(ns)  Path(ns)    Netlist Resource(s)
  -------------------------------------------------------------------    -------------------
    AM25                                              0.000     0.000 r  B[47] (IN)
                         net (fo=0)                   0.000     0.000    B[47]
    AM25                 IBUF (Prop_ibuf_I_O)         0.460     0.460 r  B_IBUF[47]_inst/O
                         net (fo=4, routed)           0.807     1.267    adder_inst/CC_inst/CC_lut46/I3
    SLICE_X0Y12          LUT5 (Prop_lut5_I3_O)        0.062     1.329 r  adder_inst/CC_inst/CC_lut46/LUT5/O
                         net (fo=1, routed)           0.000     1.329    adder_inst/CC_inst/group_generate[23]
    SLICE_X0Y12          CARRY4 (Prop_carry4_DI[3]_CO[3])
                                                      0.121     1.450 r  adder_inst/CC_inst/CC_carry4_5/CO[3]
                         net (fo=3, routed)           0.000     1.450    adder_inst/CC_inst/group_carry[23]
    SLICE_X0Y13          CARRY4 (Prop_carry4_CI_CO[1])
                                                      0.060     1.510 r  adder_inst/CC_inst/CC_carry4_6/CO[1]
                         net (fo=2, routed)           0.412     1.922    adder_inst/compressed_adder_inst/So_lut_26/I4
    SLICE_X1Y13          LUT6 (Prop_lut6_I4_O)        0.147     2.069 r  adder_inst/compressed_adder_inst/So_lut_26/LUT6/O
                         net (fo=1, routed)           0.669     2.738    sum_OBUF[53]
    AK28                 OBUF (Prop_obuf_I_O)         1.298     4.036 r  sum_OBUF[53]_inst/O
                         net (fo=0)                   0.000     4.036    sum[53]
    AK28                                                              r  sum[53] (OUT)
  -------------------------------------------------------------------    -------------------





