
*** Running vivado
    with args -log mn_adder_wrapper.vdi -applog -m64 -product Vivado -messageDb vivado.pb -mode batch -source mn_adder_wrapper.tcl -notrace


****** Vivado v2024.2 (64-bit)
  **** SW Build 5239630 on Fri Nov 08 22:34:34 MST 2024
  **** IP Build 5239520 on Sun Nov 10 16:12:51 MST 2024
  **** SharedData Build 5239561 on Fri Nov 08 14:39:27 MST 2024
  **** Start of session at: Mon Jun  9 17:57:20 2025
    ** Copyright 1986-2022 Xilinx, Inc. All Rights Reserved.
    ** Copyright 2022-2024 Advanced Micro Devices, Inc. All Rights Reserved.

source mn_adder_wrapper.tcl -notrace
Command: link_design -top mn_adder_wrapper -part xc7a200tlffv1156-2L
Design is defaulting to srcset: sources_1
Design is defaulting to constrset: constrs_1
INFO: [Device 21-403] Loading part xc7a200tlffv1156-2L
Netlist sorting complete. Time (s): cpu = 00:00:00 ; elapsed = 00:00:00.01 . Memory (MB): peak = 1507.660 ; gain = 0.000 ; free physical = 883 ; free virtual = 10303
INFO: [Netlist 29-17] Analyzing 144 Unisim elements for replacement
INFO: [Netlist 29-28] Unisim Transformation completed in 0 CPU seconds
INFO: [Project 1-479] Netlist was created with Vivado 2024.2
INFO: [Project 1-570] Preparing netlist for logic optimization
Read ShapeDB Complete: Time (s): cpu = 00:00:00.03 ; elapsed = 00:00:00.02 . Memory (MB): peak = 1565.535 ; gain = 2.000 ; free physical = 794 ; free virtual = 10210
Netlist sorting complete. Time (s): cpu = 00:00:00 ; elapsed = 00:00:00 . Memory (MB): peak = 1566.535 ; gain = 0.000 ; free physical = 793 ; free virtual = 10209
INFO: [Project 1-111] Unisim Transformation Summary:
  A total of 128 instances were transformed.
  LUT6_2 => LUT6_2 (LUT5, LUT6): 128 instances

6 Infos, 0 Warnings, 0 Critical Warnings and 0 Errors encountered.
link_design completed successfully
link_design: Time (s): cpu = 00:00:07 ; elapsed = 00:00:07 . Memory (MB): peak = 1566.535 ; gain = 200.227 ; free physical = 793 ; free virtual = 10209
Command: opt_design
Attempting to get a license for feature 'Implementation' and/or device 'xc7a200tl'
INFO: [Common 17-349] Got license for feature 'Implementation' and/or device 'xc7a200tl'
Running DRC as a precondition to command opt_design

Starting DRC Task
INFO: [DRC 23-27] Running DRC with 4 threads
INFO: [Project 1-461] DRC finished with 0 Errors
INFO: [Project 1-462] Please refer to the DRC report (report_drc) for more information.

Time (s): cpu = 00:00:04 ; elapsed = 00:00:02 . Memory (MB): peak = 1733.691 ; gain = 167.156 ; free physical = 738 ; free virtual = 10154

Starting Cache Timing Information Task
INFO: [Timing 38-35] Done setting XDC timing constraints.
Ending Cache Timing Information Task | Checksum: 298c54493

Time (s): cpu = 00:00:10 ; elapsed = 00:00:10 . Memory (MB): peak = 2039.863 ; gain = 306.172 ; free physical = 481 ; free virtual = 9913

Starting Logic Optimization Task

Phase 1 Initialization

Phase 1.1 Core Generation And Design Setup
Phase 1.1 Core Generation And Design Setup | Checksum: 298c54493

Time (s): cpu = 00:00:00 ; elapsed = 00:00:00 . Memory (MB): peak = 2375.785 ; gain = 0.000 ; free physical = 146 ; free virtual = 9578

Phase 1.2 Setup Constraints And Sort Netlist
Phase 1.2 Setup Constraints And Sort Netlist | Checksum: 298c54493

Time (s): cpu = 00:00:00 ; elapsed = 00:00:00 . Memory (MB): peak = 2375.785 ; gain = 0.000 ; free physical = 146 ; free virtual = 9578
Phase 1 Initialization | Checksum: 298c54493

Time (s): cpu = 00:00:00.01 ; elapsed = 00:00:00 . Memory (MB): peak = 2375.785 ; gain = 0.000 ; free physical = 146 ; free virtual = 9578

Phase 2 Timer Update And Timing Data Collection

Phase 2.1 Timer Update
Phase 2.1 Timer Update | Checksum: 298c54493

Time (s): cpu = 00:00:00.04 ; elapsed = 00:00:00.02 . Memory (MB): peak = 2375.785 ; gain = 0.000 ; free physical = 146 ; free virtual = 9578

Phase 2.2 Timing Data Collection
Phase 2.2 Timing Data Collection | Checksum: 298c54493

Time (s): cpu = 00:00:00.05 ; elapsed = 00:00:00.03 . Memory (MB): peak = 2375.785 ; gain = 0.000 ; free physical = 146 ; free virtual = 9578
Phase 2 Timer Update And Timing Data Collection | Checksum: 298c54493

Time (s): cpu = 00:00:00.05 ; elapsed = 00:00:00.03 . Memory (MB): peak = 2375.785 ; gain = 0.000 ; free physical = 146 ; free virtual = 9578

Phase 3 Retarget
INFO: [Opt 31-1851] Number of loadless carry chains removed were: 0
INFO: [Opt 31-1834] Total Chains To Be Transformed Were: 0 AND Number of Transformed insts Created are: 0
INFO: [Opt 31-138] Pushed 0 inverter(s) to 0 load pin(s).
INFO: [Opt 31-49] Retargeted 0 cell(s).
Phase 3 Retarget | Checksum: 298c54493

Time (s): cpu = 00:00:00.11 ; elapsed = 00:00:00.1 . Memory (MB): peak = 2375.785 ; gain = 0.000 ; free physical = 144 ; free virtual = 9576
Retarget | Checksum: 298c54493
INFO: [Opt 31-389] Phase Retarget created 0 cells and removed 0 cells

Phase 4 Constant propagation
INFO: [Opt 31-138] Pushed 0 inverter(s) to 0 load pin(s).
Phase 4 Constant propagation | Checksum: 298c54493

Time (s): cpu = 00:00:00.12 ; elapsed = 00:00:00.1 . Memory (MB): peak = 2375.785 ; gain = 0.000 ; free physical = 144 ; free virtual = 9576
Constant propagation | Checksum: 298c54493
INFO: [Opt 31-389] Phase Constant propagation created 0 cells and removed 0 cells

Phase 5 Sweep
INFO: [Constraints 18-11670] Building netlist checker database with flags, 0x8
Done building netlist checker database: Time (s): cpu = 00:00:00 ; elapsed = 00:00:00 . Memory (MB): peak = 2375.785 ; gain = 0.000 ; free physical = 144 ; free virtual = 9576
INFO: [Constraints 18-11670] Building netlist checker database with flags, 0x8
Done building netlist checker database: Time (s): cpu = 00:00:00 ; elapsed = 00:00:00 . Memory (MB): peak = 2375.785 ; gain = 0.000 ; free physical = 144 ; free virtual = 9576
Phase 5 Sweep | Checksum: 258d8d49f

Time (s): cpu = 00:00:00.14 ; elapsed = 00:00:00.12 . Memory (MB): peak = 2375.785 ; gain = 0.000 ; free physical = 144 ; free virtual = 9576
Sweep | Checksum: 258d8d49f
INFO: [Opt 31-389] Phase Sweep created 0 cells and removed 0 cells

Phase 6 BUFG optimization
Phase 6 BUFG optimization | Checksum: 258d8d49f

Time (s): cpu = 00:00:00.17 ; elapsed = 00:00:00.14 . Memory (MB): peak = 2407.801 ; gain = 32.016 ; free physical = 144 ; free virtual = 9576
BUFG optimization | Checksum: 258d8d49f
INFO: [Opt 31-662] Phase BUFG optimization created 0 cells of which 0 are BUFGs and removed 0 cells.

Phase 7 Shift Register Optimization
INFO: [Opt 31-1064] SRL Remap converted 0 SRLs to 0 registers and converted 0 registers of register chains to 0 SRLs
Phase 7 Shift Register Optimization | Checksum: 258d8d49f

Time (s): cpu = 00:00:00.18 ; elapsed = 00:00:00.14 . Memory (MB): peak = 2407.801 ; gain = 32.016 ; free physical = 144 ; free virtual = 9576
Shift Register Optimization | Checksum: 258d8d49f
INFO: [Opt 31-389] Phase Shift Register Optimization created 0 cells and removed 0 cells

Phase 8 Post Processing Netlist
Phase 8 Post Processing Netlist | Checksum: 258d8d49f

Time (s): cpu = 00:00:00.18 ; elapsed = 00:00:00.15 . Memory (MB): peak = 2407.801 ; gain = 32.016 ; free physical = 144 ; free virtual = 9576
Post Processing Netlist | Checksum: 258d8d49f
INFO: [Opt 31-389] Phase Post Processing Netlist created 0 cells and removed 0 cells

Phase 9 Finalization

Phase 9.1 Finalizing Design Cores and Updating Shapes
Phase 9.1 Finalizing Design Cores and Updating Shapes | Checksum: 2408b5873

Time (s): cpu = 00:00:00.59 ; elapsed = 00:00:00.56 . Memory (MB): peak = 2407.801 ; gain = 32.016 ; free physical = 144 ; free virtual = 9576

Phase 9.2 Verifying Netlist Connectivity

Starting Connectivity Check Task

Time (s): cpu = 00:00:00.01 ; elapsed = 00:00:00 . Memory (MB): peak = 2407.801 ; gain = 0.000 ; free physical = 144 ; free virtual = 9576
Phase 9.2 Verifying Netlist Connectivity | Checksum: 2408b5873

Time (s): cpu = 00:00:00.6 ; elapsed = 00:00:00.56 . Memory (MB): peak = 2407.801 ; gain = 32.016 ; free physical = 144 ; free virtual = 9576
Phase 9 Finalization | Checksum: 2408b5873

Time (s): cpu = 00:00:00.6 ; elapsed = 00:00:00.56 . Memory (MB): peak = 2407.801 ; gain = 32.016 ; free physical = 144 ; free virtual = 9576
Opt_design Change Summary
=========================


-------------------------------------------------------------------------------------------------------------------------
|  Phase                        |  #Cells created  |  #Cells Removed  |  #Constrained objects preventing optimizations  |
-------------------------------------------------------------------------------------------------------------------------
|  Retarget                     |               0  |               0  |                                              0  |
|  Constant propagation         |               0  |               0  |                                              0  |
|  Sweep                        |               0  |               0  |                                              0  |
|  BUFG optimization            |               0  |               0  |                                              0  |
|  Shift Register Optimization  |               0  |               0  |                                              0  |
|  Post Processing Netlist      |               0  |               0  |                                              0  |
-------------------------------------------------------------------------------------------------------------------------


Ending Logic Optimization Task | Checksum: 2408b5873

Time (s): cpu = 00:00:00.61 ; elapsed = 00:00:00.57 . Memory (MB): peak = 2407.801 ; gain = 32.016 ; free physical = 144 ; free virtual = 9576

Starting Power Optimization Task
INFO: [Pwropt 34-132] Skipping clock gating for clocks with a period < 2.00 ns.
Ending Power Optimization Task | Checksum: 2408b5873

Time (s): cpu = 00:00:00.01 ; elapsed = 00:00:00.01 . Memory (MB): peak = 2407.801 ; gain = 0.000 ; free physical = 144 ; free virtual = 9576

Starting Final Cleanup Task
Ending Final Cleanup Task | Checksum: 2408b5873

Time (s): cpu = 00:00:00 ; elapsed = 00:00:00 . Memory (MB): peak = 2407.801 ; gain = 0.000 ; free physical = 144 ; free virtual = 9576

Starting Netlist Obfuscation Task
Netlist sorting complete. Time (s): cpu = 00:00:00 ; elapsed = 00:00:00 . Memory (MB): peak = 2407.801 ; gain = 0.000 ; free physical = 144 ; free virtual = 9576
Ending Netlist Obfuscation Task | Checksum: 2408b5873

Time (s): cpu = 00:00:00 ; elapsed = 00:00:00 . Memory (MB): peak = 2407.801 ; gain = 0.000 ; free physical = 144 ; free virtual = 9576
INFO: [Common 17-83] Releasing license: Implementation
27 Infos, 0 Warnings, 0 Critical Warnings and 0 Errors encountered.
opt_design completed successfully
opt_design: Time (s): cpu = 00:00:19 ; elapsed = 00:00:16 . Memory (MB): peak = 2407.801 ; gain = 841.266 ; free physical = 144 ; free virtual = 9576
INFO: [Vivado 12-24828] Executing command : report_drc -file mn_adder_wrapper_drc_opted.rpt -pb mn_adder_wrapper_drc_opted.pb -rpx mn_adder_wrapper_drc_opted.rpx
Command: report_drc -file mn_adder_wrapper_drc_opted.rpt -pb mn_adder_wrapper_drc_opted.pb -rpx mn_adder_wrapper_drc_opted.rpx
INFO: [IP_Flow 19-234] Refreshing IP repositories
INFO: [IP_Flow 19-1704] No user IP repositories specified
INFO: [IP_Flow 19-2313] Loaded Vivado IP repository '/home/abhijit/Xilinx/Vivado/2024.2/data/ip'.
INFO: [DRC 23-27] Running DRC with 4 threads
INFO: [Vivado_Tcl 2-168] The results of DRC are in file /home/abhijit/Desktop/delay_automation/design_sweep_runs/mn_adder_N128M0/mn_adder_N128M0.runs/impl_1/mn_adder_wrapper_drc_opted.rpt.
report_drc completed successfully
Wrote PlaceDB: Time (s): cpu = 00:00:00.08 ; elapsed = 00:00:00.03 . Memory (MB): peak = 2407.801 ; gain = 0.000 ; free physical = 130 ; free virtual = 9535
Wrote PulsedLatchDB: Time (s): cpu = 00:00:00 ; elapsed = 00:00:00 . Memory (MB): peak = 2407.801 ; gain = 0.000 ; free physical = 130 ; free virtual = 9535
Writing XDEF routing.
Write ShapeDB Complete: Time (s): cpu = 00:00:00.12 ; elapsed = 00:00:00.04 . Memory (MB): peak = 2407.801 ; gain = 0.000 ; free physical = 129 ; free virtual = 9535
Writing XDEF routing logical nets.
Writing XDEF routing special nets.
Wrote RouteStorage: Time (s): cpu = 00:00:00.13 ; elapsed = 00:00:00.1 . Memory (MB): peak = 2407.801 ; gain = 0.000 ; free physical = 127 ; free virtual = 9533
Wrote Netlist Cache: Time (s): cpu = 00:00:00 ; elapsed = 00:00:00 . Memory (MB): peak = 2407.801 ; gain = 0.000 ; free physical = 127 ; free virtual = 9533
Wrote Device Cache: Time (s): cpu = 00:00:00 ; elapsed = 00:00:00.01 . Memory (MB): peak = 2407.801 ; gain = 0.000 ; free physical = 127 ; free virtual = 9533
Write Physdb Complete: Time (s): cpu = 00:00:00.21 ; elapsed = 00:00:00.14 . Memory (MB): peak = 2407.801 ; gain = 0.000 ; free physical = 127 ; free virtual = 9533
INFO: [Common 17-1381] The checkpoint '/home/abhijit/Desktop/delay_automation/design_sweep_runs/mn_adder_N128M0/mn_adder_N128M0.runs/impl_1/mn_adder_wrapper_opt.dcp' has been generated.
Command: place_design
Attempting to get a license for feature 'Implementation' and/or device 'xc7a200tl'
INFO: [Common 17-349] Got license for feature 'Implementation' and/or device 'xc7a200tl'
INFO: [Common 17-83] Releasing license: Implementation
INFO: [DRC 23-27] Running DRC with 4 threads
INFO: [Vivado_Tcl 4-198] DRC finished with 0 Errors
INFO: [Vivado_Tcl 4-199] Please refer to the DRC report (report_drc) for more information.
Running DRC as a precondition to command place_design
INFO: [DRC 23-27] Running DRC with 4 threads
INFO: [Vivado_Tcl 4-198] DRC finished with 0 Errors
INFO: [Vivado_Tcl 4-199] Please refer to the DRC report (report_drc) for more information.
INFO: [Place 30-611] Multithreading enabled for place_design using a maximum of 4 CPUs

Starting Placer Task

Phase 1 Placer Initialization

Phase 1.1 Placer Initialization Netlist Sorting
Netlist sorting complete. Time (s): cpu = 00:00:00 ; elapsed = 00:00:00 . Memory (MB): peak = 2407.801 ; gain = 0.000 ; free physical = 117 ; free virtual = 9511
Phase 1.1 Placer Initialization Netlist Sorting | Checksum: 1c5e31842

Time (s): cpu = 00:00:00.01 ; elapsed = 00:00:00 . Memory (MB): peak = 2407.801 ; gain = 0.000 ; free physical = 117 ; free virtual = 9511
Netlist sorting complete. Time (s): cpu = 00:00:00 ; elapsed = 00:00:00 . Memory (MB): peak = 2407.801 ; gain = 0.000 ; free physical = 117 ; free virtual = 9511

Phase 1.2 IO Placement/ Clock Placement/ Build Placer Device
INFO: [Timing 38-35] Done setting XDC timing constraints.
Phase 1.2 IO Placement/ Clock Placement/ Build Placer Device | Checksum: 205e9426f

Time (s): cpu = 00:00:05 ; elapsed = 00:00:04 . Memory (MB): peak = 2407.801 ; gain = 0.000 ; free physical = 120 ; free virtual = 9483

Phase 1.3 Build Placer Netlist Model
Phase 1.3 Build Placer Netlist Model | Checksum: 2d592824c

Time (s): cpu = 00:00:05 ; elapsed = 00:00:04 . Memory (MB): peak = 2414.738 ; gain = 6.938 ; free physical = 120 ; free virtual = 9485

Phase 1.4 Constrain Clocks/Macros
Phase 1.4 Constrain Clocks/Macros | Checksum: 2d592824c

Time (s): cpu = 00:00:05 ; elapsed = 00:00:04 . Memory (MB): peak = 2414.738 ; gain = 6.938 ; free physical = 120 ; free virtual = 9485
Phase 1 Placer Initialization | Checksum: 2d592824c

Time (s): cpu = 00:00:05 ; elapsed = 00:00:04 . Memory (MB): peak = 2414.738 ; gain = 6.938 ; free physical = 120 ; free virtual = 9485

Phase 2 Global Placement

Phase 2.1 Floorplanning
Phase 2.1 Floorplanning | Checksum: 2d592824c

Time (s): cpu = 00:00:05 ; elapsed = 00:00:04 . Memory (MB): peak = 2414.738 ; gain = 6.938 ; free physical = 118 ; free virtual = 9484

Phase 2.2 Update Timing before SLR Path Opt
Phase 2.2 Update Timing before SLR Path Opt | Checksum: 2d592824c

Time (s): cpu = 00:00:05 ; elapsed = 00:00:04 . Memory (MB): peak = 2414.738 ; gain = 6.938 ; free physical = 118 ; free virtual = 9484

Phase 2.3 Post-Processing in Floorplanning
Phase 2.3 Post-Processing in Floorplanning | Checksum: 2d592824c

Time (s): cpu = 00:00:05 ; elapsed = 00:00:04 . Memory (MB): peak = 2414.738 ; gain = 6.938 ; free physical = 118 ; free virtual = 9484

Phase 2.4 Global Place Phase1
Phase 2.4 Global Place Phase1 | Checksum: 27aa9d241

Time (s): cpu = 00:00:06 ; elapsed = 00:00:05 . Memory (MB): peak = 2451.746 ; gain = 43.945 ; free physical = 136 ; free virtual = 9461

Phase 2.5 Global Place Phase2
WARNING: [Place 46-29] Timing had been disabled during Placer and, therefore, physical synthesis in Placer will be skipped.
Phase 2.5 Global Place Phase2 | Checksum: 2c4bef962

Time (s): cpu = 00:00:07 ; elapsed = 00:00:05 . Memory (MB): peak = 2451.746 ; gain = 43.945 ; free physical = 134 ; free virtual = 9460
Phase 2 Global Placement | Checksum: 2c4bef962

Time (s): cpu = 00:00:07 ; elapsed = 00:00:05 . Memory (MB): peak = 2451.746 ; gain = 43.945 ; free physical = 134 ; free virtual = 9460

Phase 3 Detail Placement

Phase 3.1 Commit Multi Column Macros
Phase 3.1 Commit Multi Column Macros | Checksum: 2c4bef962

Time (s): cpu = 00:00:07 ; elapsed = 00:00:05 . Memory (MB): peak = 2451.746 ; gain = 43.945 ; free physical = 134 ; free virtual = 9460

Phase 3.2 Commit Most Macros & LUTRAMs
Phase 3.2 Commit Most Macros & LUTRAMs | Checksum: 241cc08e0

Time (s): cpu = 00:00:07 ; elapsed = 00:00:05 . Memory (MB): peak = 2451.746 ; gain = 43.945 ; free physical = 134 ; free virtual = 9460

Phase 3.3 Area Swap Optimization
Phase 3.3 Area Swap Optimization | Checksum: 2802c2ee9

Time (s): cpu = 00:00:07 ; elapsed = 00:00:05 . Memory (MB): peak = 2451.746 ; gain = 43.945 ; free physical = 134 ; free virtual = 9460

Phase 3.4 Pipeline Register Optimization
Phase 3.4 Pipeline Register Optimization | Checksum: 2802c2ee9

Time (s): cpu = 00:00:08 ; elapsed = 00:00:05 . Memory (MB): peak = 2451.746 ; gain = 43.945 ; free physical = 134 ; free virtual = 9460

Phase 3.5 Small Shape Detail Placement
Phase 3.5 Small Shape Detail Placement | Checksum: 1d4df3b4d

Time (s): cpu = 00:00:08 ; elapsed = 00:00:06 . Memory (MB): peak = 2460.305 ; gain = 52.504 ; free physical = 125 ; free virtual = 9452

Phase 3.6 Re-assign LUT pins
Phase 3.6 Re-assign LUT pins | Checksum: 1d4df3b4d

Time (s): cpu = 00:00:08 ; elapsed = 00:00:06 . Memory (MB): peak = 2460.305 ; gain = 52.504 ; free physical = 125 ; free virtual = 9452

Phase 3.7 Pipeline Register Optimization
Phase 3.7 Pipeline Register Optimization | Checksum: 1d4df3b4d

Time (s): cpu = 00:00:08 ; elapsed = 00:00:06 . Memory (MB): peak = 2460.305 ; gain = 52.504 ; free physical = 125 ; free virtual = 9452
Phase 3 Detail Placement | Checksum: 1d4df3b4d

Time (s): cpu = 00:00:08 ; elapsed = 00:00:06 . Memory (MB): peak = 2460.305 ; gain = 52.504 ; free physical = 125 ; free virtual = 9452

Phase 4 Post Placement Optimization and Clean-Up

Phase 4.1 Post Commit Optimization
Phase 4.1 Post Commit Optimization | Checksum: 1d4df3b4d

Time (s): cpu = 00:00:09 ; elapsed = 00:00:06 . Memory (MB): peak = 2460.305 ; gain = 52.504 ; free physical = 120 ; free virtual = 9451

Phase 4.2 Post Placement Cleanup
Phase 4.2 Post Placement Cleanup | Checksum: 1d4df3b4d

Time (s): cpu = 00:00:09 ; elapsed = 00:00:06 . Memory (MB): peak = 2460.305 ; gain = 52.504 ; free physical = 120 ; free virtual = 9451

Phase 4.3 Placer Reporting

Phase 4.3.1 Print Estimated Congestion
INFO: [Place 30-612] Post-Placement Estimated Congestion 
 ____________________________________________________
|           | Global Congestion | Short Congestion  |
| Direction | Region Size       | Region Size       |
|___________|___________________|___________________|
|      North|                1x1|                1x1|
|___________|___________________|___________________|
|      South|                1x1|                1x1|
|___________|___________________|___________________|
|       East|                1x1|                1x1|
|___________|___________________|___________________|
|       West|                1x1|                1x1|
|___________|___________________|___________________|

Phase 4.3.1 Print Estimated Congestion | Checksum: 1d4df3b4d

Time (s): cpu = 00:00:09 ; elapsed = 00:00:06 . Memory (MB): peak = 2460.305 ; gain = 52.504 ; free physical = 120 ; free virtual = 9451
Phase 4.3 Placer Reporting | Checksum: 1d4df3b4d

Time (s): cpu = 00:00:09 ; elapsed = 00:00:06 . Memory (MB): peak = 2460.305 ; gain = 52.504 ; free physical = 120 ; free virtual = 9451

Phase 4.4 Final Placement Cleanup
Netlist sorting complete. Time (s): cpu = 00:00:00 ; elapsed = 00:00:00 . Memory (MB): peak = 2460.305 ; gain = 0.000 ; free physical = 120 ; free virtual = 9451

Time (s): cpu = 00:00:09 ; elapsed = 00:00:06 . Memory (MB): peak = 2460.305 ; gain = 52.504 ; free physical = 120 ; free virtual = 9451
Phase 4 Post Placement Optimization and Clean-Up | Checksum: 1d4df3b4d

Time (s): cpu = 00:00:09 ; elapsed = 00:00:06 . Memory (MB): peak = 2460.305 ; gain = 52.504 ; free physical = 120 ; free virtual = 9451
Ending Placer Task | Checksum: 1c9dc6d4d

Time (s): cpu = 00:00:09 ; elapsed = 00:00:06 . Memory (MB): peak = 2460.305 ; gain = 52.504 ; free physical = 120 ; free virtual = 9451
45 Infos, 1 Warnings, 0 Critical Warnings and 0 Errors encountered.
place_design completed successfully
place_design: Time (s): cpu = 00:00:15 ; elapsed = 00:00:08 . Memory (MB): peak = 2460.305 ; gain = 52.504 ; free physical = 120 ; free virtual = 9452
INFO: [Vivado 12-24838] Running report commands "report_control_sets, report_io, report_utilization" in parallel.
Running report generation with 2 threads.
INFO: [Vivado 12-24828] Executing command : report_utilization -file mn_adder_wrapper_utilization_placed.rpt -pb mn_adder_wrapper_utilization_placed.pb
INFO: [Vivado 12-24828] Executing command : report_control_sets -verbose -file mn_adder_wrapper_control_sets_placed.rpt
report_control_sets: Time (s): cpu = 00:00:00.19 ; elapsed = 00:00:00.14 . Memory (MB): peak = 2460.305 ; gain = 0.000 ; free physical = 114 ; free virtual = 9428
INFO: [Vivado 12-24828] Executing command : report_io -file mn_adder_wrapper_io_placed.rpt
report_io: Time (s): cpu = 00:00:01 ; elapsed = 00:00:00.72 . Memory (MB): peak = 2460.305 ; gain = 0.000 ; free physical = 129 ; free virtual = 9435
Write ShapeDB Complete: Time (s): cpu = 00:00:00.14 ; elapsed = 00:00:00.04 . Memory (MB): peak = 2468.309 ; gain = 0.000 ; free physical = 129 ; free virtual = 9436
Wrote PlaceDB: Time (s): cpu = 00:00:00.16 ; elapsed = 00:00:00.05 . Memory (MB): peak = 2468.309 ; gain = 0.000 ; free physical = 129 ; free virtual = 9436
Wrote PulsedLatchDB: Time (s): cpu = 00:00:00 ; elapsed = 00:00:00 . Memory (MB): peak = 2468.309 ; gain = 0.000 ; free physical = 129 ; free virtual = 9436
Writing XDEF routing.
Writing XDEF routing logical nets.
Writing XDEF routing special nets.
Wrote RouteStorage: Time (s): cpu = 00:00:00.01 ; elapsed = 00:00:00.02 . Memory (MB): peak = 2468.309 ; gain = 0.000 ; free physical = 129 ; free virtual = 9437
Wrote Netlist Cache: Time (s): cpu = 00:00:00 ; elapsed = 00:00:00 . Memory (MB): peak = 2468.309 ; gain = 0.000 ; free physical = 129 ; free virtual = 9436
Wrote Device Cache: Time (s): cpu = 00:00:00 ; elapsed = 00:00:00.01 . Memory (MB): peak = 2468.309 ; gain = 0.000 ; free physical = 129 ; free virtual = 9437
Write Physdb Complete: Time (s): cpu = 00:00:00.17 ; elapsed = 00:00:00.08 . Memory (MB): peak = 2468.309 ; gain = 0.000 ; free physical = 129 ; free virtual = 9437
INFO: [Common 17-1381] The checkpoint '/home/abhijit/Desktop/delay_automation/design_sweep_runs/mn_adder_N128M0/mn_adder_N128M0.runs/impl_1/mn_adder_wrapper_placed.dcp' has been generated.
Command: phys_opt_design
Attempting to get a license for feature 'Implementation' and/or device 'xc7a200tl'
INFO: [Common 17-349] Got license for feature 'Implementation' and/or device 'xc7a200tl'

Starting Initial Update Timing Task

Time (s): cpu = 00:00:00.02 ; elapsed = 00:00:00.03 . Memory (MB): peak = 2468.309 ; gain = 0.000 ; free physical = 124 ; free virtual = 9431
INFO: [Vivado_Tcl 4-235] No timing constraint found. The netlist was not modified.
INFO: [Common 17-83] Releasing license: Implementation
53 Infos, 1 Warnings, 0 Critical Warnings and 0 Errors encountered.
phys_opt_design completed successfully
Write ShapeDB Complete: Time (s): cpu = 00:00:00.14 ; elapsed = 00:00:00.04 . Memory (MB): peak = 2489.613 ; gain = 9.430 ; free physical = 123 ; free virtual = 9431
Wrote PlaceDB: Time (s): cpu = 00:00:00.15 ; elapsed = 00:00:00.05 . Memory (MB): peak = 2489.613 ; gain = 9.430 ; free physical = 123 ; free virtual = 9431
Wrote PulsedLatchDB: Time (s): cpu = 00:00:00 ; elapsed = 00:00:00 . Memory (MB): peak = 2489.613 ; gain = 0.000 ; free physical = 123 ; free virtual = 9431
Writing XDEF routing.
Writing XDEF routing logical nets.
Writing XDEF routing special nets.
Wrote RouteStorage: Time (s): cpu = 00:00:00.02 ; elapsed = 00:00:00.02 . Memory (MB): peak = 2489.613 ; gain = 0.000 ; free physical = 123 ; free virtual = 9431
Wrote Netlist Cache: Time (s): cpu = 00:00:00 ; elapsed = 00:00:00 . Memory (MB): peak = 2489.613 ; gain = 0.000 ; free physical = 123 ; free virtual = 9431
Wrote Device Cache: Time (s): cpu = 00:00:00.01 ; elapsed = 00:00:00 . Memory (MB): peak = 2489.613 ; gain = 0.000 ; free physical = 123 ; free virtual = 9431
Write Physdb Complete: Time (s): cpu = 00:00:00.18 ; elapsed = 00:00:00.07 . Memory (MB): peak = 2489.613 ; gain = 9.430 ; free physical = 123 ; free virtual = 9431
INFO: [Common 17-1381] The checkpoint '/home/abhijit/Desktop/delay_automation/design_sweep_runs/mn_adder_N128M0/mn_adder_N128M0.runs/impl_1/mn_adder_wrapper_physopt.dcp' has been generated.
Command: route_design
Attempting to get a license for feature 'Implementation' and/or device 'xc7a200tl'
INFO: [Common 17-349] Got license for feature 'Implementation' and/or device 'xc7a200tl'


Starting Routing Task
INFO: [Route 35-254] Multithreading enabled for route_design using a maximum of 4 CPUs

Phase 1 Build RT Design
Checksum: PlaceDB: b614c23a ConstDB: 0 ShapeSum: 7bacbfaf RouteDB: 981aeb64
Post Restoration Checksum: NetGraph: 983fec59 | NumContArr: 450485d4 | Constraints: c2a8fa9d | Timing: c2a8fa9d
Phase 1 Build RT Design | Checksum: 262966767

Time (s): cpu = 00:01:30 ; elapsed = 00:01:16 . Memory (MB): peak = 2693.871 ; gain = 204.258 ; free physical = 114 ; free virtual = 9227

Phase 2 Router Initialization
INFO: [Route 35-64] No timing constraints were detected. The router will operate in resource-optimization mode.

Phase 2.1 Fix Topology Constraints
Phase 2.1 Fix Topology Constraints | Checksum: 262966767

Time (s): cpu = 00:01:30 ; elapsed = 00:01:16 . Memory (MB): peak = 2712.871 ; gain = 223.258 ; free physical = 116 ; free virtual = 9215

Phase 2.2 Pre Route Cleanup
Phase 2.2 Pre Route Cleanup | Checksum: 262966767

Time (s): cpu = 00:01:30 ; elapsed = 00:01:16 . Memory (MB): peak = 2712.871 ; gain = 223.258 ; free physical = 120 ; free virtual = 9215
 Number of Nodes with overlaps = 0

Router Utilization Summary
  Global Vertical Routing Utilization    = 0 %
  Global Horizontal Routing Utilization  = 0 %
  Routable Net Status*
  *Does not include unroutable nets such as driverless and loadless.
  Run report_route_status for detailed report.
  Number of Failed Nets               = 451
    (Failed Nets is the sum of unrouted and partially routed nets)
  Number of Unrouted Nets             = 451
  Number of Partially Routed Nets     = 0
  Number of Node Overlaps             = 0

Phase 2 Router Initialization | Checksum: 3451f4460

Time (s): cpu = 00:01:34 ; elapsed = 00:01:18 . Memory (MB): peak = 2769.238 ; gain = 279.625 ; free physical = 111 ; free virtual = 9158

Phase 3 Global Routing
Phase 3 Global Routing | Checksum: 3451f4460

Time (s): cpu = 00:01:34 ; elapsed = 00:01:18 . Memory (MB): peak = 2769.238 ; gain = 279.625 ; free physical = 111 ; free virtual = 9158

Phase 4 Initial Routing

Phase 4.1 Initial Net Routing Pass
Phase 4.1 Initial Net Routing Pass | Checksum: 209565c1a

Time (s): cpu = 00:01:37 ; elapsed = 00:01:18 . Memory (MB): peak = 2769.238 ; gain = 279.625 ; free physical = 131 ; free virtual = 9162
Phase 4 Initial Routing | Checksum: 209565c1a

Time (s): cpu = 00:01:37 ; elapsed = 00:01:18 . Memory (MB): peak = 2769.238 ; gain = 279.625 ; free physical = 131 ; free virtual = 9162

Phase 5 Rip-up And Reroute

Phase 5.1 Global Iteration 0
 Number of Nodes with overlaps = 0
Phase 5.1 Global Iteration 0 | Checksum: 24fa6a0bd

Time (s): cpu = 00:01:39 ; elapsed = 00:01:19 . Memory (MB): peak = 2769.238 ; gain = 279.625 ; free physical = 131 ; free virtual = 9162
Phase 5 Rip-up And Reroute | Checksum: 24fa6a0bd

Time (s): cpu = 00:01:39 ; elapsed = 00:01:19 . Memory (MB): peak = 2769.238 ; gain = 279.625 ; free physical = 131 ; free virtual = 9162

Phase 6 Delay and Skew Optimization
Phase 6 Delay and Skew Optimization | Checksum: 24fa6a0bd

Time (s): cpu = 00:01:39 ; elapsed = 00:01:19 . Memory (MB): peak = 2769.238 ; gain = 279.625 ; free physical = 131 ; free virtual = 9162

Phase 7 Post Hold Fix

Phase 7.1 Hold Fix Iter
Phase 7.1 Hold Fix Iter | Checksum: 24fa6a0bd

Time (s): cpu = 00:01:39 ; elapsed = 00:01:19 . Memory (MB): peak = 2769.238 ; gain = 279.625 ; free physical = 131 ; free virtual = 9162
Phase 7 Post Hold Fix | Checksum: 24fa6a0bd

Time (s): cpu = 00:01:39 ; elapsed = 00:01:19 . Memory (MB): peak = 2769.238 ; gain = 279.625 ; free physical = 131 ; free virtual = 9162

Phase 8 Route finalize

Router Utilization Summary
  Global Vertical Routing Utilization    = 1.36147 %
  Global Horizontal Routing Utilization  = 0.95195 %
  Routable Net Status*
  *Does not include unroutable nets such as driverless and loadless.
  Run report_route_status for detailed report.
  Number of Failed Nets               = 0
    (Failed Nets is the sum of unrouted and partially routed nets)
  Number of Unrouted Nets             = 0
  Number of Partially Routed Nets     = 0
  Number of Node Overlaps             = 0


--GLOBAL Congestion:
Utilization threshold used for congestion level computation: 0.85
Congestion Report
North Dir 1x1 Area, Max Cong = 46.8468%, No Congested Regions.
South Dir 1x1 Area, Max Cong = 62.1622%, No Congested Regions.
East Dir 1x1 Area, Max Cong = 20.5882%, No Congested Regions.
West Dir 1x1 Area, Max Cong = 35.2941%, No Congested Regions.

------------------------------
Reporting congestion hotspots
------------------------------
Direction: North
----------------
Congested clusters found at Level 0
Effective congestion level: 0 Aspect Ratio: 1 Sparse Ratio: 0
Direction: South
----------------
Congested clusters found at Level 0
Effective congestion level: 0 Aspect Ratio: 1 Sparse Ratio: 0
Direction: East
----------------
Congested clusters found at Level 0
Effective congestion level: 0 Aspect Ratio: 1 Sparse Ratio: 0
Direction: West
----------------
Congested clusters found at Level 0
Effective congestion level: 0 Aspect Ratio: 1 Sparse Ratio: 0

Phase 8 Route finalize | Checksum: 24fa6a0bd

Time (s): cpu = 00:01:39 ; elapsed = 00:01:19 . Memory (MB): peak = 2769.238 ; gain = 279.625 ; free physical = 131 ; free virtual = 9162

Phase 9 Verifying routed nets

 Verification completed successfully
Phase 9 Verifying routed nets | Checksum: 24fa6a0bd

Time (s): cpu = 00:01:39 ; elapsed = 00:01:19 . Memory (MB): peak = 2769.238 ; gain = 279.625 ; free physical = 130 ; free virtual = 9162

Phase 10 Depositing Routes
Phase 10 Depositing Routes | Checksum: 24fa6a0bd

Time (s): cpu = 00:01:39 ; elapsed = 00:01:19 . Memory (MB): peak = 2769.238 ; gain = 279.625 ; free physical = 130 ; free virtual = 9162

Phase 11 Post Process Routing
Phase 11 Post Process Routing | Checksum: 24fa6a0bd

Time (s): cpu = 00:01:39 ; elapsed = 00:01:19 . Memory (MB): peak = 2769.238 ; gain = 279.625 ; free physical = 130 ; free virtual = 9162
Total Elapsed time in route_design: 79.03 secs

Phase 12 Post-Route Event Processing
Phase 12 Post-Route Event Processing | Checksum: 1adb00338

Time (s): cpu = 00:01:39 ; elapsed = 00:01:19 . Memory (MB): peak = 2769.238 ; gain = 279.625 ; free physical = 130 ; free virtual = 9162
INFO: [Route 35-16] Router Completed Successfully
Ending Routing Task | Checksum: 1adb00338

Time (s): cpu = 00:01:39 ; elapsed = 00:01:19 . Memory (MB): peak = 2769.238 ; gain = 279.625 ; free physical = 130 ; free virtual = 9162

Routing Is Done.
INFO: [Common 17-83] Releasing license: Implementation
59 Infos, 1 Warnings, 0 Critical Warnings and 0 Errors encountered.
route_design completed successfully
route_design: Time (s): cpu = 00:01:39 ; elapsed = 00:01:19 . Memory (MB): peak = 2769.238 ; gain = 279.625 ; free physical = 130 ; free virtual = 9161
INFO: [Vivado 12-24828] Executing command : report_drc -file mn_adder_wrapper_drc_routed.rpt -pb mn_adder_wrapper_drc_routed.pb -rpx mn_adder_wrapper_drc_routed.rpx
Command: report_drc -file mn_adder_wrapper_drc_routed.rpt -pb mn_adder_wrapper_drc_routed.pb -rpx mn_adder_wrapper_drc_routed.rpx
INFO: [IP_Flow 19-1839] IP Catalog is up to date.
INFO: [DRC 23-27] Running DRC with 4 threads
INFO: [Vivado_Tcl 2-168] The results of DRC are in file /home/abhijit/Desktop/delay_automation/design_sweep_runs/mn_adder_N128M0/mn_adder_N128M0.runs/impl_1/mn_adder_wrapper_drc_routed.rpt.
report_drc completed successfully
INFO: [Vivado 12-24828] Executing command : report_methodology -file mn_adder_wrapper_methodology_drc_routed.rpt -pb mn_adder_wrapper_methodology_drc_routed.pb -rpx mn_adder_wrapper_methodology_drc_routed.rpx
Command: report_methodology -file mn_adder_wrapper_methodology_drc_routed.rpt -pb mn_adder_wrapper_methodology_drc_routed.pb -rpx mn_adder_wrapper_methodology_drc_routed.rpx
INFO: [Timing 38-35] Done setting XDC timing constraints.
INFO: [DRC 23-133] Running Methodology with 4 threads
INFO: [Vivado_Tcl 2-1520] The results of Report Methodology are in file /home/abhijit/Desktop/delay_automation/design_sweep_runs/mn_adder_N128M0/mn_adder_N128M0.runs/impl_1/mn_adder_wrapper_methodology_drc_routed.rpt.
report_methodology completed successfully
INFO: [Vivado 12-24828] Executing command : report_timing_summary -max_paths 10 -report_unconstrained -file mn_adder_wrapper_timing_summary_routed.rpt -pb mn_adder_wrapper_timing_summary_routed.pb -rpx mn_adder_wrapper_timing_summary_routed.rpx -warn_on_violation 
INFO: [Timing 38-35] Done setting XDC timing constraints.
INFO: [Timing 38-91] UpdateTimingParams: Speed grade: -2L, Delay Type: min_max.
INFO: [Timing 38-191] Multithreading enabled for timing update using a maximum of 4 CPUs
WARNING: [Timing 38-313] There are no user specified timing constraints. Timing constraints are needed for proper timing analysis.
INFO: [Vivado 12-24838] Running report commands "report_bus_skew, report_incremental_reuse, report_route_status" in parallel.
Running report generation with 2 threads.
INFO: [Vivado 12-24828] Executing command : report_route_status -file mn_adder_wrapper_route_status.rpt -pb mn_adder_wrapper_route_status.pb
INFO: [Vivado 12-24828] Executing command : report_incremental_reuse -file mn_adder_wrapper_incremental_reuse_routed.rpt
INFO: [Vivado_Tcl 4-1062] Incremental flow is disabled. No incremental reuse Info to report.
INFO: [Vivado 12-24828] Executing command : report_bus_skew -warn_on_violation -file mn_adder_wrapper_bus_skew_routed.rpt -pb mn_adder_wrapper_bus_skew_routed.pb -rpx mn_adder_wrapper_bus_skew_routed.rpx
INFO: [Timing 38-91] UpdateTimingParams: Speed grade: -2L, Delay Type: min_max.
INFO: [Timing 38-191] Multithreading enabled for timing update using a maximum of 4 CPUs
INFO: [Vivado 12-24828] Executing command : report_power -file mn_adder_wrapper_power_routed.rpt -pb mn_adder_wrapper_power_summary_routed.pb -rpx mn_adder_wrapper_power_routed.rpx
Command: report_power -file mn_adder_wrapper_power_routed.rpt -pb mn_adder_wrapper_power_summary_routed.pb -rpx mn_adder_wrapper_power_routed.rpx
WARNING: [Power 33-232] No user defined clocks were found in the design! Power estimation will be inaccurate until this is corrected.
Resolution: Please specify clocks using create_clock/create_generated_clock for sequential elements. For pure combinatorial circuits, please specify a virtual clock, otherwise the vectorless estimation might be inaccurate
Running Vector-less Activity Propagation...

Finished Running Vector-less Activity Propagation
79 Infos, 3 Warnings, 0 Critical Warnings and 0 Errors encountered.
report_power completed successfully
INFO: [Vivado 12-24828] Executing command : report_clock_utilization -file mn_adder_wrapper_clock_utilization_routed.rpt
generate_parallel_reports: Time (s): cpu = 00:00:26 ; elapsed = 00:00:10 . Memory (MB): peak = 2819.000 ; gain = 49.762 ; free physical = 118 ; free virtual = 9114
Write ShapeDB Complete: Time (s): cpu = 00:00:00.13 ; elapsed = 00:00:00.04 . Memory (MB): peak = 2819.000 ; gain = 0.000 ; free physical = 118 ; free virtual = 9114
Wrote PlaceDB: Time (s): cpu = 00:00:00.15 ; elapsed = 00:00:00.05 . Memory (MB): peak = 2819.000 ; gain = 0.000 ; free physical = 118 ; free virtual = 9114
Wrote PulsedLatchDB: Time (s): cpu = 00:00:00 ; elapsed = 00:00:00 . Memory (MB): peak = 2819.000 ; gain = 0.000 ; free physical = 118 ; free virtual = 9114
Writing XDEF routing.
Writing XDEF routing logical nets.
Writing XDEF routing special nets.
Wrote RouteStorage: Time (s): cpu = 00:00:00.04 ; elapsed = 00:00:00.04 . Memory (MB): peak = 2819.000 ; gain = 0.000 ; free physical = 117 ; free virtual = 9113
Wrote Netlist Cache: Time (s): cpu = 00:00:00 ; elapsed = 00:00:00 . Memory (MB): peak = 2819.000 ; gain = 0.000 ; free physical = 117 ; free virtual = 9113
Wrote Device Cache: Time (s): cpu = 00:00:00.01 ; elapsed = 00:00:00.01 . Memory (MB): peak = 2819.000 ; gain = 0.000 ; free physical = 117 ; free virtual = 9114
Write Physdb Complete: Time (s): cpu = 00:00:00.2 ; elapsed = 00:00:00.1 . Memory (MB): peak = 2819.000 ; gain = 0.000 ; free physical = 117 ; free virtual = 9114
INFO: [Common 17-1381] The checkpoint '/home/abhijit/Desktop/delay_automation/design_sweep_runs/mn_adder_N128M0/mn_adder_N128M0.runs/impl_1/mn_adder_wrapper_routed.dcp' has been generated.
INFO: [Common 17-206] Exiting Vivado at Mon Jun  9 17:59:32 2025...
