#-----------------------------------------------------------
# Vivado v2024.2 (64-bit)
# SW Build 5239630 on Fri Nov 08 22:34:34 MST 2024
# IP Build 5239520 on Sun Nov 10 16:12:51 MST 2024
# SharedData Build 5239561 on Fri Nov 08 14:39:27 MST 2024
# Start of session at: Mon Jun  9 00:31:31 2025
# Process ID         : 16250
# Current directory  : /home/abhijit/Desktop/delay_automation/design_sweep_runs/mn_adder_N16M16
# Command line       : vivado /home/abhijit/Desktop/delay_automation/design_sweep_runs/mn_adder_N16M16/mn_adder_N16M16.xpr
# Log file           : /home/abhijit/Desktop/delay_automation/design_sweep_runs/mn_adder_N16M16/vivado.log
# Journal file       : /home/abhijit/Desktop/delay_automation/design_sweep_runs/mn_adder_N16M16/vivado.jou
# Running On         : abhijit-Vostro-15-3568
# Platform           : Ubuntu
# Operating System   : Ubuntu 20.04.6 LTS
# Processor Detail   : Intel(R) Core(TM) i3-7020U CPU @ 2.30GHz
# CPU Frequency      : 2300.000 MHz
# CPU Physical cores : 2
# CPU Logical cores  : 4
# Host memory        : 3961 MB
# Swap memory        : 8589 MB
# Total Virtual      : 12551 MB
# Available Virtual  : 11782 MB
#-----------------------------------------------------------
start_gui
open_project /home/abhijit/Desktop/delay_automation/design_sweep_runs/mn_adder_N16M16/mn_adder_N16M16.xpr
INFO: [filemgmt 56-3] Default IP Output Path : Could not find the directory '/home/abhijit/Desktop/delay_automation/design_sweep_runs/mn_adder_N16M16/mn_adder_N16M16.gen/sources_1'.
Scanning sources...
Finished scanning sources
INFO: [IP_Flow 19-234] Refreshing IP repositories
INFO: [IP_Flow 19-1704] No user IP repositories specified
INFO: [IP_Flow 19-2313] Loaded Vivado IP repository '/home/abhijit/Xilinx/Vivado/2024.2/data/ip'.
update_compile_order -fileset sources_1
open_run impl_1
INFO: [Device 21-403] Loading part xc7a12tcpg238-3
Netlist sorting complete. Time (s): cpu = 00:00:00 ; elapsed = 00:00:00 . Memory (MB): peak = 7802.273 ; gain = 0.000 ; free physical = 1217 ; free virtual = 10463
INFO: [Netlist 29-17] Analyzing 4 Unisim elements for replacement
INFO: [Netlist 29-28] Unisim Transformation completed in 0 CPU seconds
INFO: [Project 1-479] Netlist was created with Vivado 2024.2
INFO: [Project 1-570] Preparing netlist for logic optimization
Read ShapeDB Complete: Time (s): cpu = 00:00:00 ; elapsed = 00:00:00 . Memory (MB): peak = 7878.059 ; gain = 0.000 ; free physical = 1119 ; free virtual = 10367
INFO: [Designutils 20-5722] Start Reading Physical Databases.
Reading placement.
Read Netlist Cache: Time (s): cpu = 00:00:00 ; elapsed = 00:00:00 . Memory (MB): peak = 7879.059 ; gain = 0.000 ; free physical = 1119 ; free virtual = 10366
Reading placer database...
Read Device Cache: Time (s): cpu = 00:00:00.01 ; elapsed = 00:00:00.01 . Memory (MB): peak = 7881.059 ; gain = 2.000 ; free physical = 1117 ; free virtual = 10364
Read PlaceDB: Time (s): cpu = 00:00:00.01 ; elapsed = 00:00:00.01 . Memory (MB): peak = 7881.059 ; gain = 0.000 ; free physical = 1117 ; free virtual = 10364
Read PulsedLatchDB: Time (s): cpu = 00:00:00 ; elapsed = 00:00:00 . Memory (MB): peak = 7881.059 ; gain = 0.000 ; free physical = 1117 ; free virtual = 10364
Reading routing.
Read RouteStorage: Time (s): cpu = 00:00:00.01 ; elapsed = 00:00:00 . Memory (MB): peak = 7931.465 ; gain = 50.406 ; free physical = 1116 ; free virtual = 10363
Read Physdb Files: Time (s): cpu = 00:00:00.03 ; elapsed = 00:00:00.03 . Memory (MB): peak = 7931.465 ; gain = 52.406 ; free physical = 1116 ; free virtual = 10363
Restored from archive | CPU: 0.030000 secs | Memory: 0.115753 MB |
Finished XDEF File Restore: Time (s): cpu = 00:00:00.03 ; elapsed = 00:00:00.03 . Memory (MB): peak = 7931.465 ; gain = 52.406 ; free physical = 1116 ; free virtual = 10363
Netlist sorting complete. Time (s): cpu = 00:00:00 ; elapsed = 00:00:00 . Memory (MB): peak = 8303.422 ; gain = 0.000 ; free physical = 770 ; free virtual = 10017
INFO: [Project 1-111] Unisim Transformation Summary:
No Unisim elements were transformed.

open_run: Time (s): cpu = 00:00:27 ; elapsed = 00:00:14 . Memory (MB): peak = 8593.965 ; gain = 922.840 ; free physical = 425 ; free virtual = 9673
WARNING: [Timing 38-313] There are no user specified timing constraints. Timing constraints are needed for proper timing analysis.
close_design
close_project
exit
INFO: [Common 17-206] Exiting Vivado at Mon Jun  9 00:33:07 2025...
