Copyright 1986-2022 Xilinx, Inc. All Rights Reserved. Copyright 2022-2024 Advanced Micro Devices, Inc. All Rights Reserved.
---------------------------------------------------------------------------------------------------------------------------------------------------------------------------------------------------------------------------------------------
| Tool Version : Vivado v.2024.2 (lin64) Build 5239630 Fri Nov 08 22:34:34 MST 2024
| Date         : Mon Jun  9 11:22:55 2025
| Host         : abhijit-Vostro-15-3568 running 64-bit Ubuntu 20.04.6 LTS
| Command      : report_timing_summary -max_paths 10 -report_unconstrained -file mn_adder_wrapper_timing_summary_routed.rpt -pb mn_adder_wrapper_timing_summary_routed.pb -rpx mn_adder_wrapper_timing_summary_routed.rpx -warn_on_violation
| Design       : mn_adder_wrapper
| Device       : 7a12t-cpg238
| Speed File   : -3  PRODUCTION 1.23 2018-06-13
| Design State : Routed
---------------------------------------------------------------------------------------------------------------------------------------------------------------------------------------------------------------------------------------------

Timing Summary Report

------------------------------------------------------------------------------------------------
| Timer Settings
| --------------
------------------------------------------------------------------------------------------------

  Enable Multi Corner Analysis               :  Yes
  Enable Pessimism Removal                   :  Yes
  Pessimism Removal Resolution               :  Nearest Common Node
  Enable Input Delay Default Clock           :  No
  Enable Preset / Clear Arcs                 :  No
  Disable Flight Delays                      :  No
  Ignore I/O Paths                           :  No
  Timing Early Launch at Borrowing Latches   :  No
  Borrow Time for Max Delay Exceptions       :  Yes
  Merge Timing Exceptions                    :  Yes
  Inter-SLR Compensation                     :  Conservative

  Corner  Analyze    Analyze    
  Name    Max Paths  Min Paths  
  ------  ---------  ---------  
  Slow    Yes        Yes        
  Fast    Yes        Yes        


------------------------------------------------------------------------------------------------
| Report Methodology
| ------------------
------------------------------------------------------------------------------------------------

Rule       Severity          Description                  Violations  
---------  ----------------  ---------------------------  ----------  
TIMING-17  Critical Warning  Non-clocked sequential cell  3           

Note: This report is based on the most recent report_methodology run and may not be up-to-date. Run report_methodology on the current design for the latest report.



check_timing report

Table of Contents
-----------------
1. checking no_clock (3)
2. checking constant_clock (0)
3. checking pulse_width_clock (0)
4. checking unconstrained_internal_endpoints (6)
5. checking no_input_delay (66)
6. checking no_output_delay (33)
7. checking multiple_clock (0)
8. checking generated_clocks (0)
9. checking loops (0)
10. checking partial_input_delay (0)
11. checking partial_output_delay (0)
12. checking latch_loops (0)

1. checking no_clock (3)
------------------------
 There are 3 register/latch pins with no clock driven by root clock pin: clk (HIGH)


2. checking constant_clock (0)
------------------------------
 There are 0 register/latch pins with constant_clock.


3. checking pulse_width_clock (0)
---------------------------------
 There are 0 register/latch pins which need pulse_width check


4. checking unconstrained_internal_endpoints (6)
------------------------------------------------
 There are 6 pins that are not constrained for maximum delay. (HIGH)

 There are 0 pins that are not constrained for maximum delay due to constant clock.


5. checking no_input_delay (66)
-------------------------------
 There are 66 input ports with no input delay specified. (HIGH)

 There are 0 input ports with no input delay but user has a false path constraint.


6. checking no_output_delay (33)
--------------------------------
 There are 33 ports with no output delay specified. (HIGH)

 There are 0 ports with no output delay but user has a false path constraint

 There are 0 ports with no output delay but with a timing clock defined on it or propagating through it


7. checking multiple_clock (0)
------------------------------
 There are 0 register/latch pins with multiple clocks.


8. checking generated_clocks (0)
--------------------------------
 There are 0 generated clocks that are not connected to a clock source.


9. checking loops (0)
---------------------
 There are 0 combinational loops in the design.


10. checking partial_input_delay (0)
------------------------------------
 There are 0 input ports with partial input delay specified.


11. checking partial_output_delay (0)
-------------------------------------
 There are 0 ports with partial output delay specified.


12. checking latch_loops (0)
----------------------------
 There are 0 combinational latch loops in the design through latch input



------------------------------------------------------------------------------------------------
| Design Timing Summary
| ---------------------
------------------------------------------------------------------------------------------------

    WNS(ns)      TNS(ns)  TNS Failing Endpoints  TNS Total Endpoints      WHS(ns)      THS(ns)  THS Failing Endpoints  THS Total Endpoints     WPWS(ns)     TPWS(ns)  TPWS Failing Endpoints  TPWS Total Endpoints  
    -------      -------  ---------------------  -------------------      -------      -------  ---------------------  -------------------     --------     --------  ----------------------  --------------------  
        inf        0.000                      0                   39          inf        0.000                      0                   39           NA           NA                      NA                    NA  


There are no user specified timing constraints.


------------------------------------------------------------------------------------------------
| Clock Summary
| -------------
------------------------------------------------------------------------------------------------


------------------------------------------------------------------------------------------------
| Intra Clock Table
| -----------------
------------------------------------------------------------------------------------------------

Clock             WNS(ns)      TNS(ns)  TNS Failing Endpoints  TNS Total Endpoints      WHS(ns)      THS(ns)  THS Failing Endpoints  THS Total Endpoints     WPWS(ns)     TPWS(ns)  TPWS Failing Endpoints  TPWS Total Endpoints  
-----             -------      -------  ---------------------  -------------------      -------      -------  ---------------------  -------------------     --------     --------  ----------------------  --------------------  


------------------------------------------------------------------------------------------------
| Inter Clock Table
| -----------------
------------------------------------------------------------------------------------------------

From Clock    To Clock          WNS(ns)      TNS(ns)  TNS Failing Endpoints  TNS Total Endpoints      WHS(ns)      THS(ns)  THS Failing Endpoints  THS Total Endpoints  
----------    --------          -------      -------  ---------------------  -------------------      -------      -------  ---------------------  -------------------  


------------------------------------------------------------------------------------------------
| Other Path Groups Table
| -----------------------
------------------------------------------------------------------------------------------------

Path Group    From Clock    To Clock          WNS(ns)      TNS(ns)  TNS Failing Endpoints  TNS Total Endpoints      WHS(ns)      THS(ns)  THS Failing Endpoints  THS Total Endpoints  
----------    ----------    --------          -------      -------  ---------------------  -------------------      -------      -------  ---------------------  -------------------  


------------------------------------------------------------------------------------------------
| User Ignored Path Table
| -----------------------
------------------------------------------------------------------------------------------------

Path Group    From Clock    To Clock    
----------    ----------    --------    


------------------------------------------------------------------------------------------------
| Unconstrained Path Table
| ------------------------
------------------------------------------------------------------------------------------------

Path Group    From Clock    To Clock    
----------    ----------    --------    
(none)                                    


------------------------------------------------------------------------------------------------
| Timing Details
| --------------
------------------------------------------------------------------------------------------------


--------------------------------------------------------------------------------------
Path Group:  (none)
From Clock:  
  To Clock:  

Max Delay            39 Endpoints
Min Delay            39 Endpoints
--------------------------------------------------------------------------------------


Max Delay Paths
--------------------------------------------------------------------------------------
Slack:                    inf
  Source:                 B[5]
                            (input port)
  Destination:            sum[30]
                            (output port)
  Path Group:             (none)
  Path Type:              Max at Slow Process Corner
  Data Path Delay:        9.370ns  (logic 4.326ns (46.163%)  route 5.045ns (53.837%))
  Logic Levels:           10  (CARRY4=7 IBUF=1 LUT6=1 OBUF=1)

    Location             Delay type                Incr(ns)  Path(ns)    Netlist Resource(s)
  -------------------------------------------------------------------    -------------------
    C15                                               0.000     0.000 r  B[5] (IN)
                         net (fo=0)                   0.000     0.000    B[5]
    C15                  IBUF (Prop_ibuf_I_O)         0.802     0.802 r  B_IBUF[5]_inst/O
                         net (fo=1, routed)           2.902     3.704    adder_inst/RCA_inst/B[0]
    SLICE_X0Y8           LUT6 (Prop_lut6_I1_O)        0.097     3.801 r  adder_inst/RCA_inst/RCA_LUT_3/O
                         net (fo=1, routed)           0.000     3.801    adder_inst/RCA_inst/Propagate[0]
    SLICE_X0Y8           CARRY4 (Prop_carry4_S[0]_CO[3])
                                                      0.395     4.196 r  adder_inst/RCA_inst/RCA_CARRY4_0/CO[3]
                         net (fo=1, routed)           0.000     4.196    adder_inst/RCA_inst/carry[3]
    SLICE_X0Y9           CARRY4 (Prop_carry4_CI_CO[3])
                                                      0.089     4.285 r  adder_inst/RCA_inst/RCA_CARRY4_1/CO[3]
                         net (fo=1, routed)           0.000     4.285    adder_inst/RCA_inst/carry[7]
    SLICE_X0Y10          CARRY4 (Prop_carry4_CI_CO[3])
                                                      0.089     4.374 r  adder_inst/RCA_inst/RCA_CARRY4_2/CO[3]
                         net (fo=1, routed)           0.000     4.374    adder_inst/RCA_inst/carry[11]
    SLICE_X0Y11          CARRY4 (Prop_carry4_CI_CO[3])
                                                      0.089     4.463 r  adder_inst/RCA_inst/RCA_CARRY4_3/CO[3]
                         net (fo=1, routed)           0.000     4.463    adder_inst/RCA_inst/carry[15]
    SLICE_X0Y12          CARRY4 (Prop_carry4_CI_CO[3])
                                                      0.089     4.552 r  adder_inst/RCA_inst/RCA_CARRY4_4/CO[3]
                         net (fo=1, routed)           0.000     4.552    adder_inst/RCA_inst/carry[19]
    SLICE_X0Y13          CARRY4 (Prop_carry4_CI_CO[3])
                                                      0.089     4.641 r  adder_inst/RCA_inst/RCA_CARRY4_5/CO[3]
                         net (fo=1, routed)           0.000     4.641    adder_inst/RCA_inst/carry[23]
    SLICE_X0Y14          CARRY4 (Prop_carry4_CI_O[1])
                                                      0.230     4.871 r  adder_inst/RCA_inst/RCA_CARRY4_6/O[1]
                         net (fo=1, routed)           2.143     7.014    sum_OBUF[30]
    D19                  OBUF (Prop_obuf_I_O)         2.357     9.370 r  sum_OBUF[30]_inst/O
                         net (fo=0)                   0.000     9.370    sum[30]
    D19                                                               r  sum[30] (OUT)
  -------------------------------------------------------------------    -------------------

Slack:                    inf
  Source:                 B[5]
                            (input port)
  Destination:            sum[29]
                            (output port)
  Path Group:             (none)
  Path Type:              Max at Slow Process Corner
  Data Path Delay:        9.245ns  (logic 4.245ns (45.922%)  route 4.999ns (54.078%))
  Logic Levels:           10  (CARRY4=7 IBUF=1 LUT6=1 OBUF=1)

    Location             Delay type                Incr(ns)  Path(ns)    Netlist Resource(s)
  -------------------------------------------------------------------    -------------------
    C15                                               0.000     0.000 r  B[5] (IN)
                         net (fo=0)                   0.000     0.000    B[5]
    C15                  IBUF (Prop_ibuf_I_O)         0.802     0.802 r  B_IBUF[5]_inst/O
                         net (fo=1, routed)           2.902     3.704    adder_inst/RCA_inst/B[0]
    SLICE_X0Y8           LUT6 (Prop_lut6_I1_O)        0.097     3.801 r  adder_inst/RCA_inst/RCA_LUT_3/O
                         net (fo=1, routed)           0.000     3.801    adder_inst/RCA_inst/Propagate[0]
    SLICE_X0Y8           CARRY4 (Prop_carry4_S[0]_CO[3])
                                                      0.395     4.196 r  adder_inst/RCA_inst/RCA_CARRY4_0/CO[3]
                         net (fo=1, routed)           0.000     4.196    adder_inst/RCA_inst/carry[3]
    SLICE_X0Y9           CARRY4 (Prop_carry4_CI_CO[3])
                                                      0.089     4.285 r  adder_inst/RCA_inst/RCA_CARRY4_1/CO[3]
                         net (fo=1, routed)           0.000     4.285    adder_inst/RCA_inst/carry[7]
    SLICE_X0Y10          CARRY4 (Prop_carry4_CI_CO[3])
                                                      0.089     4.374 r  adder_inst/RCA_inst/RCA_CARRY4_2/CO[3]
                         net (fo=1, routed)           0.000     4.374    adder_inst/RCA_inst/carry[11]
    SLICE_X0Y11          CARRY4 (Prop_carry4_CI_CO[3])
                                                      0.089     4.463 r  adder_inst/RCA_inst/RCA_CARRY4_3/CO[3]
                         net (fo=1, routed)           0.000     4.463    adder_inst/RCA_inst/carry[15]
    SLICE_X0Y12          CARRY4 (Prop_carry4_CI_CO[3])
                                                      0.089     4.552 r  adder_inst/RCA_inst/RCA_CARRY4_4/CO[3]
                         net (fo=1, routed)           0.000     4.552    adder_inst/RCA_inst/carry[19]
    SLICE_X0Y13          CARRY4 (Prop_carry4_CI_CO[3])
                                                      0.089     4.641 r  adder_inst/RCA_inst/RCA_CARRY4_5/CO[3]
                         net (fo=1, routed)           0.000     4.641    adder_inst/RCA_inst/carry[23]
    SLICE_X0Y14          CARRY4 (Prop_carry4_CI_O[0])
                                                      0.159     4.800 r  adder_inst/RCA_inst/RCA_CARRY4_6/O[0]
                         net (fo=1, routed)           2.098     6.897    sum_OBUF[29]
    E19                  OBUF (Prop_obuf_I_O)         2.348     9.245 r  sum_OBUF[29]_inst/O
                         net (fo=0)                   0.000     9.245    sum[29]
    E19                                                               r  sum[29] (OUT)
  -------------------------------------------------------------------    -------------------

Slack:                    inf
  Source:                 B[5]
                            (input port)
  Destination:            sum[26]
                            (output port)
  Path Group:             (none)
  Path Type:              Max at Slow Process Corner
  Data Path Delay:        9.134ns  (logic 4.235ns (46.363%)  route 4.899ns (53.637%))
  Logic Levels:           9  (CARRY4=6 IBUF=1 LUT6=1 OBUF=1)

    Location             Delay type                Incr(ns)  Path(ns)    Netlist Resource(s)
  -------------------------------------------------------------------    -------------------
    C15                                               0.000     0.000 r  B[5] (IN)
                         net (fo=0)                   0.000     0.000    B[5]
    C15                  IBUF (Prop_ibuf_I_O)         0.802     0.802 r  B_IBUF[5]_inst/O
                         net (fo=1, routed)           2.902     3.704    adder_inst/RCA_inst/B[0]
    SLICE_X0Y8           LUT6 (Prop_lut6_I1_O)        0.097     3.801 r  adder_inst/RCA_inst/RCA_LUT_3/O
                         net (fo=1, routed)           0.000     3.801    adder_inst/RCA_inst/Propagate[0]
    SLICE_X0Y8           CARRY4 (Prop_carry4_S[0]_CO[3])
                                                      0.395     4.196 r  adder_inst/RCA_inst/RCA_CARRY4_0/CO[3]
                         net (fo=1, routed)           0.000     4.196    adder_inst/RCA_inst/carry[3]
    SLICE_X0Y9           CARRY4 (Prop_carry4_CI_CO[3])
                                                      0.089     4.285 r  adder_inst/RCA_inst/RCA_CARRY4_1/CO[3]
                         net (fo=1, routed)           0.000     4.285    adder_inst/RCA_inst/carry[7]
    SLICE_X0Y10          CARRY4 (Prop_carry4_CI_CO[3])
                                                      0.089     4.374 r  adder_inst/RCA_inst/RCA_CARRY4_2/CO[3]
                         net (fo=1, routed)           0.000     4.374    adder_inst/RCA_inst/carry[11]
    SLICE_X0Y11          CARRY4 (Prop_carry4_CI_CO[3])
                                                      0.089     4.463 r  adder_inst/RCA_inst/RCA_CARRY4_3/CO[3]
                         net (fo=1, routed)           0.000     4.463    adder_inst/RCA_inst/carry[15]
    SLICE_X0Y12          CARRY4 (Prop_carry4_CI_CO[3])
                                                      0.089     4.552 r  adder_inst/RCA_inst/RCA_CARRY4_4/CO[3]
                         net (fo=1, routed)           0.000     4.552    adder_inst/RCA_inst/carry[19]
    SLICE_X0Y13          CARRY4 (Prop_carry4_CI_O[1])
                                                      0.230     4.782 r  adder_inst/RCA_inst/RCA_CARRY4_5/O[1]
                         net (fo=1, routed)           1.998     6.779    sum_OBUF[26]
    E18                  OBUF (Prop_obuf_I_O)         2.355     9.134 r  sum_OBUF[26]_inst/O
                         net (fo=0)                   0.000     9.134    sum[26]
    E18                                                               r  sum[26] (OUT)
  -------------------------------------------------------------------    -------------------

Slack:                    inf
  Source:                 B[5]
                            (input port)
  Destination:            sum[28]
                            (output port)
  Path Group:             (none)
  Path Type:              Max at Slow Process Corner
  Data Path Delay:        9.128ns  (logic 4.238ns (46.427%)  route 4.890ns (53.573%))
  Logic Levels:           9  (CARRY4=6 IBUF=1 LUT6=1 OBUF=1)

    Location             Delay type                Incr(ns)  Path(ns)    Netlist Resource(s)
  -------------------------------------------------------------------    -------------------
    C15                                               0.000     0.000 r  B[5] (IN)
                         net (fo=0)                   0.000     0.000    B[5]
    C15                  IBUF (Prop_ibuf_I_O)         0.802     0.802 r  B_IBUF[5]_inst/O
                         net (fo=1, routed)           2.902     3.704    adder_inst/RCA_inst/B[0]
    SLICE_X0Y8           LUT6 (Prop_lut6_I1_O)        0.097     3.801 r  adder_inst/RCA_inst/RCA_LUT_3/O
                         net (fo=1, routed)           0.000     3.801    adder_inst/RCA_inst/Propagate[0]
    SLICE_X0Y8           CARRY4 (Prop_carry4_S[0]_CO[3])
                                                      0.395     4.196 r  adder_inst/RCA_inst/RCA_CARRY4_0/CO[3]
                         net (fo=1, routed)           0.000     4.196    adder_inst/RCA_inst/carry[3]
    SLICE_X0Y9           CARRY4 (Prop_carry4_CI_CO[3])
                                                      0.089     4.285 r  adder_inst/RCA_inst/RCA_CARRY4_1/CO[3]
                         net (fo=1, routed)           0.000     4.285    adder_inst/RCA_inst/carry[7]
    SLICE_X0Y10          CARRY4 (Prop_carry4_CI_CO[3])
                                                      0.089     4.374 r  adder_inst/RCA_inst/RCA_CARRY4_2/CO[3]
                         net (fo=1, routed)           0.000     4.374    adder_inst/RCA_inst/carry[11]
    SLICE_X0Y11          CARRY4 (Prop_carry4_CI_CO[3])
                                                      0.089     4.463 r  adder_inst/RCA_inst/RCA_CARRY4_3/CO[3]
                         net (fo=1, routed)           0.000     4.463    adder_inst/RCA_inst/carry[15]
    SLICE_X0Y12          CARRY4 (Prop_carry4_CI_CO[3])
                                                      0.089     4.552 r  adder_inst/RCA_inst/RCA_CARRY4_4/CO[3]
                         net (fo=1, routed)           0.000     4.552    adder_inst/RCA_inst/carry[19]
    SLICE_X0Y13          CARRY4 (Prop_carry4_CI_O[3])
                                                      0.234     4.786 r  adder_inst/RCA_inst/RCA_CARRY4_5/O[3]
                         net (fo=1, routed)           1.988     6.774    sum_OBUF[28]
    F19                  OBUF (Prop_obuf_I_O)         2.354     9.128 r  sum_OBUF[28]_inst/O
                         net (fo=0)                   0.000     9.128    sum[28]
    F19                                                               r  sum[28] (OUT)
  -------------------------------------------------------------------    -------------------

Slack:                    inf
  Source:                 B[5]
                            (input port)
  Destination:            Cout
                            (output port)
  Path Group:             (none)
  Path Type:              Max at Slow Process Corner
  Data Path Delay:        9.087ns  (logic 4.276ns (47.052%)  route 4.811ns (52.948%))
  Logic Levels:           10  (CARRY4=7 IBUF=1 LUT6=1 OBUF=1)

    Location             Delay type                Incr(ns)  Path(ns)    Netlist Resource(s)
  -------------------------------------------------------------------    -------------------
    C15                                               0.000     0.000 r  B[5] (IN)
                         net (fo=0)                   0.000     0.000    B[5]
    C15                  IBUF (Prop_ibuf_I_O)         0.802     0.802 r  B_IBUF[5]_inst/O
                         net (fo=1, routed)           2.902     3.704    adder_inst/RCA_inst/B[0]
    SLICE_X0Y8           LUT6 (Prop_lut6_I1_O)        0.097     3.801 r  adder_inst/RCA_inst/RCA_LUT_3/O
                         net (fo=1, routed)           0.000     3.801    adder_inst/RCA_inst/Propagate[0]
    SLICE_X0Y8           CARRY4 (Prop_carry4_S[0]_CO[3])
                                                      0.395     4.196 r  adder_inst/RCA_inst/RCA_CARRY4_0/CO[3]
                         net (fo=1, routed)           0.000     4.196    adder_inst/RCA_inst/carry[3]
    SLICE_X0Y9           CARRY4 (Prop_carry4_CI_CO[3])
                                                      0.089     4.285 r  adder_inst/RCA_inst/RCA_CARRY4_1/CO[3]
                         net (fo=1, routed)           0.000     4.285    adder_inst/RCA_inst/carry[7]
    SLICE_X0Y10          CARRY4 (Prop_carry4_CI_CO[3])
                                                      0.089     4.374 r  adder_inst/RCA_inst/RCA_CARRY4_2/CO[3]
                         net (fo=1, routed)           0.000     4.374    adder_inst/RCA_inst/carry[11]
    SLICE_X0Y11          CARRY4 (Prop_carry4_CI_CO[3])
                                                      0.089     4.463 r  adder_inst/RCA_inst/RCA_CARRY4_3/CO[3]
                         net (fo=1, routed)           0.000     4.463    adder_inst/RCA_inst/carry[15]
    SLICE_X0Y12          CARRY4 (Prop_carry4_CI_CO[3])
                                                      0.089     4.552 r  adder_inst/RCA_inst/RCA_CARRY4_4/CO[3]
                         net (fo=1, routed)           0.000     4.552    adder_inst/RCA_inst/carry[19]
    SLICE_X0Y13          CARRY4 (Prop_carry4_CI_CO[3])
                                                      0.089     4.641 r  adder_inst/RCA_inst/RCA_CARRY4_5/CO[3]
                         net (fo=1, routed)           0.000     4.641    adder_inst/RCA_inst/carry[23]
    SLICE_X0Y14          CARRY4 (Prop_carry4_CI_CO[2])
                                                      0.173     4.814 r  adder_inst/RCA_inst/RCA_CARRY4_6/CO[2]
                         net (fo=1, routed)           1.910     6.723    Cout_OBUF
    D17                  OBUF (Prop_obuf_I_O)         2.364     9.087 r  Cout_OBUF_inst/O
                         net (fo=0)                   0.000     9.087    Cout
    D17                                                               r  Cout (OUT)
  -------------------------------------------------------------------    -------------------

Slack:                    inf
  Source:                 B[5]
                            (input port)
  Destination:            sum[22]
                            (output port)
  Path Group:             (none)
  Path Type:              Max at Slow Process Corner
  Data Path Delay:        9.034ns  (logic 4.144ns (45.874%)  route 4.890ns (54.126%))
  Logic Levels:           8  (CARRY4=5 IBUF=1 LUT6=1 OBUF=1)

    Location             Delay type                Incr(ns)  Path(ns)    Netlist Resource(s)
  -------------------------------------------------------------------    -------------------
    C15                                               0.000     0.000 r  B[5] (IN)
                         net (fo=0)                   0.000     0.000    B[5]
    C15                  IBUF (Prop_ibuf_I_O)         0.802     0.802 r  B_IBUF[5]_inst/O
                         net (fo=1, routed)           2.902     3.704    adder_inst/RCA_inst/B[0]
    SLICE_X0Y8           LUT6 (Prop_lut6_I1_O)        0.097     3.801 r  adder_inst/RCA_inst/RCA_LUT_3/O
                         net (fo=1, routed)           0.000     3.801    adder_inst/RCA_inst/Propagate[0]
    SLICE_X0Y8           CARRY4 (Prop_carry4_S[0]_CO[3])
                                                      0.395     4.196 r  adder_inst/RCA_inst/RCA_CARRY4_0/CO[3]
                         net (fo=1, routed)           0.000     4.196    adder_inst/RCA_inst/carry[3]
    SLICE_X0Y9           CARRY4 (Prop_carry4_CI_CO[3])
                                                      0.089     4.285 r  adder_inst/RCA_inst/RCA_CARRY4_1/CO[3]
                         net (fo=1, routed)           0.000     4.285    adder_inst/RCA_inst/carry[7]
    SLICE_X0Y10          CARRY4 (Prop_carry4_CI_CO[3])
                                                      0.089     4.374 r  adder_inst/RCA_inst/RCA_CARRY4_2/CO[3]
                         net (fo=1, routed)           0.000     4.374    adder_inst/RCA_inst/carry[11]
    SLICE_X0Y11          CARRY4 (Prop_carry4_CI_CO[3])
                                                      0.089     4.463 r  adder_inst/RCA_inst/RCA_CARRY4_3/CO[3]
                         net (fo=1, routed)           0.000     4.463    adder_inst/RCA_inst/carry[15]
    SLICE_X0Y12          CARRY4 (Prop_carry4_CI_O[1])
                                                      0.230     4.693 r  adder_inst/RCA_inst/RCA_CARRY4_4/O[1]
                         net (fo=1, routed)           1.988     6.680    sum_OBUF[22]
    G17                  OBUF (Prop_obuf_I_O)         2.353     9.034 r  sum_OBUF[22]_inst/O
                         net (fo=0)                   0.000     9.034    sum[22]
    G17                                                               r  sum[22] (OUT)
  -------------------------------------------------------------------    -------------------

Slack:                    inf
  Source:                 B[5]
                            (input port)
  Destination:            sum[27]
                            (output port)
  Path Group:             (none)
  Path Type:              Max at Slow Process Corner
  Data Path Delay:        8.942ns  (logic 4.192ns (46.880%)  route 4.750ns (53.120%))
  Logic Levels:           9  (CARRY4=6 IBUF=1 LUT6=1 OBUF=1)

    Location             Delay type                Incr(ns)  Path(ns)    Netlist Resource(s)
  -------------------------------------------------------------------    -------------------
    C15                                               0.000     0.000 r  B[5] (IN)
                         net (fo=0)                   0.000     0.000    B[5]
    C15                  IBUF (Prop_ibuf_I_O)         0.802     0.802 r  B_IBUF[5]_inst/O
                         net (fo=1, routed)           2.902     3.704    adder_inst/RCA_inst/B[0]
    SLICE_X0Y8           LUT6 (Prop_lut6_I1_O)        0.097     3.801 r  adder_inst/RCA_inst/RCA_LUT_3/O
                         net (fo=1, routed)           0.000     3.801    adder_inst/RCA_inst/Propagate[0]
    SLICE_X0Y8           CARRY4 (Prop_carry4_S[0]_CO[3])
                                                      0.395     4.196 r  adder_inst/RCA_inst/RCA_CARRY4_0/CO[3]
                         net (fo=1, routed)           0.000     4.196    adder_inst/RCA_inst/carry[3]
    SLICE_X0Y9           CARRY4 (Prop_carry4_CI_CO[3])
                                                      0.089     4.285 r  adder_inst/RCA_inst/RCA_CARRY4_1/CO[3]
                         net (fo=1, routed)           0.000     4.285    adder_inst/RCA_inst/carry[7]
    SLICE_X0Y10          CARRY4 (Prop_carry4_CI_CO[3])
                                                      0.089     4.374 r  adder_inst/RCA_inst/RCA_CARRY4_2/CO[3]
                         net (fo=1, routed)           0.000     4.374    adder_inst/RCA_inst/carry[11]
    SLICE_X0Y11          CARRY4 (Prop_carry4_CI_CO[3])
                                                      0.089     4.463 r  adder_inst/RCA_inst/RCA_CARRY4_3/CO[3]
                         net (fo=1, routed)           0.000     4.463    adder_inst/RCA_inst/carry[15]
    SLICE_X0Y12          CARRY4 (Prop_carry4_CI_CO[3])
                                                      0.089     4.552 r  adder_inst/RCA_inst/RCA_CARRY4_4/CO[3]
                         net (fo=1, routed)           0.000     4.552    adder_inst/RCA_inst/carry[19]
    SLICE_X0Y13          CARRY4 (Prop_carry4_CI_O[2])
                                                      0.181     4.733 r  adder_inst/RCA_inst/RCA_CARRY4_5/O[2]
                         net (fo=1, routed)           1.848     6.581    sum_OBUF[27]
    E17                  OBUF (Prop_obuf_I_O)         2.361     8.942 r  sum_OBUF[27]_inst/O
                         net (fo=0)                   0.000     8.942    sum[27]
    E17                                                               r  sum[27] (OUT)
  -------------------------------------------------------------------    -------------------

Slack:                    inf
  Source:                 B[5]
                            (input port)
  Destination:            sum[25]
                            (output port)
  Path Group:             (none)
  Path Type:              Max at Slow Process Corner
  Data Path Delay:        8.933ns  (logic 4.155ns (46.512%)  route 4.778ns (53.488%))
  Logic Levels:           9  (CARRY4=6 IBUF=1 LUT6=1 OBUF=1)

    Location             Delay type                Incr(ns)  Path(ns)    Netlist Resource(s)
  -------------------------------------------------------------------    -------------------
    C15                                               0.000     0.000 r  B[5] (IN)
                         net (fo=0)                   0.000     0.000    B[5]
    C15                  IBUF (Prop_ibuf_I_O)         0.802     0.802 r  B_IBUF[5]_inst/O
                         net (fo=1, routed)           2.902     3.704    adder_inst/RCA_inst/B[0]
    SLICE_X0Y8           LUT6 (Prop_lut6_I1_O)        0.097     3.801 r  adder_inst/RCA_inst/RCA_LUT_3/O
                         net (fo=1, routed)           0.000     3.801    adder_inst/RCA_inst/Propagate[0]
    SLICE_X0Y8           CARRY4 (Prop_carry4_S[0]_CO[3])
                                                      0.395     4.196 r  adder_inst/RCA_inst/RCA_CARRY4_0/CO[3]
                         net (fo=1, routed)           0.000     4.196    adder_inst/RCA_inst/carry[3]
    SLICE_X0Y9           CARRY4 (Prop_carry4_CI_CO[3])
                                                      0.089     4.285 r  adder_inst/RCA_inst/RCA_CARRY4_1/CO[3]
                         net (fo=1, routed)           0.000     4.285    adder_inst/RCA_inst/carry[7]
    SLICE_X0Y10          CARRY4 (Prop_carry4_CI_CO[3])
                                                      0.089     4.374 r  adder_inst/RCA_inst/RCA_CARRY4_2/CO[3]
                         net (fo=1, routed)           0.000     4.374    adder_inst/RCA_inst/carry[11]
    SLICE_X0Y11          CARRY4 (Prop_carry4_CI_CO[3])
                                                      0.089     4.463 r  adder_inst/RCA_inst/RCA_CARRY4_3/CO[3]
                         net (fo=1, routed)           0.000     4.463    adder_inst/RCA_inst/carry[15]
    SLICE_X0Y12          CARRY4 (Prop_carry4_CI_CO[3])
                                                      0.089     4.552 r  adder_inst/RCA_inst/RCA_CARRY4_4/CO[3]
                         net (fo=1, routed)           0.000     4.552    adder_inst/RCA_inst/carry[19]
    SLICE_X0Y13          CARRY4 (Prop_carry4_CI_O[0])
                                                      0.159     4.711 r  adder_inst/RCA_inst/RCA_CARRY4_5/O[0]
                         net (fo=1, routed)           1.877     6.587    sum_OBUF[25]
    G18                  OBUF (Prop_obuf_I_O)         2.346     8.933 r  sum_OBUF[25]_inst/O
                         net (fo=0)                   0.000     8.933    sum[25]
    G18                                                               r  sum[25] (OUT)
  -------------------------------------------------------------------    -------------------

Slack:                    inf
  Source:                 B[5]
                            (input port)
  Destination:            sum[24]
                            (output port)
  Path Group:             (none)
  Path Type:              Max at Slow Process Corner
  Data Path Delay:        8.921ns  (logic 4.146ns (46.473%)  route 4.775ns (53.527%))
  Logic Levels:           8  (CARRY4=5 IBUF=1 LUT6=1 OBUF=1)

    Location             Delay type                Incr(ns)  Path(ns)    Netlist Resource(s)
  -------------------------------------------------------------------    -------------------
    C15                                               0.000     0.000 r  B[5] (IN)
                         net (fo=0)                   0.000     0.000    B[5]
    C15                  IBUF (Prop_ibuf_I_O)         0.802     0.802 r  B_IBUF[5]_inst/O
                         net (fo=1, routed)           2.902     3.704    adder_inst/RCA_inst/B[0]
    SLICE_X0Y8           LUT6 (Prop_lut6_I1_O)        0.097     3.801 r  adder_inst/RCA_inst/RCA_LUT_3/O
                         net (fo=1, routed)           0.000     3.801    adder_inst/RCA_inst/Propagate[0]
    SLICE_X0Y8           CARRY4 (Prop_carry4_S[0]_CO[3])
                                                      0.395     4.196 r  adder_inst/RCA_inst/RCA_CARRY4_0/CO[3]
                         net (fo=1, routed)           0.000     4.196    adder_inst/RCA_inst/carry[3]
    SLICE_X0Y9           CARRY4 (Prop_carry4_CI_CO[3])
                                                      0.089     4.285 r  adder_inst/RCA_inst/RCA_CARRY4_1/CO[3]
                         net (fo=1, routed)           0.000     4.285    adder_inst/RCA_inst/carry[7]
    SLICE_X0Y10          CARRY4 (Prop_carry4_CI_CO[3])
                                                      0.089     4.374 r  adder_inst/RCA_inst/RCA_CARRY4_2/CO[3]
                         net (fo=1, routed)           0.000     4.374    adder_inst/RCA_inst/carry[11]
    SLICE_X0Y11          CARRY4 (Prop_carry4_CI_CO[3])
                                                      0.089     4.463 r  adder_inst/RCA_inst/RCA_CARRY4_3/CO[3]
                         net (fo=1, routed)           0.000     4.463    adder_inst/RCA_inst/carry[15]
    SLICE_X0Y12          CARRY4 (Prop_carry4_CI_O[3])
                                                      0.234     4.697 r  adder_inst/RCA_inst/RCA_CARRY4_4/O[3]
                         net (fo=1, routed)           1.873     6.570    sum_OBUF[24]
    H18                  OBUF (Prop_obuf_I_O)         2.351     8.921 r  sum_OBUF[24]_inst/O
                         net (fo=0)                   0.000     8.921    sum[24]
    H18                                                               r  sum[24] (OUT)
  -------------------------------------------------------------------    -------------------

Slack:                    inf
  Source:                 B[5]
                            (input port)
  Destination:            sum[21]
                            (output port)
  Path Group:             (none)
  Path Type:              Max at Slow Process Corner
  Data Path Delay:        8.895ns  (logic 4.064ns (45.689%)  route 4.831ns (54.311%))
  Logic Levels:           8  (CARRY4=5 IBUF=1 LUT6=1 OBUF=1)

    Location             Delay type                Incr(ns)  Path(ns)    Netlist Resource(s)
  -------------------------------------------------------------------    -------------------
    C15                                               0.000     0.000 r  B[5] (IN)
                         net (fo=0)                   0.000     0.000    B[5]
    C15                  IBUF (Prop_ibuf_I_O)         0.802     0.802 r  B_IBUF[5]_inst/O
                         net (fo=1, routed)           2.902     3.704    adder_inst/RCA_inst/B[0]
    SLICE_X0Y8           LUT6 (Prop_lut6_I1_O)        0.097     3.801 r  adder_inst/RCA_inst/RCA_LUT_3/O
                         net (fo=1, routed)           0.000     3.801    adder_inst/RCA_inst/Propagate[0]
    SLICE_X0Y8           CARRY4 (Prop_carry4_S[0]_CO[3])
                                                      0.395     4.196 r  adder_inst/RCA_inst/RCA_CARRY4_0/CO[3]
                         net (fo=1, routed)           0.000     4.196    adder_inst/RCA_inst/carry[3]
    SLICE_X0Y9           CARRY4 (Prop_carry4_CI_CO[3])
                                                      0.089     4.285 r  adder_inst/RCA_inst/RCA_CARRY4_1/CO[3]
                         net (fo=1, routed)           0.000     4.285    adder_inst/RCA_inst/carry[7]
    SLICE_X0Y10          CARRY4 (Prop_carry4_CI_CO[3])
                                                      0.089     4.374 r  adder_inst/RCA_inst/RCA_CARRY4_2/CO[3]
                         net (fo=1, routed)           0.000     4.374    adder_inst/RCA_inst/carry[11]
    SLICE_X0Y11          CARRY4 (Prop_carry4_CI_CO[3])
                                                      0.089     4.463 r  adder_inst/RCA_inst/RCA_CARRY4_3/CO[3]
                         net (fo=1, routed)           0.000     4.463    adder_inst/RCA_inst/carry[15]
    SLICE_X0Y12          CARRY4 (Prop_carry4_CI_O[0])
                                                      0.159     4.622 r  adder_inst/RCA_inst/RCA_CARRY4_4/O[0]
                         net (fo=1, routed)           1.929     6.551    sum_OBUF[21]
    G19                  OBUF (Prop_obuf_I_O)         2.344     8.895 r  sum_OBUF[21]_inst/O
                         net (fo=0)                   0.000     8.895    sum[21]
    G19                                                               r  sum[21] (OUT)
  -------------------------------------------------------------------    -------------------





Min Delay Paths
--------------------------------------------------------------------------------------
Slack:                    inf
  Source:                 rst
                            (input port)
  Destination:            out_reg_fa_reg/R
  Path Group:             (none)
  Path Type:              Min at Fast Process Corner
  Data Path Delay:        0.565ns  (logic 0.163ns (28.879%)  route 0.402ns (71.121%))
  Logic Levels:           1  (IBUF=1)

    Location             Delay type                Incr(ns)  Path(ns)    Netlist Resource(s)
  -------------------------------------------------------------------    -------------------
    P17                                               0.000     0.000 r  rst (IN)
                         net (fo=0)                   0.000     0.000    rst
    P17                  IBUF (Prop_ibuf_I_O)         0.163     0.163 r  rst_IBUF_inst/O
                         net (fo=3, routed)           0.402     0.565    rst_IBUF
    SLICE_X0Y14          FDRE                                         r  out_reg_fa_reg/R
  -------------------------------------------------------------------    -------------------

Slack:                    inf
  Source:                 rst
                            (input port)
  Destination:            out_reg_So_reg/R
  Path Group:             (none)
  Path Type:              Min at Fast Process Corner
  Data Path Delay:        0.630ns  (logic 0.163ns (25.896%)  route 0.467ns (74.104%))
  Logic Levels:           1  (IBUF=1)

    Location             Delay type                Incr(ns)  Path(ns)    Netlist Resource(s)
  -------------------------------------------------------------------    -------------------
    P17                                               0.000     0.000 r  rst (IN)
                         net (fo=0)                   0.000     0.000    rst
    P17                  IBUF (Prop_ibuf_I_O)         0.163     0.163 r  rst_IBUF_inst/O
                         net (fo=3, routed)           0.467     0.630    rst_IBUF
    SLICE_X1Y12          FDRE                                         r  out_reg_So_reg/R
  -------------------------------------------------------------------    -------------------

Slack:                    inf
  Source:                 in_reg_reg/C
                            (rising edge-triggered cell FDRE)
  Destination:            out_reg_So_reg/D
  Path Group:             (none)
  Path Type:              Min at Fast Process Corner
  Data Path Delay:        0.703ns  (logic 0.186ns (26.442%)  route 0.517ns (73.558%))
  Logic Levels:           2  (FDRE=1 LUT6=1)

    Location             Delay type                Incr(ns)  Path(ns)    Netlist Resource(s)
  -------------------------------------------------------------------    -------------------
    SLICE_X1Y7           FDRE                         0.000     0.000 r  in_reg_reg/C
    SLICE_X1Y7           FDRE (Prop_fdre_C_Q)         0.141     0.141 r  in_reg_reg/Q
                         net (fo=4, routed)           0.289     0.430    adder_inst/compressed_adder_inst/So_lut_0/I0
    SLICE_X1Y6           LUT6 (Prop_lut6_I0_O)        0.045     0.475 r  adder_inst/compressed_adder_inst/So_lut_0/LUT6/O
                         net (fo=1, routed)           0.229     0.703    driver_So
    SLICE_X1Y12          FDRE                                         r  out_reg_So_reg/D
  -------------------------------------------------------------------    -------------------

Slack:                    inf
  Source:                 B[31]
                            (input port)
  Destination:            out_reg_fa_reg/D
  Path Group:             (none)
  Path Type:              Min at Fast Process Corner
  Data Path Delay:        0.729ns  (logic 0.277ns (37.939%)  route 0.453ns (62.061%))
  Logic Levels:           3  (CARRY4=1 IBUF=1 LUT6=1)

    Location             Delay type                Incr(ns)  Path(ns)    Netlist Resource(s)
  -------------------------------------------------------------------    -------------------
    T17                                               0.000     0.000 r  B[31] (IN)
                         net (fo=0)                   0.000     0.000    B[31]
    T17                  IBUF (Prop_ibuf_I_O)         0.166     0.166 r  B_IBUF[31]_inst/O
                         net (fo=1, routed)           0.453     0.618    adder_inst/RCA_inst/B[26]
    SLICE_X0Y14          LUT6 (Prop_lut6_I1_O)        0.045     0.663 r  adder_inst/RCA_inst/RCA_LUT_29/O
                         net (fo=1, routed)           0.000     0.663    adder_inst/RCA_inst/Propagate[26]
    SLICE_X0Y14          CARRY4 (Prop_carry4_S[2]_O[2])
                                                      0.066     0.729 r  adder_inst/RCA_inst/RCA_CARRY4_6/O[2]
                         net (fo=1, routed)           0.000     0.729    driver_fa
    SLICE_X0Y14          FDRE                                         r  out_reg_fa_reg/D
  -------------------------------------------------------------------    -------------------

Slack:                    inf
  Source:                 rst
                            (input port)
  Destination:            in_reg_reg/R
  Path Group:             (none)
  Path Type:              Min at Fast Process Corner
  Data Path Delay:        0.767ns  (logic 0.163ns (21.265%)  route 0.604ns (78.735%))
  Logic Levels:           1  (IBUF=1)

    Location             Delay type                Incr(ns)  Path(ns)    Netlist Resource(s)
  -------------------------------------------------------------------    -------------------
    P17                                               0.000     0.000 r  rst (IN)
                         net (fo=0)                   0.000     0.000    rst
    P17                  IBUF (Prop_ibuf_I_O)         0.163     0.163 r  rst_IBUF_inst/O
                         net (fo=3, routed)           0.604     0.767    rst_IBUF
    SLICE_X1Y7           FDRE                                         r  in_reg_reg/R
  -------------------------------------------------------------------    -------------------

Slack:                    inf
  Source:                 A[0]
                            (input port)
  Destination:            in_reg_reg/D
  Path Group:             (none)
  Path Type:              Min at Fast Process Corner
  Data Path Delay:        1.401ns  (logic 0.163ns (11.652%)  route 1.237ns (88.348%))
  Logic Levels:           1  (IBUF=1)

    Location             Delay type                Incr(ns)  Path(ns)    Netlist Resource(s)
  -------------------------------------------------------------------    -------------------
    V9                                                0.000     0.000 r  A[0] (IN)
                         net (fo=0)                   0.000     0.000    A[0]
    V9                   IBUF (Prop_ibuf_I_O)         0.163     0.163 r  A_IBUF[0]_inst/O
                         net (fo=1, routed)           1.237     1.401    A_IBUF[0]
    SLICE_X1Y7           FDRE                                         r  in_reg_reg/D
  -------------------------------------------------------------------    -------------------

Slack:                    inf
  Source:                 out_reg_So_reg/C
                            (rising edge-triggered cell FDRE)
  Destination:            sum[1]
                            (output port)
  Path Group:             (none)
  Path Type:              Min at Fast Process Corner
  Data Path Delay:        1.663ns  (logic 1.264ns (76.000%)  route 0.399ns (24.000%))
  Logic Levels:           2  (FDRE=1 OBUF=1)

    Location             Delay type                Incr(ns)  Path(ns)    Netlist Resource(s)
  -------------------------------------------------------------------    -------------------
    SLICE_X1Y12          FDRE                         0.000     0.000 r  out_reg_So_reg/C
    SLICE_X1Y12          FDRE (Prop_fdre_C_Q)         0.141     0.141 r  out_reg_So_reg/Q
                         net (fo=1, routed)           0.399     0.540    sum_OBUF[1]
    U19                  OBUF (Prop_obuf_I_O)         1.123     1.663 r  sum_OBUF[1]_inst/O
                         net (fo=0)                   0.000     1.663    sum[1]
    U19                                                               r  sum[1] (OUT)
  -------------------------------------------------------------------    -------------------

Slack:                    inf
  Source:                 in_reg_reg/C
                            (rising edge-triggered cell FDRE)
  Destination:            sum[0]
                            (output port)
  Path Group:             (none)
  Path Type:              Min at Fast Process Corner
  Data Path Delay:        2.082ns  (logic 1.362ns (65.419%)  route 0.720ns (34.581%))
  Logic Levels:           3  (FDRE=1 LUT5=1 OBUF=1)

    Location             Delay type                Incr(ns)  Path(ns)    Netlist Resource(s)
  -------------------------------------------------------------------    -------------------
    SLICE_X1Y7           FDRE                         0.000     0.000 r  in_reg_reg/C
    SLICE_X1Y7           FDRE (Prop_fdre_C_Q)         0.141     0.141 r  in_reg_reg/Q
                         net (fo=4, routed)           0.289     0.430    adder_inst/compressed_adder_inst/So_lut_0/I0
    SLICE_X1Y6           LUT5 (Prop_lut5_I0_O)        0.044     0.474 r  adder_inst/compressed_adder_inst/So_lut_0/LUT5/O
                         net (fo=1, routed)           0.431     0.905    sum_OBUF[0]
    V19                  OBUF (Prop_obuf_I_O)         1.177     2.082 r  sum_OBUF[0]_inst/O
                         net (fo=0)                   0.000     2.082    sum[0]
    V19                                                               r  sum[0] (OUT)
  -------------------------------------------------------------------    -------------------

Slack:                    inf
  Source:                 out_reg_fa_reg/C
                            (rising edge-triggered cell FDRE)
  Destination:            sum[31]
                            (output port)
  Path Group:             (none)
  Path Type:              Min at Fast Process Corner
  Data Path Delay:        2.098ns  (logic 1.258ns (59.982%)  route 0.840ns (40.018%))
  Logic Levels:           2  (FDRE=1 OBUF=1)

    Location             Delay type                Incr(ns)  Path(ns)    Netlist Resource(s)
  -------------------------------------------------------------------    -------------------
    SLICE_X0Y14          FDRE                         0.000     0.000 r  out_reg_fa_reg/C
    SLICE_X0Y14          FDRE (Prop_fdre_C_Q)         0.141     0.141 r  out_reg_fa_reg/Q
                         net (fo=1, routed)           0.840     0.981    sum_OBUF[31]
    D18                  OBUF (Prop_obuf_I_O)         1.117     2.098 r  sum_OBUF[31]_inst/O
                         net (fo=0)                   0.000     2.098    sum[31]
    D18                                                               r  sum[31] (OUT)
  -------------------------------------------------------------------    -------------------

Slack:                    inf
  Source:                 Cin
                            (input port)
  Destination:            sum[3]
                            (output port)
  Path Group:             (none)
  Path Type:              Min at Fast Process Corner
  Data Path Delay:        2.382ns  (logic 1.493ns (62.665%)  route 0.890ns (37.335%))
  Logic Levels:           3  (CARRY4=1 IBUF=1 OBUF=1)

    Location             Delay type                Incr(ns)  Path(ns)    Netlist Resource(s)
  -------------------------------------------------------------------    -------------------
    R17                                               0.000     0.000 r  Cin (IN)
                         net (fo=0)                   0.000     0.000    Cin
    R17                  IBUF (Prop_ibuf_I_O)         0.155     0.155 r  Cin_IBUF_inst/O
                         net (fo=3, routed)           0.418     0.573    adder_inst/CC_inst/Cin
    SLICE_X0Y7           CARRY4 (Prop_carry4_CYINIT_O[2])
                                                      0.167     0.740 r  adder_inst/CC_inst/CC_carry_chain_last/O[2]
                         net (fo=1, routed)           0.471     1.211    sum_OBUF[3]
    R19                  OBUF (Prop_obuf_I_O)         1.171     2.382 r  sum_OBUF[3]_inst/O
                         net (fo=0)                   0.000     2.382    sum[3]
    R19                                                               r  sum[3] (OUT)
  -------------------------------------------------------------------    -------------------





