Copyright 1986-2022 Xilinx, Inc. All Rights Reserved. Copyright 2022-2024 Advanced Micro Devices, Inc. All Rights Reserved.
---------------------------------------------------------------------------------------------------------------------------------------------------------------------------------------------------------------------------------------------
| Tool Version : Vivado v.2024.2 (lin64) Build 5239630 Fri Nov 08 22:34:34 MST 2024
| Date         : Mon Jun  9 18:02:32 2025
| Host         : abhijit-Vostro-15-3568 running 64-bit Ubuntu 20.04.6 LTS
| Command      : report_timing_summary -max_paths 10 -report_unconstrained -file mn_adder_wrapper_timing_summary_routed.rpt -pb mn_adder_wrapper_timing_summary_routed.pb -rpx mn_adder_wrapper_timing_summary_routed.rpx -warn_on_violation
| Design       : mn_adder_wrapper
| Device       : 7a200tl-ffv1156
| Speed File   : -2L  PRODUCTION 1.14 2018-01-25
| Design State : Routed
---------------------------------------------------------------------------------------------------------------------------------------------------------------------------------------------------------------------------------------------

Timing Summary Report

------------------------------------------------------------------------------------------------
| Timer Settings
| --------------
------------------------------------------------------------------------------------------------

  Enable Multi Corner Analysis               :  Yes
  Enable Pessimism Removal                   :  Yes
  Pessimism Removal Resolution               :  Nearest Common Node
  Enable Input Delay Default Clock           :  No
  Enable Preset / Clear Arcs                 :  No
  Disable Flight Delays                      :  No
  Ignore I/O Paths                           :  No
  Timing Early Launch at Borrowing Latches   :  No
  Borrow Time for Max Delay Exceptions       :  Yes
  Merge Timing Exceptions                    :  Yes
  Inter-SLR Compensation                     :  Conservative

  Corner  Analyze    Analyze    
  Name    Max Paths  Min Paths  
  ------  ---------  ---------  
  Slow    Yes        Yes        
  Fast    Yes        Yes        


------------------------------------------------------------------------------------------------
| Report Methodology
| ------------------
------------------------------------------------------------------------------------------------

Rule       Severity          Description                  Violations  
---------  ----------------  ---------------------------  ----------  
TIMING-17  Critical Warning  Non-clocked sequential cell  3           

Note: This report is based on the most recent report_methodology run and may not be up-to-date. Run report_methodology on the current design for the latest report.



check_timing report

Table of Contents
-----------------
1. checking no_clock (3)
2. checking constant_clock (0)
3. checking pulse_width_clock (0)
4. checking unconstrained_internal_endpoints (6)
5. checking no_input_delay (258)
6. checking no_output_delay (129)
7. checking multiple_clock (0)
8. checking generated_clocks (0)
9. checking loops (0)
10. checking partial_input_delay (0)
11. checking partial_output_delay (0)
12. checking latch_loops (0)

1. checking no_clock (3)
------------------------
 There are 3 register/latch pins with no clock driven by root clock pin: clk (HIGH)


2. checking constant_clock (0)
------------------------------
 There are 0 register/latch pins with constant_clock.


3. checking pulse_width_clock (0)
---------------------------------
 There are 0 register/latch pins which need pulse_width check


4. checking unconstrained_internal_endpoints (6)
------------------------------------------------
 There are 6 pins that are not constrained for maximum delay. (HIGH)

 There are 0 pins that are not constrained for maximum delay due to constant clock.


5. checking no_input_delay (258)
--------------------------------
 There are 258 input ports with no input delay specified. (HIGH)

 There are 0 input ports with no input delay but user has a false path constraint.


6. checking no_output_delay (129)
---------------------------------
 There are 129 ports with no output delay specified. (HIGH)

 There are 0 ports with no output delay but user has a false path constraint

 There are 0 ports with no output delay but with a timing clock defined on it or propagating through it


7. checking multiple_clock (0)
------------------------------
 There are 0 register/latch pins with multiple clocks.


8. checking generated_clocks (0)
--------------------------------
 There are 0 generated clocks that are not connected to a clock source.


9. checking loops (0)
---------------------
 There are 0 combinational loops in the design.


10. checking partial_input_delay (0)
------------------------------------
 There are 0 input ports with partial input delay specified.


11. checking partial_output_delay (0)
-------------------------------------
 There are 0 ports with partial output delay specified.


12. checking latch_loops (0)
----------------------------
 There are 0 combinational latch loops in the design through latch input



------------------------------------------------------------------------------------------------
| Design Timing Summary
| ---------------------
------------------------------------------------------------------------------------------------

    WNS(ns)      TNS(ns)  TNS Failing Endpoints  TNS Total Endpoints      WHS(ns)      THS(ns)  THS Failing Endpoints  THS Total Endpoints     WPWS(ns)     TPWS(ns)  TPWS Failing Endpoints  TPWS Total Endpoints  
    -------      -------  ---------------------  -------------------      -------      -------  ---------------------  -------------------     --------     --------  ----------------------  --------------------  
        inf        0.000                      0                  135          inf        0.000                      0                  135           NA           NA                      NA                    NA  


There are no user specified timing constraints.


------------------------------------------------------------------------------------------------
| Clock Summary
| -------------
------------------------------------------------------------------------------------------------


------------------------------------------------------------------------------------------------
| Intra Clock Table
| -----------------
------------------------------------------------------------------------------------------------

Clock             WNS(ns)      TNS(ns)  TNS Failing Endpoints  TNS Total Endpoints      WHS(ns)      THS(ns)  THS Failing Endpoints  THS Total Endpoints     WPWS(ns)     TPWS(ns)  TPWS Failing Endpoints  TPWS Total Endpoints  
-----             -------      -------  ---------------------  -------------------      -------      -------  ---------------------  -------------------     --------     --------  ----------------------  --------------------  


------------------------------------------------------------------------------------------------
| Inter Clock Table
| -----------------
------------------------------------------------------------------------------------------------

From Clock    To Clock          WNS(ns)      TNS(ns)  TNS Failing Endpoints  TNS Total Endpoints      WHS(ns)      THS(ns)  THS Failing Endpoints  THS Total Endpoints  
----------    --------          -------      -------  ---------------------  -------------------      -------      -------  ---------------------  -------------------  


------------------------------------------------------------------------------------------------
| Other Path Groups Table
| -----------------------
------------------------------------------------------------------------------------------------

Path Group    From Clock    To Clock          WNS(ns)      TNS(ns)  TNS Failing Endpoints  TNS Total Endpoints      WHS(ns)      THS(ns)  THS Failing Endpoints  THS Total Endpoints  
----------    ----------    --------          -------      -------  ---------------------  -------------------      -------      -------  ---------------------  -------------------  


------------------------------------------------------------------------------------------------
| User Ignored Path Table
| -----------------------
------------------------------------------------------------------------------------------------

Path Group    From Clock    To Clock    
----------    ----------    --------    


------------------------------------------------------------------------------------------------
| Unconstrained Path Table
| ------------------------
------------------------------------------------------------------------------------------------

Path Group    From Clock    To Clock    
----------    ----------    --------    
(none)                                    


------------------------------------------------------------------------------------------------
| Timing Details
| --------------
------------------------------------------------------------------------------------------------


--------------------------------------------------------------------------------------
Path Group:  (none)
From Clock:  
  To Clock:  

Max Delay           135 Endpoints
Min Delay           135 Endpoints
--------------------------------------------------------------------------------------


Max Delay Paths
--------------------------------------------------------------------------------------
Slack:                    inf
  Source:                 A[30]
                            (input port)
  Destination:            sum[119]
                            (output port)
  Path Group:             (none)
  Path Type:              Max at Slow Process Corner
  Data Path Delay:        24.714ns  (logic 6.539ns (26.460%)  route 18.174ns (73.540%))
  Logic Levels:           16  (CARRY4=12 IBUF=1 LUT6=2 OBUF=1)

    Location             Delay type                Incr(ns)  Path(ns)    Netlist Resource(s)
  -------------------------------------------------------------------    -------------------
    R6                                                0.000     0.000 r  A[30] (IN)
                         net (fo=0)                   0.000     0.000    A[30]
    R6                   IBUF (Prop_ibuf_I_O)         1.037     1.037 r  A_IBUF[30]_inst/O
                         net (fo=4, routed)           9.515    10.552    adder_inst/CC_inst/CC_lut30/I0
    SLICE_X0Y10          LUT6 (Prop_lut6_I0_O)        0.148    10.700 r  adder_inst/CC_inst/CC_lut30/LUT6/O
                         net (fo=1, routed)           0.000    10.700    adder_inst/CC_inst/group_propagate[15]
    SLICE_X0Y10          CARRY4 (Prop_carry4_S[3]_CO[3])
                                                      0.474    11.174 r  adder_inst/CC_inst/CC_carry4_3/CO[3]
                         net (fo=3, routed)           0.000    11.174    adder_inst/CC_inst/group_carry[15]
    SLICE_X0Y11          CARRY4 (Prop_carry4_CI_CO[3])
                                                      0.139    11.313 r  adder_inst/CC_inst/CC_carry4_4/CO[3]
                         net (fo=3, routed)           0.000    11.313    adder_inst/CC_inst/group_carry[19]
    SLICE_X0Y12          CARRY4 (Prop_carry4_CI_CO[3])
                                                      0.139    11.452 r  adder_inst/CC_inst/CC_carry4_5/CO[3]
                         net (fo=3, routed)           0.000    11.452    adder_inst/CC_inst/group_carry[23]
    SLICE_X0Y13          CARRY4 (Prop_carry4_CI_CO[3])
                                                      0.139    11.591 r  adder_inst/CC_inst/CC_carry4_6/CO[3]
                         net (fo=3, routed)           0.000    11.591    adder_inst/CC_inst/group_carry[27]
    SLICE_X0Y14          CARRY4 (Prop_carry4_CI_CO[3])
                                                      0.139    11.730 r  adder_inst/CC_inst/CC_carry4_7/CO[3]
                         net (fo=3, routed)           0.000    11.730    adder_inst/CC_inst/group_carry[31]
    SLICE_X0Y15          CARRY4 (Prop_carry4_CI_CO[3])
                                                      0.139    11.869 r  adder_inst/CC_inst/CC_carry4_8/CO[3]
                         net (fo=3, routed)           0.000    11.869    adder_inst/CC_inst/group_carry[35]
    SLICE_X0Y16          CARRY4 (Prop_carry4_CI_CO[3])
                                                      0.139    12.008 r  adder_inst/CC_inst/CC_carry4_9/CO[3]
                         net (fo=3, routed)           0.000    12.008    adder_inst/CC_inst/group_carry[39]
    SLICE_X0Y17          CARRY4 (Prop_carry4_CI_CO[3])
                                                      0.139    12.147 r  adder_inst/CC_inst/CC_carry4_10/CO[3]
                         net (fo=3, routed)           0.000    12.147    adder_inst/CC_inst/group_carry[43]
    SLICE_X0Y18          CARRY4 (Prop_carry4_CI_CO[3])
                                                      0.139    12.286 r  adder_inst/CC_inst/CC_carry4_11/CO[3]
                         net (fo=3, routed)           0.000    12.286    adder_inst/CC_inst/group_carry[47]
    SLICE_X0Y19          CARRY4 (Prop_carry4_CI_CO[3])
                                                      0.139    12.425 r  adder_inst/CC_inst/CC_carry4_12/CO[3]
                         net (fo=3, routed)           0.000    12.425    adder_inst/CC_inst/group_carry[51]
    SLICE_X0Y20          CARRY4 (Prop_carry4_CI_CO[3])
                                                      0.139    12.564 r  adder_inst/CC_inst/CC_carry4_13/CO[3]
                         net (fo=3, routed)           0.000    12.564    adder_inst/CC_inst/group_carry[55]
    SLICE_X0Y21          CARRY4 (Prop_carry4_CI_CO[2])
                                                      0.277    12.841 r  adder_inst/CC_inst/CC_carry4_14/CO[2]
                         net (fo=2, routed)           0.387    13.228    adder_inst/compressed_adder_inst/So_lut_59/I4
    SLICE_X1Y21          LUT6 (Prop_lut6_I4_O)        0.364    13.592 r  adder_inst/compressed_adder_inst/So_lut_59/LUT6/O
                         net (fo=1, routed)           8.273    21.864    sum_OBUF[119]
    N24                  OBUF (Prop_obuf_I_O)         2.849    24.714 r  sum_OBUF[119]_inst/O
                         net (fo=0)                   0.000    24.714    sum[119]
    N24                                                               r  sum[119] (OUT)
  -------------------------------------------------------------------    -------------------

Slack:                    inf
  Source:                 A[18]
                            (input port)
  Destination:            sum[20]
                            (output port)
  Path Group:             (none)
  Path Type:              Max at Slow Process Corner
  Data Path Delay:        24.633ns  (logic 5.319ns (21.592%)  route 19.314ns (78.408%))
  Logic Levels:           5  (CARRY4=1 IBUF=1 LUT5=1 LUT6=1 OBUF=1)

    Location             Delay type                Incr(ns)  Path(ns)    Netlist Resource(s)
  -------------------------------------------------------------------    -------------------
    R8                                                0.000     0.000 r  A[18] (IN)
                         net (fo=0)                   0.000     0.000    A[18]
    R8                   IBUF (Prop_ibuf_I_O)         1.011     1.011 r  A_IBUF[18]_inst/O
                         net (fo=4, routed)           9.208    10.219    adder_inst/CC_inst/CC_lut18/I0
    SLICE_X0Y9           LUT6 (Prop_lut6_I0_O)        0.148    10.367 r  adder_inst/CC_inst/CC_lut18/LUT6/O
                         net (fo=1, routed)           0.000    10.367    adder_inst/CC_inst/group_propagate[9]
    SLICE_X0Y9           CARRY4 (Prop_carry4_S[1]_CO[1])
                                                      0.602    10.969 r  adder_inst/CC_inst/CC_carry4_2/CO[1]
                         net (fo=2, routed)           0.726    11.695    adder_inst/compressed_adder_inst/So_lut_10/I4
    SLICE_X1Y9           LUT5 (Prop_lut5_I4_O)        0.397    12.092 r  adder_inst/compressed_adder_inst/So_lut_10/LUT5/O
                         net (fo=1, routed)           9.381    21.473    sum_OBUF[20]
    AH1                  OBUF (Prop_obuf_I_O)         3.161    24.633 r  sum_OBUF[20]_inst/O
                         net (fo=0)                   0.000    24.633    sum[20]
    AH1                                                               r  sum[20] (OUT)
  -------------------------------------------------------------------    -------------------

Slack:                    inf
  Source:                 A[30]
                            (input port)
  Destination:            sum[82]
                            (output port)
  Path Group:             (none)
  Path Type:              Max at Slow Process Corner
  Data Path Delay:        24.511ns  (logic 6.386ns (26.055%)  route 18.125ns (73.945%))
  Logic Levels:           12  (CARRY4=8 IBUF=1 LUT5=1 LUT6=1 OBUF=1)

    Location             Delay type                Incr(ns)  Path(ns)    Netlist Resource(s)
  -------------------------------------------------------------------    -------------------
    R6                                                0.000     0.000 r  A[30] (IN)
                         net (fo=0)                   0.000     0.000    A[30]
    R6                   IBUF (Prop_ibuf_I_O)         1.037     1.037 r  A_IBUF[30]_inst/O
                         net (fo=4, routed)           9.515    10.552    adder_inst/CC_inst/CC_lut30/I0
    SLICE_X0Y10          LUT6 (Prop_lut6_I0_O)        0.148    10.700 r  adder_inst/CC_inst/CC_lut30/LUT6/O
                         net (fo=1, routed)           0.000    10.700    adder_inst/CC_inst/group_propagate[15]
    SLICE_X0Y10          CARRY4 (Prop_carry4_S[3]_CO[3])
                                                      0.474    11.174 r  adder_inst/CC_inst/CC_carry4_3/CO[3]
                         net (fo=3, routed)           0.000    11.174    adder_inst/CC_inst/group_carry[15]
    SLICE_X0Y11          CARRY4 (Prop_carry4_CI_CO[3])
                                                      0.139    11.313 r  adder_inst/CC_inst/CC_carry4_4/CO[3]
                         net (fo=3, routed)           0.000    11.313    adder_inst/CC_inst/group_carry[19]
    SLICE_X0Y12          CARRY4 (Prop_carry4_CI_CO[3])
                                                      0.139    11.452 r  adder_inst/CC_inst/CC_carry4_5/CO[3]
                         net (fo=3, routed)           0.000    11.452    adder_inst/CC_inst/group_carry[23]
    SLICE_X0Y13          CARRY4 (Prop_carry4_CI_CO[3])
                                                      0.139    11.591 r  adder_inst/CC_inst/CC_carry4_6/CO[3]
                         net (fo=3, routed)           0.000    11.591    adder_inst/CC_inst/group_carry[27]
    SLICE_X0Y14          CARRY4 (Prop_carry4_CI_CO[3])
                                                      0.139    11.730 r  adder_inst/CC_inst/CC_carry4_7/CO[3]
                         net (fo=3, routed)           0.000    11.730    adder_inst/CC_inst/group_carry[31]
    SLICE_X0Y15          CARRY4 (Prop_carry4_CI_CO[3])
                                                      0.139    11.869 r  adder_inst/CC_inst/CC_carry4_8/CO[3]
                         net (fo=3, routed)           0.000    11.869    adder_inst/CC_inst/group_carry[35]
    SLICE_X0Y16          CARRY4 (Prop_carry4_CI_CO[3])
                                                      0.139    12.008 r  adder_inst/CC_inst/CC_carry4_9/CO[3]
                         net (fo=3, routed)           0.000    12.008    adder_inst/CC_inst/group_carry[39]
    SLICE_X0Y17          CARRY4 (Prop_carry4_CI_CO[0])
                                                      0.322    12.330 r  adder_inst/CC_inst/CC_carry4_10/CO[0]
                         net (fo=2, routed)           0.653    12.983    adder_inst/compressed_adder_inst/So_lut_41/I4
    SLICE_X1Y17          LUT5 (Prop_lut5_I4_O)        0.450    13.433 r  adder_inst/compressed_adder_inst/So_lut_41/LUT5/O
                         net (fo=1, routed)           7.957    21.390    sum_OBUF[82]
    U34                  OBUF (Prop_obuf_I_O)         3.121    24.511 r  sum_OBUF[82]_inst/O
                         net (fo=0)                   0.000    24.511    sum[82]
    U34                                                               r  sum[82] (OUT)
  -------------------------------------------------------------------    -------------------

Slack:                    inf
  Source:                 A[18]
                            (input port)
  Destination:            sum[25]
                            (output port)
  Path Group:             (none)
  Path Type:              Max at Slow Process Corner
  Data Path Delay:        24.468ns  (logic 4.869ns (19.899%)  route 19.599ns (80.101%))
  Logic Levels:           5  (CARRY4=1 IBUF=1 LUT6=2 OBUF=1)

    Location             Delay type                Incr(ns)  Path(ns)    Netlist Resource(s)
  -------------------------------------------------------------------    -------------------
    R8                                                0.000     0.000 r  A[18] (IN)
                         net (fo=0)                   0.000     0.000    A[18]
    R8                   IBUF (Prop_ibuf_I_O)         1.011     1.011 r  A_IBUF[18]_inst/O
                         net (fo=4, routed)           9.208    10.219    adder_inst/CC_inst/CC_lut18/I0
    SLICE_X0Y9           LUT6 (Prop_lut6_I0_O)        0.148    10.367 r  adder_inst/CC_inst/CC_lut18/LUT6/O
                         net (fo=1, routed)           0.000    10.367    adder_inst/CC_inst/group_propagate[9]
    SLICE_X0Y9           CARRY4 (Prop_carry4_S[1]_CO[3])
                                                      0.653    11.020 r  adder_inst/CC_inst/CC_carry4_2/CO[3]
                         net (fo=3, routed)           1.200    12.219    adder_inst/compressed_adder_inst/So_lut_12/I4
    SLICE_X1Y9           LUT6 (Prop_lut6_I4_O)        0.148    12.367 r  adder_inst/compressed_adder_inst/So_lut_12/LUT6/O
                         net (fo=1, routed)           9.192    21.559    sum_OBUF[25]
    AC11                 OBUF (Prop_obuf_I_O)         2.908    24.468 r  sum_OBUF[25]_inst/O
                         net (fo=0)                   0.000    24.468    sum[25]
    AC11                                                              r  sum[25] (OUT)
  -------------------------------------------------------------------    -------------------

Slack:                    inf
  Source:                 A[30]
                            (input port)
  Destination:            sum[122]
                            (output port)
  Path Group:             (none)
  Path Type:              Max at Slow Process Corner
  Data Path Delay:        24.423ns  (logic 7.036ns (28.809%)  route 17.387ns (71.191%))
  Logic Levels:           17  (CARRY4=13 IBUF=1 LUT5=1 LUT6=1 OBUF=1)

    Location             Delay type                Incr(ns)  Path(ns)    Netlist Resource(s)
  -------------------------------------------------------------------    -------------------
    R6                                                0.000     0.000 r  A[30] (IN)
                         net (fo=0)                   0.000     0.000    A[30]
    R6                   IBUF (Prop_ibuf_I_O)         1.037     1.037 r  A_IBUF[30]_inst/O
                         net (fo=4, routed)           9.515    10.552    adder_inst/CC_inst/CC_lut30/I0
    SLICE_X0Y10          LUT6 (Prop_lut6_I0_O)        0.148    10.700 r  adder_inst/CC_inst/CC_lut30/LUT6/O
                         net (fo=1, routed)           0.000    10.700    adder_inst/CC_inst/group_propagate[15]
    SLICE_X0Y10          CARRY4 (Prop_carry4_S[3]_CO[3])
                                                      0.474    11.174 r  adder_inst/CC_inst/CC_carry4_3/CO[3]
                         net (fo=3, routed)           0.000    11.174    adder_inst/CC_inst/group_carry[15]
    SLICE_X0Y11          CARRY4 (Prop_carry4_CI_CO[3])
                                                      0.139    11.313 r  adder_inst/CC_inst/CC_carry4_4/CO[3]
                         net (fo=3, routed)           0.000    11.313    adder_inst/CC_inst/group_carry[19]
    SLICE_X0Y12          CARRY4 (Prop_carry4_CI_CO[3])
                                                      0.139    11.452 r  adder_inst/CC_inst/CC_carry4_5/CO[3]
                         net (fo=3, routed)           0.000    11.452    adder_inst/CC_inst/group_carry[23]
    SLICE_X0Y13          CARRY4 (Prop_carry4_CI_CO[3])
                                                      0.139    11.591 r  adder_inst/CC_inst/CC_carry4_6/CO[3]
                         net (fo=3, routed)           0.000    11.591    adder_inst/CC_inst/group_carry[27]
    SLICE_X0Y14          CARRY4 (Prop_carry4_CI_CO[3])
                                                      0.139    11.730 r  adder_inst/CC_inst/CC_carry4_7/CO[3]
                         net (fo=3, routed)           0.000    11.730    adder_inst/CC_inst/group_carry[31]
    SLICE_X0Y15          CARRY4 (Prop_carry4_CI_CO[3])
                                                      0.139    11.869 r  adder_inst/CC_inst/CC_carry4_8/CO[3]
                         net (fo=3, routed)           0.000    11.869    adder_inst/CC_inst/group_carry[35]
    SLICE_X0Y16          CARRY4 (Prop_carry4_CI_CO[3])
                                                      0.139    12.008 r  adder_inst/CC_inst/CC_carry4_9/CO[3]
                         net (fo=3, routed)           0.000    12.008    adder_inst/CC_inst/group_carry[39]
    SLICE_X0Y17          CARRY4 (Prop_carry4_CI_CO[3])
                                                      0.139    12.147 r  adder_inst/CC_inst/CC_carry4_10/CO[3]
                         net (fo=3, routed)           0.000    12.147    adder_inst/CC_inst/group_carry[43]
    SLICE_X0Y18          CARRY4 (Prop_carry4_CI_CO[3])
                                                      0.139    12.286 r  adder_inst/CC_inst/CC_carry4_11/CO[3]
                         net (fo=3, routed)           0.000    12.286    adder_inst/CC_inst/group_carry[47]
    SLICE_X0Y19          CARRY4 (Prop_carry4_CI_CO[3])
                                                      0.139    12.425 r  adder_inst/CC_inst/CC_carry4_12/CO[3]
                         net (fo=3, routed)           0.000    12.425    adder_inst/CC_inst/group_carry[51]
    SLICE_X0Y20          CARRY4 (Prop_carry4_CI_CO[3])
                                                      0.139    12.564 r  adder_inst/CC_inst/CC_carry4_13/CO[3]
                         net (fo=3, routed)           0.000    12.564    adder_inst/CC_inst/group_carry[55]
    SLICE_X0Y21          CARRY4 (Prop_carry4_CI_CO[3])
                                                      0.139    12.703 r  adder_inst/CC_inst/CC_carry4_14/CO[3]
                         net (fo=3, routed)           0.000    12.703    adder_inst/CC_inst/group_carry[59]
    SLICE_X0Y22          CARRY4 (Prop_carry4_CI_CO[0])
                                                      0.322    13.025 r  adder_inst/CC_inst/CC_carry_chain_last/CO[0]
                         net (fo=2, routed)           0.653    13.678    adder_inst/compressed_adder_inst/So_lut_61/I4
    SLICE_X1Y22          LUT5 (Prop_lut5_I4_O)        0.450    14.128 r  adder_inst/compressed_adder_inst/So_lut_61/LUT5/O
                         net (fo=1, routed)           7.219    21.347    sum_OBUF[122]
    U25                  OBUF (Prop_obuf_I_O)         3.076    24.423 r  sum_OBUF[122]_inst/O
                         net (fo=0)                   0.000    24.423    sum[122]
    U25                                                               r  sum[122] (OUT)
  -------------------------------------------------------------------    -------------------

Slack:                    inf
  Source:                 A[18]
                            (input port)
  Destination:            sum[21]
                            (output port)
  Path Group:             (none)
  Path Type:              Max at Slow Process Corner
  Data Path Delay:        24.216ns  (logic 5.085ns (20.998%)  route 19.131ns (79.002%))
  Logic Levels:           5  (CARRY4=1 IBUF=1 LUT6=2 OBUF=1)

    Location             Delay type                Incr(ns)  Path(ns)    Netlist Resource(s)
  -------------------------------------------------------------------    -------------------
    R8                                                0.000     0.000 r  A[18] (IN)
                         net (fo=0)                   0.000     0.000    A[18]
    R8                   IBUF (Prop_ibuf_I_O)         1.011     1.011 r  A_IBUF[18]_inst/O
                         net (fo=4, routed)           9.208    10.219    adder_inst/CC_inst/CC_lut18/I0
    SLICE_X0Y9           LUT6 (Prop_lut6_I0_O)        0.148    10.367 r  adder_inst/CC_inst/CC_lut18/LUT6/O
                         net (fo=1, routed)           0.000    10.367    adder_inst/CC_inst/group_propagate[9]
    SLICE_X0Y9           CARRY4 (Prop_carry4_S[1]_CO[1])
                                                      0.602    10.969 r  adder_inst/CC_inst/CC_carry4_2/CO[1]
                         net (fo=2, routed)           0.726    11.695    adder_inst/compressed_adder_inst/So_lut_10/I4
    SLICE_X1Y9           LUT6 (Prop_lut6_I4_O)        0.389    12.084 r  adder_inst/compressed_adder_inst/So_lut_10/LUT6/O
                         net (fo=1, routed)           9.198    21.282    sum_OBUF[21]
    AG1                  OBUF (Prop_obuf_I_O)         2.934    24.216 r  sum_OBUF[21]_inst/O
                         net (fo=0)                   0.000    24.216    sum[21]
    AG1                                                               r  sum[21] (OUT)
  -------------------------------------------------------------------    -------------------

Slack:                    inf
  Source:                 A[30]
                            (input port)
  Destination:            sum[112]
                            (output port)
  Path Group:             (none)
  Path Type:              Max at Slow Process Corner
  Data Path Delay:        24.060ns  (logic 6.282ns (26.108%)  route 17.779ns (73.892%))
  Logic Levels:           15  (CARRY4=11 IBUF=1 LUT5=1 LUT6=1 OBUF=1)

    Location             Delay type                Incr(ns)  Path(ns)    Netlist Resource(s)
  -------------------------------------------------------------------    -------------------
    R6                                                0.000     0.000 r  A[30] (IN)
                         net (fo=0)                   0.000     0.000    A[30]
    R6                   IBUF (Prop_ibuf_I_O)         1.037     1.037 r  A_IBUF[30]_inst/O
                         net (fo=4, routed)           9.515    10.552    adder_inst/CC_inst/CC_lut30/I0
    SLICE_X0Y10          LUT6 (Prop_lut6_I0_O)        0.148    10.700 r  adder_inst/CC_inst/CC_lut30/LUT6/O
                         net (fo=1, routed)           0.000    10.700    adder_inst/CC_inst/group_propagate[15]
    SLICE_X0Y10          CARRY4 (Prop_carry4_S[3]_CO[3])
                                                      0.474    11.174 r  adder_inst/CC_inst/CC_carry4_3/CO[3]
                         net (fo=3, routed)           0.000    11.174    adder_inst/CC_inst/group_carry[15]
    SLICE_X0Y11          CARRY4 (Prop_carry4_CI_CO[3])
                                                      0.139    11.313 r  adder_inst/CC_inst/CC_carry4_4/CO[3]
                         net (fo=3, routed)           0.000    11.313    adder_inst/CC_inst/group_carry[19]
    SLICE_X0Y12          CARRY4 (Prop_carry4_CI_CO[3])
                                                      0.139    11.452 r  adder_inst/CC_inst/CC_carry4_5/CO[3]
                         net (fo=3, routed)           0.000    11.452    adder_inst/CC_inst/group_carry[23]
    SLICE_X0Y13          CARRY4 (Prop_carry4_CI_CO[3])
                                                      0.139    11.591 r  adder_inst/CC_inst/CC_carry4_6/CO[3]
                         net (fo=3, routed)           0.000    11.591    adder_inst/CC_inst/group_carry[27]
    SLICE_X0Y14          CARRY4 (Prop_carry4_CI_CO[3])
                                                      0.139    11.730 r  adder_inst/CC_inst/CC_carry4_7/CO[3]
                         net (fo=3, routed)           0.000    11.730    adder_inst/CC_inst/group_carry[31]
    SLICE_X0Y15          CARRY4 (Prop_carry4_CI_CO[3])
                                                      0.139    11.869 r  adder_inst/CC_inst/CC_carry4_8/CO[3]
                         net (fo=3, routed)           0.000    11.869    adder_inst/CC_inst/group_carry[35]
    SLICE_X0Y16          CARRY4 (Prop_carry4_CI_CO[3])
                                                      0.139    12.008 r  adder_inst/CC_inst/CC_carry4_9/CO[3]
                         net (fo=3, routed)           0.000    12.008    adder_inst/CC_inst/group_carry[39]
    SLICE_X0Y17          CARRY4 (Prop_carry4_CI_CO[3])
                                                      0.139    12.147 r  adder_inst/CC_inst/CC_carry4_10/CO[3]
                         net (fo=3, routed)           0.000    12.147    adder_inst/CC_inst/group_carry[43]
    SLICE_X0Y18          CARRY4 (Prop_carry4_CI_CO[3])
                                                      0.139    12.286 r  adder_inst/CC_inst/CC_carry4_11/CO[3]
                         net (fo=3, routed)           0.000    12.286    adder_inst/CC_inst/group_carry[47]
    SLICE_X0Y19          CARRY4 (Prop_carry4_CI_CO[3])
                                                      0.139    12.425 r  adder_inst/CC_inst/CC_carry4_12/CO[3]
                         net (fo=3, routed)           0.000    12.425    adder_inst/CC_inst/group_carry[51]
    SLICE_X0Y20          CARRY4 (Prop_carry4_CI_CO[3])
                                                      0.139    12.564 r  adder_inst/CC_inst/CC_carry4_13/CO[3]
                         net (fo=3, routed)           1.203    13.767    adder_inst/compressed_adder_inst/So_lut_56/I4
    SLICE_X1Y20          LUT5 (Prop_lut5_I4_O)        0.153    13.920 r  adder_inst/compressed_adder_inst/So_lut_56/LUT5/O
                         net (fo=1, routed)           7.061    20.981    sum_OBUF[112]
    N27                  OBUF (Prop_obuf_I_O)         3.079    24.060 r  sum_OBUF[112]_inst/O
                         net (fo=0)                   0.000    24.060    sum[112]
    N27                                                               r  sum[112] (OUT)
  -------------------------------------------------------------------    -------------------

Slack:                    inf
  Source:                 A[13]
                            (input port)
  Destination:            sum[18]
                            (output port)
  Path Group:             (none)
  Path Type:              Max at Slow Process Corner
  Data Path Delay:        23.982ns  (logic 5.543ns (23.114%)  route 18.439ns (76.886%))
  Logic Levels:           6  (CARRY4=2 IBUF=1 LUT5=1 LUT6=1 OBUF=1)

    Location             Delay type                Incr(ns)  Path(ns)    Netlist Resource(s)
  -------------------------------------------------------------------    -------------------
    T10                                               0.000     0.000 r  A[13] (IN)
                         net (fo=0)                   0.000     0.000    A[13]
    T10                  IBUF (Prop_ibuf_I_O)         1.005     1.005 r  A_IBUF[13]_inst/O
                         net (fo=4, routed)           8.949     9.954    adder_inst/CC_inst/CC_lut12/I2
    SLICE_X0Y8           LUT6 (Prop_lut6_I2_O)        0.148    10.102 r  adder_inst/CC_inst/CC_lut12/LUT6/O
                         net (fo=1, routed)           0.000    10.102    adder_inst/CC_inst/group_propagate[6]
    SLICE_X0Y8           CARRY4 (Prop_carry4_S[2]_CO[3])
                                                      0.472    10.574 r  adder_inst/CC_inst/CC_carry4_1/CO[3]
                         net (fo=3, routed)           0.000    10.574    adder_inst/CC_inst/group_carry[7]
    SLICE_X0Y9           CARRY4 (Prop_carry4_CI_CO[0])
                                                      0.322    10.896 r  adder_inst/CC_inst/CC_carry4_2/CO[0]
                         net (fo=2, routed)           0.423    11.318    adder_inst/compressed_adder_inst/So_lut_9/I4
    SLICE_X1Y9           LUT5 (Prop_lut5_I4_O)        0.447    11.765 r  adder_inst/compressed_adder_inst/So_lut_9/LUT5/O
                         net (fo=1, routed)           9.068    20.833    sum_OBUF[18]
    AE1                  OBUF (Prop_obuf_I_O)         3.150    23.982 r  sum_OBUF[18]_inst/O
                         net (fo=0)                   0.000    23.982    sum[18]
    AE1                                                               r  sum[18] (OUT)
  -------------------------------------------------------------------    -------------------

Slack:                    inf
  Source:                 A[30]
                            (input port)
  Destination:            sum[109]
                            (output port)
  Path Group:             (none)
  Path Type:              Max at Slow Process Corner
  Data Path Delay:        23.954ns  (logic 6.359ns (26.545%)  route 17.596ns (73.455%))
  Logic Levels:           15  (CARRY4=11 IBUF=1 LUT6=2 OBUF=1)

    Location             Delay type                Incr(ns)  Path(ns)    Netlist Resource(s)
  -------------------------------------------------------------------    -------------------
    R6                                                0.000     0.000 r  A[30] (IN)
                         net (fo=0)                   0.000     0.000    A[30]
    R6                   IBUF (Prop_ibuf_I_O)         1.037     1.037 r  A_IBUF[30]_inst/O
                         net (fo=4, routed)           9.515    10.552    adder_inst/CC_inst/CC_lut30/I0
    SLICE_X0Y10          LUT6 (Prop_lut6_I0_O)        0.148    10.700 r  adder_inst/CC_inst/CC_lut30/LUT6/O
                         net (fo=1, routed)           0.000    10.700    adder_inst/CC_inst/group_propagate[15]
    SLICE_X0Y10          CARRY4 (Prop_carry4_S[3]_CO[3])
                                                      0.474    11.174 r  adder_inst/CC_inst/CC_carry4_3/CO[3]
                         net (fo=3, routed)           0.000    11.174    adder_inst/CC_inst/group_carry[15]
    SLICE_X0Y11          CARRY4 (Prop_carry4_CI_CO[3])
                                                      0.139    11.313 r  adder_inst/CC_inst/CC_carry4_4/CO[3]
                         net (fo=3, routed)           0.000    11.313    adder_inst/CC_inst/group_carry[19]
    SLICE_X0Y12          CARRY4 (Prop_carry4_CI_CO[3])
                                                      0.139    11.452 r  adder_inst/CC_inst/CC_carry4_5/CO[3]
                         net (fo=3, routed)           0.000    11.452    adder_inst/CC_inst/group_carry[23]
    SLICE_X0Y13          CARRY4 (Prop_carry4_CI_CO[3])
                                                      0.139    11.591 r  adder_inst/CC_inst/CC_carry4_6/CO[3]
                         net (fo=3, routed)           0.000    11.591    adder_inst/CC_inst/group_carry[27]
    SLICE_X0Y14          CARRY4 (Prop_carry4_CI_CO[3])
                                                      0.139    11.730 r  adder_inst/CC_inst/CC_carry4_7/CO[3]
                         net (fo=3, routed)           0.000    11.730    adder_inst/CC_inst/group_carry[31]
    SLICE_X0Y15          CARRY4 (Prop_carry4_CI_CO[3])
                                                      0.139    11.869 r  adder_inst/CC_inst/CC_carry4_8/CO[3]
                         net (fo=3, routed)           0.000    11.869    adder_inst/CC_inst/group_carry[35]
    SLICE_X0Y16          CARRY4 (Prop_carry4_CI_CO[3])
                                                      0.139    12.008 r  adder_inst/CC_inst/CC_carry4_9/CO[3]
                         net (fo=3, routed)           0.000    12.008    adder_inst/CC_inst/group_carry[39]
    SLICE_X0Y17          CARRY4 (Prop_carry4_CI_CO[3])
                                                      0.139    12.147 r  adder_inst/CC_inst/CC_carry4_10/CO[3]
                         net (fo=3, routed)           0.000    12.147    adder_inst/CC_inst/group_carry[43]
    SLICE_X0Y18          CARRY4 (Prop_carry4_CI_CO[3])
                                                      0.139    12.286 r  adder_inst/CC_inst/CC_carry4_11/CO[3]
                         net (fo=3, routed)           0.000    12.286    adder_inst/CC_inst/group_carry[47]
    SLICE_X0Y19          CARRY4 (Prop_carry4_CI_CO[3])
                                                      0.139    12.425 r  adder_inst/CC_inst/CC_carry4_12/CO[3]
                         net (fo=3, routed)           0.000    12.425    adder_inst/CC_inst/group_carry[51]
    SLICE_X0Y20          CARRY4 (Prop_carry4_CI_CO[1])
                                                      0.188    12.613 r  adder_inst/CC_inst/CC_carry4_13/CO[1]
                         net (fo=2, routed)           0.728    13.341    adder_inst/compressed_adder_inst/So_lut_54/I4
    SLICE_X1Y20          LUT6 (Prop_lut6_I4_O)        0.389    13.730 r  adder_inst/compressed_adder_inst/So_lut_54/LUT6/O
                         net (fo=1, routed)           7.353    21.083    sum_OBUF[109]
    R28                  OBUF (Prop_obuf_I_O)         2.872    23.954 r  sum_OBUF[109]_inst/O
                         net (fo=0)                   0.000    23.954    sum[109]
    R28                                                               r  sum[109] (OUT)
  -------------------------------------------------------------------    -------------------

Slack:                    inf
  Source:                 A[30]
                            (input port)
  Destination:            sum[114]
                            (output port)
  Path Group:             (none)
  Path Type:              Max at Slow Process Corner
  Data Path Delay:        23.914ns  (logic 6.891ns (28.817%)  route 17.023ns (71.183%))
  Logic Levels:           16  (CARRY4=12 IBUF=1 LUT5=1 LUT6=1 OBUF=1)

    Location             Delay type                Incr(ns)  Path(ns)    Netlist Resource(s)
  -------------------------------------------------------------------    -------------------
    R6                                                0.000     0.000 r  A[30] (IN)
                         net (fo=0)                   0.000     0.000    A[30]
    R6                   IBUF (Prop_ibuf_I_O)         1.037     1.037 r  A_IBUF[30]_inst/O
                         net (fo=4, routed)           9.515    10.552    adder_inst/CC_inst/CC_lut30/I0
    SLICE_X0Y10          LUT6 (Prop_lut6_I0_O)        0.148    10.700 r  adder_inst/CC_inst/CC_lut30/LUT6/O
                         net (fo=1, routed)           0.000    10.700    adder_inst/CC_inst/group_propagate[15]
    SLICE_X0Y10          CARRY4 (Prop_carry4_S[3]_CO[3])
                                                      0.474    11.174 r  adder_inst/CC_inst/CC_carry4_3/CO[3]
                         net (fo=3, routed)           0.000    11.174    adder_inst/CC_inst/group_carry[15]
    SLICE_X0Y11          CARRY4 (Prop_carry4_CI_CO[3])
                                                      0.139    11.313 r  adder_inst/CC_inst/CC_carry4_4/CO[3]
                         net (fo=3, routed)           0.000    11.313    adder_inst/CC_inst/group_carry[19]
    SLICE_X0Y12          CARRY4 (Prop_carry4_CI_CO[3])
                                                      0.139    11.452 r  adder_inst/CC_inst/CC_carry4_5/CO[3]
                         net (fo=3, routed)           0.000    11.452    adder_inst/CC_inst/group_carry[23]
    SLICE_X0Y13          CARRY4 (Prop_carry4_CI_CO[3])
                                                      0.139    11.591 r  adder_inst/CC_inst/CC_carry4_6/CO[3]
                         net (fo=3, routed)           0.000    11.591    adder_inst/CC_inst/group_carry[27]
    SLICE_X0Y14          CARRY4 (Prop_carry4_CI_CO[3])
                                                      0.139    11.730 r  adder_inst/CC_inst/CC_carry4_7/CO[3]
                         net (fo=3, routed)           0.000    11.730    adder_inst/CC_inst/group_carry[31]
    SLICE_X0Y15          CARRY4 (Prop_carry4_CI_CO[3])
                                                      0.139    11.869 r  adder_inst/CC_inst/CC_carry4_8/CO[3]
                         net (fo=3, routed)           0.000    11.869    adder_inst/CC_inst/group_carry[35]
    SLICE_X0Y16          CARRY4 (Prop_carry4_CI_CO[3])
                                                      0.139    12.008 r  adder_inst/CC_inst/CC_carry4_9/CO[3]
                         net (fo=3, routed)           0.000    12.008    adder_inst/CC_inst/group_carry[39]
    SLICE_X0Y17          CARRY4 (Prop_carry4_CI_CO[3])
                                                      0.139    12.147 r  adder_inst/CC_inst/CC_carry4_10/CO[3]
                         net (fo=3, routed)           0.000    12.147    adder_inst/CC_inst/group_carry[43]
    SLICE_X0Y18          CARRY4 (Prop_carry4_CI_CO[3])
                                                      0.139    12.286 r  adder_inst/CC_inst/CC_carry4_11/CO[3]
                         net (fo=3, routed)           0.000    12.286    adder_inst/CC_inst/group_carry[47]
    SLICE_X0Y19          CARRY4 (Prop_carry4_CI_CO[3])
                                                      0.139    12.425 r  adder_inst/CC_inst/CC_carry4_12/CO[3]
                         net (fo=3, routed)           0.000    12.425    adder_inst/CC_inst/group_carry[51]
    SLICE_X0Y20          CARRY4 (Prop_carry4_CI_CO[3])
                                                      0.139    12.564 r  adder_inst/CC_inst/CC_carry4_13/CO[3]
                         net (fo=3, routed)           0.000    12.564    adder_inst/CC_inst/group_carry[55]
    SLICE_X0Y21          CARRY4 (Prop_carry4_CI_CO[0])
                                                      0.322    12.886 r  adder_inst/CC_inst/CC_carry4_14/CO[0]
                         net (fo=2, routed)           0.651    13.537    adder_inst/compressed_adder_inst/So_lut_57/I4
    SLICE_X1Y21          LUT5 (Prop_lut5_I4_O)        0.450    13.987 r  adder_inst/compressed_adder_inst/So_lut_57/LUT5/O
                         net (fo=1, routed)           6.857    20.844    sum_OBUF[114]
    T27                  OBUF (Prop_obuf_I_O)         3.070    23.914 r  sum_OBUF[114]_inst/O
                         net (fo=0)                   0.000    23.914    sum[114]
    T27                                                               r  sum[114] (OUT)
  -------------------------------------------------------------------    -------------------





Min Delay Paths
--------------------------------------------------------------------------------------
Slack:                    inf
  Source:                 rst
                            (input port)
  Destination:            out_reg_So_reg/R
  Path Group:             (none)
  Path Type:              Min at Fast Process Corner
  Data Path Delay:        1.027ns  (logic 0.474ns (46.177%)  route 0.553ns (53.823%))
  Logic Levels:           1  (IBUF=1)

    Location             Delay type                Incr(ns)  Path(ns)    Netlist Resource(s)
  -------------------------------------------------------------------    -------------------
    AD23                                              0.000     0.000 r  rst (IN)
                         net (fo=0)                   0.000     0.000    rst
    AD23                 IBUF (Prop_ibuf_I_O)         0.474     0.474 r  rst_IBUF_inst/O
                         net (fo=3, routed)           0.553     1.027    rst_IBUF
    SLICE_X0Y93          FDRE                                         r  out_reg_So_reg/R
  -------------------------------------------------------------------    -------------------

Slack:                    inf
  Source:                 A[116]
                            (input port)
  Destination:            out_reg_fa_reg/D
  Path Group:             (none)
  Path Type:              Min at Fast Process Corner
  Data Path Delay:        2.038ns  (logic 0.742ns (36.410%)  route 1.296ns (63.590%))
  Logic Levels:           5  (CARRY4=3 IBUF=1 LUT5=1)

    Location             Delay type                Incr(ns)  Path(ns)    Netlist Resource(s)
  -------------------------------------------------------------------    -------------------
    AC24                                              0.000     0.000 r  A[116] (IN)
                         net (fo=0)                   0.000     0.000    A[116]
    AC24                 IBUF (Prop_ibuf_I_O)         0.439     0.439 r  A_IBUF[116]_inst/O
                         net (fo=4, routed)           1.296     1.735    adder_inst/CC_inst/CC_lut116/I0
    SLICE_X0Y21          LUT5 (Prop_lut5_I0_O)        0.059     1.794 r  adder_inst/CC_inst/CC_lut116/LUT5/O
                         net (fo=1, routed)           0.000     1.794    adder_inst/CC_inst/group_generate[58]
    SLICE_X0Y21          CARRY4 (Prop_carry4_DI[2]_CO[3])
                                                      0.119     1.913 r  adder_inst/CC_inst/CC_carry4_14/CO[3]
                         net (fo=3, routed)           0.000     1.913    adder_inst/CC_inst/group_carry[59]
    SLICE_X0Y22          CARRY4 (Prop_carry4_CI_CO[3])
                                                      0.049     1.962 r  adder_inst/CC_inst/CC_carry_chain_last/CO[3]
                         net (fo=1, routed)           0.000     1.962    adder_inst/RCA_inst/Cin
    SLICE_X0Y23          CARRY4 (Prop_carry4_CI_O[0])
                                                      0.076     2.038 r  adder_inst/RCA_inst/RCA_CARRY4_0/O[0]
                         net (fo=1, routed)           0.000     2.038    driver_fa
    SLICE_X0Y23          FDRE                                         r  out_reg_fa_reg/D
  -------------------------------------------------------------------    -------------------

Slack:                    inf
  Source:                 rst
                            (input port)
  Destination:            in_reg_reg/R
  Path Group:             (none)
  Path Type:              Min at Fast Process Corner
  Data Path Delay:        2.187ns  (logic 0.474ns (21.673%)  route 1.713ns (78.327%))
  Logic Levels:           1  (IBUF=1)

    Location             Delay type                Incr(ns)  Path(ns)    Netlist Resource(s)
  -------------------------------------------------------------------    -------------------
    AD23                                              0.000     0.000 r  rst (IN)
                         net (fo=0)                   0.000     0.000    rst
    AD23                 IBUF (Prop_ibuf_I_O)         0.474     0.474 r  rst_IBUF_inst/O
                         net (fo=3, routed)           1.713     2.187    rst_IBUF
    SLICE_X1Y36          FDRE                                         r  in_reg_reg/R
  -------------------------------------------------------------------    -------------------

Slack:                    inf
  Source:                 rst
                            (input port)
  Destination:            out_reg_fa_reg/R
  Path Group:             (none)
  Path Type:              Min at Fast Process Corner
  Data Path Delay:        2.576ns  (logic 0.474ns (18.404%)  route 2.102ns (81.596%))
  Logic Levels:           1  (IBUF=1)

    Location             Delay type                Incr(ns)  Path(ns)    Netlist Resource(s)
  -------------------------------------------------------------------    -------------------
    AD23                                              0.000     0.000 r  rst (IN)
                         net (fo=0)                   0.000     0.000    rst
    AD23                 IBUF (Prop_ibuf_I_O)         0.474     0.474 r  rst_IBUF_inst/O
                         net (fo=3, routed)           2.102     2.576    rst_IBUF
    SLICE_X0Y23          FDRE                                         r  out_reg_fa_reg/R
  -------------------------------------------------------------------    -------------------

Slack:                    inf
  Source:                 out_reg_So_reg/C
                            (rising edge-triggered cell FDRE)
  Destination:            sum[125]
                            (output port)
  Path Group:             (none)
  Path Type:              Min at Fast Process Corner
  Data Path Delay:        3.379ns  (logic 1.447ns (42.828%)  route 1.932ns (57.172%))
  Logic Levels:           2  (FDRE=1 OBUF=1)

    Location             Delay type                Incr(ns)  Path(ns)    Netlist Resource(s)
  -------------------------------------------------------------------    -------------------
    SLICE_X0Y93          FDRE                         0.000     0.000 r  out_reg_So_reg/C
    SLICE_X0Y93          FDRE (Prop_fdre_C_Q)         0.193     0.193 r  out_reg_So_reg/Q
                         net (fo=1, routed)           1.932     2.125    sum_OBUF[125]
    H24                  OBUF (Prop_obuf_I_O)         1.254     3.379 r  sum_OBUF[125]_inst/O
                         net (fo=0)                   0.000     3.379    sum[125]
    H24                                                               r  sum[125] (OUT)
  -------------------------------------------------------------------    -------------------

Slack:                    inf
  Source:                 A[0]
                            (input port)
  Destination:            in_reg_reg/D
  Path Group:             (none)
  Path Type:              Min at Fast Process Corner
  Data Path Delay:        3.406ns  (logic 0.434ns (12.751%)  route 2.972ns (87.249%))
  Logic Levels:           1  (IBUF=1)

    Location             Delay type                Incr(ns)  Path(ns)    Netlist Resource(s)
  -------------------------------------------------------------------    -------------------
    AF10                                              0.000     0.000 r  A[0] (IN)
                         net (fo=0)                   0.000     0.000    A[0]
    AF10                 IBUF (Prop_ibuf_I_O)         0.434     0.434 r  A_IBUF[0]_inst/O
                         net (fo=1, routed)           2.972     3.406    A_IBUF[0]
    SLICE_X1Y36          FDRE                                         r  in_reg_reg/D
  -------------------------------------------------------------------    -------------------

Slack:                    inf
  Source:                 B[37]
                            (input port)
  Destination:            sum[37]
                            (output port)
  Path Group:             (none)
  Path Type:              Min at Fast Process Corner
  Data Path Delay:        3.655ns  (logic 1.785ns (48.840%)  route 1.870ns (51.160%))
  Logic Levels:           3  (IBUF=1 LUT6=1 OBUF=1)

    Location             Delay type                Incr(ns)  Path(ns)    Netlist Resource(s)
  -------------------------------------------------------------------    -------------------
    AE27                                              0.000     0.000 r  B[37] (IN)
                         net (fo=0)                   0.000     0.000    B[37]
    AE27                 IBUF (Prop_ibuf_I_O)         0.442     0.442 r  B_IBUF[37]_inst/O
                         net (fo=4, routed)           1.321     1.763    adder_inst/compressed_adder_inst/So_lut_18/I3
    SLICE_X1Y11          LUT6 (Prop_lut6_I3_O)        0.062     1.825 r  adder_inst/compressed_adder_inst/So_lut_18/LUT6/O
                         net (fo=1, routed)           0.549     2.374    sum_OBUF[37]
    AK26                 OBUF (Prop_obuf_I_O)         1.281     3.655 r  sum_OBUF[37]_inst/O
                         net (fo=0)                   0.000     3.655    sum[37]
    AK26                                                              r  sum[37] (OUT)
  -------------------------------------------------------------------    -------------------

Slack:                    inf
  Source:                 A[116]
                            (input port)
  Destination:            out_reg_So_reg/D
  Path Group:             (none)
  Path Type:              Min at Fast Process Corner
  Data Path Delay:        3.909ns  (logic 0.824ns (21.079%)  route 3.085ns (78.921%))
  Logic Levels:           5  (CARRY4=2 IBUF=1 LUT5=1 LUT6=1)

    Location             Delay type                Incr(ns)  Path(ns)    Netlist Resource(s)
  -------------------------------------------------------------------    -------------------
    AC24                                              0.000     0.000 r  A[116] (IN)
                         net (fo=0)                   0.000     0.000    A[116]
    AC24                 IBUF (Prop_ibuf_I_O)         0.439     0.439 r  A_IBUF[116]_inst/O
                         net (fo=4, routed)           1.296     1.735    adder_inst/CC_inst/CC_lut116/I0
    SLICE_X0Y21          LUT5 (Prop_lut5_I0_O)        0.059     1.794 r  adder_inst/CC_inst/CC_lut116/LUT5/O
                         net (fo=1, routed)           0.000     1.794    adder_inst/CC_inst/group_generate[58]
    SLICE_X0Y21          CARRY4 (Prop_carry4_DI[2]_CO[3])
                                                      0.119     1.913 r  adder_inst/CC_inst/CC_carry4_14/CO[3]
                         net (fo=3, routed)           0.000     1.913    adder_inst/CC_inst/group_carry[59]
    SLICE_X0Y22          CARRY4 (Prop_carry4_CI_CO[1])
                                                      0.060     1.973 r  adder_inst/CC_inst/CC_carry_chain_last/CO[1]
                         net (fo=2, routed)           0.180     2.153    adder_inst/compressed_adder_inst/So_lut_62/I4
    SLICE_X1Y22          LUT6 (Prop_lut6_I4_O)        0.147     2.300 r  adder_inst/compressed_adder_inst/So_lut_62/LUT6/O
                         net (fo=1, routed)           1.609     3.909    driver_So
    SLICE_X0Y93          FDRE                                         r  out_reg_So_reg/D
  -------------------------------------------------------------------    -------------------

Slack:                    inf
  Source:                 B[35]
                            (input port)
  Destination:            sum[35]
                            (output port)
  Path Group:             (none)
  Path Type:              Min at Fast Process Corner
  Data Path Delay:        4.006ns  (logic 1.817ns (45.364%)  route 2.189ns (54.636%))
  Logic Levels:           3  (IBUF=1 LUT6=1 OBUF=1)

    Location             Delay type                Incr(ns)  Path(ns)    Netlist Resource(s)
  -------------------------------------------------------------------    -------------------
    AG26                                              0.000     0.000 r  B[35] (IN)
                         net (fo=0)                   0.000     0.000    B[35]
    AG26                 IBUF (Prop_ibuf_I_O)         0.453     0.453 r  B_IBUF[35]_inst/O
                         net (fo=4, routed)           1.538     1.991    adder_inst/compressed_adder_inst/So_lut_17/I3
    SLICE_X1Y11          LUT6 (Prop_lut6_I3_O)        0.062     2.053 r  adder_inst/compressed_adder_inst/So_lut_17/LUT6/O
                         net (fo=1, routed)           0.651     2.704    sum_OBUF[35]
    AN26                 OBUF (Prop_obuf_I_O)         1.302     4.006 r  sum_OBUF[35]_inst/O
                         net (fo=0)                   0.000     4.006    sum[35]
    AN26                                                              r  sum[35] (OUT)
  -------------------------------------------------------------------    -------------------

Slack:                    inf
  Source:                 B[37]
                            (input port)
  Destination:            sum[39]
                            (output port)
  Path Group:             (none)
  Path Type:              Min at Fast Process Corner
  Data Path Delay:        4.018ns  (logic 2.032ns (50.575%)  route 1.986ns (49.425%))
  Logic Levels:           5  (CARRY4=1 IBUF=1 LUT5=1 LUT6=1 OBUF=1)

    Location             Delay type                Incr(ns)  Path(ns)    Netlist Resource(s)
  -------------------------------------------------------------------    -------------------
    AE27                                              0.000     0.000 r  B[37] (IN)
                         net (fo=0)                   0.000     0.000    B[37]
    AE27                 IBUF (Prop_ibuf_I_O)         0.442     0.442 r  B_IBUF[37]_inst/O
                         net (fo=4, routed)           1.259     1.701    adder_inst/CC_inst/CC_lut36/I3
    SLICE_X0Y11          LUT5 (Prop_lut5_I3_O)        0.062     1.763 r  adder_inst/CC_inst/CC_lut36/LUT5/O
                         net (fo=1, routed)           0.000     1.763    adder_inst/CC_inst/group_generate[18]
    SLICE_X0Y11          CARRY4 (Prop_carry4_DI[2]_CO[2])
                                                      0.107     1.870 r  adder_inst/CC_inst/CC_carry4_4/CO[2]
                         net (fo=2, routed)           0.173     2.043    adder_inst/compressed_adder_inst/So_lut_19/I4
    SLICE_X1Y11          LUT6 (Prop_lut6_I4_O)        0.143     2.186 r  adder_inst/compressed_adder_inst/So_lut_19/LUT6/O
                         net (fo=1, routed)           0.554     2.740    sum_OBUF[39]
    AK25                 OBUF (Prop_obuf_I_O)         1.278     4.018 r  sum_OBUF[39]_inst/O
                         net (fo=0)                   0.000     4.018    sum[39]
    AK25                                                              r  sum[39] (OUT)
  -------------------------------------------------------------------    -------------------





