Copyright 1986-2022 Xilinx, Inc. All Rights Reserved. Copyright 2022-2024 Advanced Micro Devices, Inc. All Rights Reserved.
----------------------------------------------------------------------------------------------------------------------------------------------------------------------
| Tool Version     : Vivado v.2024.2 (lin64) Build 5239630 Fri Nov 08 22:34:34 MST 2024
| Date             : Mon Jun  9 18:02:35 2025
| Host             : abhijit-Vostro-15-3568 running 64-bit Ubuntu 20.04.6 LTS
| Command          : report_power -file mn_adder_wrapper_power_routed.rpt -pb mn_adder_wrapper_power_summary_routed.pb -rpx mn_adder_wrapper_power_routed.rpx
| Design           : mn_adder_wrapper
| Device           : xc7a200tlffv1156-2L
| Design State     : routed
| Grade            : extended
| Process          : typical
| Characterization : Production
----------------------------------------------------------------------------------------------------------------------------------------------------------------------

Power Report

Table of Contents
-----------------
1. Summary
1.1 On-Chip Components
1.2 Power Supply Summary
1.3 Confidence Level
2. Settings
2.1 Environment
2.2 Clock Constraints
3. Detailed Reports
3.1 By Hierarchy

1. Summary
----------

+--------------------------+-----------------------------------+
| Total On-Chip Power (W)  | 100.331 (Junction temp exceeded!) |
| Design Power Budget (W)  | Unspecified*                      |
| Power Budget Margin (W)  | NA                                |
| Dynamic (W)              | 99.096                            |
| Device Static (W)        | 1.235                             |
| Effective TJA (C/W)      | 1.5                               |
| Max Ambient (C)          | 0.0                               |
| Junction Temperature (C) | 125.0                             |
| Confidence Level         | Low                               |
| Setting File             | ---                               |
| Simulation Activity File | ---                               |
| Design Nets Matched      | NA                                |
+--------------------------+-----------------------------------+
* Specify Design Power Budget using, set_operating_conditions -design_power_budget <value in Watts>


1.1 On-Chip Components
----------------------

+----------------+-----------+----------+-----------+-----------------+
| On-Chip        | Power (W) | Used     | Available | Utilization (%) |
+----------------+-----------+----------+-----------+-----------------+
| Slice Logic    |     0.938 |      282 |       --- |             --- |
|   LUT as Logic |     0.884 |      128 |    133800 |            0.10 |
|   CARRY4       |     0.048 |       17 |     33450 |            0.05 |
|   BUFG         |     0.005 |        1 |        32 |            3.13 |
|   Register     |     0.002 |        3 |    267600 |           <0.01 |
|   Others       |     0.000 |        7 |       --- |             --- |
| Signals        |    12.595 |      454 |       --- |             --- |
| I/O            |    85.563 |      388 |       500 |           77.60 |
| Static Power   |     1.235 |          |           |                 |
| Total          |   100.331 |          |           |                 |
+----------------+-----------+----------+-----------+-----------------+


1.2 Power Supply Summary
------------------------

+-----------+-------------+-----------+-------------+------------+-------------+-------------+------------+
| Source    | Voltage (V) | Total (A) | Dynamic (A) | Static (A) | Powerup (A) | Budget (A)  | Margin (A) |
+-----------+-------------+-----------+-------------+------------+-------------+-------------+------------+
| Vccint    |       0.900 |    16.925 |      16.068 |      0.857 |       NA    | Unspecified | NA         |
| Vccaux    |       1.800 |     7.134 |       6.928 |      0.206 |       NA    | Unspecified | NA         |
| Vcco33    |       3.300 |     0.000 |       0.000 |      0.000 |       NA    | Unspecified | NA         |
| Vcco25    |       2.500 |     0.000 |       0.000 |      0.000 |       NA    | Unspecified | NA         |
| Vcco18    |       1.800 |    40.096 |      40.091 |      0.005 |       NA    | Unspecified | NA         |
| Vcco15    |       1.500 |     0.000 |       0.000 |      0.000 |       NA    | Unspecified | NA         |
| Vcco135   |       1.350 |     0.000 |       0.000 |      0.000 |       NA    | Unspecified | NA         |
| Vcco12    |       1.200 |     0.000 |       0.000 |      0.000 |       NA    | Unspecified | NA         |
| Vccaux_io |       1.800 |     0.000 |       0.000 |      0.000 |       NA    | Unspecified | NA         |
| Vccbram   |       1.000 |     0.048 |       0.000 |      0.048 |       NA    | Unspecified | NA         |
| MGTAVcc   |       1.000 |     0.000 |       0.000 |      0.000 |       NA    | Unspecified | NA         |
| MGTAVtt   |       1.200 |     0.000 |       0.000 |      0.000 |       NA    | Unspecified | NA         |
| Vccadc    |       1.800 |     0.020 |       0.000 |      0.020 |       NA    | Unspecified | NA         |
+-----------+-------------+-----------+-------------+------------+-------------+-------------+------------+


1.3 Confidence Level
--------------------

+-----------------------------+------------+--------------------------------------------------------+--------------------------------------------------------------------------------------------------------------------+
| User Input Data             | Confidence | Details                                                | Action                                                                                                             |
+-----------------------------+------------+--------------------------------------------------------+--------------------------------------------------------------------------------------------------------------------+
| Design implementation state | High       | Design is routed                                       |                                                                                                                    |
| Clock nodes activity        | Low        | User specified less than 75% of clocks                 | Provide missing clock activity with a constraint file, simulation results or by editing the "By Clock Domain" view |
| I/O nodes activity          | Low        | More than 75% of inputs are missing user specification | Provide missing input activity with simulation results or by editing the "By Resource Type -> I/Os" view           |
| Internal nodes activity     | Medium     | User specified less than 25% of internal nodes         | Provide missing internal nodes activity with simulation results or by editing the "By Resource Type" views         |
| Device models               | High       | Device models are Production                           |                                                                                                                    |
|                             |            |                                                        |                                                                                                                    |
| Overall confidence level    | Low        |                                                        |                                                                                                                    |
+-----------------------------+------------+--------------------------------------------------------+--------------------------------------------------------------------------------------------------------------------+


2. Settings
-----------

2.1 Environment
---------------

+-----------------------+--------------------------+
| Ambient Temp (C)      | 25.0                     |
| ThetaJA (C/W)         | 1.5                      |
| Airflow (LFM)         | 250                      |
| Heat Sink             | medium (Medium Profile)  |
| ThetaSA (C/W)         | 2.4                      |
| Board Selection       | medium (10"x10")         |
| # of Board Layers     | 12to15 (12 to 15 Layers) |
| Board Temperature (C) | 25.0                     |
+-----------------------+--------------------------+


2.2 Clock Constraints
---------------------

+-------+--------+-----------------+
| Clock | Domain | Constraint (ns) |
+-------+--------+-----------------+


3. Detailed Reports
-------------------

3.1 By Hierarchy
----------------

+---------------------------+-----------+
| Name                      | Power (W) |
+---------------------------+-----------+
| mn_adder_wrapper          |    99.096 |
|   adder_inst              |     7.883 |
|     CC_inst               |     0.630 |
|       CC_lut0             |     0.005 |
|       CC_lut10            |     0.005 |
|       CC_lut100           |     0.005 |
|       CC_lut102           |     0.005 |
|       CC_lut104           |     0.005 |
|       CC_lut106           |     0.005 |
|       CC_lut108           |     0.005 |
|       CC_lut110           |     0.005 |
|       CC_lut112           |     0.005 |
|       CC_lut114           |     0.005 |
|       CC_lut116           |     0.005 |
|       CC_lut118           |     0.005 |
|       CC_lut12            |     0.005 |
|       CC_lut120           |     0.005 |
|       CC_lut122           |     0.005 |
|       CC_lut124           |     0.005 |
|       CC_lut14            |     0.005 |
|       CC_lut16            |     0.005 |
|       CC_lut18            |     0.005 |
|       CC_lut2             |     0.005 |
|       CC_lut20            |     0.005 |
|       CC_lut22            |     0.005 |
|       CC_lut24            |     0.005 |
|       CC_lut26            |     0.005 |
|       CC_lut28            |     0.005 |
|       CC_lut30            |     0.005 |
|       CC_lut32            |     0.005 |
|       CC_lut34            |     0.005 |
|       CC_lut36            |     0.005 |
|       CC_lut38            |     0.005 |
|       CC_lut4             |     0.005 |
|       CC_lut40            |     0.005 |
|       CC_lut42            |     0.005 |
|       CC_lut44            |     0.005 |
|       CC_lut46            |     0.005 |
|       CC_lut48            |     0.005 |
|       CC_lut50            |     0.005 |
|       CC_lut52            |     0.005 |
|       CC_lut54            |     0.005 |
|       CC_lut56            |     0.005 |
|       CC_lut58            |     0.005 |
|       CC_lut6             |     0.005 |
|       CC_lut60            |     0.005 |
|       CC_lut62            |     0.005 |
|       CC_lut64            |     0.005 |
|       CC_lut66            |     0.005 |
|       CC_lut68            |     0.005 |
|       CC_lut70            |     0.005 |
|       CC_lut72            |     0.005 |
|       CC_lut74            |     0.005 |
|       CC_lut76            |     0.005 |
|       CC_lut78            |     0.005 |
|       CC_lut8             |     0.005 |
|       CC_lut80            |     0.005 |
|       CC_lut82            |     0.005 |
|       CC_lut84            |     0.005 |
|       CC_lut86            |     0.005 |
|       CC_lut88            |     0.005 |
|       CC_lut90            |     0.005 |
|       CC_lut92            |     0.005 |
|       CC_lut94            |     0.005 |
|       CC_lut96            |     0.005 |
|       CC_lut98            |     0.005 |
|     RCA_inst              |     0.046 |
|     compressed_adder_inst |     7.207 |
|       So_lut_0            |     0.150 |
|       So_lut_1            |     0.165 |
|       So_lut_10           |     0.177 |
|       So_lut_11           |     0.207 |
|       So_lut_12           |     0.188 |
|       So_lut_13           |     0.121 |
|       So_lut_14           |     0.120 |
|       So_lut_15           |     0.031 |
|       So_lut_16           |     0.028 |
|       So_lut_17           |     0.029 |
|       So_lut_18           |     0.028 |
|       So_lut_19           |     0.026 |
|       So_lut_2            |     0.199 |
|       So_lut_20           |     0.027 |
|       So_lut_21           |     0.026 |
|       So_lut_22           |     0.029 |
|       So_lut_23           |     0.030 |
|       So_lut_24           |     0.031 |
|       So_lut_25           |     0.031 |
|       So_lut_26           |     0.033 |
|       So_lut_27           |     0.035 |
|       So_lut_28           |     0.037 |
|       So_lut_29           |     0.039 |
|       So_lut_3            |     0.197 |
|       So_lut_30           |     0.035 |
|       So_lut_31           |     0.040 |
|       So_lut_32           |     0.041 |
|       So_lut_33           |     0.042 |
|       So_lut_34           |     0.044 |
|       So_lut_35           |     0.044 |
|       So_lut_36           |     0.046 |
|       So_lut_37           |     0.046 |
|       So_lut_38           |     0.049 |
|       So_lut_39           |     0.142 |
|       So_lut_4            |     0.209 |
|       So_lut_40           |     0.145 |
|       So_lut_41           |     0.156 |
|       So_lut_42           |     0.143 |
|       So_lut_43           |     0.140 |
|       So_lut_44           |     0.135 |
|       So_lut_45           |     0.139 |
|       So_lut_46           |     0.155 |
|       So_lut_47           |     0.150 |
|       So_lut_48           |     0.148 |
|       So_lut_49           |     0.154 |
|       So_lut_5            |     0.204 |
|       So_lut_50           |     0.156 |
|       So_lut_51           |     0.153 |
|       So_lut_52           |     0.153 |
|       So_lut_53           |     0.158 |
|       So_lut_54           |     0.163 |
|       So_lut_55           |     0.159 |
|       So_lut_56           |     0.169 |
|       So_lut_57           |     0.162 |
|       So_lut_58           |     0.167 |
|       So_lut_59           |     0.176 |
|       So_lut_6            |     0.207 |
|       So_lut_60           |     0.166 |
|       So_lut_61           |     0.170 |
|       So_lut_62           |     0.119 |
|       So_lut_7            |     0.190 |
|       So_lut_8            |     0.179 |
|       So_lut_9            |     0.174 |
+---------------------------+-----------+


