Copyright 1986-2022 Xilinx, Inc. All Rights Reserved. Copyright 2022-2024 Advanced Micro Devices, Inc. All Rights Reserved.
---------------------------------------------------------------------------------------------------------------------------------------------------------------------------------------------------------------------------------------------
| Tool Version : Vivado v.2024.2 (lin64) Build 5239630 Fri Nov 08 22:34:34 MST 2024
| Date         : Sun Jun  8 23:43:15 2025
| Host         : abhijit-Vostro-15-3568 running 64-bit Ubuntu 20.04.6 LTS
| Command      : report_timing_summary -max_paths 10 -report_unconstrained -file mn_adder_wrapper_timing_summary_routed.rpt -pb mn_adder_wrapper_timing_summary_routed.pb -rpx mn_adder_wrapper_timing_summary_routed.rpx -warn_on_violation
| Design       : mn_adder_wrapper
| Device       : 7a12t-cpg238
| Speed File   : -3  PRODUCTION 1.23 2018-06-13
| Design State : Routed
---------------------------------------------------------------------------------------------------------------------------------------------------------------------------------------------------------------------------------------------

Timing Summary Report

------------------------------------------------------------------------------------------------
| Timer Settings
| --------------
------------------------------------------------------------------------------------------------

  Enable Multi Corner Analysis               :  Yes
  Enable Pessimism Removal                   :  Yes
  Pessimism Removal Resolution               :  Nearest Common Node
  Enable Input Delay Default Clock           :  No
  Enable Preset / Clear Arcs                 :  No
  Disable Flight Delays                      :  No
  Ignore I/O Paths                           :  No
  Timing Early Launch at Borrowing Latches   :  No
  Borrow Time for Max Delay Exceptions       :  Yes
  Merge Timing Exceptions                    :  Yes
  Inter-SLR Compensation                     :  Conservative

  Corner  Analyze    Analyze    
  Name    Max Paths  Min Paths  
  ------  ---------  ---------  
  Slow    Yes        Yes        
  Fast    Yes        Yes        


------------------------------------------------------------------------------------------------
| Report Methodology
| ------------------
------------------------------------------------------------------------------------------------

Rule       Severity          Description                  Violations  
---------  ----------------  ---------------------------  ----------  
TIMING-17  Critical Warning  Non-clocked sequential cell  2           

Note: This report is based on the most recent report_methodology run and may not be up-to-date. Run report_methodology on the current design for the latest report.



check_timing report

Table of Contents
-----------------
1. checking no_clock (2)
2. checking constant_clock (0)
3. checking pulse_width_clock (0)
4. checking unconstrained_internal_endpoints (4)
5. checking no_input_delay (34)
6. checking no_output_delay (16)
7. checking multiple_clock (0)
8. checking generated_clocks (0)
9. checking loops (0)
10. checking partial_input_delay (0)
11. checking partial_output_delay (0)
12. checking latch_loops (0)

1. checking no_clock (2)
------------------------
 There are 2 register/latch pins with no clock driven by root clock pin: clk (HIGH)


2. checking constant_clock (0)
------------------------------
 There are 0 register/latch pins with constant_clock.


3. checking pulse_width_clock (0)
---------------------------------
 There are 0 register/latch pins which need pulse_width check


4. checking unconstrained_internal_endpoints (4)
------------------------------------------------
 There are 4 pins that are not constrained for maximum delay. (HIGH)

 There are 0 pins that are not constrained for maximum delay due to constant clock.


5. checking no_input_delay (34)
-------------------------------
 There are 34 input ports with no input delay specified. (HIGH)

 There are 0 input ports with no input delay but user has a false path constraint.


6. checking no_output_delay (16)
--------------------------------
 There are 16 ports with no output delay specified. (HIGH)

 There are 0 ports with no output delay but user has a false path constraint

 There are 0 ports with no output delay but with a timing clock defined on it or propagating through it


7. checking multiple_clock (0)
------------------------------
 There are 0 register/latch pins with multiple clocks.


8. checking generated_clocks (0)
--------------------------------
 There are 0 generated clocks that are not connected to a clock source.


9. checking loops (0)
---------------------
 There are 0 combinational loops in the design.


10. checking partial_input_delay (0)
------------------------------------
 There are 0 input ports with partial input delay specified.


11. checking partial_output_delay (0)
-------------------------------------
 There are 0 ports with partial output delay specified.


12. checking latch_loops (0)
----------------------------
 There are 0 combinational latch loops in the design through latch input



------------------------------------------------------------------------------------------------
| Design Timing Summary
| ---------------------
------------------------------------------------------------------------------------------------

    WNS(ns)      TNS(ns)  TNS Failing Endpoints  TNS Total Endpoints      WHS(ns)      THS(ns)  THS Failing Endpoints  THS Total Endpoints     WPWS(ns)     TPWS(ns)  TPWS Failing Endpoints  TPWS Total Endpoints  
    -------      -------  ---------------------  -------------------      -------      -------  ---------------------  -------------------     --------     --------  ----------------------  --------------------  
        inf        0.000                      0                   20          inf        0.000                      0                   20           NA           NA                      NA                    NA  


There are no user specified timing constraints.


------------------------------------------------------------------------------------------------
| Clock Summary
| -------------
------------------------------------------------------------------------------------------------


------------------------------------------------------------------------------------------------
| Intra Clock Table
| -----------------
------------------------------------------------------------------------------------------------

Clock             WNS(ns)      TNS(ns)  TNS Failing Endpoints  TNS Total Endpoints      WHS(ns)      THS(ns)  THS Failing Endpoints  THS Total Endpoints     WPWS(ns)     TPWS(ns)  TPWS Failing Endpoints  TPWS Total Endpoints  
-----             -------      -------  ---------------------  -------------------      -------      -------  ---------------------  -------------------     --------     --------  ----------------------  --------------------  


------------------------------------------------------------------------------------------------
| Inter Clock Table
| -----------------
------------------------------------------------------------------------------------------------

From Clock    To Clock          WNS(ns)      TNS(ns)  TNS Failing Endpoints  TNS Total Endpoints      WHS(ns)      THS(ns)  THS Failing Endpoints  THS Total Endpoints  
----------    --------          -------      -------  ---------------------  -------------------      -------      -------  ---------------------  -------------------  


------------------------------------------------------------------------------------------------
| Other Path Groups Table
| -----------------------
------------------------------------------------------------------------------------------------

Path Group    From Clock    To Clock          WNS(ns)      TNS(ns)  TNS Failing Endpoints  TNS Total Endpoints      WHS(ns)      THS(ns)  THS Failing Endpoints  THS Total Endpoints  
----------    ----------    --------          -------      -------  ---------------------  -------------------      -------      -------  ---------------------  -------------------  


------------------------------------------------------------------------------------------------
| User Ignored Path Table
| -----------------------
------------------------------------------------------------------------------------------------

Path Group    From Clock    To Clock    
----------    ----------    --------    


------------------------------------------------------------------------------------------------
| Unconstrained Path Table
| ------------------------
------------------------------------------------------------------------------------------------

Path Group    From Clock    To Clock    
----------    ----------    --------    
(none)                                    


------------------------------------------------------------------------------------------------
| Timing Details
| --------------
------------------------------------------------------------------------------------------------


--------------------------------------------------------------------------------------
Path Group:  (none)
From Clock:  
  To Clock:  

Max Delay            20 Endpoints
Min Delay            20 Endpoints
--------------------------------------------------------------------------------------


Max Delay Paths
--------------------------------------------------------------------------------------
Slack:                    inf
  Source:                 A[1]
                            (input port)
  Destination:            sum[8]
                            (output port)
  Path Group:             (none)
  Path Type:              Max at Slow Process Corner
  Data Path Delay:        9.527ns  (logic 3.754ns (39.400%)  route 5.773ns (60.600%))
  Logic Levels:           5  (CARRY4=1 IBUF=1 LUT5=1 LUT6=1 OBUF=1)

    Location             Delay type                Incr(ns)  Path(ns)    Netlist Resource(s)
  -------------------------------------------------------------------    -------------------
    A18                                               0.000     0.000 r  A[1] (IN)
                         net (fo=0)                   0.000     0.000    A[1]
    A18                  IBUF (Prop_ibuf_I_O)         0.795     0.795 r  A_IBUF[1]_inst/O
                         net (fo=4, routed)           2.786     3.582    adder_inst/CC_inst/CC_lut0/I2
    SLICE_X0Y7           LUT6 (Prop_lut6_I2_O)        0.097     3.679 r  adder_inst/CC_inst/CC_lut0/LUT6/O
                         net (fo=1, routed)           0.000     3.679    adder_inst/CC_inst/group_propagate[0]
    SLICE_X0Y7           CARRY4 (Prop_carry4_S[0]_CO[3])
                                                      0.395     4.074 r  adder_inst/CC_inst/CC_carry4_0/CO[3]
                         net (fo=3, routed)           0.856     4.930    adder_inst/compressed_adder_inst/So_lut_4/I4
    SLICE_X1Y7           LUT5 (Prop_lut5_I4_O)        0.104     5.034 r  adder_inst/compressed_adder_inst/So_lut_4/LUT5/O
                         net (fo=1, routed)           2.130     7.165    sum_OBUF[8]
    H18                  OBUF (Prop_obuf_I_O)         2.362     9.527 r  sum_OBUF[8]_inst/O
                         net (fo=0)                   0.000     9.527    sum[8]
    H18                                                               r  sum[8] (OUT)
  -------------------------------------------------------------------    -------------------

Slack:                    inf
  Source:                 A[1]
                            (input port)
  Destination:            sum[10]
                            (output port)
  Path Group:             (none)
  Path Type:              Max at Slow Process Corner
  Data Path Delay:        9.426ns  (logic 4.131ns (43.823%)  route 5.295ns (56.177%))
  Logic Levels:           6  (CARRY4=2 IBUF=1 LUT5=1 LUT6=1 OBUF=1)

    Location             Delay type                Incr(ns)  Path(ns)    Netlist Resource(s)
  -------------------------------------------------------------------    -------------------
    A18                                               0.000     0.000 r  A[1] (IN)
                         net (fo=0)                   0.000     0.000    A[1]
    A18                  IBUF (Prop_ibuf_I_O)         0.795     0.795 r  A_IBUF[1]_inst/O
                         net (fo=4, routed)           2.786     3.582    adder_inst/CC_inst/CC_lut0/I2
    SLICE_X0Y7           LUT6 (Prop_lut6_I2_O)        0.097     3.679 r  adder_inst/CC_inst/CC_lut0/LUT6/O
                         net (fo=1, routed)           0.000     3.679    adder_inst/CC_inst/group_propagate[0]
    SLICE_X0Y7           CARRY4 (Prop_carry4_S[0]_CO[3])
                                                      0.395     4.074 r  adder_inst/CC_inst/CC_carry4_0/CO[3]
                         net (fo=3, routed)           0.000     4.074    adder_inst/CC_inst/group_carry[3]
    SLICE_X0Y8           CARRY4 (Prop_carry4_CI_CO[0])
                                                      0.187     4.261 r  adder_inst/CC_inst/CC_carry4_1/CO[0]
                         net (fo=2, routed)           0.477     4.738    adder_inst/compressed_adder_inst/So_lut_5/I4
    SLICE_X1Y8           LUT5 (Prop_lut5_I4_O)        0.287     5.025 r  adder_inst/compressed_adder_inst/So_lut_5/LUT5/O
                         net (fo=1, routed)           2.032     7.057    sum_OBUF[10]
    E18                  OBUF (Prop_obuf_I_O)         2.369     9.426 r  sum_OBUF[10]_inst/O
                         net (fo=0)                   0.000     9.426    sum[10]
    E18                                                               r  sum[10] (OUT)
  -------------------------------------------------------------------    -------------------

Slack:                    inf
  Source:                 A[1]
                            (input port)
  Destination:            sum[9]
                            (output port)
  Path Group:             (none)
  Path Type:              Max at Slow Process Corner
  Data Path Delay:        9.378ns  (logic 3.604ns (38.427%)  route 5.774ns (61.573%))
  Logic Levels:           5  (CARRY4=1 IBUF=1 LUT6=2 OBUF=1)

    Location             Delay type                Incr(ns)  Path(ns)    Netlist Resource(s)
  -------------------------------------------------------------------    -------------------
    A18                                               0.000     0.000 r  A[1] (IN)
                         net (fo=0)                   0.000     0.000    A[1]
    A18                  IBUF (Prop_ibuf_I_O)         0.795     0.795 r  A_IBUF[1]_inst/O
                         net (fo=4, routed)           2.786     3.582    adder_inst/CC_inst/CC_lut0/I2
    SLICE_X0Y7           LUT6 (Prop_lut6_I2_O)        0.097     3.679 r  adder_inst/CC_inst/CC_lut0/LUT6/O
                         net (fo=1, routed)           0.000     3.679    adder_inst/CC_inst/group_propagate[0]
    SLICE_X0Y7           CARRY4 (Prop_carry4_S[0]_CO[3])
                                                      0.395     4.074 r  adder_inst/CC_inst/CC_carry4_0/CO[3]
                         net (fo=3, routed)           0.856     4.930    adder_inst/compressed_adder_inst/So_lut_4/I4
    SLICE_X1Y7           LUT6 (Prop_lut6_I4_O)        0.097     5.027 r  adder_inst/compressed_adder_inst/So_lut_4/LUT6/O
                         net (fo=1, routed)           2.132     7.159    sum_OBUF[9]
    G18                  OBUF (Prop_obuf_I_O)         2.219     9.378 r  sum_OBUF[9]_inst/O
                         net (fo=0)                   0.000     9.378    sum[9]
    G18                                                               r  sum[9] (OUT)
  -------------------------------------------------------------------    -------------------

Slack:                    inf
  Source:                 A[1]
                            (input port)
  Destination:            sum[14]
                            (output port)
  Path Group:             (none)
  Path Type:              Max at Slow Process Corner
  Data Path Delay:        9.208ns  (logic 4.079ns (44.301%)  route 5.129ns (55.699%))
  Logic Levels:           6  (CARRY4=2 IBUF=1 LUT5=1 LUT6=1 OBUF=1)

    Location             Delay type                Incr(ns)  Path(ns)    Netlist Resource(s)
  -------------------------------------------------------------------    -------------------
    A18                                               0.000     0.000 r  A[1] (IN)
                         net (fo=0)                   0.000     0.000    A[1]
    A18                  IBUF (Prop_ibuf_I_O)         0.795     0.795 r  A_IBUF[1]_inst/O
                         net (fo=4, routed)           2.786     3.582    adder_inst/CC_inst/CC_lut0/I2
    SLICE_X0Y7           LUT6 (Prop_lut6_I2_O)        0.097     3.679 r  adder_inst/CC_inst/CC_lut0/LUT6/O
                         net (fo=1, routed)           0.000     3.679    adder_inst/CC_inst/group_propagate[0]
    SLICE_X0Y7           CARRY4 (Prop_carry4_S[0]_CO[3])
                                                      0.395     4.074 r  adder_inst/CC_inst/CC_carry4_0/CO[3]
                         net (fo=3, routed)           0.000     4.074    adder_inst/CC_inst/group_carry[3]
    SLICE_X0Y8           CARRY4 (Prop_carry4_CI_CO[2])
                                                      0.173     4.247 r  adder_inst/CC_inst/CC_carry4_1/CO[2]
                         net (fo=2, routed)           0.274     4.521    adder_inst/compressed_adder_inst/So_lut_7/I4
    SLICE_X1Y8           LUT5 (Prop_lut5_I4_O)        0.247     4.768 r  adder_inst/compressed_adder_inst/So_lut_7/LUT5/O
                         net (fo=1, routed)           2.068     6.836    sum_OBUF[14]
    D19                  OBUF (Prop_obuf_I_O)         2.372     9.208 r  sum_OBUF[14]_inst/O
                         net (fo=0)                   0.000     9.208    sum[14]
    D19                                                               r  sum[14] (OUT)
  -------------------------------------------------------------------    -------------------

Slack:                    inf
  Source:                 A[1]
                            (input port)
  Destination:            sum[11]
                            (output port)
  Path Group:             (none)
  Path Type:              Max at Slow Process Corner
  Data Path Delay:        9.144ns  (logic 3.981ns (43.541%)  route 5.163ns (56.459%))
  Logic Levels:           6  (CARRY4=2 IBUF=1 LUT6=2 OBUF=1)

    Location             Delay type                Incr(ns)  Path(ns)    Netlist Resource(s)
  -------------------------------------------------------------------    -------------------
    A18                                               0.000     0.000 r  A[1] (IN)
                         net (fo=0)                   0.000     0.000    A[1]
    A18                  IBUF (Prop_ibuf_I_O)         0.795     0.795 r  A_IBUF[1]_inst/O
                         net (fo=4, routed)           2.786     3.582    adder_inst/CC_inst/CC_lut0/I2
    SLICE_X0Y7           LUT6 (Prop_lut6_I2_O)        0.097     3.679 r  adder_inst/CC_inst/CC_lut0/LUT6/O
                         net (fo=1, routed)           0.000     3.679    adder_inst/CC_inst/group_propagate[0]
    SLICE_X0Y7           CARRY4 (Prop_carry4_S[0]_CO[3])
                                                      0.395     4.074 r  adder_inst/CC_inst/CC_carry4_0/CO[3]
                         net (fo=3, routed)           0.000     4.074    adder_inst/CC_inst/group_carry[3]
    SLICE_X0Y8           CARRY4 (Prop_carry4_CI_CO[0])
                                                      0.187     4.261 r  adder_inst/CC_inst/CC_carry4_1/CO[0]
                         net (fo=2, routed)           0.477     4.738    adder_inst/compressed_adder_inst/So_lut_5/I4
    SLICE_X1Y8           LUT6 (Prop_lut6_I4_O)        0.279     5.017 r  adder_inst/compressed_adder_inst/So_lut_5/LUT6/O
                         net (fo=1, routed)           1.899     6.916    sum_OBUF[11]
    E17                  OBUF (Prop_obuf_I_O)         2.228     9.144 r  sum_OBUF[11]_inst/O
                         net (fo=0)                   0.000     9.144    sum[11]
    E17                                                               r  sum[11] (OUT)
  -------------------------------------------------------------------    -------------------

Slack:                    inf
  Source:                 A[1]
                            (input port)
  Destination:            sum[12]
                            (output port)
  Path Group:             (none)
  Path Type:              Max at Slow Process Corner
  Data Path Delay:        9.125ns  (logic 4.031ns (44.182%)  route 5.093ns (55.818%))
  Logic Levels:           6  (CARRY4=2 IBUF=1 LUT5=1 LUT6=1 OBUF=1)

    Location             Delay type                Incr(ns)  Path(ns)    Netlist Resource(s)
  -------------------------------------------------------------------    -------------------
    A18                                               0.000     0.000 r  A[1] (IN)
                         net (fo=0)                   0.000     0.000    A[1]
    A18                  IBUF (Prop_ibuf_I_O)         0.795     0.795 r  A_IBUF[1]_inst/O
                         net (fo=4, routed)           2.786     3.582    adder_inst/CC_inst/CC_lut0/I2
    SLICE_X0Y7           LUT6 (Prop_lut6_I2_O)        0.097     3.679 r  adder_inst/CC_inst/CC_lut0/LUT6/O
                         net (fo=1, routed)           0.000     3.679    adder_inst/CC_inst/group_propagate[0]
    SLICE_X0Y7           CARRY4 (Prop_carry4_S[0]_CO[3])
                                                      0.395     4.074 r  adder_inst/CC_inst/CC_carry4_0/CO[3]
                         net (fo=3, routed)           0.000     4.074    adder_inst/CC_inst/group_carry[3]
    SLICE_X0Y8           CARRY4 (Prop_carry4_CI_CO[1])
                                                      0.120     4.194 r  adder_inst/CC_inst/CC_carry4_1/CO[1]
                         net (fo=2, routed)           0.281     4.475    adder_inst/compressed_adder_inst/So_lut_6/I4
    SLICE_X1Y8           LUT5 (Prop_lut5_I4_O)        0.257     4.732 r  adder_inst/compressed_adder_inst/So_lut_6/LUT5/O
                         net (fo=1, routed)           2.026     6.758    sum_OBUF[12]
    F19                  OBUF (Prop_obuf_I_O)         2.367     9.125 r  sum_OBUF[12]_inst/O
                         net (fo=0)                   0.000     9.125    sum[12]
    F19                                                               r  sum[12] (OUT)
  -------------------------------------------------------------------    -------------------

Slack:                    inf
  Source:                 A[1]
                            (input port)
  Destination:            sum[13]
                            (output port)
  Path Group:             (none)
  Path Type:              Max at Slow Process Corner
  Data Path Delay:        9.082ns  (logic 3.877ns (42.692%)  route 5.204ns (57.308%))
  Logic Levels:           6  (CARRY4=2 IBUF=1 LUT6=2 OBUF=1)

    Location             Delay type                Incr(ns)  Path(ns)    Netlist Resource(s)
  -------------------------------------------------------------------    -------------------
    A18                                               0.000     0.000 r  A[1] (IN)
                         net (fo=0)                   0.000     0.000    A[1]
    A18                  IBUF (Prop_ibuf_I_O)         0.795     0.795 r  A_IBUF[1]_inst/O
                         net (fo=4, routed)           2.786     3.582    adder_inst/CC_inst/CC_lut0/I2
    SLICE_X0Y7           LUT6 (Prop_lut6_I2_O)        0.097     3.679 r  adder_inst/CC_inst/CC_lut0/LUT6/O
                         net (fo=1, routed)           0.000     3.679    adder_inst/CC_inst/group_propagate[0]
    SLICE_X0Y7           CARRY4 (Prop_carry4_S[0]_CO[3])
                                                      0.395     4.074 r  adder_inst/CC_inst/CC_carry4_0/CO[3]
                         net (fo=3, routed)           0.000     4.074    adder_inst/CC_inst/group_carry[3]
    SLICE_X0Y8           CARRY4 (Prop_carry4_CI_CO[1])
                                                      0.120     4.194 r  adder_inst/CC_inst/CC_carry4_1/CO[1]
                         net (fo=2, routed)           0.281     4.475    adder_inst/compressed_adder_inst/So_lut_6/I4
    SLICE_X1Y8           LUT6 (Prop_lut6_I4_O)        0.249     4.724 r  adder_inst/compressed_adder_inst/So_lut_6/LUT6/O
                         net (fo=1, routed)           2.137     6.861    sum_OBUF[13]
    E19                  OBUF (Prop_obuf_I_O)         2.221     9.082 r  sum_OBUF[13]_inst/O
                         net (fo=0)                   0.000     9.082    sum[13]
    E19                                                               r  sum[13] (OUT)
  -------------------------------------------------------------------    -------------------

Slack:                    inf
  Source:                 A[1]
                            (input port)
  Destination:            sum[2]
                            (output port)
  Path Group:             (none)
  Path Type:              Max at Slow Process Corner
  Data Path Delay:        9.074ns  (logic 3.831ns (42.219%)  route 5.243ns (57.781%))
  Logic Levels:           5  (CARRY4=1 IBUF=1 LUT5=2 OBUF=1)

    Location             Delay type                Incr(ns)  Path(ns)    Netlist Resource(s)
  -------------------------------------------------------------------    -------------------
    A18                                               0.000     0.000 r  A[1] (IN)
                         net (fo=0)                   0.000     0.000    A[1]
    A18                  IBUF (Prop_ibuf_I_O)         0.795     0.795 r  A_IBUF[1]_inst/O
                         net (fo=4, routed)           2.786     3.582    adder_inst/CC_inst/CC_lut0/I2
    SLICE_X0Y7           LUT5 (Prop_lut5_I2_O)        0.111     3.693 r  adder_inst/CC_inst/CC_lut0/LUT5/O
                         net (fo=1, routed)           0.000     3.693    adder_inst/CC_inst/group_generate[0]
    SLICE_X0Y7           CARRY4 (Prop_carry4_DI[0]_CO[0])
                                                      0.266     3.959 r  adder_inst/CC_inst/CC_carry4_0/CO[0]
                         net (fo=2, routed)           0.477     4.436    adder_inst/compressed_adder_inst/So_lut_1/I4
    SLICE_X1Y7           LUT5 (Prop_lut5_I4_O)        0.287     4.723 r  adder_inst/compressed_adder_inst/So_lut_1/LUT5/O
                         net (fo=1, routed)           1.979     6.702    sum_OBUF[2]
    J17                  OBUF (Prop_obuf_I_O)         2.371     9.074 r  sum_OBUF[2]_inst/O
                         net (fo=0)                   0.000     9.074    sum[2]
    J17                                                               r  sum[2] (OUT)
  -------------------------------------------------------------------    -------------------

Slack:                    inf
  Source:                 A[1]
                            (input port)
  Destination:            sum[4]
                            (output port)
  Path Group:             (none)
  Path Type:              Max at Slow Process Corner
  Data Path Delay:        8.899ns  (logic 3.857ns (43.345%)  route 5.042ns (56.655%))
  Logic Levels:           5  (CARRY4=1 IBUF=1 LUT5=1 LUT6=1 OBUF=1)

    Location             Delay type                Incr(ns)  Path(ns)    Netlist Resource(s)
  -------------------------------------------------------------------    -------------------
    A18                                               0.000     0.000 r  A[1] (IN)
                         net (fo=0)                   0.000     0.000    A[1]
    A18                  IBUF (Prop_ibuf_I_O)         0.795     0.795 r  A_IBUF[1]_inst/O
                         net (fo=4, routed)           2.786     3.582    adder_inst/CC_inst/CC_lut0/I2
    SLICE_X0Y7           LUT6 (Prop_lut6_I2_O)        0.097     3.679 r  adder_inst/CC_inst/CC_lut0/LUT6/O
                         net (fo=1, routed)           0.000     3.679    adder_inst/CC_inst/group_propagate[0]
    SLICE_X0Y7           CARRY4 (Prop_carry4_S[0]_CO[1])
                                                      0.342     4.021 r  adder_inst/CC_inst/CC_carry4_0/CO[1]
                         net (fo=2, routed)           0.281     4.302    adder_inst/compressed_adder_inst/So_lut_2/I4
    SLICE_X1Y7           LUT5 (Prop_lut5_I4_O)        0.257     4.559 r  adder_inst/compressed_adder_inst/So_lut_2/LUT5/O
                         net (fo=1, routed)           1.975     6.533    sum_OBUF[4]
    H19                  OBUF (Prop_obuf_I_O)         2.366     8.899 r  sum_OBUF[4]_inst/O
                         net (fo=0)                   0.000     8.899    sum[4]
    H19                                                               r  sum[4] (OUT)
  -------------------------------------------------------------------    -------------------

Slack:                    inf
  Source:                 A[1]
                            (input port)
  Destination:            sum[7]
                            (output port)
  Path Group:             (none)
  Path Type:              Max at Slow Process Corner
  Data Path Delay:        8.861ns  (logic 3.759ns (42.426%)  route 5.102ns (57.574%))
  Logic Levels:           5  (CARRY4=1 IBUF=1 LUT6=2 OBUF=1)

    Location             Delay type                Incr(ns)  Path(ns)    Netlist Resource(s)
  -------------------------------------------------------------------    -------------------
    A18                                               0.000     0.000 r  A[1] (IN)
                         net (fo=0)                   0.000     0.000    A[1]
    A18                  IBUF (Prop_ibuf_I_O)         0.795     0.795 r  A_IBUF[1]_inst/O
                         net (fo=4, routed)           2.786     3.582    adder_inst/CC_inst/CC_lut0/I2
    SLICE_X0Y7           LUT6 (Prop_lut6_I2_O)        0.097     3.679 r  adder_inst/CC_inst/CC_lut0/LUT6/O
                         net (fo=1, routed)           0.000     3.679    adder_inst/CC_inst/group_propagate[0]
    SLICE_X0Y7           CARRY4 (Prop_carry4_S[0]_CO[2])
                                                      0.403     4.082 r  adder_inst/CC_inst/CC_carry4_0/CO[2]
                         net (fo=2, routed)           0.274     4.356    adder_inst/compressed_adder_inst/So_lut_3/I4
    SLICE_X1Y7           LUT6 (Prop_lut6_I4_O)        0.237     4.593 r  adder_inst/compressed_adder_inst/So_lut_3/LUT6/O
                         net (fo=1, routed)           2.041     6.634    sum_OBUF[7]
    F17                  OBUF (Prop_obuf_I_O)         2.227     8.861 r  sum_OBUF[7]_inst/O
                         net (fo=0)                   0.000     8.861    sum[7]
    F17                                                               r  sum[7] (OUT)
  -------------------------------------------------------------------    -------------------





Min Delay Paths
--------------------------------------------------------------------------------------
Slack:                    inf
  Source:                 rst
                            (input port)
  Destination:            in_reg_reg/R
  Path Group:             (none)
  Path Type:              Min at Fast Process Corner
  Data Path Delay:        0.500ns  (logic 0.165ns (33.014%)  route 0.335ns (66.986%))
  Logic Levels:           1  (IBUF=1)

    Location             Delay type                Incr(ns)  Path(ns)    Netlist Resource(s)
  -------------------------------------------------------------------    -------------------
    L19                                               0.000     0.000 r  rst (IN)
                         net (fo=0)                   0.000     0.000    rst
    L19                  IBUF (Prop_ibuf_I_O)         0.165     0.165 r  rst_IBUF_inst/O
                         net (fo=2, routed)           0.335     0.500    rst_IBUF
    SLICE_X0Y32          FDRE                                         r  in_reg_reg/R
  -------------------------------------------------------------------    -------------------

Slack:                    inf
  Source:                 rst
                            (input port)
  Destination:            out_reg_So_reg/R
  Path Group:             (none)
  Path Type:              Min at Fast Process Corner
  Data Path Delay:        0.500ns  (logic 0.165ns (33.014%)  route 0.335ns (66.986%))
  Logic Levels:           1  (IBUF=1)

    Location             Delay type                Incr(ns)  Path(ns)    Netlist Resource(s)
  -------------------------------------------------------------------    -------------------
    L19                                               0.000     0.000 r  rst (IN)
                         net (fo=0)                   0.000     0.000    rst
    L19                  IBUF (Prop_ibuf_I_O)         0.165     0.165 r  rst_IBUF_inst/O
                         net (fo=2, routed)           0.335     0.500    rst_IBUF
    SLICE_X0Y32          FDRE                                         r  out_reg_So_reg/R
  -------------------------------------------------------------------    -------------------

Slack:                    inf
  Source:                 A[0]
                            (input port)
  Destination:            in_reg_reg/D
  Path Group:             (none)
  Path Type:              Min at Fast Process Corner
  Data Path Delay:        0.866ns  (logic 0.165ns (19.068%)  route 0.701ns (80.932%))
  Logic Levels:           1  (IBUF=1)

    Location             Delay type                Incr(ns)  Path(ns)    Netlist Resource(s)
  -------------------------------------------------------------------    -------------------
    C17                                               0.000     0.000 r  A[0] (IN)
                         net (fo=0)                   0.000     0.000    A[0]
    C17                  IBUF (Prop_ibuf_I_O)         0.165     0.165 r  A_IBUF[0]_inst/O
                         net (fo=1, routed)           0.701     0.866    A_IBUF[0]
    SLICE_X0Y32          FDRE                                         r  in_reg_reg/D
  -------------------------------------------------------------------    -------------------

Slack:                    inf
  Source:                 A[15]
                            (input port)
  Destination:            out_reg_So_reg/D
  Path Group:             (none)
  Path Type:              Min at Fast Process Corner
  Data Path Delay:        1.230ns  (logic 0.199ns (16.140%)  route 1.032ns (83.860%))
  Logic Levels:           2  (IBUF=1 LUT6=1)

    Location             Delay type                Incr(ns)  Path(ns)    Netlist Resource(s)
  -------------------------------------------------------------------    -------------------
    T18                                               0.000     0.000 r  A[15] (IN)
                         net (fo=0)                   0.000     0.000    A[15]
    T18                  IBUF (Prop_ibuf_I_O)         0.154     0.154 r  A_IBUF[15]_inst/O
                         net (fo=4, routed)           0.480     0.634    adder_inst/compressed_adder_inst/So_lut_7/I2
    SLICE_X1Y8           LUT6 (Prop_lut6_I2_O)        0.045     0.679 r  adder_inst/compressed_adder_inst/So_lut_7/LUT6/O
                         net (fo=1, routed)           0.551     1.230    driver_So
    SLICE_X0Y32          FDRE                                         r  out_reg_So_reg/D
  -------------------------------------------------------------------    -------------------

Slack:                    inf
  Source:                 out_reg_So_reg/C
                            (rising edge-triggered cell FDRE)
  Destination:            sum[15]
                            (output port)
  Path Group:             (none)
  Path Type:              Min at Fast Process Corner
  Data Path Delay:        1.824ns  (logic 1.258ns (69.004%)  route 0.565ns (30.996%))
  Logic Levels:           2  (FDRE=1 OBUF=1)

    Location             Delay type                Incr(ns)  Path(ns)    Netlist Resource(s)
  -------------------------------------------------------------------    -------------------
    SLICE_X0Y32          FDRE                         0.000     0.000 r  out_reg_So_reg/C
    SLICE_X0Y32          FDRE (Prop_fdre_C_Q)         0.141     0.141 r  out_reg_So_reg/Q
                         net (fo=1, routed)           0.565     0.706    sum_OBUF[15]
    D18                  OBUF (Prop_obuf_I_O)         1.117     1.824 r  sum_OBUF[15]_inst/O
                         net (fo=0)                   0.000     1.824    sum[15]
    D18                                                               r  sum[15] (OUT)
  -------------------------------------------------------------------    -------------------

Slack:                    inf
  Source:                 A[3]
                            (input port)
  Destination:            sum[3]
                            (output port)
  Path Group:             (none)
  Path Type:              Min at Fast Process Corner
  Data Path Delay:        2.415ns  (logic 1.331ns (55.136%)  route 1.083ns (44.864%))
  Logic Levels:           3  (IBUF=1 LUT6=1 OBUF=1)

    Location             Delay type                Incr(ns)  Path(ns)    Netlist Resource(s)
  -------------------------------------------------------------------    -------------------
    W16                                               0.000     0.000 r  A[3] (IN)
                         net (fo=0)                   0.000     0.000    A[3]
    W16                  IBUF (Prop_ibuf_I_O)         0.161     0.161 r  A_IBUF[3]_inst/O
                         net (fo=4, routed)           0.473     0.634    adder_inst/compressed_adder_inst/So_lut_1/I2
    SLICE_X1Y7           LUT6 (Prop_lut6_I2_O)        0.045     0.679 r  adder_inst/compressed_adder_inst/So_lut_1/LUT6/O
                         net (fo=1, routed)           0.610     1.290    sum_OBUF[3]
    H17                  OBUF (Prop_obuf_I_O)         1.125     2.415 r  sum_OBUF[3]_inst/O
                         net (fo=0)                   0.000     2.415    sum[3]
    H17                                                               r  sum[3] (OUT)
  -------------------------------------------------------------------    -------------------

Slack:                    inf
  Source:                 B[1]
                            (input port)
  Destination:            sum[1]
                            (output port)
  Path Group:             (none)
  Path Type:              Min at Fast Process Corner
  Data Path Delay:        2.464ns  (logic 1.306ns (53.029%)  route 1.157ns (46.971%))
  Logic Levels:           3  (IBUF=1 LUT6=1 OBUF=1)

    Location             Delay type                Incr(ns)  Path(ns)    Netlist Resource(s)
  -------------------------------------------------------------------    -------------------
    R17                                               0.000     0.000 r  B[1] (IN)
                         net (fo=0)                   0.000     0.000    B[1]
    R17                  IBUF (Prop_ibuf_I_O)         0.155     0.155 r  B_IBUF[1]_inst/O
                         net (fo=4, routed)           0.601     0.756    adder_inst/compressed_adder_inst/So_lut_0/I3
    SLICE_X1Y6           LUT6 (Prop_lut6_I3_O)        0.045     0.801 r  adder_inst/compressed_adder_inst/So_lut_0/LUT6/O
                         net (fo=1, routed)           0.556     1.357    sum_OBUF[1]
    J19                  OBUF (Prop_obuf_I_O)         1.107     2.464 r  sum_OBUF[1]_inst/O
                         net (fo=0)                   0.000     2.464    sum[1]
    J19                                                               r  sum[1] (OUT)
  -------------------------------------------------------------------    -------------------

Slack:                    inf
  Source:                 A[11]
                            (input port)
  Destination:            sum[11]
                            (output port)
  Path Group:             (none)
  Path Type:              Min at Fast Process Corner
  Data Path Delay:        2.472ns  (logic 1.332ns (53.894%)  route 1.140ns (46.106%))
  Logic Levels:           3  (IBUF=1 LUT6=1 OBUF=1)

    Location             Delay type                Incr(ns)  Path(ns)    Netlist Resource(s)
  -------------------------------------------------------------------    -------------------
    W18                                               0.000     0.000 r  A[11] (IN)
                         net (fo=0)                   0.000     0.000    A[11]
    W18                  IBUF (Prop_ibuf_I_O)         0.165     0.165 r  A_IBUF[11]_inst/O
                         net (fo=4, routed)           0.441     0.607    adder_inst/compressed_adder_inst/So_lut_5/I2
    SLICE_X1Y8           LUT6 (Prop_lut6_I2_O)        0.045     0.652 r  adder_inst/compressed_adder_inst/So_lut_5/LUT6/O
                         net (fo=1, routed)           0.698     1.350    sum_OBUF[11]
    E17                  OBUF (Prop_obuf_I_O)         1.122     2.472 r  sum_OBUF[11]_inst/O
                         net (fo=0)                   0.000     2.472    sum[11]
    E17                                                               r  sum[11] (OUT)
  -------------------------------------------------------------------    -------------------

Slack:                    inf
  Source:                 A[9]
                            (input port)
  Destination:            sum[9]
                            (output port)
  Path Group:             (none)
  Path Type:              Min at Fast Process Corner
  Data Path Delay:        2.587ns  (logic 1.309ns (50.582%)  route 1.278ns (49.418%))
  Logic Levels:           3  (IBUF=1 LUT6=1 OBUF=1)

    Location             Delay type                Incr(ns)  Path(ns)    Netlist Resource(s)
  -------------------------------------------------------------------    -------------------
    V17                                               0.000     0.000 r  A[9] (IN)
                         net (fo=0)                   0.000     0.000    A[9]
    V17                  IBUF (Prop_ibuf_I_O)         0.151     0.151 r  A_IBUF[9]_inst/O
                         net (fo=4, routed)           0.444     0.594    adder_inst/compressed_adder_inst/So_lut_4/I2
    SLICE_X1Y7           LUT6 (Prop_lut6_I2_O)        0.045     0.639 r  adder_inst/compressed_adder_inst/So_lut_4/LUT6/O
                         net (fo=1, routed)           0.835     1.474    sum_OBUF[9]
    G18                  OBUF (Prop_obuf_I_O)         1.113     2.587 r  sum_OBUF[9]_inst/O
                         net (fo=0)                   0.000     2.587    sum[9]
    G18                                                               r  sum[9] (OUT)
  -------------------------------------------------------------------    -------------------

Slack:                    inf
  Source:                 A[7]
                            (input port)
  Destination:            sum[7]
                            (output port)
  Path Group:             (none)
  Path Type:              Min at Fast Process Corner
  Data Path Delay:        2.590ns  (logic 1.313ns (50.697%)  route 1.277ns (49.303%))
  Logic Levels:           3  (IBUF=1 LUT6=1 OBUF=1)

    Location             Delay type                Incr(ns)  Path(ns)    Netlist Resource(s)
  -------------------------------------------------------------------    -------------------
    U16                                               0.000     0.000 r  A[7] (IN)
                         net (fo=0)                   0.000     0.000    A[7]
    U16                  IBUF (Prop_ibuf_I_O)         0.147     0.147 r  A_IBUF[7]_inst/O
                         net (fo=4, routed)           0.496     0.643    adder_inst/compressed_adder_inst/So_lut_3/I2
    SLICE_X1Y7           LUT6 (Prop_lut6_I2_O)        0.045     0.688 r  adder_inst/compressed_adder_inst/So_lut_3/LUT6/O
                         net (fo=1, routed)           0.781     1.469    sum_OBUF[7]
    F17                  OBUF (Prop_obuf_I_O)         1.120     2.590 r  sum_OBUF[7]_inst/O
                         net (fo=0)                   0.000     2.590    sum[7]
    F17                                                               r  sum[7] (OUT)
  -------------------------------------------------------------------    -------------------





